START
SEED=67676767
[SEU] addr=200031AE bit=00000005
[SEU] addr=200031CD bit=00000000
[SEU] addr=20003152 bit=00000002
[SEU] addr=20003187 bit=00000007
[SEU] addr=2000319C bit=00000000
[SEU] addr=200031D9 bit=00000006
[SEU] addr=20003173 bit=00000004
[SEU] addr=200031D7 bit=00000002
[SEU] addr=20003156 bit=00000007
[SAMPLE QUEUE backup CORRUPTED] backup repaired
[SEU] addr=200031CA bit=00000005
[SEU] addr=2000315E bit=00000005
[CMD QUEUE CORRUPTED] primary repaired
[SEU] addr=20003180 bit=00000002
[SEU] addr=20003158 bit=00000003
[SAMPLE QUEUE backup CORRUPTED] backup repaired
[SEU] addr=20003186 bit=00000002
[SEU] addr=200031DC bit=00000001
[SEU] addr=2000316B bit=00000003
[SEU] addr=200031BB bit=00000006
[SEU] addr=200031CC bit=00000007
[SEU] addr=200031A7 bit=00000004
[SEU] addr=200031D2 bit=00000002
[SEU] addr=20003161 bit=00000004
[SEU] addr=200031BE bit=00000005
[SEU] addr=2000319D bit=00000006
[SEU] addr=200031CE bit=00000000
[SEU] addr=2000319D bit=00000006
[SEU] addr=200031B2 bit=00000006
[SEU] addr=2000319C bit=00000000
[SEU] addr=2000316E bit=00000005
[SEU] addr=200031DD bit=00000003
[SEU] addr=200031C9 bit=00000005
[SEU] addr=20003160 bit=00000002
[CMD QUEUE CORRUPTED] primary repaired
[SEU] addr=200031E5 bit=00000003
[SEU] addr=20003180 bit=00000007
[SEU] addr=2000318F bit=00000002
[ERR] seq=187 err=1960
[ERR] seq=188 err=304
[ERR] seq=189 err=344
[ERR] seq=190 err=80
[ERR] seq=191 err=40
[SEU] addr=2000316F bit=00000000
[SEU] addr=20003172 bit=00000005
[SEU] addr=200031DC bit=00000001
[SEU] addr=20003157 bit=00000000
[SAMPLE QUEUE backup CORRUPTED] backup repaired
[SEU] addr=2000318D bit=00000006
[ERR] seq=213 err=808
[ERR] seq=214 err=112
[ERR] seq=215 err=120
[ERR] seq=216 err=16
[SEU] addr=20003156 bit=00000000
[SAMPLE QUEUE backup CORRUPTED] backup repaired
[ERR] seq=217 err=8
[SEU] addr=2000315C bit=00000000
[CMD QUEUE CORRUPTED] primary repaired
[SEU] addr=2000318C bit=00000006
[ERR] seq=230 err=6432
[ERR] seq=231 err=1016
[SEU] addr=2000315D bit=00000005
[CMD QUEUE CORRUPTED] primary repaired
[ERR] seq=232 err=1168
[ERR] seq=233 err=328
[SEU] addr=2000318C bit=00000002
[ERR] seq=234 err=8
[ERR] seq=235 err=40
[SEU] addr=2000314C bit=00000005
[SAMPLE QUEUE CORRUPTED] primary repaired
[SEU] addr=200031E5 bit=00000003
[SEU] addr=200031A9 bit=00000003
[SEU] addr=2000319B bit=00000000
[ERR] seq=256 err=2500
[SEU] addr=200031D7 bit=00000001
[ERR] seq=257 err=400
[ERR] seq=258 err=464
[ERR] seq=259 err=136
[ERR] seq=260 err=88
[ERR] seq=261 err=24
[ERR] seq=262 err=8
[SEU] addr=20003180 bit=00000000
[SEU] addr=200031B6 bit=00000005
[SEU] addr=200031B7 bit=00000006
[SEU] addr=20003198 bit=00000001
[ERR] seq=277 err=16
[SEU] addr=200031C6 bit=00000007
[SEU] addr=2000316E bit=00000007
[SEU] addr=2000319F bit=00000002
[SEU] addr=200031A5 bit=00000003
[SEU] addr=200031A3 bit=00000006
[SEU] addr=20003196 bit=00000005
[ERR] seq=317 err=2476
[ERR] seq=318 err=392
[ERR] seq=319 err=448
[ERR] seq=320 err=120
[ERR] seq=321 err=80
[ERR] seq=322 err=24
[ERR] seq=323 err=8
[SEU] addr=20003177 bit=00000004
[SEU] addr=20003189 bit=00000003
[SEU] addr=200031A8 bit=00000000
[SEU] addr=2000316E bit=00000001
[SEU] addr=200031D5 bit=00000003
[SEU] addr=2000316F bit=00000004
[SEU] addr=2000319C bit=00000002
[SEU] addr=20003158 bit=00000000
[SAMPLE QUEUE backup CORRUPTED] backup repaired
[SEU] addr=2000317C bit=00000001
[SEU] addr=2000315C bit=00000000
[CMD QUEUE CORRUPTED] primary repaired
[SEU] addr=200031B4 bit=00000005
[SEU] addr=200031A5 bit=00000004
[SEU] addr=200031D0 bit=00000001
[SEU] addr=20003198 bit=00000003
[ERR] seq=393 err=64
[ERR] seq=394 err=8
[ERR] seq=395 err=8
[SEU] addr=20003183 bit=00000006
[SEU] addr=2000316A bit=00000003
[SEU] addr=200031B4 bit=00000004
[SEU] addr=200031AE bit=00000002
[SEU] addr=200031E7 bit=00000001
[SEU] addr=200031BB bit=00000001
[SEU] addr=20003194 bit=00000003
[ERR] seq=441 err=64
[ERR] seq=442 err=8
[ERR] seq=443 err=8
[SEU] addr=2000315F bit=00000004
[CMD QUEUE CORRUPTED] primary repaired
[SEU] addr=200031B4 bit=00000002
[SEU] addr=200031A1 bit=00000003
[SEU] addr=200031E4 bit=00000000
[SEU] addr=20003166 bit=00000006
[CMD QUEUE backup CORRUPTED] backup repaired
[SEU] addr=200031DC bit=00000001
[SEU] addr=200031CE bit=00000002
[SEU] addr=200031B6 bit=00000002
[SEU] addr=200031B0 bit=00000007
[SEU] addr=200031AB bit=00000001
[SEU] addr=200031E4 bit=00000000
[SEU] addr=200031DC bit=00000006
[SEU] addr=200031DF bit=00000002
[SEU] addr=200031C2 bit=00000002
[SEU] addr=200031C8 bit=00000002
[SEU] addr=2000317A bit=00000003
[SEU] addr=20003156 bit=00000002
[SAMPLE QUEUE backup CORRUPTED] backup repaired
[SEU] addr=20003183 bit=00000007
[SEU] addr=20003171 bit=00000005
[SEU] addr=200031C6 bit=00000002
[SEU] addr=200031E2 bit=00000001
[SEU] addr=20003192 bit=00000005
[ERR] seq=578 err=2460
[ERR] seq=579 err=392
[ERR] seq=580 err=448
[ERR] seq=581 err=120
[ERR] seq=582 err=80
[SEU] addr=20003180 bit=00000007
[ERR] seq=583 err=24
[ERR] seq=584 err=8
[SEU] addr=200031E4 bit=00000001
[SEU] addr=200031E2 bit=00000000
[SEU] addr=20003164 bit=00000004
[CMD QUEUE backup CORRUPTED] backup repaired
[SEU] addr=2000319E bit=00000003
[SEU] addr=20003162 bit=00000005
[SEU] addr=2000317A bit=00000007
[SEU] addr=20003156 bit=00000003
[SAMPLE QUEUE backup CORRUPTED] backup repaired
[SEU] addr=2000316F bit=00000000
[SEU] addr=20003174 bit=00000006
[SEU] addr=200031CB bit=00000003
[SEU] addr=2000314F bit=00000000
[SAMPLE QUEUE CORRUPTED] primary repaired
[SEU] addr=200031E7 bit=00000005
[SEU] addr=200031E6 bit=00000000
[SEU] addr=2000319D bit=00000006
[SEU] addr=2000317B bit=00000002
[SEU] addr=200031E4 bit=00000007
[SEU] addr=200031D8 bit=00000005
[SEU] addr=2000319F bit=00000005
[SEU] addr=20003159 bit=00000001
[SEU] addr=2000316A bit=00000004
[SEU] addr=20003163 bit=00000005
[SEU] addr=200031DC bit=00000004
[SEU] addr=20003161 bit=00000005
[SEU] addr=200031BD bit=00000007
[SEU] addr=2000317A bit=00000001
[SEU] addr=200031C8 bit=00000001
[SEU] addr=200031BC bit=00000006
[SEU] addr=200031D3 bit=00000003
[SEU] addr=20003185 bit=00000003
[SEU] addr=2000314C bit=00000005
[SAMPLE QUEUE CORRUPTED] primary repaired
[SEU] addr=20003168 bit=00000005
[CMD QUEUE backup CORRUPTED] backup repaired
[SEU] addr=200031B0 bit=00000002
[SEU] addr=20003175 bit=00000000
[SEU] addr=200031D7 bit=00000002
[SEU] addr=200031E3 bit=00000005
[SEU] addr=20003179 bit=00000003
[SEU] addr=200031BF bit=00000006
[SEU] addr=200031D6 bit=00000005
[SEU] addr=200031B3 bit=00000004
[SEU] addr=200031BE bit=00000001
[SEU] addr=20003159 bit=00000002
[SEU] addr=20003163 bit=00000006
[SEU] addr=20003182 bit=00000007
[SEU] addr=200031DD bit=00000001
[SEU] addr=200031BD bit=00000002
[SEU] addr=20003167 bit=00000000
[CMD QUEUE backup CORRUPTED] backup repaired
[SEU] addr=200031BF bit=00000000
[SEU] addr=20003169 bit=00000003
[SEU] addr=200031A3 bit=00000006
[SEU] addr=2000316D bit=00000001
[SEU] addr=20003172 bit=00000005
[SEU] addr=20003167 bit=00000006
[CMD QUEUE backup CORRUPTED] backup repaired
[SEU] addr=20003158 bit=00000002
[SAMPLE QUEUE backup CORRUPTED] backup repaired
[SEU] addr=200031CA bit=00000007
[SEU] addr=2000315A bit=00000004
[SEU] addr=2000317D bit=00000007
[SEU] addr=20003169 bit=00000006
[SEU] addr=20003190 bit=00000004
[ERR] seq=936 err=128
[ERR] seq=937 err=16
[ERR] seq=938 err=16
[SEU] addr=200031DE bit=00000001
[SEU] addr=20003155 bit=00000003
[SAMPLE QUEUE backup CORRUPTED] backup repaired
[SEU] addr=2000318B bit=00000005
[SEU] addr=20003154 bit=00000002
[SAMPLE QUEUE backup CORRUPTED] backup repaired
[SEU] addr=200031A5 bit=00000002
[SEU] addr=200031D7 bit=00000006
[SEU] addr=200031A6 bit=00000003
[SEU] addr=200031C7 bit=00000000
[SEU] addr=200031CD bit=00000002
[SEU] addr=20003167 bit=00000002
[CMD QUEUE backup CORRUPTED] backup repaired
[SEU] addr=200031D8 bit=00000004
[SEU] addr=200031BE bit=00000003
[SEU] addr=200031C5 bit=00000002
[SEU] addr=20003192 bit=00000005
[ERR] seq=1004 err=2540
[ERR] seq=1005 err=400
[ERR] seq=1006 err=464
[ERR] seq=1007 err=136
[ERR] seq=1008 err=88
[ERR] seq=1009 err=24
[ERR] seq=1010 err=8
[SEU] addr=200031A3 bit=00000007
[SEU] addr=20003174 bit=00000006
[SEU] addr=200031D7 bit=00000000
[SEU] addr=200031D2 bit=00000006
[SEU] addr=20003184 bit=00000001
[SEU] addr=200031E0 bit=00000003
[SEU] addr=200031CD bit=00000005
[SEU] addr=200031E1 bit=00000007
[SEU] addr=20003159 bit=00000002
[SEU] addr=20003166 bit=00000001
[CMD QUEUE backup CORRUPTED] backup repaired
[SEU] addr=2000316A bit=00000002
[SEU] addr=200031CA bit=00000006
[SEU] addr=20003176 bit=00000000
[SEU] addr=200031A7 bit=00000001
[SEU] addr=20003169 bit=00000003
[SEU] addr=20003185 bit=00000003
[SEU] addr=200031CF bit=00000006
[SEU] addr=200031A6 bit=00000000
[SEU] addr=200031D9 bit=00000005
[SEU] addr=200031D7 bit=00000002
[SEU] addr=200031C9 bit=00000000
[SEU] addr=200031E1 bit=00000005
[SEU] addr=200031A3 bit=00000003
[SEU] addr=20003176 bit=00000000
[SEU] addr=20003199 bit=00000007
[ERR] seq=1120 err=2524
[ERR] seq=1121 err=400
[ERR] seq=1122 err=464
[ERR] seq=1123 err=136
[ERR] seq=1124 err=88
[ERR] seq=1125 err=24
[SEU] addr=200031BF bit=00000001
[ERR] seq=1126 err=8
[SEU] addr=20003187 bit=00000004
[SEU] addr=20003176 bit=00000002
[SEU] addr=200031CA bit=00000002
[SEU] addr=2000314F bit=00000000
[SAMPLE QUEUE CORRUPTED] primary repaired
[SEU] addr=200031A8 bit=00000002
[SEU] addr=200031B7 bit=00000005
[SEU] addr=20003194 bit=00000001
[ERR] seq=1180 err=16
[SEU] addr=200031B0 bit=00000000
[SEU] addr=200031CB bit=00000002
[SEU] addr=20003183 bit=00000003
[SEU] addr=200031D0 bit=00000001
[SEU] addr=20003173 bit=00000001
[SEU] addr=2000317F bit=00000000
[SEU] addr=2000316A bit=00000003
[SEU] addr=200031D7 bit=00000007
[SEU] addr=20003163 bit=00000007
[SEU] addr=200031A8 bit=00000006
[SEU] addr=20003170 bit=00000001
[SEU] addr=200031B9 bit=00000006
[SEU] addr=200031E4 bit=00000002
[SEU] addr=20003192 bit=00000001
[ERR] seq=1247 err=2444
[ERR] seq=1248 err=384
[ERR] seq=1249 err=440
[ERR] seq=1250 err=120
[ERR] seq=1251 err=80
[SEU] addr=20003163 bit=00000006
[ERR] seq=1252 err=24
[SEU] addr=20003189 bit=00000004
[ERR] seq=1253 err=8
[SEU] addr=20003157 bit=00000003
[SAMPLE QUEUE backup CORRUPTED] backup repaired
[SEU] addr=200031CC bit=00000002
[SEU] addr=200031C3 bit=00000006
[SEU] addr=200031E1 bit=00000007
[SEU] addr=2000318B bit=00000007
[SEU] addr=200031B6 bit=00000007
[SEU] addr=200031BD bit=00000003
[SEU] addr=200031D0 bit=00000007
[SEU] addr=20003175 bit=00000002
[SEU] addr=20003167 bit=00000003
[CMD QUEUE backup CORRUPTED] backup repaired
[SEU] addr=2000315C bit=00000002
[CMD QUEUE CORRUPTED] primary repaired
[SEU] addr=200031AD bit=00000005
[SEU] addr=20003158 bit=00000001
[SAMPLE QUEUE backup CORRUPTED] backup repaired
[SEU] addr=200031D3 bit=00000000
[SEU] addr=2000314F bit=00000001
[SAMPLE QUEUE CORRUPTED] primary repaired
[SEU] addr=200031DF bit=00000003
[SEU] addr=200031D0 bit=00000007
[SEU] addr=2000314C bit=00000006
[SAMPLE QUEUE CORRUPTED] primary repaired
[SEU] addr=200031A9 bit=00000007
[SEU] addr=20003184 bit=00000001
[SEU] addr=2000318F bit=00000003
[ERR] seq=1366 err=2952
[ERR] seq=1367 err=464
[SEU] addr=2000318D bit=00000000
[ERR] seq=1368 err=10120
[ERR] seq=1369 err=1672
[ERR] seq=1370 err=1872
[ERR] seq=1371 err=552
[ERR] seq=1372 err=368
[ERR] seq=1373 err=120
[SEU] addr=200031B6 bit=00000006
[ERR] seq=1374 err=48
[ERR] seq=1375 err=8
[SEU] addr=20003193 bit=00000006
[SEU] addr=20003170 bit=00000004
[SEU] addr=20003169 bit=00000006
[SEU] addr=2000316E bit=00000007
[SEU] addr=200031BC bit=00000002
[SEU] addr=20003151 bit=00000007
[SEU] addr=200031AB bit=00000004
[SEU] addr=200031A4 bit=00000006
[SEU] addr=2000317D bit=00000004
[SEU] addr=2000318F bit=00000004
[ERR] seq=1428 err=6368
[ERR] seq=1429 err=1008
[ERR] seq=1430 err=1160
[SEU] addr=200031C2 bit=00000000
[ERR] seq=1431 err=328
[SEU] addr=200031B2 bit=00000001
[ERR] seq=1432 err=216
[ERR] seq=1433 err=64
[ERR] seq=1434 err=24
[SEU] addr=20003191 bit=00000006
[ERR] seq=1435 err=2428
[ERR] seq=1436 err=384
[ERR] seq=1437 err=440
[ERR] seq=1438 err=120
[ERR] seq=1439 err=80
[ERR] seq=1440 err=24
[ERR] seq=1441 err=8
[SEU] addr=2000319F bit=00000004
[SEU] addr=20003165 bit=00000007
[CMD QUEUE backup CORRUPTED] backup repaired
[SEU] addr=20003163 bit=00000004
[SEU] addr=200031BE bit=00000007
[SEU] addr=20003153 bit=00000003
[SEU] addr=200031A9 bit=00000001
[SEU] addr=2000319F bit=00000000
[SEU] addr=20003172 bit=00000004
[SEU] addr=200031CF bit=00000007
[SEU] addr=200031B1 bit=00000007
[SEU] addr=2000316C bit=00000000
[SEU] addr=2000314E bit=00000005
[SAMPLE QUEUE CORRUPTED] primary repaired
[SEU] addr=2000318D bit=00000001
[ERR] seq=1519 err=13216
[ERR] seq=1520 err=2104
[ERR] seq=1521 err=2424
[ERR] seq=1522 err=696
[ERR] seq=1523 err=480
[ERR] seq=1524 err=160
[SEU] addr=20003171 bit=00000004
[ERR] seq=1525 err=72
[ERR] seq=1526 err=24
[SEU] addr=2000315C bit=00000004
[CMD QUEUE CORRUPTED] primary repaired
[ERR] seq=1527 err=8
[SEU] addr=200031A0 bit=00000000
[SEU] addr=20003166 bit=00000000
[CMD QUEUE backup CORRUPTED] backup repaired
[SEU] addr=200031A4 bit=00000002
[SEU] addr=200031CB bit=00000007
[SEU] addr=20003157 bit=00000000
[SAMPLE QUEUE backup CORRUPTED] backup repaired
[SEU] addr=2000318E bit=00000001
[ERR] seq=1560 err=7608
[ERR] seq=1561 err=1208
[ERR] seq=1562 err=1392
[SEU] addr=20003150 bit=00000006
[SAMPLE QUEUE CORRUPTED] primary repaired
[ERR] seq=1563 err=392
[ERR] seq=1564 err=264
[SEU] addr=2000316A bit=00000001
[ERR] seq=1565 err=88
[SEU] addr=200031C3 bit=00000001
[ERR] seq=1566 err=40
[ERR] seq=1567 err=8
[SEU] addr=20003152 bit=00000006
[SEU] addr=200031B8 bit=00000002
[SEU] addr=200031DE bit=00000005
[SEU] addr=2000317B bit=00000004
[SEU] addr=200031C5 bit=00000006
[SEU] addr=200031DB bit=00000001
[SEU] addr=2000317C bit=00000002
[SEU] addr=2000318B bit=00000000
[SEU] addr=200031E4 bit=00000000
[SEU] addr=2000318E bit=00000004
[ERR] seq=1628 err=3464
[ERR] seq=1629 err=536
[ERR] seq=1630 err=600
[ERR] seq=1631 err=152
[ERR] seq=1632 err=96
[ERR] seq=1633 err=16
[SEU] addr=2000318C bit=00000002
[ERR] seq=1634 err=376
[ERR] seq=1635 err=56
[ERR] seq=1636 err=56
[SEU] addr=200031A2 bit=00000007
[SEU] addr=20003168 bit=00000004
[CMD QUEUE backup CORRUPTED] backup repaired
[SEU] addr=20003157 bit=00000007
[SAMPLE QUEUE backup CORRUPTED] backup repaired
[SEU] addr=200031BF bit=00000000
[SEU] addr=2000316E bit=00000001
[SEU] addr=200031D1 bit=00000003
[SEU] addr=20003199 bit=00000003
[ERR] seq=1664 err=2508
[ERR] seq=1665 err=400
[SEU] addr=200031BA bit=00000004
[ERR] seq=1666 err=464
[ERR] seq=1667 err=136
[SEU] addr=200031A2 bit=00000001
[ERR] seq=1668 err=88
[ERR] seq=1669 err=24
[ERR] seq=1670 err=8
[SEU] addr=20003174 bit=00000001
[SEU] addr=200031AF bit=00000002
[SEU] addr=20003186 bit=00000006
[SEU] addr=200031D0 bit=00000002
[SEU] addr=20003181 bit=00000004
[SEU] addr=200031A2 bit=00000001
[SEU] addr=200031A9 bit=00000001
[SEU] addr=200031BE bit=00000006
[SEU] addr=2000319F bit=00000004
[SEU] addr=2000316F bit=00000002
[SEU] addr=200031C7 bit=00000006
[SEU] addr=200031E5 bit=00000007
[SEU] addr=20003182 bit=00000004
[SEU] addr=200031BB bit=00000004
[SEU] addr=20003156 bit=00000003
[SAMPLE QUEUE backup CORRUPTED] backup repaired
[SEU] addr=20003178 bit=00000000
[SEU] addr=200031D0 bit=00000004
[SEU] addr=2000318F bit=00000005
[ERR] seq=1774 err=7024
[ERR] seq=1775 err=1112
[SEU] addr=20003188 bit=00000002
[ERR] seq=1776 err=1288
[SEU] addr=200031CA bit=00000005
[ERR] seq=1777 err=376
[ERR] seq=1778 err=256
[ERR] seq=1779 err=80
[ERR] seq=1780 err=24
[SEU] addr=20003178 bit=00000001
[SEU] addr=200031C1 bit=00000001
[SEU] addr=2000319E bit=00000002
[SEU] addr=20003157 bit=00000006
[SAMPLE QUEUE backup CORRUPTED] backup repaired
[SEU] addr=2000318D bit=00000006
[ERR] seq=1803 err=928
[ERR] seq=1804 err=144
[ERR] seq=1805 err=152
[ERR] seq=1806 err=16
[ERR] seq=1807 err=8
[SEU] addr=200031BD bit=00000003
[SEU] addr=200031E3 bit=00000002
[SEU] addr=2000318D bit=00000007
[ERR] seq=1818 err=1440
[ERR] seq=1819 err=216
[ERR] seq=1820 err=240
[ERR] seq=1821 err=48
[ERR] seq=1822 err=24
[SEU] addr=20003153 bit=00000002
[SEU] addr=20003186 bit=00000001
[SEU] addr=20003172 bit=00000000
[SEU] addr=20003193 bit=00000003
[ERR] seq=1843 err=2540
[ERR] seq=1844 err=400
[ERR] seq=1845 err=464
[ERR] seq=1846 err=136
[SEU] addr=200031BA bit=00000000
[ERR] seq=1847 err=88
[ERR] seq=1848 err=24
[ERR] seq=1849 err=8
[SEU] addr=200031D8 bit=00000002
[SEU] addr=2000318A bit=00000003
[SEU] addr=200031CD bit=00000002
[SEU] addr=200031D9 bit=00000006
[SEU] addr=20003164 bit=00000002
[CMD QUEUE backup CORRUPTED] backup repaired
[SEU] addr=200031D3 bit=00000004
[SEU] addr=20003168 bit=00000006
[CMD QUEUE backup CORRUPTED] backup repaired
[SEU] addr=20003181 bit=00000000
[SEU] addr=200031BA bit=00000005
[SEU] addr=200031C1 bit=00000000
[SEU] addr=200031E4 bit=00000005
[SEU] addr=200031C6 bit=00000006
[SEU] addr=20003188 bit=00000004
[SEU] addr=200031BB bit=00000001
[SEU] addr=200031AC bit=00000004
[SEU] addr=200031E7 bit=00000002
[SEU] addr=200031C5 bit=00000002
[SEU] addr=200031E7 bit=00000005
[SEU] addr=20003186 bit=00000006
[SEU] addr=200031BE bit=00000001
[SEU] addr=200031C9 bit=00000001
[SEU] addr=200031DA bit=00000001
[SEU] addr=2000318A bit=00000006
[SEU] addr=20003163 bit=00000004
[SEU] addr=200031A6 bit=00000001
[SEU] addr=2000318B bit=00000001
[END]
samples=2000
SEUs=363
good samples=1850
errors=150
samples omitted=0
max error=0x00000000000033A0
propagations=101
detected disturbances=88
tmr corrections=34
dmr corrections=45
crc detections=0
clamp activations=9
[HARDFAULT]
qemu: fatal: Lockup: can't escalate 3 to HardFault (current priority -1)

R00=0000000a R01=00000001 R02=4000c000 R03=00000000
R04=00000000 R05=00000010 R06=00000000 R07=2000ffd8
R08=00000000 R09=00000000 R10=00000010 R11=00000000
R12=00000020 R13=2000ffd8 R14=00003711 R15=00000f0a
XPSR=01000003 ---- T handler
FPSCR: 00000000
