START
SEED=67676767
[SEU] addr=200031D2 bit=00000005
[SEU] addr=200031BD bit=00000000
[SEU] addr=2000319E bit=00000002
[SEU] addr=200031D7 bit=00000007
[SEU] addr=200031DC bit=00000000
[ERR] seq=27 err=120
[ERR] seq=28 err=128
[ERR] seq=29 err=120
[ERR] seq=30 err=136
[ERR] seq=31 err=104
[ERR] seq=32 err=144
[ERR] seq=33 err=112
[ERR] seq=34 err=120
[ERR] seq=35 err=120
[SEU] addr=2000319D bit=00000006
[ERR] seq=36 err=136
[ERR] seq=37 err=104
[ERR] seq=38 err=120
[ERR] seq=39 err=96
[ERR] seq=40 err=128
[ERR] seq=41 err=112
[ERR] seq=42 err=104
[ERR] seq=43 err=104
[ERR] seq=44 err=112
[SEU] addr=200031CF bit=00000004
[ERR] seq=45 err=96
[ERR] seq=46 err=104
[SEU] addr=2000317F bit=00000002
[ERR] seq=47 err=96
[ERR] seq=48 err=112
[ERR] seq=49 err=96
[ERR] seq=50 err=104
[ERR] seq=51 err=88
[SEU] addr=20003186 bit=00000007
[ERR] seq=52 err=120
[ERR] seq=53 err=72
[ERR] seq=54 err=96
[ERR] seq=55 err=72
[ERR] seq=56 err=112
[ERR] seq=57 err=64
[ERR] seq=58 err=104
[ERR] seq=59 err=56
[ERR] seq=60 err=104
[SEU] addr=2000314E bit=00000005
[SAMPLE QUEUE CORRUPTED] primary repaired
[ERR] seq=61 err=56
[ERR] seq=62 err=88
[ERR] seq=63 err=64
[ERR] seq=64 err=80
[ERR] seq=65 err=72
[ERR] seq=66 err=72
[ERR] seq=67 err=56
[SEU] addr=200031D6 bit=00000005
[ERR] seq=68 err=64
[ERR] seq=69 err=64
[SEU] addr=2000315C bit=00000002
[CMD QUEUE CORRUPTED] primary repaired
[ERR] seq=70 err=64
[ERR] seq=71 err=48
[ERR] seq=72 err=56
[ERR] seq=73 err=56
[ERR] seq=74 err=48
[ERR] seq=75 err=48
[ERR] seq=76 err=48
[ERR] seq=77 err=40
[SEU] addr=20003178 bit=00000003
[ERR] seq=78 err=48
[ERR] seq=79 err=32
[ERR] seq=80 err=48
[ERR] seq=81 err=32
[ERR] seq=82 err=32
[ERR] seq=83 err=24
[ERR] seq=84 err=32
[SEU] addr=200031AA bit=00000002
[ERR] seq=85 err=32
[ERR] seq=86 err=24
[ERR] seq=87 err=8
[ERR] seq=88 err=40
[ERR] seq=89 err=8
[ERR] seq=90 err=16
[ERR] seq=91 err=8
[ERR] seq=92 err=24
[SEU] addr=20003178 bit=00000001
[ERR] seq=94 err=8
[ERR] seq=96 err=8
[SEU] addr=20003177 bit=00000003
[ERR] seq=97 err=8
[ERR] seq=98 err=8
[ERR] seq=99 err=16
[ERR] seq=100 err=16
[SEU] addr=200031BF bit=00000006
[ERR] seq=101 err=24
[ERR] seq=102 err=16
[ERR] seq=103 err=16
[ERR] seq=104 err=16
[ERR] seq=105 err=24
[SEU] addr=2000316C bit=00000007
[ERR] seq=106 err=32
[ERR] seq=107 err=24
[SEU] addr=200031B7 bit=00000004
[ERR] seq=108 err=16
[ERR] seq=109 err=40
[ERR] seq=110 err=40
[SEU] addr=200031AA bit=00000002
[ERR] seq=111 err=32
[ERR] seq=112 err=24
[ERR] seq=113 err=48
[SEU] addr=200031A5 bit=00000004
[ERR] seq=114 err=48
[ERR] seq=115 err=48
[ERR] seq=116 err=32
[SEU] addr=20003172 bit=00000005
[ERR] seq=117 err=56
[ERR] seq=118 err=40
[ERR] seq=119 err=64
[SEU] addr=200031A5 bit=00000006
[ERR] seq=120 err=32
[ERR] seq=121 err=72
[ERR] seq=122 err=48
[ERR] seq=123 err=72
[ERR] seq=124 err=48
[ERR] seq=125 err=64
[ERR] seq=126 err=56
[ERR] seq=127 err=80
[ERR] seq=128 err=56
[SEU] addr=200031A6 bit=00000000
[ERR] seq=129 err=80
[ERR] seq=130 err=72
[ERR] seq=131 err=80
[ERR] seq=132 err=64
[ERR] seq=133 err=80
[ERR] seq=134 err=72
[ERR] seq=135 err=80
[ERR] seq=136 err=72
[SEU] addr=20003161 bit=00000006
[ERR] seq=137 err=80
[ERR] seq=138 err=88
[ERR] seq=139 err=96
[ERR] seq=140 err=64
[ERR] seq=141 err=96
[ERR] seq=142 err=80
[SEU] addr=200031C6 bit=00000006
[ERR] seq=143 err=104
[ERR] seq=144 err=88
[ERR] seq=145 err=88
[ERR] seq=146 err=96
[ERR] seq=147 err=104
[ERR] seq=148 err=80
[ERR] seq=149 err=104
[ERR] seq=150 err=104
[SEU] addr=20003180 bit=00000000
[ERR] seq=151 err=96
[SEU] addr=200031AE bit=00000005
[ERR] seq=152 err=96
[ERR] seq=153 err=104
[SEU] addr=2000314D bit=00000003
[SAMPLE QUEUE CORRUPTED] primary repaired
[ERR] seq=154 err=112
[ERR] seq=155 err=96
[ERR] seq=156 err=104
[ERR] seq=157 err=104
[ERR] seq=158 err=104
[ERR] seq=159 err=104
[ERR] seq=160 err=112
[ERR] seq=161 err=104
[ERR] seq=162 err=104
[SEU] addr=20003169 bit=00000005
[ERR] seq=163 err=120
[ERR] seq=164 err=96
[ERR] seq=165 err=120
[ERR] seq=166 err=104
[ERR] seq=167 err=128
[ERR] seq=168 err=88
[ERR] seq=169 err=120
[SEU] addr=20003198 bit=00000002
[ERR] seq=170 err=104
[ERR] seq=171 err=112
[ERR] seq=172 err=104
[ERR] seq=173 err=128
[ERR] seq=174 err=104
[ERR] seq=175 err=120
[ERR] seq=176 err=112
[ERR] seq=177 err=120
[ERR] seq=178 err=96
[SEU] addr=200031B9 bit=00000003
[ERR] seq=179 err=104
[SEU] addr=20003180 bit=00000007
[ERR] seq=180 err=104
[ERR] seq=181 err=128
[ERR] seq=182 err=112
[ERR] seq=183 err=112
[ERR] seq=184 err=112
[ERR] seq=185 err=120
[ERR] seq=186 err=104
[ERR] seq=187 err=128
[SEU] addr=200031AF bit=00000002
[ERR] seq=188 err=104
[ERR] seq=189 err=104
[ERR] seq=190 err=120
[ERR] seq=191 err=112
[ERR] seq=192 err=104
[SEU] addr=200031BB bit=00000000
[ERR] seq=193 err=112
[SEU] addr=200031CA bit=00000005
[ERR] seq=194 err=120
[ERR] seq=195 err=104
[ERR] seq=196 err=96
[ERR] seq=197 err=120
[ERR] seq=198 err=104
[ERR] seq=199 err=104
[ERR] seq=200 err=96
[ERR] seq=201 err=112
[ERR] seq=202 err=96
[SEU] addr=2000314C bit=00000001
[SAMPLE QUEUE CORRUPTED] primary repaired
[ERR] seq=203 err=112
[ERR] seq=204 err=96
[ERR] seq=205 err=104
[ERR] seq=206 err=96
[ERR] seq=207 err=112
[ERR] seq=208 err=88
[ERR] seq=209 err=96
[SEU] addr=20003193 bit=00000000
[ERR] seq=210 err=134217824
[ERR] seq=211 err=21474832
[ERR] seq=212 err=24910880
[ERR] seq=213 err=7421680
[SEU] addr=200031CD bit=00000006
[ERR] seq=214 err=5173280
[ERR] seq=215 err=2015160
[ERR] seq=216 err=1150208
[ERR] seq=217 err=506440
[SEU] addr=2000314E bit=00000000
[SAMPLE QUEUE CORRUPTED] primary repaired
[ERR] seq=218 err=265136
[ERR] seq=219 err=123432
[ERR] seq=220 err=62208
[ERR] seq=221 err=29672
[SEU] addr=2000318C bit=00000000
[ERR] seq=222 err=14680
[ERR] seq=223 err=7080
[ERR] seq=224 err=3528
[ERR] seq=225 err=1680
[ERR] seq=226 err=888
[ERR] seq=227 err=392
[ERR] seq=228 err=256
[ERR] seq=229 err=96
[ERR] seq=230 err=112
[SEU] addr=2000316C bit=00000006
[ERR] seq=231 err=48
[ERR] seq=232 err=56
[SEU] addr=20003159 bit=00000005
[ERR] seq=233 err=64
[ERR] seq=234 err=64
[SEU] addr=200031B4 bit=00000002
[ERR] seq=235 err=56
[ERR] seq=236 err=56
[ERR] seq=237 err=48
[ERR] seq=238 err=56
[ERR] seq=239 err=48
[ERR] seq=240 err=40
[ERR] seq=241 err=48
[ERR] seq=242 err=40
[ERR] seq=243 err=56
[SEU] addr=20003198 bit=00000005
[ERR] seq=244 err=288
[ERR] seq=245 err=64
[ERR] seq=246 err=64
[ERR] seq=247 err=48
[ERR] seq=248 err=24
[ERR] seq=249 err=32
[ERR] seq=250 err=16
[ERR] seq=251 err=40
[SEU] addr=200031C9 bit=00000003
[ERR] seq=252 err=8
[ERR] seq=253 err=32
[SEU] addr=200031CD bit=00000003
[ERR] seq=254 err=8
[ERR] seq=255 err=24
[ERR] seq=256 err=2056
[SEU] addr=2000314F bit=00000000
[SAMPLE QUEUE CORRUPTED] primary repaired
[ERR] seq=257 err=328
[SEU] addr=20003157 bit=00000001
[SAMPLE QUEUE backup CORRUPTED] backup repaired
[ERR] seq=258 err=384
[ERR] seq=259 err=104
[ERR] seq=260 err=72
[ERR] seq=261 err=24
[ERR] seq=262 err=16
[ERR] seq=263 err=16
[SEU] addr=2000314C bit=00000000
[SAMPLE QUEUE CORRUPTED] primary repaired
[ERR] seq=264 err=16
[ERR] seq=265 err=8
[SEU] addr=20003182 bit=00000005
[ERR] seq=267 err=8
[ERR] seq=268 err=24
[ERR] seq=269 err=24
[ERR] seq=270 err=16
[ERR] seq=271 err=16
[ERR] seq=272 err=48
[ERR] seq=273 err=16
[SEU] addr=2000315F bit=00000006
[CMD QUEUE CORRUPTED] primary repaired
[ERR] seq=274 err=32
[ERR] seq=275 err=24
[ERR] seq=276 err=48
[ERR] seq=277 err=32
[SEU] addr=2000319C bit=00000001
[ERR] seq=278 err=40
[ERR] seq=279 err=40
[ERR] seq=280 err=56
[ERR] seq=281 err=32
[ERR] seq=282 err=56
[ERR] seq=283 err=40
[ERR] seq=284 err=72
[SEU] addr=200031C6 bit=00000007
[ERR] seq=285 err=40
[ERR] seq=286 err=56
[ERR] seq=287 err=56
[ERR] seq=288 err=80
[ERR] seq=289 err=48
[SEU] addr=200031B2 bit=00000007
[ERR] seq=290 err=64
[ERR] seq=291 err=64
[ERR] seq=292 err=88
[ERR] seq=293 err=64
[ERR] seq=294 err=72
[ERR] seq=295 err=72
[SEU] addr=200031DB bit=00000002
[ERR] seq=296 err=80
[ERR] seq=297 err=80
[ERR] seq=298 err=72
[ERR] seq=299 err=88
[ERR] seq=300 err=88
[ERR] seq=301 err=88
[ERR] seq=302 err=88
[ERR] seq=303 err=80
[ERR] seq=304 err=96
[SEU] addr=200031B1 bit=00000003
[ERR] seq=305 err=96
[ERR] seq=306 err=88
[ERR] seq=307 err=104
[ERR] seq=308 err=104
[ERR] seq=309 err=104
[ERR] seq=310 err=96
[ERR] seq=311 err=104
[ERR] seq=312 err=104
[ERR] seq=313 err=104
[SEU] addr=2000316F bit=00000006
[ERR] seq=314 err=104
[ERR] seq=315 err=96
[ERR] seq=316 err=128
[ERR] seq=317 err=112
[SEU] addr=200031DE bit=00000005
[ERR] seq=2097470 err=2640
[ERR] seq=2097471 err=2304
[ERR] seq=2097472 err=2840
[ERR] seq=2097473 err=2776
[ERR] seq=2097474 err=2960
[ERR] seq=2097475 err=3016
[ERR] seq=2097476 err=3088
[SEU] addr=20003197 bit=00000004
[ERR] seq=2097477 err=2147486832
[ERR] seq=2097478 err=343600624
[ERR] seq=2097479 err=398574456
[ERR] seq=2097480 err=118750624
[SEU] addr=20003169 bit=00000003
[ERR] seq=2097481 err=82772808
[ERR] seq=2097482 err=32246480
[ERR] seq=2097483 err=18403904
[ERR] seq=2097484 err=8106880
[ERR] seq=2097485 err=4242568
[ERR] seq=2097486 err=1978864
[SEU] addr=200031AC bit=00000000
[ERR] seq=2097487 err=996296
[SEU] addr=200031C6 bit=00000001
[ERR] seq=2097488 err=479040
[SEU] addr=20003155 bit=00000003
[SAMPLE QUEUE backup CORRUPTED] backup repaired
[ERR] seq=2097489 err=236952
[ERR] seq=2097490 err=117680
[ERR] seq=2097491 err=57664
[ERR] seq=2097492 err=31272
[ERR] seq=2097493 err=15168
[ERR] seq=2097494 err=10744
[ERR] seq=2097495 err=5120
[SEU] addr=2000314F bit=00000004
[SAMPLE QUEUE CORRUPTED] primary repaired
[ERR] seq=2097496 err=5928
[ERR] seq=2097497 err=3704
[ERR] seq=2097498 err=4880
[ERR] seq=2097499 err=4384
[ERR] seq=2097500 err=4688
[ERR] seq=2097501 err=4624
[ERR] seq=2097502 err=4720
[ERR] seq=2097503 err=4728
[ERR] seq=2097504 err=4784
[SEU] addr=20003150 bit=00000002
[SAMPLE QUEUE CORRUPTED] primary repaired
[ERR] seq=2097505 err=4816
[ERR] seq=2097506 err=4864
[ERR] seq=2097507 err=4912
[SEU] addr=200031BC bit=00000000
[ERR] seq=2097508 err=4944
[ERR] seq=2097509 err=4976
[ERR] seq=2097510 err=4976
[ERR] seq=2097511 err=5048
[ERR] seq=2097512 err=5040
[ERR] seq=2097513 err=5096
[ERR] seq=2097514 err=5120
[SEU] addr=200031A0 bit=00000001
[ERR] seq=2097515 err=5152
[ERR] seq=2097516 err=5168
[ERR] seq=2097517 err=5200
[ERR] seq=2097518 err=5216
[ERR] seq=2097519 err=5240
[ERR] seq=2097520 err=5240
[ERR] seq=2097521 err=5264
[SEU] addr=20003174 bit=00000000
[ERR] seq=2097522 err=5296
[ERR] seq=2097523 err=5296
[ERR] seq=2097524 err=5296
[ERR] seq=2097525 err=5336
[SEU] addr=2000319C bit=00000005
[ERR] seq=2097526 err=5312
[ERR] seq=2097527 err=5344
[ERR] seq=2097528 err=5320
[ERR] seq=2097529 err=5360
[ERR] seq=2097530 err=5328
[SEU] addr=200031B5 bit=00000004
[ERR] seq=2097531 err=5352
[ERR] seq=2097532 err=5328
[ERR] seq=2097533 err=5352
[ERR] seq=2097534 err=5320
[ERR] seq=2097535 err=5344
[ERR] seq=2097536 err=5312
[SEU] addr=200031D4 bit=00000001
[ERR] seq=2097537 err=5320
[ERR] seq=2097538 err=5296
[ERR] seq=2097539 err=5296
[ERR] seq=2097540 err=5256
[ERR] seq=2097541 err=5272
[ERR] seq=2097542 err=5232
[ERR] seq=2097543 err=5232
[ERR] seq=2097544 err=5184
[ERR] seq=2097545 err=5200
[SEU] addr=20003154 bit=00000003
[SAMPLE QUEUE backup CORRUPTED] backup repaired
[ERR] seq=2097546 err=5144
[ERR] seq=2097547 err=5136
[ERR] seq=2097548 err=5080
[ERR] seq=2097549 err=5088
[ERR] seq=2097550 err=5032
[ERR] seq=2097551 err=5000
[SEU] addr=2000318F bit=00000006
[ERR] seq=2097552 err=12000
[ERR] seq=2097553 err=3840
[ERR] seq=2097554 err=6224
[ERR] seq=2097555 err=4488
[ERR] seq=2097556 err=5096
[ERR] seq=2097557 err=4704
[ERR] seq=2097558 err=4800
[ERR] seq=2097559 err=4696
[ERR] seq=2097560 err=4672
[ERR] seq=2097561 err=4632
[SEU] addr=200031AE bit=00000003
[ERR] seq=2097562 err=4568
[ERR] seq=2097563 err=4544
[ERR] seq=2097564 err=4448
[ERR] seq=2097565 err=4432
[ERR] seq=2097566 err=4352
[ERR] seq=2097567 err=4344
[SEU] addr=2000317C bit=00000004
[ERR] seq=2097568 err=4224
[ERR] seq=2097569 err=4208
[ERR] seq=2097570 err=4144
[ERR] seq=2097571 err=4072
[ERR] seq=2097572 err=4008
[ERR] seq=2097573 err=3968
[ERR] seq=2097574 err=3888
[ERR] seq=2097575 err=3840
[ERR] seq=2097576 err=3776
[ERR] seq=2097577 err=3688
[SEU] addr=20003152 bit=00000002
[ERR] seq=2097578 err=3624
[ERR] seq=2097579 err=3576
[ERR] seq=2097580 err=3488
[ERR] seq=2097581 err=3416
[ERR] seq=2097582 err=3336
[ERR] seq=2097583 err=3280
[ERR] seq=2097584 err=3192
[ERR] seq=2097585 err=3128
[ERR] seq=2097586 err=3040
[SEU] addr=200031B7 bit=00000001
[ERR] seq=2097587 err=2968
[SEU] addr=200031B3 bit=00000001
[ERR] seq=2097588 err=2872
[ERR] seq=2097589 err=2816
[ERR] seq=2097590 err=2720
[ERR] seq=2097591 err=2672
[ERR] seq=2097592 err=2552
[ERR] seq=2097593 err=2472
[SEU] addr=2000316C bit=00000003
[ERR] seq=2097594 err=2416
[ERR] seq=2097595 err=2320
[ERR] seq=2097596 err=2216
[ERR] seq=2097597 err=2160
[ERR] seq=2097598 err=2080
[ERR] seq=2097599 err=1984
[ERR] seq=2097600 err=1872
[ERR] seq=2097601 err=1800
[ERR] seq=2097602 err=1696
[SEU] addr=200031C3 bit=00000004
[ERR] seq=2097603 err=1592
[ERR] seq=2097604 err=1496
[ERR] seq=2097605 err=1408
[ERR] seq=2097606 err=1320
[ERR] seq=2097607 err=1232
[SEU] addr=2000317C bit=00000002
[ERR] seq=2097608 err=1112
[ERR] seq=2097609 err=1040
[SEU] addr=20003181 bit=00000003
[ERR] seq=2097610 err=912
[SEU] addr=200031A0 bit=00000000
[ERR] seq=2097611 err=848
[ERR] seq=2097612 err=720
[ERR] seq=2097613 err=656
[ERR] seq=2097614 err=544
[ERR] seq=2097615 err=448
[ERR] seq=2097616 err=344
[SEU] addr=200031AA bit=00000006
[ERR] seq=2097617 err=248
[ERR] seq=2097618 err=152
[ERR] seq=2097619 err=48
[SEU] addr=200031B8 bit=00000001
[ERR] seq=2097620 err=56
[ERR] seq=2097621 err=152
[ERR] seq=2097622 err=256
[SEU] addr=2000319E bit=00000002
[ERR] seq=2097623 err=344
[ERR] seq=2097624 err=448
[ERR] seq=2097625 err=536
[ERR] seq=2097626 err=648
[ERR] seq=2097627 err=720
[ERR] seq=2097628 err=840
[SEU] addr=20003172 bit=00000002
[ERR] seq=2097629 err=912
[ERR] seq=2097630 err=1032
[ERR] seq=2097631 err=1112
[ERR] seq=2097632 err=1232
[ERR] seq=2097633 err=1312
[ERR] seq=2097634 err=1408
[ERR] seq=2097635 err=1488
[SEU] addr=20003158 bit=00000007
[SAMPLE QUEUE backup CORRUPTED] backup repaired
[ERR] seq=2097636 err=1600
[ERR] seq=2097637 err=1696
[ERR] seq=2097638 err=1784
[ERR] seq=2097639 err=1880
[ERR] seq=2097640 err=1992
[ERR] seq=2097641 err=2064
[ERR] seq=2097642 err=2160
[ERR] seq=2097643 err=2232
[ERR] seq=2097644 err=2320
[SEU] addr=2000318F bit=00000001
[ERR] seq=2097645 err=2264
[ERR] seq=2097646 err=2496
[ERR] seq=2097647 err=2544
[ERR] seq=2097648 err=2672
[ERR] seq=2097649 err=2712
[ERR] seq=2097650 err=2824
[ERR] seq=2097651 err=2864
[ERR] seq=2097652 err=2984
[ERR] seq=2097653 err=3032
[SEU] addr=200031C4 bit=00000000
[ERR] seq=2097654 err=3136
[ERR] seq=2097655 err=3184
[ERR] seq=2097656 err=3304
[ERR] seq=2097657 err=3328
[ERR] seq=2097658 err=3424
[ERR] seq=2097659 err=3496
[SEU] addr=20003178 bit=00000006
[ERR] seq=2097660 err=3576
[ERR] seq=2097661 err=3632
[ERR] seq=2097662 err=3712
[ERR] seq=2097663 err=3760
[SEU] addr=200031C7 bit=00000002
[ERR] seq=2097664 err=1744
[ERR] seq=2097665 err=4544
[ERR] seq=2097666 err=3216
[ERR] seq=2097667 err=4240
[ERR] seq=2097668 err=3936
[ERR] seq=2097669 err=4208
[ERR] seq=2097670 err=4176
[ERR] seq=2097671 err=4264
[SEU] addr=200031DE bit=00000002
[ERR] seq=2359816 err=8768
[ERR] seq=2359817 err=6632
[ERR] seq=2359818 err=8912
[ERR] seq=2359819 err=8160
[ERR] seq=2359820 err=8528
[SEU] addr=200031B4 bit=00000002
[ERR] seq=2359821 err=8280
[ERR] seq=2359822 err=8264
[ERR] seq=2359823 err=8152
[ERR] seq=2359824 err=8048
[ERR] seq=2359825 err=7952
[ERR] seq=2359826 err=7848
[ERR] seq=2359827 err=7752
[ERR] seq=2359828 err=7616
[ERR] seq=2359829 err=7528
[SEU] addr=2000318A bit=00000003
[ERR] seq=2359830 err=7384
[ERR] seq=2359831 err=7328
[ERR] seq=2359832 err=7184
[ERR] seq=2359833 err=7080
[ERR] seq=2359834 err=6960
[ERR] seq=2359835 err=6840
[ERR] seq=2359836 err=6696
[ERR] seq=2359837 err=6560
[ERR] seq=2359838 err=6440
[SEU] addr=20003196 bit=00000002
[ERR] seq=2359839 err=2100008
[ERR] seq=2359840 err=341680
[ERR] seq=2359841 err=391936
[ERR] seq=2359842 err=121840
[ERR] seq=2359843 err=83416
[ERR] seq=2359844 err=37064
[ERR] seq=2359845 err=20432
[ERR] seq=2359846 err=13192
[SEU] addr=20003193 bit=00000007
[ERR] seq=2359847 err=6456
[ERR] seq=2359848 err=6880
[ERR] seq=2359849 err=3880
[ERR] seq=2359850 err=5128
[ERR] seq=2359851 err=4296
[ERR] seq=2359852 err=4448
[SEU] addr=20003195 bit=00000005
[ERR] seq=2359853 err=67496
[ERR] seq=2359854 err=14536
[ERR] seq=2359855 err=13928
[SEU] addr=20003152 bit=00000002
[ERR] seq=2359856 err=7320
[ERR] seq=2359857 err=4128
[ERR] seq=2359858 err=4360
[ERR] seq=2359859 err=2680
[ERR] seq=2359860 err=3272
[ERR] seq=2359861 err=2744
[ERR] seq=2359862 err=2776
[ERR] seq=2359863 err=2512
[ERR] seq=2359864 err=2376
[SEU] addr=20003172 bit=00000001
[ERR] seq=2359865 err=2208
[ERR] seq=2359866 err=2008
[ERR] seq=2359867 err=1864
[ERR] seq=2359868 err=1656
[ERR] seq=2359869 err=1504
[ERR] seq=2359870 err=1328
[ERR] seq=2359871 err=1168
[ERR] seq=2359872 err=968
[ERR] seq=2359873 err=816
[ERR] seq=2359874 err=624
[SEU] addr=200031A2 bit=00000005
[ERR] seq=2359875 err=464
[ERR] seq=2359876 err=272
[ERR] seq=2359877 err=104
[ERR] seq=2359878 err=72
[ERR] seq=2359879 err=272
[SEU] addr=20003178 bit=00000007
[ERR] seq=2359880 err=432
[ERR] seq=2359881 err=600
[ERR] seq=2359882 err=776
[ERR] seq=2359883 err=952
[ERR] seq=2359884 err=1136
[ERR] seq=2359885 err=1296
[ERR] seq=2359886 err=1472
[ERR] seq=2359887 err=1640
[SEU] addr=20003184 bit=00000001
[ERR] seq=2359888 err=1840
[ERR] seq=2359889 err=1976
[ERR] seq=2359890 err=2184
[ERR] seq=2359891 err=2336
[ERR] seq=2359892 err=2520
[ERR] seq=2359893 err=2680
[ERR] seq=2359894 err=2848
[ERR] seq=2359895 err=3008
[ERR] seq=2359896 err=3216
[SEU] addr=2000317E bit=00000000
[ERR] seq=2359897 err=3344
[ERR] seq=2359898 err=3528
[ERR] seq=2359899 err=3680
[ERR] seq=2359900 err=3864
[ERR] seq=2359901 err=4008
[ERR] seq=2359902 err=4200
[SEU] addr=20003150 bit=00000004
[SAMPLE QUEUE CORRUPTED] primary repaired
[ERR] seq=2359903 err=4312
[ERR] seq=2359904 err=4512
[ERR] seq=2359905 err=4640
[ERR] seq=2359906 err=4816
[ERR] seq=2359907 err=4944
[ERR] seq=2359908 err=5120
[SEU] addr=200031CE bit=00000003
[ERR] seq=2359909 err=5256
[ERR] seq=2359910 err=5416
[SEU] addr=20003196 bit=00000005
[ERR] seq=2359911 err=16782776
[ERR] seq=2359912 err=2686952
[ERR] seq=2359913 err=3119696
[ERR] seq=2359914 err=930408
[ERR] seq=2359915 err=652760
[ERR] seq=2359916 err=254744
[SEU] addr=200031AA bit=00000007
[ERR] seq=2359917 err=150168
[ERR] seq=2359918 err=66272
[ERR] seq=2359919 err=39816
[ERR] seq=2359920 err=18520
[ERR] seq=2359921 err=14704
[ERR] seq=2359922 err=6912
[ERR] seq=2359923 err=9016
[ERR] seq=2359924 err=6432
[ERR] seq=2359925 err=7816
[SEU] addr=200031B6 bit=00000003
[ERR] seq=2359926 err=7312
[ERR] seq=2359927 err=7712
[ERR] seq=2359928 err=7704
[ERR] seq=2359929 err=7848
[ERR] seq=2359930 err=7944
[SEU] addr=200031DB bit=00000000
[ERR] seq=2359931 err=8056
[ERR] seq=2359932 err=8144
[ERR] seq=2359933 err=8248
[ERR] seq=2359934 err=8352
[ERR] seq=2359935 err=8408
[SEU] addr=200031C4 bit=00000006
[ERR] seq=2359936 err=8544
[ERR] seq=2359937 err=8584
[ERR] seq=2359938 err=8712
[ERR] seq=2359939 err=8760
[ERR] seq=2359940 err=8888
[SEU] addr=200031BB bit=00000003
[ERR] seq=2359941 err=8904
[ERR] seq=2359942 err=9008
[ERR] seq=2359943 err=9072
[ERR] seq=2359944 err=9160
[ERR] seq=2359945 err=9192
[ERR] seq=2359946 err=9256
[ERR] seq=2359947 err=9320
[ERR] seq=2359948 err=9392
[ERR] seq=2359949 err=9416
[SEU] addr=200031C3 bit=00000000
[ERR] seq=2359950 err=9488
[ERR] seq=2359951 err=9544
[ERR] seq=2359952 err=9576
[ERR] seq=2359953 err=9624
[ERR] seq=2359954 err=9664
[ERR] seq=2359955 err=9680
[ERR] seq=2359956 err=9760
[ERR] seq=2359957 err=9744
[ERR] seq=2359958 err=9792
[SEU] addr=200031BB bit=00000005
[ERR] seq=2359959 err=9816
[ERR] seq=2359960 err=9848
[ERR] seq=2359961 err=9848
[ERR] seq=2359962 err=9872
[ERR] seq=2359963 err=9864
[ERR] seq=2359964 err=9896
[ERR] seq=2359965 err=9880
[SEU] addr=20003166 bit=00000000
[CMD QUEUE backup CORRUPTED] backup repaired
[ERR] seq=2359966 err=9912
[ERR] seq=2359967 err=9880
[ERR] seq=2359968 err=9928
[SEU] addr=2000318D bit=00000006
[ERR] seq=2359969 err=10560
[ERR] seq=2359970 err=9776
[ERR] seq=2359971 err=9992
[ERR] seq=2359972 err=9824
[ERR] seq=2359973 err=9872
[ERR] seq=2359974 err=9824
[ERR] seq=2359975 err=9784
[ERR] seq=2359976 err=9792
[SEU] addr=200031DF bit=00000002
[ERR] seq=69468841 err=10728
[ERR] seq=69468842 err=10512
[ERR] seq=69468843 err=10632
[ERR] seq=69468844 err=10512
[ERR] seq=69468845 err=10464
[ERR] seq=69468846 err=10392
[ERR] seq=69468847 err=10304
[ERR] seq=69468848 err=10224
[ERR] seq=69468849 err=10128
[ERR] seq=69468850 err=10056
[SEU] addr=2000318C bit=00000007
[ERR] seq=69468851 err=4616
[ERR] seq=69468852 err=12176
[ERR] seq=69468853 err=7080
[ERR] seq=69468854 err=10480
[SEU] addr=20003150 bit=00000005
[SAMPLE QUEUE CORRUPTED] primary repaired
[ERR] seq=69468855 err=8984
[ERR] seq=69468856 err=9688
[ERR] seq=69468857 err=9224
[ERR] seq=69468858 err=9288
[ERR] seq=69468859 err=9080
[ERR] seq=69468860 err=9024
[ERR] seq=69468861 err=8864
[ERR] seq=69468862 err=8752
[ERR] seq=69468863 err=8616
[SEU] addr=2000319B bit=00000005
[ERR] seq=69468864 err=8496
[ERR] seq=69468865 err=8344
[ERR] seq=69468866 err=8200
[SEU] addr=200031B1 bit=00000001
[ERR] seq=69468867 err=8072
[ERR] seq=69468868 err=7912
[ERR] seq=69468869 err=7784
[ERR] seq=69468870 err=7624
[SEU] addr=2000319A bit=00000004
[ERR] seq=69468871 err=8393376
[ERR] seq=69468872 err=1349504
[ERR] seq=69468873 err=1561480
[ERR] seq=69468874 err=470896
[ERR] seq=69468875 err=327680
[SEU] addr=2000317B bit=00000005
[ERR] seq=69468876 err=132648
[ERR] seq=69468877 err=76048
[SEU] addr=20003188 bit=00000004
[ERR] seq=69468878 err=38016
[ERR] seq=69468879 err=20512
[ERR] seq=69468880 err=13760
[ERR] seq=69468881 err=7616
[ERR] seq=69468882 err=7536
[SEU] addr=200031DD bit=00000005
[ERR] seq=69477075 err=4376
[ERR] seq=69477076 err=5616
[SEU] addr=20003185 bit=00000007
[ERR] seq=69477077 err=4680
[ERR] seq=69477078 err=4872
[ERR] seq=69477079 err=4472
[SEU] addr=200031DA bit=00000001
[ERR] seq=69477080 err=4424
[ERR] seq=69477081 err=4128
[ERR] seq=69477082 err=4000
[ERR] seq=69477083 err=3768
[ERR] seq=69477084 err=3592
[ERR] seq=69477085 err=3376
[ERR] seq=69477086 err=3216
[ERR] seq=69477087 err=2984
[ERR] seq=69477088 err=2816
[ERR] seq=69477089 err=2584
[SEU] addr=2000316C bit=00000001
[ERR] seq=69477090 err=2392
[ERR] seq=69477091 err=2176
[ERR] seq=69477092 err=2008
[ERR] seq=69477093 err=1760
[ERR] seq=69477094 err=1592
[ERR] seq=69477095 err=1368
[ERR] seq=69477096 err=1192
[SEU] addr=200031D8 bit=00000006
[ERR] seq=69477097 err=968
[ERR] seq=69477098 err=768
[ERR] seq=69477099 err=552
[ERR] seq=69477100 err=368
[ERR] seq=69477101 err=136
[ERR] seq=69477102 err=40
[ERR] seq=69477103 err=296
[ERR] seq=69477104 err=448
[ERR] seq=69477105 err=696
[SEU] addr=200031DF bit=00000003
[ERR] seq=203694834 err=4752
[ERR] seq=203694835 err=4352
[ERR] seq=203694836 err=5272
[ERR] seq=203694837 err=5296
[SEU] addr=2000319D bit=00000003
[ERR] seq=203694838 err=5656
[ERR] seq=203694839 err=5816
[ERR] seq=203694840 err=6048
[ERR] seq=203694841 err=6280
[ERR] seq=203694842 err=6472
[ERR] seq=203694843 err=6712
[ERR] seq=203694844 err=6896
[ERR] seq=203694845 err=7128
[SEU] addr=20003180 bit=00000005
[ERR] seq=203694846 err=7320
[ERR] seq=203694847 err=7512
[ERR] seq=203694848 err=9752
[ERR] seq=203694849 err=7600
[ERR] seq=203694850 err=8488
[ERR] seq=203694851 err=8192
[ERR] seq=203694852 err=8552
[ERR] seq=203694853 err=8664
[SEU] addr=20003150 bit=00000005
[SAMPLE QUEUE CORRUPTED] primary repaired
[ERR] seq=203694854 err=8872
[ERR] seq=203694855 err=9032
[ERR] seq=203694856 err=9216
[ERR] seq=203694857 err=9392
[ERR] seq=203694858 err=9560
[ERR] seq=203694859 err=9752
[ERR] seq=203694860 err=9896
[ERR] seq=203694861 err=10080
[SEU] addr=200031C8 bit=00000002
[ERR] seq=203694862 err=10224
[ERR] seq=203694863 err=10400
[ERR] seq=203694864 err=10544
[ERR] seq=203694865 err=10680
[SEU] addr=20003185 bit=00000000
[ERR] seq=203694866 err=10856
[ERR] seq=203694867 err=10984
[ERR] seq=203694868 err=11128
[ERR] seq=203694869 err=11272
[ERR] seq=203694870 err=11408
[ERR] seq=203694871 err=11544
[ERR] seq=203694872 err=11664
[SEU] addr=20003157 bit=00000002
[SAMPLE QUEUE backup CORRUPTED] backup repaired
[ERR] seq=203694873 err=11784
[ERR] seq=203694874 err=11912
[ERR] seq=203694875 err=12032
[ERR] seq=203694876 err=12128
[SEU] addr=20003193 bit=00000005
[ERR] seq=203694877 err=12240
[ERR] seq=203694878 err=12360
[ERR] seq=203694879 err=12456
[ERR] seq=203694880 err=12520
[ERR] seq=203694881 err=12656
[ERR] seq=203694882 err=12728
[ERR] seq=203694883 err=12824
[ERR] seq=203694884 err=12880
[ERR] seq=203694885 err=12984
[SEU] addr=2000316D bit=00000003
[ERR] seq=203694886 err=13048
[ERR] seq=203694887 err=13104
[ERR] seq=203694888 err=13160
[ERR] seq=203694889 err=13240
[ERR] seq=203694890 err=13272
[SEU] addr=200031A3 bit=00000006
[ERR] seq=203694891 err=13344
[ERR] seq=203694892 err=13376
[SEU] addr=2000318A bit=00000005
[ERR] seq=203694893 err=13424
[ERR] seq=203694894 err=13456
[ERR] seq=203694895 err=13488
[ERR] seq=203694896 err=13520
[ERR] seq=203694897 err=13544
[ERR] seq=203694898 err=13568
[ERR] seq=203694899 err=13584
[ERR] seq=203694900 err=13592
[SEU] addr=200031AB bit=00000004
[ERR] seq=203694901 err=13632
[ERR] seq=203694902 err=13600
[ERR] seq=203694903 err=13624
[SEU] addr=200031AA bit=00000001
[ERR] seq=203694904 err=13600
[ERR] seq=203694905 err=13616
[ERR] seq=203694906 err=13584
[ERR] seq=203694907 err=13584
[SEU] addr=20003171 bit=00000002
[ERR] seq=203694908 err=13528
[ERR] seq=203694909 err=13552
[ERR] seq=203694910 err=13488
[ERR] seq=203694911 err=13480
[ERR] seq=203694912 err=13408
[ERR] seq=203694913 err=13416
[ERR] seq=203694914 err=13336
[ERR] seq=203694915 err=13320
[ERR] seq=203694916 err=13224
[SEU] addr=20003153 bit=00000006
[ERR] seq=203694917 err=13192
[ERR] seq=203694918 err=13120
[ERR] seq=203694919 err=13088
[ERR] seq=203694920 err=12984
[ERR] seq=203694921 err=12928
[ERR] seq=203694922 err=12840
[ERR] seq=203694923 err=12768
[ERR] seq=203694924 err=12656
[SEU] addr=20003196 bit=00000007
[ERR] seq=203694925 err=67114584
[ERR] seq=203694926 err=10749880
[ERR] seq=203694927 err=12461024
[ERR] seq=203694928 err=3723112
[ERR] seq=203694929 err=2592112
[ERR] seq=203694930 err=1019648
[ERR] seq=203694931 err=580496
[ERR] seq=203694932 err=265024
[ERR] seq=203694933 err=137848
[ERR] seq=203694934 err=73272
[SEU] addr=20003159 bit=00000001
[ERR] seq=203694935 err=36280
[ERR] seq=203694936 err=26136
[ERR] seq=203694937 err=12432
[ERR] seq=203694938 err=14560
[ERR] seq=203694939 err=9176
[ERR] seq=203694940 err=11560
[ERR] seq=203694941 err=10200
[ERR] seq=203694942 err=10640
[ERR] seq=203694943 err=10192
[ERR] seq=203694944 err=10144
[SEU] addr=200031CD bit=00000002
[ERR] seq=203694945 err=9960
[ERR] seq=203694946 err=9792
[ERR] seq=203694947 err=9624
[ERR] seq=203694948 err=9440
[SEU] addr=2000315B bit=00000000
[ERR] seq=203694949 err=9272
[ERR] seq=203694950 err=9096
[ERR] seq=203694951 err=8920
[ERR] seq=203694952 err=8736
[ERR] seq=203694953 err=8552
[ERR] seq=203694954 err=8360
[ERR] seq=203694955 err=8184
[ERR] seq=203694956 err=7968
[ERR] seq=203694957 err=7784
[SEU] addr=2000318B bit=00000000
[ERR] seq=203694958 err=7576
[ERR] seq=203694959 err=7392
[ERR] seq=203694960 err=7168
[ERR] seq=203694961 err=6984
[ERR] seq=203694962 err=6760
[ERR] seq=203694963 err=6568
[SEU] addr=20003191 bit=00000003
[ERR] seq=203694964 err=15784
[ERR] seq=203694965 err=8744
[ERR] seq=203694966 err=2856
[ERR] seq=203694967 err=6608
[ERR] seq=203694968 err=4832
[ERR] seq=203694969 err=5512
[ERR] seq=203694970 err=4880
[SEU] addr=2000317F bit=00000006
[ERR] seq=203694971 err=4896
[ERR] seq=203694972 err=4576
[ERR] seq=203694973 err=4408
[ERR] seq=203694974 err=4128
[ERR] seq=203694975 err=3944
[SEU] addr=200031B1 bit=00000001
[ERR] seq=203694976 err=3704
[ERR] seq=203694977 err=3464
[SEU] addr=2000315E bit=00000005
[CMD QUEUE CORRUPTED] primary repaired
[ERR] seq=203694978 err=3232
[ERR] seq=203694979 err=3000
[ERR] seq=203694980 err=2752
[ERR] seq=203694981 err=2520
[ERR] seq=203694982 err=2296
[ERR] seq=203694983 err=2048
[ERR] seq=203694984 err=1808
[ERR] seq=203694985 err=1592
[ERR] seq=203694986 err=1336
[SEU] addr=200031C3 bit=00000006
[ERR] seq=203694987 err=1096
[ERR] seq=203694988 err=840
[ERR] seq=203694989 err=640
[ERR] seq=203694990 err=368
[SEU] addr=200031D8 bit=00000002
[ERR] seq=203694991 err=144
[ERR] seq=203694992 err=96
[ERR] seq=203694993 err=352
[ERR] seq=203694994 err=576
[ERR] seq=203694995 err=792
[ERR] seq=203694996 err=1064
[ERR] seq=203694997 err=1280
[SEU] addr=2000319A bit=00000007
[ERR] seq=203694998 err=67109832
[ERR] seq=203694999 err=10739176
[ERR] seq=203695000 err=12456664
[ERR] seq=203695001 err=3713088
[ERR] seq=203695002 err=2588168
[ERR] seq=203695003 err=1010288
[ERR] seq=203695004 err=576944
[ERR] seq=203695005 err=256376
[ERR] seq=203695006 err=134704
[SEU] addr=2000315E bit=00000004
[CMD QUEUE CORRUPTED] primary repaired
[ERR] seq=203695007 err=65360
[ERR] seq=203695008 err=33528
[SEU] addr=200031DD bit=00000007
[ERR] seq=203727777 err=20960
[ERR] seq=203727778 err=11192
[SEU] addr=20003151 bit=00000006
[ERR] seq=203727779 err=10152
[ERR] seq=203727780 err=6016
[ERR] seq=203727781 err=7856
[ERR] seq=203727782 err=6824
[ERR] seq=203727783 err=7632
[ERR] seq=203727784 err=7568
[SEU] addr=20003198 bit=00000004
[ERR] seq=203727785 err=7760
[ERR] seq=203727786 err=8072
[ERR] seq=203727787 err=8232
[SEU] addr=200031DA bit=00000001
[ERR] seq=203727788 err=8496
[ERR] seq=203727789 err=8664
[ERR] seq=203727790 err=8880
[ERR] seq=203727791 err=9072
[ERR] seq=203727792 err=9272
[ERR] seq=203727793 err=9448
[SEU] addr=20003169 bit=00000003
[ERR] seq=203727794 err=9632
[ERR] seq=203727795 err=9816
[ERR] seq=203727796 err=10008
[ERR] seq=203727797 err=10176
[ERR] seq=203727798 err=10352
[ERR] seq=203727799 err=10528
[ERR] seq=203727800 err=10696
[ERR] seq=203727801 err=10864
[SEU] addr=200031AF bit=00000005
[ERR] seq=203727802 err=11016
[SEU] addr=200031B8 bit=00000002
[ERR] seq=203727803 err=11160
[ERR] seq=203727804 err=11352
[ERR] seq=203727805 err=11480
[ERR] seq=203727806 err=11632
[ERR] seq=203727807 err=11760
[SEU] addr=200031D1 bit=00000002
[ERR] seq=203727808 err=11920
[ERR] seq=203727809 err=12040
[ERR] seq=203727810 err=12184
[ERR] seq=203727811 err=12280
[ERR] seq=203727812 err=12456
[ERR] seq=203727813 err=12536
[ERR] seq=203727814 err=12688
[ERR] seq=203727815 err=12776
[SEU] addr=2000317F bit=00000006
[ERR] seq=203727816 err=12928
[SEU] addr=200031DA bit=00000003
[ERR] seq=203727817 err=13000
[ERR] seq=203727818 err=13112
[ERR] seq=203727819 err=13200
[ERR] seq=203727820 err=13320
[ERR] seq=203727821 err=13384
[ERR] seq=203727822 err=13496
[ERR] seq=203727823 err=13544
[ERR] seq=203727824 err=13656
[SEU] addr=200031BB bit=00000000
[ERR] seq=203727825 err=13712
[ERR] seq=203727826 err=13784
[ERR] seq=203727827 err=13832
[ERR] seq=203727828 err=13920
[ERR] seq=203727829 err=13968
[ERR] seq=203727830 err=14016
[ERR] seq=203727831 err=14064
[ERR] seq=203727832 err=14096
[ERR] seq=203727833 err=14128
[SEU] addr=2000314D bit=00000002
[SAMPLE QUEUE CORRUPTED] primary repaired
[ERR] seq=203727834 err=14168
[SEU] addr=2000315B bit=00000002
[ERR] seq=203727835 err=14184
[ERR] seq=203727836 err=14216
[ERR] seq=203727837 err=14232
[SEU] addr=200031B0 bit=00000004
[ERR] seq=203727838 err=14248
[ERR] seq=203727839 err=14256
[SEU] addr=200031AE bit=00000003
[ERR] seq=203727840 err=14264
[ERR] seq=203727841 err=14248
[ERR] seq=203727842 err=14264
[ERR] seq=203727843 err=14240
[ERR] seq=203727844 err=14248
[SEU] addr=200031A9 bit=00000002
[ERR] seq=203727845 err=14208
[ERR] seq=203727846 err=14200
[ERR] seq=203727847 err=14168
[ERR] seq=203727848 err=14152
[ERR] seq=203727849 err=14096
[ERR] seq=203727850 err=14088
[ERR] seq=203727851 err=14016
[ERR] seq=203727852 err=14000
[SEU] addr=20003156 bit=00000005
[SAMPLE QUEUE backup CORRUPTED] backup repaired
[ERR] seq=203727853 err=13912
[ERR] seq=203727854 err=13880
[ERR] seq=203727855 err=13792
[ERR] seq=203727856 err=13744
[ERR] seq=203727857 err=13672
[ERR] seq=203727858 err=13576
[ERR] seq=203727859 err=13504
[ERR] seq=203727860 err=13440
[SEU] addr=200031A3 bit=00000007
[ERR] seq=203727861 err=13328
[ERR] seq=203727862 err=13240
[SEU] addr=20003164 bit=00000006
[CMD QUEUE backup CORRUPTED] backup repaired
[ERR] seq=203727863 err=13128
[ERR] seq=203727864 err=13064
[ERR] seq=203727865 err=12928
[ERR] seq=203727866 err=12832
[ERR] seq=203727867 err=12704
[ERR] seq=203727868 err=12608
[ERR] seq=203727869 err=12472
[ERR] seq=203727870 err=12328
[SEU] addr=2000315F bit=00000000
[CMD QUEUE CORRUPTED] primary repaired
[ERR] seq=203727871 err=12224
[ERR] seq=203727872 err=5952
[ERR] seq=203727873 err=12928
[SEU] addr=20003162 bit=00000006
[ERR] seq=203727874 err=10680
[ERR] seq=203727875 err=12008
[ERR] seq=203727876 err=11320
[SEU] addr=200031DC bit=00000001
[ERR] seq=203727879 err=11360
[ERR] seq=203727880 err=11112
[ERR] seq=203727881 err=10984
[ERR] seq=203727882 err=10824
[ERR] seq=203727883 err=10632
[ERR] seq=203727884 err=10504
[SEU] addr=20003160 bit=00000003
[CMD QUEUE CORRUPTED] primary repaired
[ERR] seq=203727885 err=10280
[SEU] addr=20003195 bit=00000005
[ERR] seq=203727886 err=75680
[ERR] seq=203727887 err=15024
[SEU] addr=20003175 bit=00000007
[ERR] seq=203727888 err=21912
[ERR] seq=203727889 err=7984
[ERR] seq=203727890 err=11920
[ERR] seq=203727891 err=8200
[ERR] seq=203727892 err=9568
[ERR] seq=203727893 err=8552
[SEU] addr=20003171 bit=00000002
[ERR] seq=203727894 err=8728
[ERR] seq=203727895 err=8320
[ERR] seq=203727896 err=8224
[ERR] seq=203727897 err=7960
[ERR] seq=203727898 err=7784
[ERR] seq=203727899 err=7560
[ERR] seq=203727900 err=7360
[ERR] seq=203727901 err=7136
[ERR] seq=203727902 err=6936
[ERR] seq=203727903 err=6680
[SEU] addr=2000316A bit=00000001
[ERR] seq=203727904 err=6480
[ERR] seq=203727905 err=6256
[ERR] seq=203727906 err=6040
[SEU] addr=200031C6 bit=00000002
[ERR] seq=203727907 err=5784
[ERR] seq=203727908 err=5560
[SEU] addr=2000314E bit=00000006
[SAMPLE QUEUE CORRUPTED] primary repaired
[ERR] seq=203727909 err=5328
[ERR] seq=203727910 err=5112
[ERR] seq=203727911 err=4832
[SEU] addr=200031D2 bit=00000000
[ERR] seq=203727912 err=4640
[ERR] seq=203727913 err=4384
[SEU] addr=200031AB bit=00000001
[ERR] seq=203727914 err=4144
[ERR] seq=203727915 err=3888
[ERR] seq=203727916 err=3680
[ERR] seq=203727917 err=3392
[ERR] seq=203727918 err=3176
[ERR] seq=203727919 err=2928
[ERR] seq=203727920 err=2712
[SEU] addr=2000318D bit=00000003
[ERR] seq=203727921 err=6504
[ERR] seq=203727922 err=1560
[ERR] seq=203727923 err=2712
[SEU] addr=20003191 bit=00000003
[ERR] seq=203727924 err=17880
[ERR] seq=203727925 err=2456
[SEU] addr=2000316B bit=00000006
[ERR] seq=203727926 err=4200
[SEU] addr=200031AA bit=00000000
[ERR] seq=203727927 err=784
[ERR] seq=203727928 err=1328
[ERR] seq=203727929 err=216
[ERR] seq=203727930 err=360
[ERR] seq=203727931 err=128
[SEU] addr=20003155 bit=00000005
[SAMPLE QUEUE backup CORRUPTED] backup repaired
[ERR] seq=203727932 err=264
[ERR] seq=203727933 err=560
[ERR] seq=203727934 err=784
[ERR] seq=203727935 err=1064
[ERR] seq=203727936 err=1296
[SEU] addr=200031B3 bit=00000002
[ERR] seq=203727937 err=1544
[ERR] seq=203727938 err=1800
[ERR] seq=203727939 err=2056
[ERR] seq=203727940 err=2280
[ERR] seq=203727941 err=2552
[ERR] seq=203727942 err=2768
[ERR] seq=203727943 err=3000
[ERR] seq=203727944 err=3256
[ERR] seq=203727945 err=3504
[ERR] seq=203727946 err=3728
[SEU] addr=200031CD bit=00000000
[ERR] seq=203727947 err=3992
[ERR] seq=203727948 err=4216
[ERR] seq=203727949 err=4464
[ERR] seq=203727950 err=4688
[ERR] seq=203727951 err=4960
[ERR] seq=203727952 err=5160
[ERR] seq=203727953 err=5400
[SEU] addr=20003175 bit=00000005
[ERR] seq=203727954 err=5640
[ERR] seq=203727955 err=5880
[SEU] addr=20003173 bit=00000003
[ERR] seq=203727956 err=6080
[ERR] seq=203727957 err=6336
[ERR] seq=203727958 err=6536
[ERR] seq=203727959 err=6776
[ERR] seq=203727960 err=6984
[ERR] seq=203727961 err=7192
[SEU] addr=200031AA bit=00000000
[ERR] seq=203727962 err=7416
[ERR] seq=203727963 err=7632
[ERR] seq=203727964 err=7824
[ERR] seq=203727965 err=8040
[ERR] seq=203727966 err=8232
[ERR] seq=203727967 err=8456
[ERR] seq=203727968 err=8640
[ERR] seq=203727969 err=8864
[ERR] seq=203727970 err=9032
[SEU] addr=20003155 bit=00000007
[SAMPLE QUEUE backup CORRUPTED] backup repaired
[ERR] seq=203727971 err=9264
[ERR] seq=203727972 err=9432
[ERR] seq=203727973 err=9600
[ERR] seq=203727974 err=9808
[ERR] seq=203727975 err=9984
[ERR] seq=203727976 err=10152
[SEU] addr=2000319B bit=00000001
[ERR] seq=203727977 err=268445800
[ERR] seq=203727978 err=42956376
[ERR] seq=203727979 err=49832304
[ERR] seq=203727980 err=14850312
[ERR] seq=203727981 err=10357392
[ERR] seq=203727982 err=4037448
[ERR] seq=203727983 err=2311608
[ERR] seq=203727984 err=1020184
[SEU] addr=200031B3 bit=00000004
[ERR] seq=203727985 err=541720
[ERR] seq=203727986 err=254368
[ERR] seq=203727987 err=136200
[ERR] seq=203727988 err=67056
[ERR] seq=203727989 err=41552
[ERR] seq=203727990 err=22032
[ERR] seq=203727991 err=19392
[ERR] seq=203727992 err=11376
[ERR] seq=203727993 err=14312
[ERR] seq=203727994 err=11984
[SEU] addr=20003192 bit=00000002
[ERR] seq=203727995 err=2110456
[ERR] seq=203727996 err=334152
[ERR] seq=203727997 err=402416
[ERR] seq=203727998 err=114688
[ERR] seq=203727999 err=94144
[ERR] seq=203728000 err=30232
[ERR] seq=203728001 err=31440
[ERR] seq=203728002 err=6656
[SEU] addr=20003166 bit=00000002
[CMD QUEUE backup CORRUPTED] backup repaired
[ERR] seq=203728003 err=17768
[ERR] seq=203728004 err=11784
[ERR] seq=203728005 err=14752
[ERR] seq=203728006 err=13360
[ERR] seq=203728007 err=14160
[ERR] seq=203728008 err=13848
[ERR] seq=203728009 err=14080
[ERR] seq=203728010 err=14016
[ERR] seq=203728011 err=14128
[SEU] addr=200031D3 bit=00000000
[ERR] seq=203728012 err=14128
[ERR] seq=203728013 err=14160
[ERR] seq=203728014 err=14184
[ERR] seq=203728015 err=14232
[ERR] seq=203728016 err=14224
[ERR] seq=203728017 err=14256
[SEU] addr=20003170 bit=00000002
[ERR] seq=203728018 err=14248
[ERR] seq=203728019 err=14272
[ERR] seq=203728020 err=14248
[ERR] seq=203728021 err=14264
[ERR] seq=203728022 err=14248
[ERR] seq=203728023 err=14248
[ERR] seq=203728024 err=14216
[ERR] seq=203728025 err=14192
[SEU] addr=2000316F bit=00000005
[ERR] seq=203728026 err=14168
[ERR] seq=203728027 err=14160
[ERR] seq=203728028 err=14104
[ERR] seq=203728029 err=14064
[ERR] seq=203728030 err=14032
[SEU] addr=200031AC bit=00000001
[ERR] seq=203728031 err=14000
[ERR] seq=203728032 err=13920
[ERR] seq=203728033 err=13864
[ERR] seq=203728034 err=13792
[ERR] seq=203728035 err=13744
[ERR] seq=203728036 err=13648
[ERR] seq=203728037 err=13584
[SEU] addr=20003188 bit=00000000
[ERR] seq=203728038 err=13488
[ERR] seq=203728039 err=13448
[ERR] seq=203728040 err=13312
[ERR] seq=203728041 err=13240
[ERR] seq=203728042 err=13120
[ERR] seq=203728043 err=13048
[SEU] addr=200031D7 bit=00000002
[ERR] seq=203728044 err=12912
[SEU] addr=20003157 bit=00000003
[SAMPLE QUEUE backup CORRUPTED] backup repaired
[ERR] seq=203728045 err=12840
[ERR] seq=203728046 err=12688
[ERR] seq=203728047 err=12608
[ERR] seq=203728048 err=12456
[ERR] seq=203728049 err=12336
[SEU] addr=200031AC bit=00000001
[ERR] seq=203728050 err=12208
[ERR] seq=203728051 err=12080
[ERR] seq=203728052 err=11936
[SEU] addr=200031AB bit=00000001
[ERR] seq=203728053 err=11800
[ERR] seq=203728054 err=11664
[ERR] seq=203728055 err=11520
[ERR] seq=203728056 err=11368
[SEU] addr=2000315F bit=00000000
[CMD QUEUE CORRUPTED] primary repaired
[ERR] seq=203728057 err=11200
[ERR] seq=203728058 err=11040
[ERR] seq=203728059 err=10904
[ERR] seq=203728060 err=10728
[ERR] seq=203728061 err=10568
[ERR] seq=203728062 err=10400
[ERR] seq=203728063 err=10224
[ERR] seq=203728064 err=10032
[SEU] addr=2000316E bit=00000003
[ERR] seq=203728065 err=9864
[ERR] seq=203728066 err=9664
[ERR] seq=203728067 err=9504
[ERR] seq=203728068 err=9304
[ERR] seq=203728069 err=9112
[ERR] seq=203728070 err=8904
[ERR] seq=203728071 err=8728
[ERR] seq=203728072 err=8504
[ERR] seq=203728073 err=8312
[ERR] seq=203728074 err=8088
[SEU] addr=2000319B bit=00000007
[ERR] seq=203728075 err=7904
[ERR] seq=203728076 err=7680
[ERR] seq=203728077 err=7496
[ERR] seq=203728078 err=7264
[ERR] seq=203728079 err=7064
[SEU] addr=200031AF bit=00000007
[ERR] seq=203728080 err=6832
[ERR] seq=203728081 err=6616
[ERR] seq=203728082 err=6376
[ERR] seq=203728083 err=6192
[ERR] seq=203728084 err=5936
[ERR] seq=203728085 err=5720
[ERR] seq=203728086 err=5456
[ERR] seq=203728087 err=5272
[SEU] addr=20003194 bit=00000006
[ERR] seq=203728088 err=4488
[ERR] seq=203728089 err=4856
[SEU] addr=200031B0 bit=00000001
[ERR] seq=203728090 err=4440
[ERR] seq=203728091 err=4344
[ERR] seq=203728092 err=4016
[SEU] addr=200031D5 bit=00000006
[ERR] seq=203728093 err=3840
[SEU] addr=200031B8 bit=00000002
[ERR] seq=203728094 err=3568
[ERR] seq=203728095 err=3336
[ERR] seq=203728096 err=3064
[ERR] seq=203728097 err=2872
[SEU] addr=20003186 bit=00000001
[ERR] seq=203728098 err=2600
[ERR] seq=203728099 err=2384
[ERR] seq=203728100 err=2128
[ERR] seq=203728101 err=1872
[ERR] seq=203728102 err=1624
[SEU] addr=200031BB bit=00000006
[ERR] seq=203728103 err=1392
[SEU] addr=200031D5 bit=00000004
[ERR] seq=203728104 err=1112
[ERR] seq=203728105 err=880
[ERR] seq=203728106 err=624
[SEU] addr=200031A7 bit=00000003
[ERR] seq=203728107 err=376
[ERR] seq=203728108 err=120
[ERR] seq=203728109 err=128
[ERR] seq=203728110 err=400
[ERR] seq=203728111 err=608
[ERR] seq=203728112 err=896
[ERR] seq=203728113 err=1136
[ERR] seq=203728114 err=1376
[ERR] seq=203728115 err=1632
[SEU] addr=20003178 bit=00000002
[ERR] seq=203728116 err=1896
[ERR] seq=203728117 err=2120
[ERR] seq=203728118 err=2384
[ERR] seq=203728119 err=2616
[ERR] seq=203728120 err=2864
[SEU] addr=200031A7 bit=00000006
[ERR] seq=203728121 err=3080
[ERR] seq=203728122 err=3344
[ERR] seq=203728123 err=3568
[ERR] seq=203728124 err=3840
[SEU] addr=20003151 bit=00000007
[ERR] seq=203728125 err=4064
[ERR] seq=203728126 err=4304
[ERR] seq=203728127 err=4544
[ERR] seq=203728128 err=2736
[ERR] seq=203728129 err=3296
[SEU] addr=20003183 bit=00000007
[ERR] seq=203728130 err=3168
[ERR] seq=203728131 err=5528
[ERR] seq=203728132 err=5392
[ERR] seq=203728133 err=6016
[ERR] seq=203728134 err=6120
[ERR] seq=203728135 err=6416
[ERR] seq=203728136 err=6624
[ERR] seq=203728137 err=6840
[ERR] seq=203728138 err=7088
[SEU] addr=2000318A bit=00000007
[ERR] seq=203728139 err=7272
[ERR] seq=203728140 err=7512
[ERR] seq=203728141 err=7696
[ERR] seq=203728142 err=7928
[ERR] seq=203728143 err=8104
[ERR] seq=203728144 err=8328
[ERR] seq=203728145 err=8520
[ERR] seq=203728146 err=8752
[SEU] addr=200031D1 bit=00000003
[ERR] seq=203728147 err=8928
[ERR] seq=203728148 err=9136
[ERR] seq=203728149 err=9328
[SEU] addr=200031BC bit=00000007
[ERR] seq=203728150 err=9536
[ERR] seq=203728151 err=9664
[ERR] seq=203728152 err=9912
[ERR] seq=203728153 err=10040
[ERR] seq=203728154 err=10264
[ERR] seq=203728155 err=10400
[ERR] seq=203728156 err=10624
[SEU] addr=200031A5 bit=00000002
[ERR] seq=203728157 err=10752
[ERR] seq=203728158 err=10936
[SEU] addr=2000315B bit=00000003
[ERR] seq=203728159 err=11072
[ERR] seq=203728160 err=11248
[SEU] addr=20003198 bit=00000002
[ERR] seq=203728161 err=11368
[ERR] seq=203728162 err=11560
[ERR] seq=203728163 err=11680
[ERR] seq=203728164 err=11864
[ERR] seq=203728165 err=11960
[SEU] addr=200031CD bit=00000005
[ERR] seq=203728166 err=12128
[ERR] seq=203728167 err=12232
[ERR] seq=203728168 err=12400
[ERR] seq=203728169 err=12496
[ERR] seq=203728170 err=12640
[ERR] seq=203728171 err=12744
[ERR] seq=203728172 err=12880
[ERR] seq=203728173 err=12976
[ERR] seq=203728174 err=13088
[SEU] addr=20003188 bit=00000001
[ERR] seq=203728175 err=13176
[ERR] seq=203728176 err=13296
[ERR] seq=203728177 err=13376
[ERR] seq=203728178 err=13488
[ERR] seq=203728179 err=13544
[ERR] seq=203728180 err=13648
[ERR] seq=203728181 err=13712
[SEU] addr=2000316B bit=00000000
[ERR] seq=203728182 err=13808
[ERR] seq=203728183 err=13840
[ERR] seq=203728184 err=13928
[ERR] seq=203728185 err=13992
[ERR] seq=203728186 err=14072
[SEU] addr=20003193 bit=00000001
[ERR] seq=203728187 err=268434152
[SEU] addr=20003167 bit=00000003
[CMD QUEUE backup CORRUPTED] backup repaired
[ERR] seq=203728188 err=42963816
[ERR] seq=203728189 err=49820288
[ERR] seq=203728190 err=14857632
[ERR] seq=203728191 err=10345072
[ERR] seq=203728192 err=4044640
[ERR] seq=203728193 err=2298968
[ERR] seq=203728194 err=1027216
[ERR] seq=203728195 err=528784
[ERR] seq=203728196 err=261216
[ERR] seq=203728197 err=122992
[SEU] addr=200031AC bit=00000007
[ERR] seq=203728198 err=73736
[ERR] seq=203728199 err=28040
[ERR] seq=203728200 err=28560
[ERR] seq=203728201 err=7336
[SEU] addr=20003154 bit=00000006
[SAMPLE QUEUE backup CORRUPTED] backup repaired
[ERR] seq=203728202 err=17720
[ERR] seq=203728203 err=12584
[ERR] seq=203728204 err=15088
[ERR] seq=203728205 err=13832
[SEU] addr=20003151 bit=00000007
[ERR] seq=203728206 err=14400
[ERR] seq=203728207 err=14032
[ERR] seq=203728208 err=14184
[ERR] seq=203728209 err=14032
[ERR] seq=203728210 err=14040
[ERR] seq=203728211 err=13928
[ERR] seq=203728212 err=13896
[ERR] seq=203728213 err=13816
[ERR] seq=203728214 err=13736
[SEU] addr=20003184 bit=00000001
[ERR] seq=203728215 err=13664
[ERR] seq=203728216 err=13584
[SEU] addr=2000317B bit=00000003
[ERR] seq=203728217 err=13504
[ERR] seq=203728218 err=13424
[SEU] addr=200031B1 bit=00000000
[ERR] seq=203728219 err=13304
[ERR] seq=203728220 err=13224
[ERR] seq=203728221 err=13104
[ERR] seq=203728222 err=13024
[ERR] seq=203728223 err=12896
[ERR] seq=203728224 err=12808
[SEU] addr=2000316E bit=00000006
[ERR] seq=203728225 err=12672
[ERR] seq=203728226 err=12544
[ERR] seq=203728227 err=12416
[ERR] seq=203728228 err=12304
[ERR] seq=203728229 err=12144
[SEU] addr=2000317B bit=00000006
[ERR] seq=203728230 err=12024
[ERR] seq=203728231 err=11880
[ERR] seq=203728232 err=11760
[ERR] seq=203728233 err=11592
[ERR] seq=203728234 err=11456
[SEU] addr=20003174 bit=00000004
[ERR] seq=203728235 err=11280
[ERR] seq=203728236 err=11144
[ERR] seq=203728237 err=10976
[ERR] seq=203728238 err=10824
[ERR] seq=203728239 err=10632
[ERR] seq=203728240 err=10504
[ERR] seq=203728241 err=10280
[ERR] seq=203728242 err=10144
[ERR] seq=203728243 err=9928
[ERR] seq=203728244 err=9760
[SEU] addr=20003151 bit=00000006
[ERR] seq=203728245 err=9576
[SEU] addr=2000316A bit=00000007
[ERR] seq=203728246 err=9400
[ERR] seq=203728247 err=9176
[ERR] seq=203728248 err=9008
[ERR] seq=203728249 err=8800
[ERR] seq=203728250 err=8600
[ERR] seq=203728251 err=8376
[ERR] seq=203728252 err=8200
[SEU] addr=2000316C bit=00000002
[ERR] seq=203728253 err=7976
[ERR] seq=203728254 err=7776
[ERR] seq=203728255 err=7560
[ERR] seq=203728256 err=7360
[ERR] seq=203728257 err=7136
[ERR] seq=203728258 err=6936
[ERR] seq=203728259 err=6680
[ERR] seq=203728260 err=6480
[ERR] seq=203728261 err=6256
[ERR] seq=203728262 err=6040
[SEU] addr=200031DD bit=00000007
[ERR] seq=203695495 err=7272
[ERR] seq=203695496 err=6840
[ERR] seq=203695497 err=6904
[ERR] seq=203695498 err=6608
[ERR] seq=203695499 err=6432
[ERR] seq=203695500 err=6224
[ERR] seq=203695501 err=5992
[ERR] seq=203695502 err=5800
[SEU] addr=200031DF bit=00000004
[ERR] seq=472130959 err=2048
[ERR] seq=472130960 err=1080
[SEU] addr=200031A0 bit=00000006
[ERR] seq=472130961 err=2736
[ERR] seq=472130962 err=2544
[ERR] seq=472130963 err=3088
[SEU] addr=2000319D bit=00000004
[ERR] seq=472130964 err=3184
[ERR] seq=472130965 err=3504
[ERR] seq=472130966 err=3704
[SEU] addr=2000319B bit=00000004
[ERR] seq=472130967 err=2147486192
[ERR] seq=472130968 err=343601576
[ERR] seq=472130969 err=398575800
[SEU] addr=200031DE bit=00000000
[ERR] seq=472196506 err=118754616
[SEU] addr=2000317A bit=00000001
[ERR] seq=472196507 err=82775760
[ERR] seq=472196508 err=32250784
[ERR] seq=472196509 err=18407264
[SEU] addr=20003179 bit=00000006
[ERR] seq=472196510 err=8111344
[ERR] seq=472196511 err=4246136
[ERR] seq=472196512 err=1983496
[ERR] seq=472196513 err=1000040
[ERR] seq=472196514 err=483896
[ERR] seq=472196515 err=240856
[ERR] seq=472196516 err=122728
[ERR] seq=472196517 err=61704
[ERR] seq=472196518 err=36512
[SEU] addr=20003167 bit=00000004
[CMD QUEUE backup CORRUPTED] backup repaired
[ERR] seq=472196519 err=19352
[ERR] seq=472196520 err=16160
[ERR] seq=472196521 err=9440
[ERR] seq=472196522 err=11536
[ERR] seq=472196523 err=9400
[ERR] seq=472196524 err=10648
[ERR] seq=472196525 err=10240
[SEU] addr=20003189 bit=00000007
[ERR] seq=472196526 err=10616
[ERR] seq=472196527 err=10640
[ERR] seq=472196528 err=10800
[ERR] seq=472196529 err=10920
[ERR] seq=472196530 err=11016
[SEU] addr=20003183 bit=00000004
[ERR] seq=472196531 err=11152
[ERR] seq=472196532 err=11256
[ERR] seq=472196533 err=11344
[ERR] seq=472196534 err=11448
[ERR] seq=472196535 err=11560
[ERR] seq=472196536 err=11624
[SEU] addr=20003172 bit=00000007
[ERR] seq=472196537 err=11728
[ERR] seq=472196538 err=11800
[ERR] seq=472196539 err=11904
[ERR] seq=472196540 err=11960
[ERR] seq=472196541 err=12032
[ERR] seq=472196542 err=12104
[ERR] seq=472196543 err=12168
[ERR] seq=472196544 err=12216
[SEU] addr=2000317F bit=00000003
[ERR] seq=472196545 err=12288
[ERR] seq=472196546 err=12320
[ERR] seq=472196547 err=12408
[ERR] seq=472196548 err=12416
[ERR] seq=472196549 err=12504
[ERR] seq=472196550 err=12504
[ERR] seq=472196551 err=12584
[ERR] seq=472196552 err=12576
[SEU] addr=20003195 bit=00000001
[ERR] seq=472196553 err=16720
[ERR] seq=472196554 err=11984
[ERR] seq=472196555 err=13432
[ERR] seq=472196556 err=12424
[ERR] seq=472196557 err=12864
[ERR] seq=472196558 err=12616
[SEU] addr=20003153 bit=00000000
[ERR] seq=472196559 err=12760
[ERR] seq=472196560 err=12664
[ERR] seq=472196561 err=12720
[ERR] seq=472196562 err=12672
[ERR] seq=472196563 err=12696
[ERR] seq=472196564 err=12648
[SEU] addr=2000316E bit=00000004
[ERR] seq=472196565 err=12664
[ERR] seq=472196566 err=12600
[ERR] seq=472196567 err=12624
[ERR] seq=472196568 err=12560
[ERR] seq=472196569 err=12544
[SEU] addr=2000319B bit=00000007
[ERR] seq=472196570 err=12496
[ERR] seq=472196571 err=12448
[ERR] seq=472196572 err=12408
[ERR] seq=472196573 err=12352
[ERR] seq=472196574 err=12296
[ERR] seq=472196575 err=12248
[ERR] seq=472196576 err=12176
[ERR] seq=472196577 err=12120
[ERR] seq=472196578 err=12048
[SEU] addr=200031C9 bit=00000007
[ERR] seq=472196579 err=12016
[ERR] seq=472196580 err=11904
[SEU] addr=2000315C bit=00000000
[CMD QUEUE CORRUPTED] primary repaired
[ERR] seq=472196581 err=11824
[ERR] seq=472196582 err=11760
[ERR] seq=472196583 err=11656
[ERR] seq=472196584 err=11584
[ERR] seq=472196585 err=11480
[ERR] seq=472196586 err=11376
[ERR] seq=472196587 err=11296
[SEU] addr=200031DA bit=00000005
[ERR] seq=472196588 err=11176
[ERR] seq=472196589 err=11064
[ERR] seq=472196590 err=10944
[ERR] seq=472196591 err=10848
[ERR] seq=472196592 err=10696
[ERR] seq=472196593 err=10592
[SEU] addr=200031C1 bit=00000001
[ERR] seq=472196594 err=10448
[ERR] seq=472196595 err=10336
[ERR] seq=472196596 err=10176
[ERR] seq=472196597 err=10056
[ERR] seq=472196598 err=9904
[ERR] seq=472196599 err=9776
[SEU] addr=200031D9 bit=00000004
[ERR] seq=472196600 err=9608
[ERR] seq=472196601 err=9472
[SEU] addr=200031A4 bit=00000004
[ERR] seq=472196602 err=9312
[ERR] seq=472196603 err=9176
[ERR] seq=472196604 err=8992
[ERR] seq=472196605 err=8848
[ERR] seq=472196606 err=8664
[ERR] seq=472196607 err=8528
[ERR] seq=472196608 err=12432
[ERR] seq=472196609 err=11592
[SEU] addr=2000314C bit=00000000
[SAMPLE QUEUE CORRUPTED] primary repaired
[ERR] seq=472196610 err=12208
[ERR] seq=472196611 err=7704
[ERR] seq=472196612 err=8320
[ERR] seq=472196613 err=7328
[ERR] seq=472196614 err=7384
[SEU] addr=2000315A bit=00000000
[ERR] seq=472196615 err=7056
[ERR] seq=472196616 err=6912
[ERR] seq=472196617 err=6704
[ERR] seq=472196618 err=6488
[SEU] addr=200031A4 bit=00000002
[ERR] seq=472196619 err=6328
[ERR] seq=472196620 err=6120
[ERR] seq=472196621 err=5944
[ERR] seq=472196622 err=5744
[ERR] seq=472196623 err=5544
[ERR] seq=472196624 err=5320
[ERR] seq=472196625 err=5152
[SEU] addr=20003177 bit=00000007
[ERR] seq=472196626 err=4904
[ERR] seq=472196627 err=4736
[ERR] seq=472196628 err=4488
[ERR] seq=472196629 err=4280
[ERR] seq=472196630 err=4064
[ERR] seq=472196631 err=3872
[ERR] seq=472196632 err=3624
[SEU] addr=200031BF bit=00000000
[ERR] seq=472196633 err=3448
[ERR] seq=472196634 err=3208
[SEU] addr=20003182 bit=00000001
[ERR] seq=472196635 err=3008
[ERR] seq=472196636 err=2768
[ERR] seq=472196637 err=2568
[SEU] addr=2000315C bit=00000006
[CMD QUEUE CORRUPTED] primary repaired
[ERR] seq=472196638 err=2336
[ERR] seq=472196639 err=2128
[SEU] addr=200031CE bit=00000001
[ERR] seq=472196640 err=1888
[SEU] addr=200031CB bit=00000001
[ERR] seq=472196641 err=1696
[ERR] seq=472196642 err=1440
[ERR] seq=472196643 err=1248
[ERR] seq=472196644 err=1000
[ERR] seq=472196645 err=792
[ERR] seq=472196646 err=536
[SEU] addr=2000319E bit=00000006
[ERR] seq=472196647 err=360
[ERR] seq=472196648 err=80
[ERR] seq=472196649 err=112
[ERR] seq=472196650 err=376
[ERR] seq=472196651 err=544
[ERR] seq=472196652 err=816
[ERR] seq=472196653 err=1008
[ERR] seq=472196654 err=1248
[SEU] addr=20003194 bit=00000002
[ERR] seq=472196655 err=1496
[ERR] seq=472196656 err=1696
[ERR] seq=472196657 err=1912
[ERR] seq=472196658 err=2152
[ERR] seq=472196659 err=2336
[ERR] seq=472196660 err=2584
[ERR] seq=472196661 err=2776
[ERR] seq=472196662 err=3024
[SEU] addr=20003156 bit=00000005
[SAMPLE QUEUE backup CORRUPTED] backup repaired
[ERR] seq=472196663 err=3232
[ERR] seq=472196664 err=3448
[ERR] seq=472196665 err=3656
[SEU] addr=2000318B bit=00000004
[ERR] seq=472196666 err=3880
[ERR] seq=472196667 err=4064
[ERR] seq=472196668 err=4312
[ERR] seq=472196669 err=4512
[ERR] seq=472196670 err=4736
[ERR] seq=472196671 err=4928
[ERR] seq=472196672 err=5176
[ERR] seq=472196673 err=5336
[ERR] seq=472196674 err=5568
[ERR] seq=472196675 err=5744
[SEU] addr=200031B5 bit=00000006
[ERR] seq=472196676 err=5984
[ERR] seq=472196677 err=6136
[ERR] seq=472196678 err=6344
[ERR] seq=472196679 err=6520
[ERR] seq=472196680 err=6736
[ERR] seq=472196681 err=6912
[ERR] seq=472196682 err=7112
[ERR] seq=472196683 err=7280
[SEU] addr=20003157 bit=00000001
[SAMPLE QUEUE backup CORRUPTED] backup repaired
[ERR] seq=472196684 err=7480
[ERR] seq=472196685 err=7656
[ERR] seq=472196686 err=7864
[SEU] addr=20003178 bit=00000002
[ERR] seq=472196687 err=8016
[ERR] seq=472196688 err=8192
[ERR] seq=472196689 err=8368
[ERR] seq=472196690 err=8544
[ERR] seq=472196691 err=8704
[ERR] seq=472196692 err=8864
[ERR] seq=472196693 err=9048
[SEU] addr=200031DB bit=00000000
[ERR] seq=472196694 err=9200
[ERR] seq=472196695 err=9336
[ERR] seq=472196696 err=9520
[ERR] seq=472196697 err=9648
[SEU] addr=20003170 bit=00000000
[ERR] seq=472196698 err=9808
[ERR] seq=472196699 err=9936
[ERR] seq=472196700 err=10096
[ERR] seq=472196701 err=10224
[ERR] seq=472196702 err=10376
[SEU] addr=20003176 bit=00000004
[ERR] seq=472196703 err=10488
[ERR] seq=472196704 err=10624
[ERR] seq=472196705 err=10760
[ERR] seq=472196706 err=10880
[ERR] seq=472196707 err=10992
[ERR] seq=472196708 err=11120
[SEU] addr=20003150 bit=00000002
[SAMPLE QUEUE CORRUPTED] primary repaired
[ERR] seq=472196709 err=11224
[ERR] seq=472196710 err=11344
[ERR] seq=472196711 err=11416
[ERR] seq=472196712 err=11544
[SEU] addr=200031CE bit=00000007
[ERR] seq=472196713 err=11640
[ERR] seq=472196714 err=11720
[ERR] seq=472196715 err=11800
[ERR] seq=472196716 err=11896
[SEU] addr=20003150 bit=00000004
[SAMPLE QUEUE CORRUPTED] primary repaired
[ERR] seq=472196717 err=11968
[ERR] seq=472196718 err=12056
[ERR] seq=472196719 err=12112
[SEU] addr=200031D7 bit=00000007
[ERR] seq=472196720 err=12192
[ERR] seq=472196721 err=12240
[ERR] seq=472196722 err=12320
[ERR] seq=472196723 err=12352
[ERR] seq=472196724 err=12424
[SEU] addr=20003197 bit=00000000
[ERR] seq=472196725 err=134230200
[SEU] addr=20003176 bit=00000001
[ERR] seq=472196726 err=21480528
[ERR] seq=472196727 err=24923368
[ERR] seq=472196728 err=7427416
[SEU] addr=200031AD bit=00000003
[ERR] seq=472196729 err=5185840
[ERR] seq=472196730 err=2020928
[ERR] seq=472196731 err=1162816
[ERR] seq=472196732 err=512240
[ERR] seq=472196733 err=277776
[ERR] seq=472196734 err=129232
[ERR] seq=472196735 err=74920
[ERR] seq=472196736 err=35496
[ERR] seq=472196737 err=27472
[ERR] seq=472196738 err=12912
[SEU] addr=2000317D bit=00000003
[ERR] seq=472196739 err=16248
[ERR] seq=472196740 err=11096
[SEU] addr=20003196 bit=00000004
[ERR] seq=472196741 err=8402184
[ERR] seq=472196742 err=1348376
[SEU] addr=2000314E bit=00000001
[SAMPLE QUEUE CORRUPTED] primary repaired
[ERR] seq=472196743 err=1569832
[ERR] seq=472196744 err=469704
[ERR] seq=472196745 err=336040
[ERR] seq=472196746 err=131712
[ERR] seq=472196747 err=84504
[ERR] seq=472196748 err=37376
[SEU] addr=200031B8 bit=00000001
[ERR] seq=472196749 err=29080
[ERR] seq=472196750 err=13384
[ERR] seq=472196751 err=16288
[ERR] seq=472196752 err=10560
[ERR] seq=472196753 err=13224
[SEU] addr=20003197 bit=00000002
[ERR] seq=472196754 err=536882752
[ERR] seq=472196755 err=85904680
[ERR] seq=472196756 err=99655280
[ERR] seq=472196757 err=29692248
[SEU] addr=200031A2 bit=00000006
[ERR] seq=472196758 err=20704784
[ERR] seq=472196759 err=8066120
[ERR] seq=472196760 err=4612400
[ERR] seq=472196761 err=2031144
[SEU] addr=20003160 bit=00000002
[CMD QUEUE CORRUPTED] primary repaired
[ERR] seq=472196762 err=1071888
[ERR] seq=472196763 err=499024
[ERR] seq=472196764 err=260104
[ERR] seq=472196765 err=123944
[ERR] seq=472196766 err=70048
[ERR] seq=472196767 err=33472
[SEU] addr=2000315D bit=00000004
[CMD QUEUE CORRUPTED] primary repaired
[ERR] seq=472196768 err=24992
[ERR] seq=472196769 err=11736
[ERR] seq=472196770 err=14120
[ERR] seq=472196771 err=9040
[ERR] seq=472196772 err=11344
[ERR] seq=472196773 err=10008
[ERR] seq=472196774 err=10480
[ERR] seq=472196775 err=10016
[SEU] addr=200031B2 bit=00000001
[ERR] seq=472196776 err=10056
[ERR] seq=472196777 err=9816
[ERR] seq=472196778 err=9728
[SEU] addr=2000316D bit=00000001
[ERR] seq=472196779 err=9528
[ERR] seq=472196780 err=9424
[ERR] seq=472196781 err=9232
[ERR] seq=472196782 err=9112
[ERR] seq=472196783 err=8896
[ERR] seq=472196784 err=8776
[ERR] seq=472196785 err=8600
[ERR] seq=472196786 err=8432
[ERR] seq=472196787 err=8216
[SEU] addr=2000317A bit=00000006
[ERR] seq=472196788 err=8112
[SEU] addr=20003163 bit=00000004
[ERR] seq=472196789 err=7888
[ERR] seq=472196790 err=7736
[ERR] seq=472196791 err=7512
[ERR] seq=472196792 err=7368
[ERR] seq=472196793 err=7152
[ERR] seq=472196794 err=6984
[ERR] seq=472196795 err=6776
[SEU] addr=2000318B bit=00000002
[ERR] seq=472196796 err=6600
[ERR] seq=472196797 err=6392
[ERR] seq=472196798 err=6224
[ERR] seq=472196799 err=6008
[ERR] seq=472196800 err=5848
[ERR] seq=472196801 err=5600
[ERR] seq=472196802 err=5432
[ERR] seq=472196803 err=5216
[ERR] seq=472196804 err=5016
[SEU] addr=200031AB bit=00000006
[ERR] seq=472196805 err=4784
[ERR] seq=472196806 err=4592
[ERR] seq=472196807 err=4352
[ERR] seq=472196808 err=4168
[ERR] seq=472196809 err=3936
[ERR] seq=472196810 err=3728
[ERR] seq=472196811 err=3512
[SEU] addr=200031D9 bit=00000007
[ERR] seq=472196812 err=3304
[ERR] seq=472196813 err=3072
[ERR] seq=472196814 err=2880
[ERR] seq=472196815 err=2632
[ERR] seq=472196816 err=2432
[ERR] seq=472196817 err=2200
[ERR] seq=472196818 err=1976
[ERR] seq=472196819 err=1776
[ERR] seq=472196820 err=1544
[SEU] addr=20003176 bit=00000004
[ERR] seq=472196821 err=1312
[ERR] seq=472196822 err=1096
[ERR] seq=472196823 err=856
[ERR] seq=472196824 err=648
[SEU] addr=200031AB bit=00000004
[ERR] seq=472196825 err=416
[SEU] addr=200031C2 bit=00000003
[ERR] seq=472196826 err=192
[ERR] seq=472196827 err=48
[ERR] seq=472196828 err=272
[ERR] seq=472196829 err=480
[ERR] seq=472196830 err=712
[ERR] seq=472196831 err=952
[ERR] seq=472196832 err=1136
[ERR] seq=472196833 err=1392
[ERR] seq=472196834 err=1616
[ERR] seq=472196835 err=1832
[SEU] addr=20003158 bit=00000000
[SAMPLE QUEUE backup CORRUPTED] backup repaired
[ERR] seq=472196836 err=2040
[ERR] seq=472196837 err=2272
[ERR] seq=472196838 err=2488
[ERR] seq=472196839 err=2712
[ERR] seq=472196840 err=2936
[ERR] seq=472196841 err=3136
[ERR] seq=472196842 err=3360
[ERR] seq=472196843 err=3584
[SEU] addr=200031B8 bit=00000004
[ERR] seq=472196844 err=3784
[ERR] seq=472196845 err=4008
[ERR] seq=472196846 err=4208
[ERR] seq=472196847 err=4440
[ERR] seq=472196848 err=4632
[SEU] addr=2000314F bit=00000005
[SAMPLE QUEUE CORRUPTED] primary repaired
[ERR] seq=472196849 err=4864
[ERR] seq=472196850 err=5072
[SEU] addr=20003174 bit=00000002
[ERR] seq=472196851 err=5272
[SEU] addr=2000315A bit=00000005
[ERR] seq=472196852 err=5464
[ERR] seq=472196853 err=5688
[ERR] seq=472196854 err=5872
[ERR] seq=472196855 err=6072
[SEU] addr=200031CC bit=00000001
[ERR] seq=472196856 err=6240
[ERR] seq=472196857 err=6456
[ERR] seq=472196858 err=6632
[ERR] seq=472196859 err=6840
[SEU] addr=20003169 bit=00000001
[ERR] seq=472196860 err=7016
[ERR] seq=472196861 err=7208
[ERR] seq=472196862 err=7384
[ERR] seq=472196863 err=7592
[ERR] seq=472196864 err=9808
[ERR] seq=472196865 err=9664
[ERR] seq=472196866 err=10192
[ERR] seq=472196867 err=8240
[SEU] addr=200031DA bit=00000002
[ERR] seq=472196868 err=8792
[ERR] seq=472196869 err=8568
[ERR] seq=472196870 err=8840
[ERR] seq=472196871 err=8960
[SEU] addr=2000314F bit=00000006
[SAMPLE QUEUE CORRUPTED] primary repaired
[ERR] seq=472196872 err=9104
[ERR] seq=472196873 err=9280
[ERR] seq=472196874 err=9408
[ERR] seq=472196875 err=9584
[ERR] seq=472196876 err=9712
[ERR] seq=472196877 err=9864
[SEU] addr=20003185 bit=00000006
[ERR] seq=472196878 err=10008
[ERR] seq=472196879 err=10144
[ERR] seq=472196880 err=10280
[ERR] seq=472196881 err=10416
[ERR] seq=472196882 err=10536
[ERR] seq=472196883 err=10672
[ERR] seq=472196884 err=10792
[ERR] seq=472196885 err=10920
[ERR] seq=472196886 err=11016
[SEU] addr=200031D9 bit=00000003
[ERR] seq=472196887 err=11152
[ERR] seq=472196888 err=11256
[SEU] addr=200031A7 bit=00000002
[ERR] seq=472196889 err=11344
[ERR] seq=472196890 err=11448
[ERR] seq=472196891 err=11560
[ERR] seq=472196892 err=11624
[SEU] addr=20003159 bit=00000007
[ERR] seq=472196893 err=11728
[ERR] seq=472196894 err=11800
[ERR] seq=472196895 err=11904
[ERR] seq=472196896 err=11960
[ERR] seq=472196897 err=12032
[ERR] seq=472196898 err=12104
[ERR] seq=472196899 err=12168
[SEU] addr=2000316B bit=00000002
[ERR] seq=472196900 err=12216
[ERR] seq=472196901 err=12288
[ERR] seq=472196902 err=12320
[ERR] seq=472196903 err=12408
[ERR] seq=472196904 err=12416
[SEU] addr=2000317A bit=00000001
[ERR] seq=472196905 err=12504
[ERR] seq=472196906 err=12504
[ERR] seq=472196907 err=12584
[ERR] seq=472196908 err=12576
[ERR] seq=472196909 err=12624
[SEU] addr=200031B2 bit=00000000
[ERR] seq=472196910 err=12640
[ERR] seq=472196911 err=12672
[ERR] seq=472196912 err=12648
[ERR] seq=472196913 err=12712
[ERR] seq=472196914 err=12672
[ERR] seq=472196915 err=12728
[ERR] seq=472196916 err=12680
[ERR] seq=472196917 err=12712
[SEU] addr=2000314F bit=00000003
[SAMPLE QUEUE CORRUPTED] primary repaired
[ERR] seq=472196918 err=12672
[ERR] seq=472196919 err=12696
[ERR] seq=472196920 err=12648
[ERR] seq=472196921 err=12664
[SEU] addr=20003176 bit=00000000
[ERR] seq=472196922 err=12600
[ERR] seq=472196923 err=12624
[ERR] seq=472196924 err=12560
[ERR] seq=472196925 err=12544
[ERR] seq=472196926 err=12496
[ERR] seq=472196927 err=12448
[ERR] seq=472196928 err=12408
[ERR] seq=472196929 err=12352
[ERR] seq=472196930 err=12296
[ERR] seq=472196931 err=12248
[SEU] addr=20003198 bit=00000002
[ERR] seq=472196932 err=12144
[ERR] seq=472196933 err=12128
[ERR] seq=472196934 err=12040
[ERR] seq=472196935 err=12016
[ERR] seq=472196936 err=11904
[ERR] seq=472196937 err=11824
[ERR] seq=472196938 err=11760
[ERR] seq=472196939 err=11656
[ERR] seq=472196940 err=11584
[SEU] addr=200031A6 bit=00000003
[ERR] seq=472196941 err=11480
[ERR] seq=472196942 err=11376
[ERR] seq=472196943 err=11296
[ERR] seq=472196944 err=11176
[SEU] addr=2000314D bit=00000002
[SAMPLE QUEUE CORRUPTED] primary repaired
[ERR] seq=472196945 err=11064
[ERR] seq=472196946 err=10944
[ERR] seq=472196947 err=10848
[ERR] seq=472196948 err=10696
[ERR] seq=472196949 err=10592
[ERR] seq=472196950 err=10448
[ERR] seq=472196951 err=10336
[SEU] addr=20003191 bit=00000006
[ERR] seq=472196952 err=130112
[ERR] seq=472196953 err=31024
[ERR] seq=472196954 err=23392
[ERR] seq=472196955 err=17016
[ERR] seq=472196956 err=4560
[ERR] seq=472196957 err=11440
[ERR] seq=472196958 err=8192
[ERR] seq=472196959 err=9664
[ERR] seq=472196960 err=8744
[SEU] addr=200031B8 bit=00000002
[ERR] seq=472196961 err=8960
[ERR] seq=472196962 err=8608
[ERR] seq=472196963 err=8552
[ERR] seq=472196964 err=8320
[ERR] seq=472196965 err=8168
[ERR] seq=472196966 err=7992
[ERR] seq=472196967 err=7832
[SEU] addr=200031D3 bit=00000004
[ERR] seq=472196968 err=7632
[SEU] addr=200031C8 bit=00000006
[ERR] seq=472196969 err=7456
[ERR] seq=472196970 err=7256
[SEU] addr=200031C9 bit=00000000
[ERR] seq=472196971 err=7088
[ERR] seq=472196972 err=6888
[ERR] seq=472196973 err=6712
[ERR] seq=472196974 err=6488
[ERR] seq=472196975 err=6328
[ERR] seq=472196976 err=6120
[ERR] seq=472196977 err=5944
[SEU] addr=200031BA bit=00000005
[ERR] seq=472196978 err=5744
[ERR] seq=472196979 err=5544
[ERR] seq=472196980 err=5320
[SEU] addr=200031D5 bit=00000000
[ERR] seq=472196981 err=5152
[ERR] seq=472196982 err=4904
[ERR] seq=472196983 err=4736
[ERR] seq=472196984 err=4488
[ERR] seq=472196985 err=4280
[ERR] seq=472196986 err=4064
[ERR] seq=472196987 err=3872
[ERR] seq=472196988 err=3624
[ERR] seq=472196989 err=3448
[SEU] addr=20003194 bit=00000005
[ERR] seq=472196990 err=3464
[ERR] seq=472196991 err=2968
[ERR] seq=472196992 err=2816
[ERR] seq=472196993 err=2552
[ERR] seq=472196994 err=2344
[ERR] seq=472196995 err=2128
[SEU] addr=20003172 bit=00000006
[ERR] seq=472196996 err=1888
[ERR] seq=472196997 err=1696
[ERR] seq=472196998 err=1440
[ERR] seq=472196999 err=1248
[ERR] seq=472197000 err=1000
[ERR] seq=472197001 err=792
[ERR] seq=472197002 err=536
[SEU] addr=200031A4 bit=00000004
[ERR] seq=472197003 err=360
[ERR] seq=472197004 err=80
[SEU] addr=200031CF bit=00000001
[ERR] seq=472197005 err=112
[ERR] seq=472197006 err=376
[ERR] seq=472197007 err=544
[ERR] seq=472197008 err=816
[ERR] seq=472197009 err=1008
[ERR] seq=472197010 err=1248
[ERR] seq=472197011 err=1464
[SEU] addr=200031D4 bit=00000004
[ERR] seq=472197012 err=1696
[SEU] addr=200031BF bit=00000002
[ERR] seq=472197013 err=1912
[ERR] seq=472197014 err=2152
[ERR] seq=472197015 err=2336
[ERR] seq=472197016 err=2584
[ERR] seq=472197017 err=2776
[ERR] seq=472197018 err=3024
[SEU] addr=20003181 bit=00000002
[ERR] seq=472197019 err=3232
[ERR] seq=472197020 err=3448
[ERR] seq=472197021 err=3656
[SEU] addr=200031CF bit=00000005
[ERR] seq=472197022 err=3880
[ERR] seq=472197023 err=4064
[ERR] seq=472197024 err=4312
[ERR] seq=472197025 err=4512
[ERR] seq=472197026 err=4736
[SEU] addr=2000315E bit=00000006
[CMD QUEUE CORRUPTED] primary repaired
[ERR] seq=472197027 err=4928
[ERR] seq=472197028 err=5176
[ERR] seq=472197029 err=5336
[ERR] seq=472197030 err=5568
[ERR] seq=472197031 err=5744
[ERR] seq=472197032 err=5984
[ERR] seq=472197033 err=6136
[ERR] seq=472197034 err=6344
[SEU] addr=20003196 bit=00000001
[ERR] seq=472197035 err=1055096
[ERR] seq=472197036 err=170832
[ERR] seq=472197037 err=201520
[ERR] seq=472197038 err=61208
[ERR] seq=472197039 err=47680
[ERR] seq=472197040 err=19128
[SEU] addr=2000316D bit=00000001
[ERR] seq=472197041 err=16624
[ERR] seq=472197042 err=7512
[SEU] addr=20003196 bit=00000001
[ERR] seq=472197043 err=1058640
[ERR] seq=472197044 err=172448
[ERR] seq=472197045 err=203456
[ERR] seq=472197046 err=62072
[ERR] seq=472197047 err=49224
[ERR] seq=472197048 err=19816
[ERR] seq=472197049 err=18048
[SEU] addr=20003176 bit=00000006
[ERR] seq=472197050 err=8136
[ERR] seq=472197051 err=11400
[ERR] seq=472197052 err=8560
[ERR] seq=472197053 err=10144
[ERR] seq=472197054 err=9568
[ERR] seq=472197055 err=10056
[ERR] seq=472197056 err=10040
[SEU] addr=2000315F bit=00000004
[CMD QUEUE CORRUPTED] primary repaired
[ERR] seq=472197057 err=10256
[ERR] seq=472197058 err=10352
[ERR] seq=472197059 err=10496
[ERR] seq=472197060 err=10624
[ERR] seq=472197061 err=10760
[ERR] seq=472197062 err=10880
[SEU] addr=2000314E bit=00000001
[SAMPLE QUEUE CORRUPTED] primary repaired
[ERR] seq=472197063 err=10992
[ERR] seq=472197064 err=11120
[ERR] seq=472197065 err=11224
[ERR] seq=472197066 err=11344
[ERR] seq=472197067 err=11416
[ERR] seq=472197068 err=11544
[ERR] seq=472197069 err=11640
[ERR] seq=472197070 err=11720
[ERR] seq=472197071 err=11800
[SEU] addr=200031D3 bit=00000001
[ERR] seq=472197072 err=11896
[ERR] seq=472197073 err=11968
[ERR] seq=472197074 err=12056
[END]
samples=2000
SEUs=363
good samples=29
errors=1971
samples omitted=0
max error=0x0000000080000C70
propagations=1795
detected disturbances=53
tmr corrections=0
dmr corrections=53
crc detections=0
clamp activations=0
[HARDFAULT]
qemu: fatal: Lockup: can't escalate 3 to HardFault (current priority -1)

R00=0000000a R01=00000002 R02=4000c000 R03=00000000
R04=00000000 R05=00000000 R06=00000000 R07=2000ffd8
R08=00002688 R09=00000000 R10=00000890 R11=00000000
R12=00000ce0 R13=2000ffd8 R14=00003541 R15=00000d3e
XPSR=01000003 ---- T handler
FPSCR: 00000000
