START
SEED=67676767
[SEU] addr=20003176 bit=00000005
[SEU] addr=2000314D bit=00000000
[SAMPLE QUEUE backup CORRUPTED] backup repaired
[SEU] addr=20003192 bit=00000002
[ERR] seq=15 err=2580
[ERR] seq=16 err=200
[ERR] seq=17 err=216
[ERR] seq=18 err=32
[ERR] seq=19 err=16
[SEU] addr=2000317F bit=00000007
[SEU] addr=20003170 bit=00000000
[SEU] addr=200031C5 bit=00000006
[SEU] addr=200031E3 bit=00000004
[SEU] addr=2000319F bit=00000002
[SEU] addr=2000318A bit=00000007
[SEU] addr=200031E6 bit=00000005
[SEU] addr=20003156 bit=00000005
[CMD QUEUE CORRUPTED] primary repaired
[SEU] addr=200031E4 bit=00000002
[SEU] addr=200031D4 bit=00000003
[SEU] addr=200031AE bit=00000002
[SEU] addr=200031A4 bit=00000001
[SEU] addr=200031AB bit=00000003
[SEU] addr=200031E3 bit=00000006
[SEU] addr=200031D0 bit=00000007
[SEU] addr=200031DB bit=00000004
[SEU] addr=20003152 bit=00000002
[SEU] addr=20003195 bit=00000004
[ERR] seq=129 err=2476
[ERR] seq=130 err=192
[SEU] addr=200031CE bit=00000005
[ERR] seq=131 err=200
[ERR] seq=132 err=24
[ERR] seq=133 err=16
[SEU] addr=200031D1 bit=00000006
[SEU] addr=20003196 bit=00000000
[ERR] seq=147 err=2524
[ERR] seq=148 err=200
[ERR] seq=149 err=216
[ERR] seq=150 err=32
[ERR] seq=151 err=16
[SEU] addr=200031DD bit=00000006
[SEU] addr=200031DA bit=00000006
[SEU] addr=200031D0 bit=00000000
[SEU] addr=2000314E bit=00000005
[SAMPLE QUEUE backup CORRUPTED] backup repaired
[SEU] addr=200031BD bit=00000003
[SEU] addr=200031CD bit=00000005
[SEU] addr=200031B8 bit=00000002
[SEU] addr=200031D1 bit=00000003
[SEU] addr=2000316C bit=00000007
[SEU] addr=200031B7 bit=00000002
[SEU] addr=200031DF bit=00000000
[SEU] addr=2000315E bit=00000005
[CMD QUEUE backup CORRUPTED] backup repaired
[SEU] addr=20003168 bit=00000001
[SEU] addr=2000318B bit=00000000
[SEU] addr=200031D9 bit=00000006
[SEU] addr=200031BA bit=00000000
[SEU] addr=20003160 bit=00000000
[CMD QUEUE backup CORRUPTED] backup repaired
[SEU] addr=20003184 bit=00000006
[SEU] addr=20003149 bit=00000005
[SEU] addr=2000319C bit=00000002
[SEU] addr=20003198 bit=00000005
[ERR] seq=284 err=256
[ERR] seq=285 err=16
[ERR] seq=286 err=16
[SEU] addr=200031A1 bit=00000003
[SEU] addr=20003195 bit=00000003
[ERR] seq=293 err=2492
[ERR] seq=294 err=192
[ERR] seq=295 err=200
[ERR] seq=296 err=24
[ERR] seq=297 err=16
[SEU] addr=20003193 bit=00000000
[ERR] seq=298 err=2532
[ERR] seq=299 err=200
[SEU] addr=200031AB bit=00000001
[ERR] seq=300 err=216
[ERR] seq=301 err=32
[ERR] seq=302 err=16
[SEU] addr=20003160 bit=00000000
[CMD QUEUE backup CORRUPTED] backup repaired
[SEU] addr=20003196 bit=00000005
[ERR] seq=315 err=2484
[ERR] seq=316 err=192
[ERR] seq=317 err=200
[SEU] addr=200031D3 bit=00000006
[ERR] seq=318 err=24
[ERR] seq=319 err=16
[SEU] addr=20003148 bit=00000001
[SAMPLE QUEUE CORRUPTED] primary repaired
[SEU] addr=2000315E bit=00000007
[CMD QUEUE backup CORRUPTED] backup repaired
[SEU] addr=200031BA bit=00000007
[SEU] addr=200031C7 bit=00000002
[SEU] addr=200031A9 bit=00000003
[SEU] addr=2000315F bit=00000006
[CMD QUEUE backup CORRUPTED] backup repaired
[SEU] addr=2000315E bit=00000005
[CMD QUEUE backup CORRUPTED] backup repaired
[SEU] addr=200031E7 bit=00000004
[SEU] addr=20003175 bit=00000003
[SEU] addr=20003164 bit=00000000
[SEU] addr=2000315A bit=00000001
[SEU] addr=200031CD bit=00000003
[SEU] addr=200031C7 bit=00000004
[SEU] addr=200031AC bit=00000002
[SEU] addr=200031BC bit=00000000
[SEU] addr=20003180 bit=00000001
[SEU] addr=2000316C bit=00000000
[SEU] addr=2000314C bit=00000005
[SAMPLE QUEUE backup CORRUPTED] backup repaired
[SEU] addr=20003185 bit=00000004
[SEU] addr=200031B0 bit=00000001
[SEU] addr=200031CC bit=00000003
[SEU] addr=2000319F bit=00000006
[SEU] addr=200031C2 bit=00000003
[SEU] addr=20003164 bit=00000004
[SEU] addr=200031B2 bit=00000002
[SEU] addr=200031AF bit=00000001
[SEU] addr=2000319B bit=00000001
[ERR] seq=452 err=2500
[ERR] seq=453 err=200
[ERR] seq=454 err=216
[ERR] seq=455 err=32
[ERR] seq=456 err=16
[SEU] addr=20003198 bit=00000003
[ERR] seq=458 err=64
[SEU] addr=20003187 bit=00000004
[SEU] addr=200031E8 bit=00000002
[SEU] addr=200031C9 bit=00000003
[SEU] addr=200031C4 bit=00000000
[SEU] addr=20003182 bit=00000006
[SEU] addr=20003174 bit=00000001
[SEU] addr=200031BA bit=00000002
[SEU] addr=200031D2 bit=00000002
[SEU] addr=20003154 bit=00000007
[CMD QUEUE CORRUPTED] primary repaired
[SEU] addr=20003197 bit=00000001
[ERR] seq=505 err=2524
[ERR] seq=506 err=200
[ERR] seq=507 err=216
[ERR] seq=508 err=32
[ERR] seq=509 err=16
[SEU] addr=2000314C bit=00000000
[SAMPLE QUEUE backup CORRUPTED] backup repaired
[SEU] addr=200031C8 bit=00000006
[SEU] addr=200031B3 bit=00000002
[SEU] addr=200031EA bit=00000002
[SEU] addr=200031E4 bit=00000002
[SEU] addr=2000314E bit=00000003
[SAMPLE QUEUE backup CORRUPTED] backup repaired
[SEU] addr=200031C6 bit=00000002
[SEU] addr=20003187 bit=00000007
[SEU] addr=20003169 bit=00000005
[SEU] addr=200031E2 bit=00000002
[SEU] addr=2000317A bit=00000001
[SEU] addr=20003172 bit=00000005
[SEU] addr=200031A8 bit=00000007
[SEU] addr=200031AC bit=00000001
[SEU] addr=20003192 bit=00000000
[ERR] seq=599 err=2468
[ERR] seq=600 err=192
[ERR] seq=601 err=200
[SEU] addr=20003150 bit=00000004
[SAMPLE QUEUE backup CORRUPTED] backup repaired
[ERR] seq=602 err=24
[ERR] seq=603 err=16
[SEU] addr=20003196 bit=00000003
[ERR] seq=609 err=2516
[ERR] seq=610 err=200
[ERR] seq=611 err=216
[ERR] seq=612 err=32
[ERR] seq=613 err=16
[SEU] addr=200031C6 bit=00000005
[SEU] addr=200031C6 bit=00000007
[SEU] addr=2000318A bit=00000003
[SEU] addr=2000317F bit=00000000
[SEU] addr=200031C0 bit=00000006
[SEU] addr=200031C3 bit=00000003
[SEU] addr=200031B3 bit=00000000
[SEU] addr=2000317F bit=00000005
[SEU] addr=2000318A bit=00000000
[SEU] addr=200031B9 bit=00000006
[SEU] addr=200031BB bit=00000002
[SEU] addr=200031E8 bit=00000007
[SEU] addr=2000314C bit=00000005
[SAMPLE QUEUE backup CORRUPTED] backup repaired
[SEU] addr=2000314F bit=00000005
[SAMPLE QUEUE backup CORRUPTED] backup repaired
[SEU] addr=2000318D bit=00000001
[ERR] seq=689 err=4096
[ERR] seq=690 err=320
[ERR] seq=691 err=344
[ERR] seq=692 err=48
[ERR] seq=693 err=24
[SEU] addr=20003186 bit=00000004
[SEU] addr=20003173 bit=00000005
[SEU] addr=20003198 bit=00000004
[ERR] seq=709 err=128
[ERR] seq=710 err=8
[ERR] seq=711 err=8
[SEU] addr=20003165 bit=00000005
[SEU] addr=2000316D bit=00000007
[SEU] addr=2000314E bit=00000001
[SAMPLE QUEUE backup CORRUPTED] backup repaired
[SEU] addr=20003190 bit=00000001
[ERR] seq=735 err=16
[SEU] addr=2000319C bit=00000006
[SEU] addr=200031A7 bit=00000003
[SEU] addr=200031C5 bit=00000003
[SEU] addr=20003180 bit=00000005
[SEU] addr=2000316C bit=00000005
[SEU] addr=2000316C bit=00000002
[SEU] addr=20003191 bit=00000000
[ERR] seq=760 err=2048
[ERR] seq=761 err=160
[ERR] seq=762 err=168
[ERR] seq=763 err=16
[ERR] seq=764 err=8
[SEU] addr=2000319F bit=00000002
[SEU] addr=2000316F bit=00000005
[SEU] addr=200031AD bit=00000003
[SEU] addr=2000314B bit=00000006
[SEU] addr=20003162 bit=00000005
[SEU] addr=20003193 bit=00000004
[ERR] seq=788 err=2532
[ERR] seq=789 err=200
[ERR] seq=790 err=216
[ERR] seq=791 err=32
[ERR] seq=792 err=16
[SEU] addr=200031E6 bit=00000001
[SEU] addr=200031A5 bit=00000002
[SEU] addr=2000317F bit=00000006
[SEU] addr=2000317A bit=00000007
[SEU] addr=200031B1 bit=00000001
[SEU] addr=20003191 bit=00000002
[ERR] seq=816 err=2508
[ERR] seq=817 err=200
[ERR] seq=818 err=216
[ERR] seq=819 err=32
[ERR] seq=820 err=16
[SEU] addr=200031B3 bit=00000000
[SEU] addr=2000316F bit=00000000
[SEU] addr=200031C1 bit=00000003
[SEU] addr=200031CB bit=00000006
[SEU] addr=200031C5 bit=00000001
[SEU] addr=20003146 bit=00000005
[SAMPLE QUEUE CORRUPTED] primary repaired
[SEU] addr=20003183 bit=00000006
[SEU] addr=20003174 bit=00000002
[SEU] addr=2000316E bit=00000007
[SEU] addr=200031B2 bit=00000004
[SEU] addr=2000315D bit=00000007
[CMD QUEUE backup CORRUPTED] backup repaired
[SEU] addr=200031B5 bit=00000006
[SEU] addr=20003194 bit=00000004
[ERR] seq=886 err=128
[ERR] seq=887 err=8
[ERR] seq=888 err=8
[SEU] addr=200031E2 bit=00000001
[SEU] addr=200031AD bit=00000003
[SEU] addr=20003153 bit=00000005
[SEU] addr=200031C4 bit=00000002
[SEU] addr=200031B5 bit=00000002
[SEU] addr=200031B7 bit=00000006
[SEU] addr=2000317A bit=00000003
[SEU] addr=200031D7 bit=00000000
[SEU] addr=200031A1 bit=00000002
[SEU] addr=20003153 bit=00000002
[SEU] addr=20003188 bit=00000004
[SEU] addr=200031E6 bit=00000003
[SEU] addr=20003151 bit=00000002
[SEU] addr=2000317E bit=00000005
[SEU] addr=200031B3 bit=00000007
[SEU] addr=20003148 bit=00000006
[SAMPLE QUEUE CORRUPTED] primary repaired
[SEU] addr=2000317B bit=00000000
[SEU] addr=20003152 bit=00000006
[SEU] addr=200031AC bit=00000001
[SEU] addr=20003184 bit=00000003
[SEU] addr=200031B9 bit=00000005
[SEU] addr=20003149 bit=00000007
[SEU] addr=20003181 bit=00000002
[SEU] addr=20003152 bit=00000001
[SEU] addr=200031DA bit=00000002
[SEU] addr=200031C2 bit=00000006
[SEU] addr=2000317A bit=00000000
[SEU] addr=20003163 bit=00000001
[SEU] addr=200031CD bit=00000003
[SEU] addr=200031B9 bit=00000003
[SEU] addr=200031EB bit=00000006
[SEU] addr=20003192 bit=00000000
[ERR] seq=1050 err=2564
[ERR] seq=1051 err=200
[ERR] seq=1052 err=216
[ERR] seq=1053 err=32
[ERR] seq=1054 err=16
[SEU] addr=200031C5 bit=00000005
[SEU] addr=2000314B bit=00000002
[SEU] addr=20003185 bit=00000000
[SEU] addr=200031C1 bit=00000005
[SEU] addr=2000316B bit=00000003
[SEU] addr=200031C2 bit=00000000
[SEU] addr=20003179 bit=00000007
[SEU] addr=200031E7 bit=00000001
[SEU] addr=2000318B bit=00000004
[SEU] addr=200031E6 bit=00000002
[SEU] addr=20003186 bit=00000002
[SEU] addr=200031E3 bit=00000000
[SEU] addr=200031E8 bit=00000002
[SEU] addr=2000317F bit=00000005
[SEU] addr=200031A4 bit=00000001
[SEU] addr=200031E4 bit=00000000
[SEU] addr=200031CF bit=00000002
[SEU] addr=200031AB bit=00000003
[SEU] addr=20003174 bit=00000001
[SEU] addr=2000316B bit=00000001
[SEU] addr=20003153 bit=00000000
[SEU] addr=200031C2 bit=00000003
[SEU] addr=200031AB bit=00000007
[SEU] addr=2000315B bit=00000007
[SEU] addr=20003170 bit=00000006
[SEU] addr=200031A4 bit=00000001
[SEU] addr=20003169 bit=00000006
[SEU] addr=20003170 bit=00000002
[SEU] addr=200031DE bit=00000001
[SEU] addr=2000317F bit=00000006
[SEU] addr=20003199 bit=00000004
[ERR] seq=1212 err=2492
[ERR] seq=1213 err=192
[ERR] seq=1214 err=200
[ERR] seq=1215 err=24
[ERR] seq=1216 err=16
[SEU] addr=200031C7 bit=00000003
[SEU] addr=20003158 bit=00000002
[CMD QUEUE CORRUPTED] primary repaired
[SEU] addr=2000318B bit=00000006
[SEU] addr=200031B5 bit=00000007
[SEU] addr=2000318F bit=00000007
[ERR] seq=1239 err=46184
[ERR] seq=1240 err=3680
[ERR] seq=1241 err=3968
[ERR] seq=1242 err=592
[ERR] seq=1243 err=344
[ERR] seq=1244 err=48
[SEU] addr=200031A2 bit=00000007
[ERR] seq=1245 err=8
[SEU] addr=20003185 bit=00000003
[SEU] addr=20003174 bit=00000007
[SEU] addr=20003179 bit=00000002
[SEU] addr=200031BF bit=00000003
[SEU] addr=20003184 bit=00000002
[SEU] addr=20003151 bit=00000005
[SEU] addr=2000315C bit=00000001
[CMD QUEUE backup CORRUPTED] backup repaired
[SEU] addr=2000316B bit=00000000
[SEU] addr=20003177 bit=00000001
[SEU] addr=20003147 bit=00000003
[SAMPLE QUEUE CORRUPTED] primary repaired
[SEU] addr=20003174 bit=00000007
[SEU] addr=2000318C bit=00000006
[ERR] seq=1309 err=1144
[ERR] seq=1310 err=88
[ERR] seq=1311 err=88
[SEU] addr=20003171 bit=00000007
[SEU] addr=20003194 bit=00000001
[ERR] seq=1320 err=16
[SEU] addr=200031DB bit=00000003
[SEU] addr=200031E5 bit=00000000
[SEU] addr=20003166 bit=00000006
[SEU] addr=20003167 bit=00000006
[SEU] addr=200031C8 bit=00000004
[SEU] addr=20003155 bit=00000006
[CMD QUEUE CORRUPTED] primary repaired
[SEU] addr=200031C6 bit=00000007
[SEU] addr=2000319C bit=00000002
[SEU] addr=20003179 bit=00000007
[SEU] addr=2000315B bit=00000004
[SEU] addr=200031A8 bit=00000006
[SEU] addr=20003151 bit=00000004
[SEU] addr=200031B7 bit=00000004
[SEU] addr=20003172 bit=00000000
[SEU] addr=2000317A bit=00000001
[SEU] addr=20003189 bit=00000006
[SEU] addr=2000318B bit=00000004
[SEU] addr=200031C9 bit=00000007
[SEU] addr=2000317F bit=00000004
[SEU] addr=2000317A bit=00000007
[SEU] addr=20003193 bit=00000003
[ERR] seq=1432 err=2572
[ERR] seq=1433 err=200
[ERR] seq=1434 err=216
[ERR] seq=1435 err=32
[ERR] seq=1436 err=16
[SEU] addr=2000314D bit=00000001
[SAMPLE QUEUE backup CORRUPTED] backup repaired
[SEU] addr=200031EB bit=00000000
[SEU] addr=200031A6 bit=00000004
[SEU] addr=200031DF bit=00000007
[SEU] addr=200031E5 bit=00000007
[SEU] addr=20003170 bit=00000000
[SEU] addr=200031BE bit=00000005
[SEU] addr=200031A9 bit=00000001
[SEU] addr=20003169 bit=00000004
[SEU] addr=20003178 bit=00000004
[SEU] addr=200031B0 bit=00000000
[SEU] addr=2000316A bit=00000000
[SEU] addr=200031B4 bit=00000002
[SEU] addr=2000314B bit=00000007
[SEU] addr=20003173 bit=00000000
[SEU] addr=200031C2 bit=00000001
[SEU] addr=200031A8 bit=00000006
[SEU] addr=200031AA bit=00000001
[SEU] addr=200031D3 bit=00000001
[SEU] addr=200031CE bit=00000006
[SEU] addr=20003180 bit=00000002
[SEU] addr=2000319A bit=00000005
[ERR] seq=1567 err=2484
[ERR] seq=1568 err=192
[ERR] seq=1569 err=200
[ERR] seq=1570 err=24
[SEU] addr=200031A3 bit=00000004
[ERR] seq=1571 err=16
[SEU] addr=2000315D bit=00000006
[CMD QUEUE backup CORRUPTED] backup repaired
[SEU] addr=200031DF bit=00000001
[SEU] addr=2000318C bit=00000002
[ERR] seq=1581 err=264
[ERR] seq=1582 err=8
[ERR] seq=1583 err=8
[SEU] addr=20003183 bit=00000000
[SEU] addr=2000314C bit=00000000
[SAMPLE QUEUE backup CORRUPTED] backup repaired
[SEU] addr=200031E6 bit=00000004
[SEU] addr=200031CC bit=00000002
[SEU] addr=200031B2 bit=00000007
[SEU] addr=20003154 bit=00000004
[CMD QUEUE CORRUPTED] primary repaired
[SEU] addr=200031A3 bit=00000007
[SEU] addr=2000319F bit=00000000
[SEU] addr=20003196 bit=00000001
[ERR] seq=1623 err=2524
[ERR] seq=1624 err=200
[ERR] seq=1625 err=216
[ERR] seq=1626 err=32
[ERR] seq=1627 err=16
[SEU] addr=2000315D bit=00000003
[CMD QUEUE backup CORRUPTED] backup repaired
[SEU] addr=20003191 bit=00000003
[ERR] seq=1634 err=2556
[ERR] seq=1635 err=200
[ERR] seq=1636 err=216
[ERR] seq=1637 err=32
[ERR] seq=1638 err=16
[SEU] addr=200031BE bit=00000004
[SEU] addr=200031BE bit=00000001
[SEU] addr=20003160 bit=00000001
[CMD QUEUE backup CORRUPTED] backup repaired
[SEU] addr=20003147 bit=00000002
[SAMPLE QUEUE CORRUPTED] primary repaired
[SEU] addr=200031EA bit=00000006
[SEU] addr=200031B0 bit=00000002
[SEU] addr=20003149 bit=00000004
[SEU] addr=200031E2 bit=00000001
[SEU] addr=200031B9 bit=00000001
[SEU] addr=20003156 bit=00000006
[CMD QUEUE CORRUPTED] primary repaired
[SEU] addr=2000317F bit=00000004
[SEU] addr=200031D3 bit=00000002
[SEU] addr=200031E3 bit=00000006
[SEU] addr=20003165 bit=00000007
[SEU] addr=2000317A bit=00000004
[SEU] addr=2000316B bit=00000004
[SEU] addr=20003172 bit=00000003
[SEU] addr=200031D0 bit=00000000
[SEU] addr=200031BC bit=00000004
[SEU] addr=200031B7 bit=00000005
[SEU] addr=200031A4 bit=00000002
[SEU] addr=2000319E bit=00000005
[SEU] addr=200031DC bit=00000001
[SEU] addr=200031D1 bit=00000001
[SEU] addr=200031DE bit=00000002
[SEU] addr=200031EB bit=00000006
[SEU] addr=20003155 bit=00000006
[CMD QUEUE CORRUPTED] primary repaired
[SEU] addr=200031E5 bit=00000003
[SEU] addr=2000314B bit=00000002
[SEU] addr=20003191 bit=00000007
[ERR] seq=1807 err=2580
[ERR] seq=1808 err=200
[ERR] seq=1809 err=216
[ERR] seq=1810 err=32
[ERR] seq=1811 err=16
[SEU] addr=20003163 bit=00000002
[SEU] addr=2000317E bit=00000001
[SEU] addr=20003152 bit=00000000
[SEU] addr=2000315B bit=00000003
[SEU] addr=20003152 bit=00000000
[SEU] addr=2000314C bit=00000002
[SAMPLE QUEUE backup CORRUPTED] backup repaired
[SEU] addr=2000315E bit=00000003
[CMD QUEUE backup CORRUPTED] backup repaired
[SEU] addr=20003159 bit=00000002
[SEU] addr=200031C5 bit=00000006
[SEU] addr=2000315C bit=00000002
[CMD QUEUE backup CORRUPTED] backup repaired
[SEU] addr=20003147 bit=00000004
[SAMPLE QUEUE CORRUPTED] primary repaired
[SEU] addr=200031C0 bit=00000006
[SEU] addr=200031A9 bit=00000000
[SEU] addr=200031CA bit=00000005
[SEU] addr=20003189 bit=00000000
[SEU] addr=200031A0 bit=00000005
[SEU] addr=20003152 bit=00000006
[SEU] addr=20003174 bit=00000004
[SEU] addr=2000319B bit=00000001
[ERR] seq=1912 err=2500
[ERR] seq=1913 err=200
[ERR] seq=1914 err=216
[ERR] seq=1915 err=32
[ERR] seq=1916 err=16
[SEU] addr=2000315C bit=00000004
[CMD QUEUE backup CORRUPTED] backup repaired
[SEU] addr=200031A3 bit=00000002
[SEU] addr=200031A5 bit=00000002
[SEU] addr=2000318B bit=00000005
[SEU] addr=2000317E bit=00000006
[SEU] addr=200031C2 bit=00000001
[SEU] addr=200031D9 bit=00000001
[SEU] addr=20003166 bit=00000001
[SEU] addr=20003182 bit=00000006
[SEU] addr=200031AF bit=00000004
[SEU] addr=200031B6 bit=00000001
[SEU] addr=2000316B bit=00000001
[SEU] addr=200031A1 bit=00000006
[SEU] addr=200031C9 bit=00000000
[SEU] addr=20003170 bit=00000006
[SEU] addr=200031C6 bit=00000006
[SEU] addr=200031E5 bit=00000000
[SEU] addr=20003178 bit=00000004
[SEU] addr=20003171 bit=00000003
[SEU] addr=200031D4 bit=00000000
[SEU] addr=20003151 bit=00000007
[SEU] addr=2000316F bit=00000006
[SEU] addr=200031C8 bit=00000007
[SEU] addr=20003165 bit=00000000
[SEU] addr=20003157 bit=00000004
[CMD QUEUE CORRUPTED] primary repaired
[SEU] addr=200031E1 bit=00000005
[SEU] addr=2000319F bit=00000005
[SEU] addr=2000317D bit=00000000
[SEU] addr=200031A8 bit=00000002
[SEU] addr=20003180 bit=00000001
[SEU] addr=2000316C bit=00000003
[SEU] addr=200031CD bit=00000006
[SEU] addr=20003199 bit=00000000
[ERR] seq=2075 err=2048
[ERR] seq=2076 err=160
[ERR] seq=2077 err=168
[ERR] seq=2078 err=16
[ERR] seq=2079 err=8
[SEU] addr=2000315F bit=00000006
[CMD QUEUE backup CORRUPTED] backup repaired
[SEU] addr=200031B9 bit=00000002
[SEU] addr=20003170 bit=00000003
[SEU] addr=200031D5 bit=00000004
[SEU] addr=20003193 bit=00000004
[ERR] seq=2098 err=2532
[ERR] seq=2099 err=200
[ERR] seq=2100 err=216
[ERR] seq=2101 err=32
[ERR] seq=2102 err=16
[SEU] addr=200031CB bit=00000003
[SEU] addr=2000316F bit=00000000
[SEU] addr=2000316A bit=00000004
[SEU] addr=20003181 bit=00000002
[SEU] addr=20003197 bit=00000002
[ERR] seq=2119 err=2476
[ERR] seq=2120 err=192
[ERR] seq=2121 err=200
[ERR] seq=2122 err=24
[ERR] seq=2123 err=16
[SEU] addr=200031D1 bit=00000000
[SEU] addr=200031AC bit=00000006
[SEU] addr=20003174 bit=00000004
[SEU] addr=200031D8 bit=00000006
[SEU] addr=200031D6 bit=00000001
[SEU] addr=20003175 bit=00000005
[SEU] addr=200031B9 bit=00000004
[SEU] addr=200031DE bit=00000001
[SEU] addr=20003185 bit=00000005
[SEU] addr=200031E8 bit=00000001
[SEU] addr=20003157 bit=00000005
[CMD QUEUE CORRUPTED] primary repaired
[SEU] addr=200031B3 bit=00000000
[SEU] addr=20003144 bit=00000006
[SAMPLE QUEUE CORRUPTED] primary repaired
[SEU] addr=200031E5 bit=00000005
[SEU] addr=2000318E bit=00000007
[ERR] seq=2203 err=11440
[ERR] seq=2204 err=904
[ERR] seq=2205 err=960
[ERR] seq=2206 err=120
[SEU] addr=2000317C bit=00000000
[ERR] seq=2207 err=64
[SEU] addr=200031D2 bit=00000004
[SEU] addr=2000314F bit=00000007
[SAMPLE QUEUE backup CORRUPTED] backup repaired
[SEU] addr=200031E7 bit=00000005
[SEU] addr=200031B4 bit=00000005
[SEU] addr=200031D8 bit=00000002
[SEU] addr=20003182 bit=00000001
[SEU] addr=200031A2 bit=00000000
[SEU] addr=20003175 bit=00000004
[SEU] addr=2000316B bit=00000001
[SEU] addr=2000315C bit=00000003
[CMD QUEUE backup CORRUPTED] backup repaired
[SEU] addr=20003172 bit=00000003
[SEU] addr=200031B6 bit=00000002
[SEU] addr=20003184 bit=00000001
[SEU] addr=200031E9 bit=00000001
[SEU] addr=2000315D bit=00000006
[CMD QUEUE backup CORRUPTED] backup repaired
[SEU] addr=20003191 bit=00000000
[ERR] seq=2287 err=2048
[ERR] seq=2288 err=160
[SEU] addr=2000319B bit=00000005
[ERR] seq=2289 err=168
[ERR] seq=2290 err=16
[ERR] seq=2291 err=8
[SEU] addr=200031C9 bit=00000007
[SEU] addr=20003163 bit=00000006
[SEU] addr=200031C5 bit=00000004
[SEU] addr=20003145 bit=00000005
[SAMPLE QUEUE CORRUPTED] primary repaired
[SEU] addr=200031DD bit=00000001
[SEU] addr=2000314E bit=00000003
[SAMPLE QUEUE backup CORRUPTED] backup repaired
[SEU] addr=20003155 bit=00000000
[CMD QUEUE CORRUPTED] primary repaired
[SEU] addr=20003196 bit=00000007
[ERR] seq=2346 err=2524
[ERR] seq=2347 err=200
[ERR] seq=2348 err=216
[ERR] seq=2349 err=32
[SEU] addr=200031D1 bit=00000005
[ERR] seq=2350 err=16
[SEU] addr=200031D4 bit=00000006
[SEU] addr=20003163 bit=00000002
[SEU] addr=20003183 bit=00000003
[SEU] addr=200031A3 bit=00000000
[SEU] addr=200031A7 bit=00000005
[SEU] addr=20003185 bit=00000004
[SEU] addr=200031B1 bit=00000002
[SEU] addr=20003170 bit=00000005
[SEU] addr=20003179 bit=00000006
[SEU] addr=2000319E bit=00000001
[SEU] addr=2000314A bit=00000006
[SEU] addr=200031C0 bit=00000004
[SEU] addr=200031C5 bit=00000007
[SEU] addr=2000315F bit=00000005
[CMD QUEUE backup CORRUPTED] backup repaired
[SEU] addr=2000317C bit=00000005
[SEU] addr=20003166 bit=00000003
[SEU] addr=200031D8 bit=00000006
[SEU] addr=200031B0 bit=00000003
[SEU] addr=20003155 bit=00000007
[CMD QUEUE CORRUPTED] primary repaired
[SEU] addr=2000315B bit=00000007
[SEU] addr=2000317F bit=00000004
[SEU] addr=200031E8 bit=00000000
[SEU] addr=2000314E bit=00000005
[SAMPLE QUEUE backup CORRUPTED] backup repaired
[SEU] addr=200031A1 bit=00000001
[SEU] addr=20003187 bit=00000007
[SEU] addr=2000319D bit=00000004
[SEU] addr=2000316C bit=00000007
[SEU] addr=20003177 bit=00000006
[SEU] addr=20003196 bit=00000003
[ERR] seq=2530 err=2460
[ERR] seq=2531 err=192
[ERR] seq=2532 err=200
[ERR] seq=2533 err=24
[ERR] seq=2534 err=16
[SEU] addr=2000314B bit=00000002
[SEU] addr=200031B9 bit=00000000
[SEU] addr=200031D4 bit=00000004
[SEU] addr=200031A0 bit=00000001
[SEU] addr=2000316B bit=00000001
[SEU] addr=20003155 bit=00000003
[CMD QUEUE CORRUPTED] primary repaired
[SEU] addr=200031A8 bit=00000007
[SEU] addr=20003193 bit=00000006
[SEU] addr=200031C6 bit=00000002
[SEU] addr=200031DC bit=00000007
[SEU] addr=200031E2 bit=00000005
[SEU] addr=20003150 bit=00000003
[SAMPLE QUEUE backup CORRUPTED] backup repaired
[SEU] addr=2000315E bit=00000004
[CMD QUEUE backup CORRUPTED] backup repaired
[SEU] addr=200031EA bit=00000002
[SEU] addr=2000318B bit=00000006
[SEU] addr=20003169 bit=00000007
[SEU] addr=20003175 bit=00000006
[SEU] addr=2000315F bit=00000002
[CMD QUEUE backup CORRUPTED] backup repaired
[SEU] addr=20003159 bit=00000004
[SEU] addr=2000317A bit=00000006
[SEU] addr=200031D3 bit=00000002
[SEU] addr=20003177 bit=00000005
[SEU] addr=2000318E bit=00000001
[ERR] seq=2678 err=3376
[ERR] seq=2679 err=264
[ERR] seq=2680 err=272
[ERR] seq=2681 err=16
[ERR] seq=2682 err=8
[SEU] addr=200031D8 bit=00000001
[SEU] addr=2000314D bit=00000004
[SAMPLE QUEUE backup CORRUPTED] backup repaired
[SEU] addr=2000319C bit=00000003
[SEU] addr=20003170 bit=00000003
[SEU] addr=2000314B bit=00000001
[SEU] addr=20003184 bit=00000005
[SEU] addr=20003197 bit=00000007
[SEU] addr=2000316D bit=00000000
[SEU] addr=200031A5 bit=00000005
[SEU] addr=200031AF bit=00000007
[SEU] addr=200031A8 bit=00000005
[SEU] addr=200031A0 bit=00000004
[SEU] addr=2000317A bit=00000002
[SEU] addr=2000314A bit=00000001
[SEU] addr=2000315D bit=00000001
[CMD QUEUE backup CORRUPTED] backup repaired
[SEU] addr=200031CD bit=00000002
[SEU] addr=200031A1 bit=00000006
[SEU] addr=20003147 bit=00000006
[SAMPLE QUEUE CORRUPTED] primary repaired
[SEU] addr=200031C3 bit=00000002
[SEU] addr=20003144 bit=00000006
[SAMPLE QUEUE CORRUPTED] primary repaired
[SEU] addr=200031AC bit=00000005
[SEU] addr=2000319F bit=00000004
[SEU] addr=20003196 bit=00000003
[ERR] seq=2816 err=2476
[SEU] addr=20003176 bit=00000007
[ERR] seq=2817 err=192
[ERR] seq=2818 err=200
[ERR] seq=2819 err=24
[ERR] seq=2820 err=16
[SEU] addr=20003156 bit=00000006
[CMD QUEUE CORRUPTED] primary repaired
[SEU] addr=20003185 bit=00000004
[SEU] addr=200031A9 bit=00000005
[SEU] addr=200031CD bit=00000004
[SEU] addr=2000319B bit=00000003
[ERR] seq=2842 err=2516
[ERR] seq=2843 err=200
[ERR] seq=2844 err=216
[ERR] seq=2845 err=32
[ERR] seq=2846 err=16
[SEU] addr=200031B2 bit=00000003
[SEU] addr=20003151 bit=00000001
[SEU] addr=200031D3 bit=00000005
[SEU] addr=20003174 bit=00000004
[SEU] addr=20003159 bit=00000007
[SEU] addr=200031AA bit=00000002
[SEU] addr=200031BA bit=00000007
[SEU] addr=200031DE bit=00000000
[SEU] addr=20003185 bit=00000003
[SEU] addr=20003198 bit=00000000
[ERR] seq=2909 err=8
[SEU] addr=200031E8 bit=00000005
[SEU] addr=200031DD bit=00000002
[SEU] addr=2000314C bit=00000005
[SAMPLE QUEUE backup CORRUPTED] backup repaired
[SEU] addr=20003145 bit=00000000
[SAMPLE QUEUE CORRUPTED] primary repaired
[SEU] addr=20003174 bit=00000005
[SEU] addr=200031AE bit=00000005
[SEU] addr=20003164 bit=00000000
[SEU] addr=200031E5 bit=00000004
[SEU] addr=20003169 bit=00000000
[SEU] addr=200031A1 bit=00000000
[SEU] addr=20003197 bit=00000000
[ERR] seq=2958 err=2484
[ERR] seq=2959 err=192
[SEU] addr=200031C8 bit=00000001
[ERR] seq=2960 err=200
[ERR] seq=2961 err=24
[ERR] seq=2962 err=16
[SEU] addr=200031B5 bit=00000007
[SEU] addr=2000316F bit=00000005
[SEU] addr=2000314D bit=00000002
[SAMPLE QUEUE backup CORRUPTED] backup repaired
[SEU] addr=2000317A bit=00000002
[SEU] addr=200031AB bit=00000006
[SEU] addr=200031C1 bit=00000006
[SEU] addr=200031D9 bit=00000005
[SEU] addr=2000314F bit=00000007
[SAMPLE QUEUE backup CORRUPTED] backup repaired
[SEU] addr=20003150 bit=00000004
[SAMPLE QUEUE backup CORRUPTED] backup repaired
[SEU] addr=20003163 bit=00000003
[SEU] addr=200031D5 bit=00000004
[SEU] addr=20003189 bit=00000007
[SEU] addr=2000319E bit=00000002
[SEU] addr=20003149 bit=00000007
[SEU] addr=20003171 bit=00000007
[SEU] addr=20003158 bit=00000002
[CMD QUEUE CORRUPTED] primary repaired
[SEU] addr=2000318E bit=00000007
[ERR] seq=3045 err=3720
[SEU] addr=200031C4 bit=00000000
[ERR] seq=3046 err=288
[ERR] seq=3047 err=296
[ERR] seq=3048 err=16
[ERR] seq=3049 err=8
[SEU] addr=200031BE bit=00000001
[SEU] addr=200031DA bit=00000002
[SEU] addr=200031BE bit=00000002
[SEU] addr=200031A9 bit=00000004
[SEU] addr=20003155 bit=00000002
[CMD QUEUE CORRUPTED] primary repaired
[SEU] addr=20003168 bit=00000000
[SEU] addr=200031C8 bit=00000004
[SEU] addr=200031EB bit=00000005
[SEU] addr=20003162 bit=00000004
[SEU] addr=20003153 bit=00000000
[SEU] addr=200031A9 bit=00000005
[SEU] addr=20003196 bit=00000006
[ERR] seq=3127 err=2516
[SEU] addr=20003168 bit=00000007
[ERR] seq=3128 err=200
[ERR] seq=3129 err=216
[ERR] seq=3130 err=32
[ERR] seq=3131 err=16
[SEU] addr=20003167 bit=00000002
[SEU] addr=20003184 bit=00000001
[SEU] addr=20003176 bit=00000003
[SEU] addr=20003189 bit=00000005
[SEU] addr=20003180 bit=00000003
[SEU] addr=200031BF bit=00000005
[SEU] addr=200031B6 bit=00000007
[SEU] addr=20003149 bit=00000002
[SEU] addr=200031BE bit=00000000
[SEU] addr=20003191 bit=00000005
[ERR] seq=3181 err=2532
[ERR] seq=3182 err=200
[ERR] seq=3183 err=216
[ERR] seq=3184 err=32
[ERR] seq=3185 err=16
[SEU] addr=200031A2 bit=00000002
[SEU] addr=20003149 bit=00000007
[SEU] addr=200031EB bit=00000002
[SEU] addr=200031AD bit=00000005
[SEU] addr=200031D1 bit=00000006
[SEU] addr=200031B0 bit=00000005
[SEU] addr=200031C4 bit=00000005
[SEU] addr=200031D6 bit=00000003
[SEU] addr=2000315E bit=00000004
[CMD QUEUE backup CORRUPTED] backup repaired
[SEU] addr=20003189 bit=00000003
[SEU] addr=200031C8 bit=00000007
[SEU] addr=20003173 bit=00000005
[SEU] addr=20003148 bit=00000005
[SAMPLE QUEUE CORRUPTED] primary repaired
[SEU] addr=20003153 bit=00000001
[SEU] addr=20003189 bit=00000000
[SEU] addr=200031C2 bit=00000003
[SEU] addr=2000317A bit=00000005
[SEU] addr=200031BE bit=00000007
[SEU] addr=2000318A bit=00000004
[SEU] addr=2000314F bit=00000006
[SAMPLE QUEUE backup CORRUPTED] backup repaired
[SEU] addr=200031D4 bit=00000007
[SEU] addr=200031EA bit=00000004
[SEU] addr=20003152 bit=00000004
[SEU] addr=200031D8 bit=00000006
[SEU] addr=20003163 bit=00000005
[SEU] addr=200031AB bit=00000005
[SEU] addr=200031C3 bit=00000006
[SEU] addr=2000319D bit=00000002
[SEU] addr=20003162 bit=00000003
[SEU] addr=2000315F bit=00000003
[CMD QUEUE backup CORRUPTED] backup repaired
[SEU] addr=200031B0 bit=00000002
[SEU] addr=200031DB bit=00000006
[SEU] addr=200031D8 bit=00000002
[SEU] addr=2000315F bit=00000003
[CMD QUEUE backup CORRUPTED] backup repaired
[SEU] addr=200031DC bit=00000000
[SEU] addr=20003148 bit=00000006
[SAMPLE QUEUE CORRUPTED] primary repaired
[SEU] addr=20003173 bit=00000002
[SEU] addr=20003173 bit=00000000
[SEU] addr=20003164 bit=00000004
[SEU] addr=2000318F bit=00000004
[ERR] seq=3383 err=1488
[ERR] seq=3384 err=112
[ERR] seq=3385 err=112
[SEU] addr=200031A3 bit=00000006
[SEU] addr=20003181 bit=00000000
[SEU] addr=20003154 bit=00000005
[CMD QUEUE CORRUPTED] primary repaired
[SEU] addr=20003163 bit=00000001
[SEU] addr=200031A8 bit=00000001
[SEU] addr=200031AF bit=00000001
[SEU] addr=200031B9 bit=00000006
[SEU] addr=200031D2 bit=00000002
[SEU] addr=200031CD bit=00000005
[SEU] addr=200031BC bit=00000003
[SEU] addr=200031A5 bit=00000004
[SEU] addr=20003146 bit=00000007
[SAMPLE QUEUE CORRUPTED] primary repaired
[SEU] addr=20003157 bit=00000002
[CMD QUEUE CORRUPTED] primary repaired
[SEU] addr=2000318D bit=00000001
[ERR] seq=3446 err=2696
[ERR] seq=3447 err=208
[SEU] addr=20003167 bit=00000003
[ERR] seq=3448 err=216
[ERR] seq=3449 err=16
[ERR] seq=3450 err=8
[SEU] addr=2000316E bit=00000000
[SEU] addr=2000316C bit=00000005
[SEU] addr=200031CF bit=00000002
[SEU] addr=2000317A bit=00000001
[SEU] addr=200031C4 bit=00000005
[SEU] addr=200031EA bit=00000000
[SEU] addr=20003147 bit=00000005
[SAMPLE QUEUE CORRUPTED] primary repaired
[SEU] addr=2000319F bit=00000006
[SEU] addr=20003196 bit=00000006
[ERR] seq=3506 err=2492
[ERR] seq=3507 err=192
[ERR] seq=3508 err=200
[SEU] addr=200031CD bit=00000002
[ERR] seq=3509 err=24
[ERR] seq=3510 err=16
[SEU] addr=2000316B bit=00000000
[SEU] addr=200031B5 bit=00000002
[SEU] addr=200031DB bit=00000000
[SEU] addr=200031AB bit=00000000
[SEU] addr=2000318A bit=00000006
[SEU] addr=20003181 bit=00000002
[SEU] addr=20003165 bit=00000001
[SEU] addr=200031A1 bit=00000003
[SEU] addr=20003164 bit=00000007
[SEU] addr=200031BB bit=00000002
[SEU] addr=200031D3 bit=00000000
[SEU] addr=2000318D bit=00000000
[ERR] seq=3565 err=9488
[SEU] addr=2000315B bit=00000004
[ERR] seq=3566 err=744
[ERR] seq=3567 err=792
[ERR] seq=3568 err=104
[ERR] seq=3569 err=56
[SEU] addr=200031A2 bit=00000001
[SEU] addr=2000316A bit=00000004
[SEU] addr=200031C7 bit=00000003
[SEU] addr=2000317A bit=00000003
[SEU] addr=200031A0 bit=00000000
[SEU] addr=20003176 bit=00000000
[SEU] addr=20003177 bit=00000006
[SEU] addr=200031AD bit=00000005
[SEU] addr=20003176 bit=00000000
[SEU] addr=2000316C bit=00000000
[SEU] addr=2000315C bit=00000002
[CMD QUEUE backup CORRUPTED] backup repaired
[SEU] addr=20003153 bit=00000007
[SEU] addr=200031B3 bit=00000007
[SEU] addr=20003198 bit=00000006
[ERR] seq=3621 err=512
[ERR] seq=3622 err=40
[SEU] addr=20003166 bit=00000001
[ERR] seq=3623 err=40
[SEU] addr=2000314B bit=00000004
[SEU] addr=2000318C bit=00000007
[ERR] seq=3633 err=296
[ERR] seq=3634 err=8
[ERR] seq=3635 err=8
[SEU] addr=20003161 bit=00000007
[SEU] addr=200031C2 bit=00000002
[SEU] addr=20003148 bit=00000007
[SAMPLE QUEUE CORRUPTED] primary repaired
[SEU] addr=2000315B bit=00000002
[SEU] addr=2000316B bit=00000004
[SEU] addr=20003195 bit=00000005
[ERR] seq=3658 err=2476
[ERR] seq=3659 err=192
[ERR] seq=3660 err=200
[ERR] seq=3661 err=24
[ERR] seq=3662 err=16
[SEU] addr=2000317C bit=00000001
[SEU] addr=200031E9 bit=00000000
[SEU] addr=200031AF bit=00000005
[SEU] addr=200031A8 bit=00000007
[SEU] addr=200031C2 bit=00000006
[SEU] addr=200031B2 bit=00000001
[SEU] addr=20003171 bit=00000004
[SEU] addr=20003199 bit=00000002
[ERR] seq=3697 err=2508
[ERR] seq=3698 err=200
[ERR] seq=3699 err=216
[ERR] seq=3700 err=32
[SEU] addr=2000314C bit=00000001
[SAMPLE QUEUE backup CORRUPTED] backup repaired
[ERR] seq=3701 err=16
[SEU] addr=2000318F bit=00000002
[ERR] seq=3709 err=12760
[ERR] seq=3710 err=1008
[ERR] seq=3711 err=1072
[ERR] seq=3712 err=128
[ERR] seq=3713 err=64
[SEU] addr=200031E7 bit=00000002
[SEU] addr=2000318F bit=00000001
[ERR] seq=3724 err=1256
[ERR] seq=3725 err=88
[ERR] seq=3726 err=88
[SEU] addr=20003199 bit=00000005
[ERR] seq=3731 err=2508
[SEU] addr=200031BB bit=00000000
[ERR] seq=3732 err=200
[ERR] seq=3733 err=216
[ERR] seq=3734 err=32
[ERR] seq=3735 err=16
[SEU] addr=20003190 bit=00000003
[ERR] seq=3741 err=64
[SEU] addr=200031E5 bit=00000004
[SEU] addr=20003187 bit=00000002
[SEU] addr=200031AA bit=00000002
[SEU] addr=200031C5 bit=00000003
[SEU] addr=200031AA bit=00000006
[SEU] addr=200031C8 bit=00000000
[SEU] addr=200031E4 bit=00000006
[SEU] addr=20003157 bit=00000004
[CMD QUEUE CORRUPTED] primary repaired
[SEU] addr=2000318F bit=00000000
[ERR] seq=3797 err=2256
[ERR] seq=3798 err=176
[ERR] seq=3799 err=176
[SEU] addr=200031C0 bit=00000007
[SEU] addr=20003165 bit=00000002
[SEU] addr=200031C2 bit=00000003
[SEU] addr=200031D5 bit=00000002
[SEU] addr=2000316A bit=00000004
[SEU] addr=200031AA bit=00000005
[SEU] addr=20003178 bit=00000001
[SEU] addr=200031B7 bit=00000003
[SEU] addr=2000317E bit=00000000
[SEU] addr=200031DA bit=00000002
[SEU] addr=20003175 bit=00000001
[SEU] addr=2000317A bit=00000007
[SEU] addr=20003163 bit=00000006
[SEU] addr=20003183 bit=00000000
[SEU] addr=2000319F bit=00000003
[SEU] addr=200031E3 bit=00000004
[SEU] addr=2000314C bit=00000006
[SAMPLE QUEUE backup CORRUPTED] backup repaired
[SEU] addr=200031D8 bit=00000006
[SEU] addr=2000318A bit=00000000
[SEU] addr=20003173 bit=00000005
[SEU] addr=2000318B bit=00000002
[SEU] addr=200031B6 bit=00000006
[SEU] addr=200031BB bit=00000006
[SEU] addr=20003183 bit=00000002
[SEU] addr=200031E4 bit=00000002
[SEU] addr=200031AE bit=00000000
[SEU] addr=20003182 bit=00000006
[SEU] addr=200031BA bit=00000004
[SEU] addr=200031D2 bit=00000004
[SEU] addr=20003183 bit=00000007
[SEU] addr=200031DD bit=00000004
[SEU] addr=2000315C bit=00000006
[CMD QUEUE backup CORRUPTED] backup repaired
[SEU] addr=2000318C bit=00000005
[ERR] seq=3973 err=3960
[ERR] seq=3974 err=304
[ERR] seq=3975 err=312
[ERR] seq=3976 err=16
[SEU] addr=200031C6 bit=00000002
[ERR] seq=3977 err=8
[SEU] addr=20003162 bit=00000001
[SEU] addr=200031D8 bit=00000002
[SEU] addr=200031A9 bit=00000007
[SEU] addr=200031A2 bit=00000004
[SEU] addr=20003160 bit=00000003
[CMD QUEUE backup CORRUPTED] backup repaired
[SEU] addr=200031CD bit=00000004
[SEU] addr=20003177 bit=00000001
[SEU] addr=200031CD bit=00000005
[SEU] addr=200031E2 bit=00000001
[SEU] addr=2000314B bit=00000004
[SEU] addr=20003162 bit=00000001
[SEU] addr=200031D0 bit=00000000
[SEU] addr=200031B3 bit=00000007
[SEU] addr=2000317F bit=00000006
[SEU] addr=200031A3 bit=00000006
[SEU] addr=200031A9 bit=00000001
[SEU] addr=2000317F bit=00000006
[SEU] addr=20003155 bit=00000007
[CMD QUEUE CORRUPTED] primary repaired
[SEU] addr=20003152 bit=00000004
[SEU] addr=2000314A bit=00000005
[SEU] addr=200031DB bit=00000002
[SEU] addr=20003158 bit=00000001
[CMD QUEUE CORRUPTED] primary repaired
[SEU] addr=2000317E bit=00000004
[SEU] addr=200031D0 bit=00000002
[SEU] addr=200031E5 bit=00000004
[SEU] addr=200031AA bit=00000005
[SEU] addr=20003157 bit=00000007
[CMD QUEUE CORRUPTED] primary repaired
[SEU] addr=200031E5 bit=00000000
[SEU] addr=20003182 bit=00000001
[SEU] addr=200031AC bit=00000004
[SEU] addr=200031DD bit=00000002
[SEU] addr=20003145 bit=00000003
[SAMPLE QUEUE CORRUPTED] primary repaired
[SEU] addr=2000316B bit=00000007
[SEU] addr=200031A6 bit=00000003
[SEU] addr=2000318A bit=00000003
[SEU] addr=200031DF bit=00000006
[SEU] addr=2000315E bit=00000000
[CMD QUEUE backup CORRUPTED] backup repaired
[SEU] addr=2000318A bit=00000006
[SEU] addr=20003155 bit=00000003
[CMD QUEUE CORRUPTED] primary repaired
[SEU] addr=200031E2 bit=00000007
[SEU] addr=200031AF bit=00000004
[SEU] addr=2000315E bit=00000006
[CMD QUEUE backup CORRUPTED] backup repaired
[SEU] addr=20003194 bit=00000006
[ERR] seq=4220 err=512
[ERR] seq=4221 err=40
[ERR] seq=4222 err=40
[SEU] addr=20003164 bit=00000005
[SEU] addr=200031DF bit=00000007
[SEU] addr=2000315D bit=00000003
[CMD QUEUE backup CORRUPTED] backup repaired
[SEU] addr=20003175 bit=00000007
[SEU] addr=2000319E bit=00000003
[SEU] addr=200031DE bit=00000005
[SEU] addr=2000317A bit=00000004
[SEU] addr=200031BB bit=00000003
[SEU] addr=200031AF bit=00000000
[SEU] addr=200031C3 bit=00000002
[SEU] addr=200031AA bit=00000002
[SEU] addr=20003144 bit=00000007
[SAMPLE QUEUE CORRUPTED] primary repaired
[SEU] addr=20003149 bit=00000000
[SEU] addr=200031DA bit=00000004
[SEU] addr=200031DB bit=00000001
[SEU] addr=2000319A bit=00000002
[ERR] seq=4292 err=2532
[ERR] seq=4293 err=200
[ERR] seq=4294 err=216
[ERR] seq=4295 err=32
[ERR] seq=4296 err=16
[SEU] addr=200031AE bit=00000004
[SEU] addr=200031AA bit=00000001
[SEU] addr=200031DA bit=00000004
[SEU] addr=200031BF bit=00000003
[SEU] addr=200031CA bit=00000002
[SEU] addr=20003158 bit=00000001
[CMD QUEUE CORRUPTED] primary repaired
[SEU] addr=200031C5 bit=00000001
[SEU] addr=200031B3 bit=00000003
[SEU] addr=200031D6 bit=00000005
[SEU] addr=2000318C bit=00000004
[ERR] seq=4335 err=2112
[ERR] seq=4336 err=152
[ERR] seq=4337 err=152
[SEU] addr=20003150 bit=00000007
[SAMPLE QUEUE backup CORRUPTED] backup repaired
[SEU] addr=20003153 bit=00000006
[SEU] addr=200031C2 bit=00000004
[SEU] addr=200031CE bit=00000006
[SEU] addr=200031BA bit=00000002
[SEU] addr=200031A4 bit=00000002
[SEU] addr=200031B5 bit=00000000
[SEU] addr=200031AD bit=00000002
[SEU] addr=200031B8 bit=00000005
[SEU] addr=2000316F bit=00000000
[SEU] addr=200031EA bit=00000004
[SEU] addr=20003173 bit=00000003
[SEU] addr=200031B4 bit=00000007
[SEU] addr=200031BB bit=00000003
[SEU] addr=20003188 bit=00000006
[SEU] addr=20003181 bit=00000007
[SEU] addr=200031A9 bit=00000007
[SEU] addr=2000314C bit=00000002
[SAMPLE QUEUE backup CORRUPTED] backup repaired
[SEU] addr=200031CA bit=00000006
[SEU] addr=200031D0 bit=00000001
[SEU] addr=200031B4 bit=00000006
[SEU] addr=2000316C bit=00000003
[SEU] addr=200031B4 bit=00000007
[SEU] addr=20003169 bit=00000007
[SEU] addr=20003186 bit=00000002
[SEU] addr=20003197 bit=00000007
[SEU] addr=200031DA bit=00000004
[SEU] addr=200031A7 bit=00000004
[SEU] addr=20003198 bit=00000000
[ERR] seq=4505 err=8
[SEU] addr=200031C4 bit=00000006
[SEU] addr=20003162 bit=00000000
[SEU] addr=2000315C bit=00000005
[CMD QUEUE backup CORRUPTED] backup repaired
[SEU] addr=20003161 bit=00000003
[SEU] addr=200031CF bit=00000001
[SEU] addr=200031AC bit=00000002
[SEU] addr=20003193 bit=00000001
[ERR] seq=4540 err=2460
[ERR] seq=4541 err=192
[ERR] seq=4542 err=200
[ERR] seq=4543 err=24
[ERR] seq=4544 err=16
[SEU] addr=200031B0 bit=00000005
[SEU] addr=200031D0 bit=00000000
[SEU] addr=20003192 bit=00000002
[ERR] seq=4561 err=2468
[ERR] seq=4562 err=192
[ERR] seq=4563 err=200
[ERR] seq=4564 err=24
[ERR] seq=4565 err=16
[SEU] addr=2000319A bit=00000004
[ERR] seq=4571 err=2492
[ERR] seq=4572 err=192
[ERR] seq=4573 err=200
[ERR] seq=4574 err=24
[ERR] seq=4575 err=16
[SEU] addr=200031E9 bit=00000000
[SEU] addr=200031A7 bit=00000002
[SEU] addr=2000317E bit=00000007
[SEU] addr=20003172 bit=00000003
[SEU] addr=20003152 bit=00000002
[SEU] addr=200031B0 bit=00000000
[SEU] addr=2000318C bit=00000006
[ERR] seq=4614 err=6648
[ERR] seq=4615 err=520
[ERR] seq=4616 err=544
[ERR] seq=4617 err=56
[SEU] addr=20003161 bit=00000003
[ERR] seq=4618 err=32
[SEU] addr=20003164 bit=00000006
[SEU] addr=200031E0 bit=00000003
[SEU] addr=2000319F bit=00000000
[SEU] addr=20003198 bit=00000001
[ERR] seq=4645 err=16
[SEU] addr=200031AA bit=00000007
[SEU] addr=200031D6 bit=00000003
[SEU] addr=20003173 bit=00000001
[SEU] addr=20003185 bit=00000001
[SEU] addr=20003190 bit=00000006
[ERR] seq=4672 err=512
[ERR] seq=4673 err=40
[ERR] seq=4674 err=40
[SEU] addr=2000316A bit=00000000
[SEU] addr=20003147 bit=00000004
[SAMPLE QUEUE CORRUPTED] primary repaired
[SEU] addr=2000318B bit=00000001
[SEU] addr=200031E5 bit=00000001
[SEU] addr=200031CE bit=00000000
[SEU] addr=200031CD bit=00000006
[SEU] addr=2000316C bit=00000003
[SEU] addr=200031A6 bit=00000002
[SEU] addr=20003170 bit=00000005
[SEU] addr=2000316F bit=00000006
[SEU] addr=2000316C bit=00000003
[SEU] addr=200031BD bit=00000004
[SEU] addr=200031EB bit=00000004
[SEU] addr=20003192 bit=00000002
[ERR] seq=4761 err=2516
[ERR] seq=4762 err=200
[ERR] seq=4763 err=216
[ERR] seq=4764 err=32
[ERR] seq=4765 err=16
[SEU] addr=200031AB bit=00000005
[SEU] addr=20003145 bit=00000005
[SAMPLE QUEUE CORRUPTED] primary repaired
[SEU] addr=200031C4 bit=00000007
[SEU] addr=20003182 bit=00000000
[SEU] addr=20003166 bit=00000004
[SEU] addr=200031C7 bit=00000004
[SEU] addr=2000319D bit=00000006
[SEU] addr=2000318C bit=00000000
[ERR] seq=4808 err=56
[SEU] addr=200031E5 bit=00000004
[SEU] addr=200031B8 bit=00000003
[SEU] addr=20003169 bit=00000001
[SEU] addr=2000317A bit=00000004
[SEU] addr=20003190 bit=00000004
[ERR] seq=4841 err=128
[ERR] seq=4842 err=8
[ERR] seq=4843 err=8
[SEU] addr=200031C1 bit=00000002
[SEU] addr=200031BA bit=00000006
[SEU] addr=2000316A bit=00000006
[SEU] addr=20003147 bit=00000002
[SAMPLE QUEUE CORRUPTED] primary repaired
[SEU] addr=20003163 bit=00000005
[SEU] addr=20003153 bit=00000005
[SEU] addr=20003150 bit=00000007
[SAMPLE QUEUE backup CORRUPTED] backup repaired
[SEU] addr=20003195 bit=00000000
[ERR] seq=4888 err=2048
[ERR] seq=4889 err=160
[ERR] seq=4890 err=168
[ERR] seq=4891 err=16
[ERR] seq=4892 err=8
[SEU] addr=2000317C bit=00000005
[SEU] addr=200031B5 bit=00000006
[SEU] addr=200031A9 bit=00000003
[SEU] addr=20003192 bit=00000005
[ERR] seq=4911 err=2468
[ERR] seq=4912 err=192
[SEU] addr=200031C3 bit=00000001
[ERR] seq=4913 err=200
[ERR] seq=4914 err=24
[ERR] seq=4915 err=16
[SEU] addr=2000314D bit=00000005
[SAMPLE QUEUE backup CORRUPTED] backup repaired
[SEU] addr=20003153 bit=00000003
[SEU] addr=2000316B bit=00000007
[SEU] addr=200031BB bit=00000002
[SEU] addr=200031E7 bit=00000001
[SEU] addr=200031AB bit=00000004
[SEU] addr=200031D4 bit=00000001
[SEU] addr=20003198 bit=00000005
[ERR] seq=4951 err=256
[ERR] seq=4952 err=16
[ERR] seq=4953 err=16
[SEU] addr=20003195 bit=00000003
[ERR] seq=4960 err=2492
[ERR] seq=4961 err=192
[ERR] seq=4962 err=200
[ERR] seq=4963 err=24
[ERR] seq=4964 err=16
[SEU] addr=20003194 bit=00000005
[ERR] seq=4966 err=256
[ERR] seq=4967 err=16
[ERR] seq=4968 err=16
[SEU] addr=20003159 bit=00000001
[SEU] addr=200031A7 bit=00000001
[SEU] addr=200031A9 bit=00000007
[SEU] addr=200031E3 bit=00000006
[SEU] addr=200031B9 bit=00000005
[SEU] addr=200031DE bit=00000007
[SEU] addr=200031AE bit=00000007
[SEU] addr=200031DB bit=00000004
[SEU] addr=2000318A bit=00000000
[SEU] addr=200031C5 bit=00000006
[SEU] addr=2000317E bit=00000002
[SEU] addr=20003189 bit=00000004
[SEU] addr=200031CF bit=00000005
[SEU] addr=20003152 bit=00000002
[SEU] addr=20003174 bit=00000005
[SEU] addr=20003152 bit=00000005
[SEU] addr=20003178 bit=00000003
[SEU] addr=20003182 bit=00000002
[SEU] addr=200031D0 bit=00000001
[SEU] addr=20003184 bit=00000006
[SEU] addr=200031C8 bit=00000000
[SEU] addr=2000317B bit=00000007
[SEU] addr=2000314D bit=00000002
[SAMPLE QUEUE backup CORRUPTED] backup repaired
[SEU] addr=200031D9 bit=00000001
[SEU] addr=200031D2 bit=00000006
[SEU] addr=200031AE bit=00000006
[SEU] addr=2000316E bit=00000005
[SEU] addr=20003178 bit=00000001
[SEU] addr=20003173 bit=00000002
[SEU] addr=200031D5 bit=00000003
[SEU] addr=200031A7 bit=00000003
[SEU] addr=20003148 bit=00000002
[SAMPLE QUEUE CORRUPTED] primary repaired
[SEU] addr=200031CA bit=00000005
[SEU] addr=20003148 bit=00000001
[SAMPLE QUEUE CORRUPTED] primary repaired
[SEU] addr=200031CF bit=00000001
[SEU] addr=20003146 bit=00000004
[SAMPLE QUEUE CORRUPTED] primary repaired
[SEU] addr=200031E3 bit=00000006
[SEU] addr=200031A9 bit=00000007
[SEU] addr=20003149 bit=00000007
[SEU] addr=200031D5 bit=00000005
[SEU] addr=200031A2 bit=00000005
[SEU] addr=200031AB bit=00000007
[SEU] addr=200031BF bit=00000004
[SEU] addr=2000314E bit=00000002
[SAMPLE QUEUE backup CORRUPTED] backup repaired
[SEU] addr=20003167 bit=00000006
[SEU] addr=20003185 bit=00000004
[SEU] addr=2000319D bit=00000001
[SEU] addr=200031CD bit=00000003
[SEU] addr=20003144 bit=00000006
[SAMPLE QUEUE CORRUPTED] primary repaired
[SEU] addr=20003170 bit=00000001
[SEU] addr=200031D7 bit=00000004
[SEU] addr=2000317C bit=00000003
[SEU] addr=200031CF bit=00000005
[SEU] addr=200031C7 bit=00000005
[SEU] addr=200031E4 bit=00000004
[SEU] addr=20003156 bit=00000003
[CMD QUEUE CORRUPTED] primary repaired
[SEU] addr=200031B7 bit=00000005
[SEU] addr=200031DF bit=00000002
[SEU] addr=200031B1 bit=00000005
[SEU] addr=2000319E bit=00000003
[SEU] addr=2000318F bit=00000002
[ERR] seq=5296 err=12880
[ERR] seq=5297 err=1024
[ERR] seq=5298 err=1088
[ERR] seq=5299 err=136
[ERR] seq=5300 err=72
[SEU] addr=200031CF bit=00000005
[SEU] addr=200031B3 bit=00000004
[SEU] addr=200031C9 bit=00000007
[SEU] addr=200031D2 bit=00000006
[SEU] addr=200031D3 bit=00000003
[SEU] addr=200031D4 bit=00000000
[SEU] addr=200031A4 bit=00000001
[SEU] addr=200031E3 bit=00000007
[SEU] addr=200031D0 bit=00000004
[SEU] addr=2000316B bit=00000002
[SEU] addr=20003187 bit=00000007
[SEU] addr=20003169 bit=00000005
[SEU] addr=20003162 bit=00000005
[SEU] addr=20003195 bit=00000003
[ERR] seq=5385 err=2460
[ERR] seq=5386 err=192
[SEU] addr=200031C2 bit=00000005
[ERR] seq=5387 err=200
[ERR] seq=5388 err=24
[ERR] seq=5389 err=16
[SEU] addr=20003190 bit=00000001
[ERR] seq=5391 err=16
[SEU] addr=200031CB bit=00000007
[SEU] addr=200031CE bit=00000007
[SEU] addr=200031BE bit=00000003
[SEU] addr=20003198 bit=00000001
[ERR] seq=5421 err=16
[SEU] addr=2000316D bit=00000003
[SEU] addr=200031C6 bit=00000007
[SEU] addr=2000317F bit=00000005
[SEU] addr=200031A0 bit=00000007
[SEU] addr=2000316E bit=00000003
[SEU] addr=200031E9 bit=00000005
[SEU] addr=200031D8 bit=00000005
[SEU] addr=20003159 bit=00000002
[SEU] addr=20003180 bit=00000001
[SEU] addr=200031E1 bit=00000007
[SEU] addr=20003157 bit=00000005
[CMD QUEUE CORRUPTED] primary repaired
[SEU] addr=20003148 bit=00000003
[SAMPLE QUEUE CORRUPTED] primary repaired
[SEU] addr=2000316C bit=00000000
[SEU] addr=2000316B bit=00000003
[SEU] addr=200031B4 bit=00000000
[SEU] addr=20003197 bit=00000004
[ERR] seq=5510 err=2508
[ERR] seq=5511 err=200
[ERR] seq=5512 err=216
[ERR] seq=5513 err=32
[ERR] seq=5514 err=16
[SEU] addr=2000314B bit=00000000
[SEU] addr=2000316A bit=00000002
[SEU] addr=200031D2 bit=00000007
[SEU] addr=200031AA bit=00000006
[SEU] addr=20003162 bit=00000007
[SEU] addr=200031BA bit=00000005
[SEU] addr=200031A5 bit=00000005
[SEU] addr=2000318C bit=00000002
[ERR] seq=5552 err=312
[SEU] addr=20003148 bit=00000004
[SAMPLE QUEUE CORRUPTED] primary repaired
[ERR] seq=5553 err=8
[ERR] seq=5554 err=8
[SEU] addr=200031E6 bit=00000005
[SEU] addr=20003170 bit=00000003
[SEU] addr=200031E4 bit=00000001
[SEU] addr=200031AB bit=00000003
[SEU] addr=2000318C bit=00000006
[ERR] seq=5578 err=4560
[ERR] seq=5579 err=352
[ERR] seq=5580 err=360
[ERR] seq=5581 err=24
[ERR] seq=5582 err=16
[SEU] addr=200031B7 bit=00000007
[SEU] addr=200031DD bit=00000002
[SEU] addr=20003181 bit=00000001
[SEU] addr=20003181 bit=00000002
[SEU] addr=2000316F bit=00000002
[SEU] addr=20003144 bit=00000001
[SAMPLE QUEUE CORRUPTED] primary repaired
[SEU] addr=200031E9 bit=00000001
[SEU] addr=2000317F bit=00000000
[SEU] addr=2000319D bit=00000007
[SEU] addr=200031AC bit=00000000
[SEU] addr=20003162 bit=00000004
[SEU] addr=20003166 bit=00000000
[SEU] addr=200031BA bit=00000007
[SEU] addr=2000317D bit=00000001
[SEU] addr=2000318C bit=00000003
[ERR] seq=5683 err=224
[ERR] seq=5684 err=8
[ERR] seq=5685 err=8
[SEU] addr=200031BD bit=00000004
[SEU] addr=200031A9 bit=00000001
[SEU] addr=20003189 bit=00000007
[SEU] addr=20003188 bit=00000001
[SEU] addr=2000316E bit=00000002
[SEU] addr=200031AF bit=00000000
[SEU] addr=200031D3 bit=00000004
[SEU] addr=200031A6 bit=00000002
[SEU] addr=20003160 bit=00000000
[CMD QUEUE backup CORRUPTED] backup repaired
[SEU] addr=200031D9 bit=00000000
[SEU] addr=2000319F bit=00000001
[SEU] addr=2000317D bit=00000004
[SEU] addr=20003152 bit=00000005
[SEU] addr=20003185 bit=00000007
[SEU] addr=200031D6 bit=00000005
[SEU] addr=200031AA bit=00000001
[SEU] addr=200031C4 bit=00000002
[SEU] addr=200031DA bit=00000001
[SEU] addr=2000318D bit=00000000
[ERR] seq=5772 err=6424
[ERR] seq=5773 err=504
[ERR] seq=5774 err=528
[ERR] seq=5775 err=48
[ERR] seq=5776 err=24
[SEU] addr=200031D7 bit=00000001
[SEU] addr=200031C0 bit=00000000
[SEU] addr=2000316C bit=00000002
[SEU] addr=2000318C bit=00000003
[ERR] seq=5795 err=880
[SEU] addr=20003145 bit=00000000
[SAMPLE QUEUE CORRUPTED] primary repaired
[ERR] seq=5796 err=56
[ERR] seq=5797 err=56
[SEU] addr=2000317F bit=00000007
[SEU] addr=2000314E bit=00000000
[SAMPLE QUEUE backup CORRUPTED] backup repaired
[SEU] addr=20003171 bit=00000001
[SEU] addr=200031DE bit=00000002
[SEU] addr=200031A4 bit=00000005
[SEU] addr=200031E6 bit=00000007
[SEU] addr=20003169 bit=00000003
[SEU] addr=200031A0 bit=00000004
[SEU] addr=20003194 bit=00000000
[ERR] seq=5866 err=8
[SEU] addr=200031C2 bit=00000004
[SEU] addr=20003152 bit=00000007
[SEU] addr=200031A3 bit=00000002
[SEU] addr=20003150 bit=00000000
[SAMPLE QUEUE backup CORRUPTED] backup repaired
[SEU] addr=20003186 bit=00000003
[SEU] addr=200031C8 bit=00000005
[SEU] addr=2000318F bit=00000006
[ERR] seq=5915 err=6576
[ERR] seq=5916 err=504
[ERR] seq=5917 err=528
[ERR] seq=5918 err=48
[ERR] seq=5919 err=24
[SEU] addr=2000318E bit=00000003
[ERR] seq=5924 err=8592
[ERR] seq=5925 err=672
[ERR] seq=5926 err=712
[ERR] seq=5927 err=80
[ERR] seq=5928 err=40
[SEU] addr=200031B0 bit=00000005
[SEU] addr=200031D9 bit=00000000
[SEU] addr=20003168 bit=00000002
[SEU] addr=20003189 bit=00000004
[SEU] addr=200031E2 bit=00000006
[SEU] addr=200031BC bit=00000006
[SEU] addr=200031DD bit=00000001
[SEU] addr=200031CA bit=00000005
[SEU] addr=200031B3 bit=00000002
[SEU] addr=200031D7 bit=00000007
[SEU] addr=200031E3 bit=00000004
[SEU] addr=2000314C bit=00000002
[SAMPLE QUEUE backup CORRUPTED] backup repaired
[SEU] addr=20003178 bit=00000002
[SEU] addr=200031CD bit=00000001
[SEU] addr=20003173 bit=00000006
[SEU] addr=20003171 bit=00000001
[SEU] addr=200031DF bit=00000003
[SEU] addr=20003161 bit=00000006
[SEU] addr=200031CA bit=00000000
[SEU] addr=200031C9 bit=00000007
[SEU] addr=20003167 bit=00000004
[SEU] addr=200031A4 bit=00000006
[SEU] addr=200031CA bit=00000000
[SEU] addr=2000317D bit=00000004
[SEU] addr=20003161 bit=00000007
[SEU] addr=200031DB bit=00000002
[SEU] addr=200031E3 bit=00000005
[SEU] addr=20003190 bit=00000007
[ERR] seq=6068 err=1024
[ERR] seq=6069 err=80
[ERR] seq=6070 err=80
[SEU] addr=20003170 bit=00000005
[SEU] addr=2000315E bit=00000007
[CMD QUEUE backup CORRUPTED] backup repaired
[SEU] addr=20003190 bit=00000000
[ERR] seq=6086 err=8
[SEU] addr=20003172 bit=00000003
[SEU] addr=20003146 bit=00000005
[SAMPLE QUEUE CORRUPTED] primary repaired
[SEU] addr=20003168 bit=00000007
[SEU] addr=20003171 bit=00000001
[SEU] addr=200031C0 bit=00000007
[SEU] addr=200031DB bit=00000001
[SEU] addr=20003192 bit=00000005
[ERR] seq=6131 err=2580
[ERR] seq=6132 err=200
[ERR] seq=6133 err=216
[ERR] seq=6134 err=32
[ERR] seq=6135 err=16
[SEU] addr=20003157 bit=00000002
[CMD QUEUE CORRUPTED] primary repaired
[SEU] addr=200031BD bit=00000001
[SEU] addr=2000315A bit=00000002
[SEU] addr=200031B8 bit=00000001
[SEU] addr=200031D9 bit=00000002
[SEU] addr=200031C7 bit=00000005
[SEU] addr=20003179 bit=00000002
[SEU] addr=200031DB bit=00000001
[SEU] addr=200031E0 bit=00000006
[SEU] addr=200031A9 bit=00000002
[SEU] addr=200031B1 bit=00000005
[SEU] addr=20003147 bit=00000005
[SAMPLE QUEUE CORRUPTED] primary repaired
[SEU] addr=200031C2 bit=00000004
[SEU] addr=20003195 bit=00000006
[ERR] seq=6209 err=2500
[ERR] seq=6210 err=200
[SEU] addr=2000318C bit=00000003
[ERR] seq=6211 err=224
[ERR] seq=6212 err=32
[ERR] seq=6213 err=16
[SEU] addr=20003175 bit=00000002
[SEU] addr=2000318A bit=00000003
[SEU] addr=2000314C bit=00000005
[SAMPLE QUEUE backup CORRUPTED] backup repaired
[SEU] addr=200031A3 bit=00000002
[SEU] addr=20003149 bit=00000004
[SEU] addr=200031BD bit=00000001
[SEU] addr=20003148 bit=00000004
[SAMPLE QUEUE CORRUPTED] primary repaired
[SEU] addr=200031A5 bit=00000003
[SEU] addr=20003147 bit=00000002
[SAMPLE QUEUE CORRUPTED] primary repaired
[SEU] addr=20003176 bit=00000005
[SEU] addr=20003175 bit=00000004
[SEU] addr=20003166 bit=00000007
[SEU] addr=200031AE bit=00000002
[SEU] addr=2000316B bit=00000005
[SEU] addr=2000317C bit=00000005
[SEU] addr=200031AF bit=00000002
[SEU] addr=20003199 bit=00000007
[ERR] seq=6310 err=2476
[ERR] seq=6311 err=192
[ERR] seq=6312 err=200
[ERR] seq=6313 err=24
[SEU] addr=20003174 bit=00000000
[ERR] seq=6314 err=16
[SEU] addr=200031E5 bit=00000000
[SEU] addr=20003176 bit=00000002
[SEU] addr=200031D9 bit=00000000
[SEU] addr=200031E2 bit=00000000
[SEU] addr=20003157 bit=00000007
[CMD QUEUE CORRUPTED] primary repaired
[SEU] addr=2000318C bit=00000005
[ERR] seq=6353 err=1256
[ERR] seq=6354 err=88
[ERR] seq=6355 err=88
[SEU] addr=2000317C bit=00000003
[SEU] addr=20003178 bit=00000002
[SEU] addr=20003172 bit=00000005
[SEU] addr=20003191 bit=00000002
[ERR] seq=6380 err=2508
[ERR] seq=6381 err=200
[ERR] seq=6382 err=216
[ERR] seq=6383 err=32
[ERR] seq=6384 err=16
[SEU] addr=2000318E bit=00000003
[ERR] seq=6386 err=10504
[ERR] seq=6387 err=832
[ERR] seq=6388 err=888
[ERR] seq=6389 err=112
[ERR] seq=6390 err=56
[SEU] addr=200031A5 bit=00000001
[SEU] addr=20003147 bit=00000006
[SAMPLE QUEUE CORRUPTED] primary repaired
[SEU] addr=20003179 bit=00000002
[SEU] addr=200031D8 bit=00000005
[SEU] addr=200031B5 bit=00000005
[SEU] addr=200031AE bit=00000005
[SEU] addr=2000314A bit=00000000
[SEU] addr=2000319B bit=00000005
[SEU] addr=20003170 bit=00000004
[SEU] addr=2000316A bit=00000003
[SEU] addr=20003191 bit=00000006
[ERR] seq=6446 err=2444
[ERR] seq=6447 err=192
[ERR] seq=6448 err=200
[ERR] seq=6449 err=24
[ERR] seq=6450 err=16
[SEU] addr=200031E1 bit=00000004
[SEU] addr=20003160 bit=00000001
[CMD QUEUE backup CORRUPTED] backup repaired
[SEU] addr=200031DB bit=00000002
[SEU] addr=20003171 bit=00000006
[SEU] addr=200031AE bit=00000002
[SEU] addr=20003190 bit=00000005
[ERR] seq=6491 err=256
[ERR] seq=6492 err=16
[ERR] seq=6493 err=16
[SEU] addr=20003171 bit=00000006
[SEU] addr=20003194 bit=00000004
[ERR] seq=6503 err=128
[ERR] seq=6504 err=8
[ERR] seq=6505 err=8
[SEU] addr=200031D0 bit=00000003
[SEU] addr=200031D8 bit=00000004
[SEU] addr=20003191 bit=00000004
[ERR] seq=6528 err=2548
[ERR] seq=6529 err=200
[ERR] seq=6530 err=216
[ERR] seq=6531 err=32
[SEU] addr=20003195 bit=00000004
[ERR] seq=6532 err=2548
[ERR] seq=6533 err=200
[ERR] seq=6534 err=216
[ERR] seq=6535 err=32
[ERR] seq=6536 err=16
[SEU] addr=200031BF bit=00000002
[SEU] addr=200031B3 bit=00000007
[SEU] addr=20003191 bit=00000005
[ERR] seq=6550 err=2524
[ERR] seq=6551 err=200
[ERR] seq=6552 err=216
[ERR] seq=6553 err=32
[SEU] addr=2000318D bit=00000002
[ERR] seq=6554 err=4496
[ERR] seq=6555 err=352
[SEU] addr=2000316E bit=00000006
[ERR] seq=6556 err=360
[ERR] seq=6557 err=24
[ERR] seq=6558 err=16
[SEU] addr=200031AB bit=00000005
[SEU] addr=20003165 bit=00000007
[SEU] addr=2000318D bit=00000000
[ERR] seq=6571 err=9520
[ERR] seq=6572 err=752
[ERR] seq=6573 err=800
[ERR] seq=6574 err=96
[ERR] seq=6575 err=48
[SEU] addr=200031CC bit=00000006
[SEU] addr=200031D0 bit=00000004
[SEU] addr=2000316E bit=00000000
[SEU] addr=200031A5 bit=00000002
[SEU] addr=2000315C bit=00000004
[CMD QUEUE backup CORRUPTED] backup repaired
[SEU] addr=20003192 bit=00000005
[ERR] seq=6617 err=2468
[ERR] seq=6618 err=192
[SEU] addr=200031B3 bit=00000006
[ERR] seq=6619 err=200
[ERR] seq=6620 err=24
[ERR] seq=6621 err=16
[SEU] addr=2000315E bit=00000006
[CMD QUEUE backup CORRUPTED] backup repaired
[SEU] addr=20003149 bit=00000001
[SEU] addr=20003182 bit=00000007
[SEU] addr=200031C5 bit=00000004
[SEU] addr=200031A5 bit=00000004
[SEU] addr=2000314A bit=00000005
[SEU] addr=200031A4 bit=00000001
[SEU] addr=20003161 bit=00000005
[SEU] addr=200031E0 bit=00000004
[SEU] addr=2000318B bit=00000000
[SEU] addr=200031E1 bit=00000007
[SEU] addr=2000319F bit=00000000
[SEU] addr=200031CE bit=00000005
[SEU] addr=2000319D bit=00000007
[SEU] addr=20003172 bit=00000005
[SEU] addr=200031B5 bit=00000005
[SEU] addr=200031BB bit=00000007
[SEU] addr=200031C6 bit=00000004
[SEU] addr=20003164 bit=00000004
[SEU] addr=200031E0 bit=00000000
[SEU] addr=200031BC bit=00000006
[SEU] addr=200031EA bit=00000000
[SEU] addr=200031E1 bit=00000002
[SEU] addr=20003155 bit=00000005
[CMD QUEUE CORRUPTED] primary repaired
[SEU] addr=20003158 bit=00000004
[CMD QUEUE CORRUPTED] primary repaired
[SEU] addr=2000314E bit=00000006
[SAMPLE QUEUE backup CORRUPTED] backup repaired
[SEU] addr=200031A5 bit=00000006
[SEU] addr=200031E3 bit=00000003
[SEU] addr=200031E6 bit=00000005
[SEU] addr=200031AC bit=00000001
[SEU] addr=20003169 bit=00000007
[SEU] addr=20003163 bit=00000001
[SEU] addr=200031D3 bit=00000006
[SEU] addr=2000319B bit=00000004
[ERR] seq=6799 err=2516
[ERR] seq=6800 err=200
[ERR] seq=6801 err=216
[SEU] addr=200031DE bit=00000007
[ERR] seq=6802 err=32
[ERR] seq=6803 err=16
[SEU] addr=20003159 bit=00000000
[SEU] addr=200031C2 bit=00000003
[SEU] addr=20003157 bit=00000005
[CMD QUEUE CORRUPTED] primary repaired
[SEU] addr=200031DE bit=00000002
[SEU] addr=200031BC bit=00000003
[SEU] addr=2000316D bit=00000000
[SEU] addr=200031B2 bit=00000004
[SEU] addr=2000316F bit=00000000
[SEU] addr=20003162 bit=00000000
[SEU] addr=2000316A bit=00000007
[SEU] addr=200031CC bit=00000001
[SEU] addr=200031E6 bit=00000007
[SEU] addr=200031D7 bit=00000002
[SEU] addr=20003151 bit=00000000
[SEU] addr=200031A4 bit=00000004
[SEU] addr=200031AD bit=00000005
[SEU] addr=20003164 bit=00000004
[SEU] addr=200031BB bit=00000001
[SEU] addr=200031C1 bit=00000001
[SEU] addr=200031B3 bit=00000002
[SEU] addr=2000316E bit=00000006
[SEU] addr=2000314A bit=00000005
[SEU] addr=200031E9 bit=00000006
[SEU] addr=20003176 bit=00000006
[SEU] addr=200031B8 bit=00000002
[SEU] addr=200031C0 bit=00000004
[SEU] addr=200031BE bit=00000005
[SEU] addr=200031AC bit=00000002
[SEU] addr=20003188 bit=00000001
[SEU] addr=200031BF bit=00000006
[SEU] addr=200031CF bit=00000003
[SEU] addr=20003185 bit=00000001
[SEU] addr=20003152 bit=00000006
[SEU] addr=2000318F bit=00000001
[ERR] seq=7001 err=4240
[ERR] seq=7002 err=328
[SEU] addr=20003171 bit=00000001
[ERR] seq=7003 err=336
[ERR] seq=7004 err=16
[ERR] seq=7005 err=8
[SEU] addr=200031D8 bit=00000007
[SEU] addr=20003151 bit=00000006
[SEU] addr=200031C3 bit=00000003
[SEU] addr=2000315F bit=00000004
[CMD QUEUE backup CORRUPTED] backup repaired
[SEU] addr=200031E9 bit=00000004
[SEU] addr=200031D0 bit=00000006
[SEU] addr=20003192 bit=00000005
[ERR] seq=7045 err=2452
[ERR] seq=7046 err=192
[ERR] seq=7047 err=200
[SEU] addr=200031D3 bit=00000002
[ERR] seq=7048 err=24
[ERR] seq=7049 err=16
[SEU] addr=200031D5 bit=00000001
[SEU] addr=20003167 bit=00000001
[SEU] addr=20003172 bit=00000003
[SEU] addr=200031A4 bit=00000005
[SEU] addr=200031C5 bit=00000006
[SEU] addr=200031BC bit=00000005
[SEU] addr=2000314C bit=00000007
[SAMPLE QUEUE backup CORRUPTED] backup repaired
[SEU] addr=200031CC bit=00000002
[SEU] addr=200031A0 bit=00000002
[SEU] addr=200031B7 bit=00000000
[SEU] addr=2000317A bit=00000003
[SEU] addr=200031B6 bit=00000000
[SEU] addr=20003162 bit=00000003
[SEU] addr=200031B6 bit=00000000
[SEU] addr=200031E1 bit=00000007
[SEU] addr=200031C4 bit=00000002
[SEU] addr=200031BE bit=00000000
[SEU] addr=20003159 bit=00000002
[SEU] addr=200031C9 bit=00000002
[SEU] addr=2000315A bit=00000000
[SEU] addr=20003153 bit=00000003
[SEU] addr=200031A6 bit=00000000
[SEU] addr=2000318C bit=00000005
[ERR] seq=7187 err=4808
[ERR] seq=7188 err=376
[ERR] seq=7189 err=400
[ERR] seq=7190 err=48
[ERR] seq=7191 err=24
[SEU] addr=200031E5 bit=00000004
[SEU] addr=2000315B bit=00000006
[SEU] addr=20003162 bit=00000004
[SEU] addr=20003166 bit=00000002
[SEU] addr=2000317A bit=00000001
[SEU] addr=200031AC bit=00000000
[SEU] addr=200031A3 bit=00000004
[SEU] addr=200031E7 bit=00000003
[SEU] addr=200031EA bit=00000003
[SEU] addr=200031B2 bit=00000002
[SEU] addr=200031B7 bit=00000004
[SEU] addr=20003153 bit=00000004
[SEU] addr=20003175 bit=00000002
[SEU] addr=20003196 bit=00000004
[ERR] seq=7271 err=2492
[SEU] addr=2000319E bit=00000005
[ERR] seq=7272 err=192
[ERR] seq=7273 err=200
[ERR] seq=7274 err=24
[ERR] seq=7275 err=16
[SEU] addr=2000318A bit=00000006
[SEU] addr=200031BD bit=00000003
[SEU] addr=200031CD bit=00000004
[SEU] addr=200031A1 bit=00000001
[SEU] addr=2000319E bit=00000003
[SEU] addr=20003195 bit=00000002
[ERR] seq=7299 err=2500
[ERR] seq=7300 err=200
[ERR] seq=7301 err=216
[SEU] addr=2000315C bit=00000000
[CMD QUEUE backup CORRUPTED] backup repaired
[ERR] seq=7302 err=32
[ERR] seq=7303 err=16
[SEU] addr=200031B7 bit=00000006
[SEU] addr=20003144 bit=00000003
[SAMPLE QUEUE CORRUPTED] primary repaired
[SEU] addr=200031A2 bit=00000006
[SEU] addr=2000317C bit=00000006
[SEU] addr=20003197 bit=00000006
[SEU] addr=20003190 bit=00000000
[ERR] seq=7334 err=8
[SEU] addr=20003162 bit=00000004
[SEU] addr=200031A9 bit=00000005
[SEU] addr=2000314D bit=00000003
[SAMPLE QUEUE backup CORRUPTED] backup repaired
[SEU] addr=200031BA bit=00000007
[SEU] addr=2000316E bit=00000007
[SEU] addr=200031AD bit=00000005
[SEU] addr=2000314C bit=00000004
[SAMPLE QUEUE backup CORRUPTED] backup repaired
[SEU] addr=200031A6 bit=00000006
[SEU] addr=2000319A bit=00000005
[ERR] seq=7379 err=2476
[ERR] seq=7380 err=192
[ERR] seq=7381 err=200
[ERR] seq=7382 err=24
[ERR] seq=7383 err=16
[SEU] addr=20003156 bit=00000005
[CMD QUEUE CORRUPTED] primary repaired
[SEU] addr=200031BD bit=00000004
[SEU] addr=20003193 bit=00000006
[SEU] addr=20003182 bit=00000002
[SEU] addr=200031D9 bit=00000005
[SEU] addr=20003190 bit=00000003
[ERR] seq=7408 err=64
[SEU] addr=200031A8 bit=00000005
[SEU] addr=20003168 bit=00000006
[SEU] addr=200031D3 bit=00000004
[SEU] addr=200031C0 bit=00000002
[SEU] addr=20003160 bit=00000006
[CMD QUEUE backup CORRUPTED] backup repaired
[SEU] addr=200031B1 bit=00000002
[SEU] addr=2000314B bit=00000007
[SEU] addr=200031DC bit=00000005
[SEU] addr=200031C2 bit=00000002
[SEU] addr=2000316E bit=00000007
[SEU] addr=2000318A bit=00000001
[SEU] addr=20003193 bit=00000003
[ERR] seq=7485 err=2516
[ERR] seq=7486 err=200
[ERR] seq=7487 err=216
[ERR] seq=7488 err=32
[ERR] seq=7489 err=16
[SEU] addr=2000314A bit=00000000
[SEU] addr=2000317B bit=00000005
[SEU] addr=200031D6 bit=00000002
[SEU] addr=20003157 bit=00000005
[CMD QUEUE CORRUPTED] primary repaired
[SEU] addr=200031CD bit=00000000
[SEU] addr=200031A6 bit=00000000
[SEU] addr=2000315D bit=00000004
[CMD QUEUE backup CORRUPTED] backup repaired
[SEU] addr=200031B8 bit=00000000
[SEU] addr=200031D3 bit=00000005
[SEU] addr=200031D8 bit=00000004
[SEU] addr=2000315B bit=00000007
[SEU] addr=2000315D bit=00000000
[CMD QUEUE backup CORRUPTED] backup repaired
[SEU] addr=2000317B bit=00000006
[SEU] addr=20003146 bit=00000003
[SAMPLE QUEUE CORRUPTED] primary repaired
[SEU] addr=200031E3 bit=00000006
[SEU] addr=20003180 bit=00000000
[SEU] addr=200031E2 bit=00000007
[SEU] addr=200031C4 bit=00000001
[SEU] addr=200031D8 bit=00000005
[SEU] addr=200031B8 bit=00000007
[SEU] addr=200031E4 bit=00000006
[SEU] addr=200031E4 bit=00000002
[SEU] addr=20003167 bit=00000007
[SEU] addr=200031E1 bit=00000003
[SEU] addr=200031A9 bit=00000004
[SEU] addr=20003186 bit=00000000
[SEU] addr=20003160 bit=00000004
[CMD QUEUE backup CORRUPTED] backup repaired
[SEU] addr=2000314F bit=00000003
[SAMPLE QUEUE backup CORRUPTED] backup repaired
[SEU] addr=2000314C bit=00000002
[SAMPLE QUEUE backup CORRUPTED] backup repaired
[SEU] addr=200031B5 bit=00000001
[SEU] addr=2000316C bit=00000007
[SEU] addr=200031E8 bit=00000000
[SEU] addr=200031EA bit=00000004
[SEU] addr=2000316F bit=00000003
[SEU] addr=20003165 bit=00000004
[SEU] addr=2000318B bit=00000006
[SEU] addr=20003164 bit=00000003
[SEU] addr=200031B6 bit=00000001
[SEU] addr=200031CD bit=00000001
[SEU] addr=200031BB bit=00000001
[SEU] addr=20003161 bit=00000004
[SEU] addr=200031C1 bit=00000007
[SEU] addr=200031C6 bit=00000005
[SEU] addr=2000315C bit=00000003
[CMD QUEUE backup CORRUPTED] backup repaired
[SEU] addr=200031D4 bit=00000005
[SEU] addr=200031C1 bit=00000005
[SEU] addr=200031BC bit=00000006
[SEU] addr=20003146 bit=00000003
[SAMPLE QUEUE CORRUPTED] primary repaired
[SEU] addr=200031E8 bit=00000003
[SEU] addr=200031C4 bit=00000000
[SEU] addr=200031C0 bit=00000005
[SEU] addr=2000319E bit=00000004
[SEU] addr=20003198 bit=00000004
[ERR] seq=7785 err=128
[ERR] seq=7786 err=8
[ERR] seq=7787 err=8
[SEU] addr=20003144 bit=00000000
[SAMPLE QUEUE CORRUPTED] primary repaired
[SEU] addr=20003173 bit=00000003
[SEU] addr=2000314A bit=00000003
[SEU] addr=20003168 bit=00000007
[SEU] addr=2000315C bit=00000002
[CMD QUEUE backup CORRUPTED] backup repaired
[SEU] addr=20003144 bit=00000006
[SAMPLE QUEUE CORRUPTED] primary repaired
[SEU] addr=20003165 bit=00000001
[SEU] addr=200031AD bit=00000004
[SEU] addr=200031D3 bit=00000005
[SEU] addr=200031DE bit=00000006
[SEU] addr=200031BF bit=00000004
[SEU] addr=20003198 bit=00000007
[ERR] seq=7848 err=1024
[SEU] addr=2000317B bit=00000000
[ERR] seq=7849 err=80
[ERR] seq=7850 err=80
[SEU] addr=20003168 bit=00000000
[SEU] addr=2000315C bit=00000006
[CMD QUEUE backup CORRUPTED] backup repaired
[SEU] addr=2000319A bit=00000000
[ERR] seq=7863 err=2516
[ERR] seq=7864 err=200
[SEU] addr=2000316E bit=00000004
[ERR] seq=7865 err=216
[ERR] seq=7866 err=32
[ERR] seq=7867 err=16
[SEU] addr=2000319C bit=00000007
[SEU] addr=200031AD bit=00000001
[SEU] addr=2000317F bit=00000003
[SEU] addr=20003174 bit=00000005
[SEU] addr=20003149 bit=00000006
[SEU] addr=20003179 bit=00000000
[SEU] addr=20003158 bit=00000003
[CMD QUEUE CORRUPTED] primary repaired
[SEU] addr=2000314C bit=00000000
[SAMPLE QUEUE backup CORRUPTED] backup repaired
[SEU] addr=200031C7 bit=00000006
[SEU] addr=20003181 bit=00000005
[SEU] addr=200031B7 bit=00000007
[SEU] addr=200031C7 bit=00000006
[SEU] addr=200031B9 bit=00000006
[SEU] addr=20003154 bit=00000006
[CMD QUEUE CORRUPTED] primary repaired
[SEU] addr=200031BB bit=00000006
[SEU] addr=20003175 bit=00000005
[SEU] addr=20003152 bit=00000002
[SEU] addr=20003162 bit=00000006
[SEU] addr=200031B6 bit=00000005
[SEU] addr=20003196 bit=00000003
[ERR] seq=7984 err=2484
[ERR] seq=7985 err=192
[ERR] seq=7986 err=200
[ERR] seq=7987 err=24
[ERR] seq=7988 err=16
[SEU] addr=200031B2 bit=00000004
[SEU] addr=20003158 bit=00000003
[CMD QUEUE CORRUPTED] primary repaired
[SEU] addr=200031DB bit=00000005
[SEU] addr=200031A8 bit=00000003
[SEU] addr=200031AF bit=00000002
[SEU] addr=200031A0 bit=00000000
[SEU] addr=2000315E bit=00000005
[CMD QUEUE backup CORRUPTED] backup repaired
[SEU] addr=200031E4 bit=00000007
[SEU] addr=20003160 bit=00000006
[CMD QUEUE backup CORRUPTED] backup repaired
[SEU] addr=200031D4 bit=00000006
[SEU] addr=200031CF bit=00000001
[SEU] addr=20003189 bit=00000005
[SEU] addr=20003151 bit=00000002
[SEU] addr=2000316E bit=00000007
[SEU] addr=20003195 bit=00000002
[ERR] seq=8075 err=2524
[ERR] seq=8076 err=200
[ERR] seq=8077 err=216
[ERR] seq=8078 err=32
[ERR] seq=8079 err=16
[SEU] addr=200031A9 bit=00000001
[SEU] addr=200031D8 bit=00000007
[SEU] addr=200031E1 bit=00000005
[SEU] addr=2000319C bit=00000000
[SEU] addr=200031A4 bit=00000001
[SEU] addr=200031D7 bit=00000000
[SEU] addr=2000318A bit=00000006
[SEU] addr=200031D6 bit=00000002
[SEU] addr=200031D9 bit=00000002
[SEU] addr=200031B9 bit=00000007
[SEU] addr=20003152 bit=00000007
[SEU] addr=200031B3 bit=00000005
[SEU] addr=200031C0 bit=00000003
[SEU] addr=2000317E bit=00000005
[SEU] addr=2000316C bit=00000007
[SEU] addr=200031D3 bit=00000006
[SEU] addr=200031A6 bit=00000002
[SEU] addr=20003145 bit=00000006
[SAMPLE QUEUE CORRUPTED] primary repaired
[SEU] addr=200031D1 bit=00000000
[SEU] addr=200031B0 bit=00000003
[SEU] addr=20003158 bit=00000002
[CMD QUEUE CORRUPTED] primary repaired
[SEU] addr=2000315A bit=00000006
[SEU] addr=200031CD bit=00000004
[SEU] addr=200031B0 bit=00000003
[SEU] addr=200031DA bit=00000006
[SEU] addr=20003147 bit=00000000
[SAMPLE QUEUE CORRUPTED] primary repaired
[SEU] addr=200031DC bit=00000002
[SEU] addr=2000314A bit=00000007
[SEU] addr=20003144 bit=00000007
[SAMPLE QUEUE CORRUPTED] primary repaired
[SEU] addr=200031BA bit=00000003
[SEU] addr=20003163 bit=00000003
[SEU] addr=200031BA bit=00000004
[SEU] addr=200031B9 bit=00000005
[SEU] addr=20003193 bit=00000007
[SEU] addr=200031C9 bit=00000001
[SEU] addr=20003150 bit=00000000
[SAMPLE QUEUE backup CORRUPTED] backup repaired
[SEU] addr=20003179 bit=00000007
[SEU] addr=2000318C bit=00000002
[ERR] seq=8291 err=560
[ERR] seq=8292 err=40
[ERR] seq=8293 err=40
[SEU] addr=20003154 bit=00000001
[CMD QUEUE CORRUPTED] primary repaired
[SEU] addr=200031B8 bit=00000004
[SEU] addr=2000318C bit=00000006
[ERR] seq=8305 err=8792
[SEU] addr=2000318D bit=00000001
[ERR] seq=8306 err=2192
[ERR] seq=8307 err=624
[ERR] seq=8308 err=144
[ERR] seq=8309 err=40
[SEU] addr=2000314C bit=00000002
[SAMPLE QUEUE backup CORRUPTED] backup repaired
[SEU] addr=2000318E bit=00000003
[ERR] seq=8317 err=2368
[ERR] seq=8318 err=176
[ERR] seq=8319 err=176
[SEU] addr=2000315D bit=00000004
[CMD QUEUE backup CORRUPTED] backup repaired
[SEU] addr=200031BD bit=00000000
[SEU] addr=20003167 bit=00000007
[SEU] addr=200031BE bit=00000004
[SEU] addr=2000316C bit=00000004
[SEU] addr=20003144 bit=00000004
[SAMPLE QUEUE CORRUPTED] primary repaired
[SEU] addr=20003146 bit=00000003
[SAMPLE QUEUE CORRUPTED] primary repaired
[SEU] addr=200031C4 bit=00000003
[SEU] addr=20003169 bit=00000006
[SEU] addr=2000314D bit=00000003
[SAMPLE QUEUE backup CORRUPTED] backup repaired
[SEU] addr=20003157 bit=00000006
[CMD QUEUE CORRUPTED] primary repaired
[SEU] addr=200031DA bit=00000004
[SEU] addr=20003156 bit=00000000
[CMD QUEUE CORRUPTED] primary repaired
[SEU] addr=2000318F bit=00000005
[ERR] seq=8396 err=2320
[ERR] seq=8397 err=176
[ERR] seq=8398 err=176
[SEU] addr=2000319F bit=00000007
[SEU] addr=200031CC bit=00000002
[SEU] addr=2000319D bit=00000004
[SEU] addr=2000314F bit=00000004
[SAMPLE QUEUE backup CORRUPTED] backup repaired
[SEU] addr=20003167 bit=00000002
[SEU] addr=200031A3 bit=00000002
[SEU] addr=200031C6 bit=00000001
[SEU] addr=20003181 bit=00000000
[SEU] addr=200031D7 bit=00000000
[SEU] addr=20003180 bit=00000004
[SEU] addr=200031CD bit=00000006
[SEU] addr=2000315F bit=00000002
[CMD QUEUE backup CORRUPTED] backup repaired
[SEU] addr=20003150 bit=00000004
[SAMPLE QUEUE backup CORRUPTED] backup repaired
[SEU] addr=200031A0 bit=00000005
[SEU] addr=20003148 bit=00000006
[SAMPLE QUEUE CORRUPTED] primary repaired
[SEU] addr=20003151 bit=00000007
[SEU] addr=200031A3 bit=00000002
[SEU] addr=200031DA bit=00000001
[SEU] addr=20003145 bit=00000007
[SAMPLE QUEUE CORRUPTED] primary repaired
[SEU] addr=20003144 bit=00000000
[SAMPLE QUEUE CORRUPTED] primary repaired
[SEU] addr=20003152 bit=00000005
[SEU] addr=20003159 bit=00000003
[SEU] addr=20003178 bit=00000004
[SEU] addr=2000314C bit=00000002
[SAMPLE QUEUE backup CORRUPTED] backup repaired
[SEU] addr=200031BF bit=00000004
[SEU] addr=200031AD bit=00000002
[SEU] addr=20003150 bit=00000001
[SAMPLE QUEUE backup CORRUPTED] backup repaired
[SEU] addr=200031E7 bit=00000005
[SEU] addr=20003167 bit=00000007
[SEU] addr=200031D3 bit=00000003
[SEU] addr=200031A3 bit=00000006
[SEU] addr=200031AF bit=00000000
[SEU] addr=2000315B bit=00000003
[SEU] addr=200031D4 bit=00000002
[SEU] addr=20003192 bit=00000000
[ERR] seq=8594 err=2548
[ERR] seq=8595 err=200
[ERR] seq=8596 err=216
[ERR] seq=8597 err=32
[ERR] seq=8598 err=16
[SEU] addr=20003196 bit=00000002
[ERR] seq=8604 err=2468
[ERR] seq=8605 err=192
[ERR] seq=8606 err=200
[SEU] addr=20003161 bit=00000002
[ERR] seq=8607 err=24
[SEU] addr=200031C3 bit=00000005
[ERR] seq=8608 err=16
[SEU] addr=20003186 bit=00000002
[SEU] addr=2000314E bit=00000007
[SAMPLE QUEUE backup CORRUPTED] backup repaired
[SEU] addr=200031B6 bit=00000004
[SEU] addr=200031C9 bit=00000001
[SEU] addr=2000317D bit=00000001
[SEU] addr=20003183 bit=00000000
[SEU] addr=20003153 bit=00000003
[SEU] addr=2000315D bit=00000004
[CMD QUEUE backup CORRUPTED] backup repaired
[SEU] addr=20003199 bit=00000004
[ERR] seq=8660 err=2532
[ERR] seq=8661 err=200
[ERR] seq=8662 err=216
[ERR] seq=8663 err=32
[ERR] seq=8664 err=16
[SEU] addr=2000315E bit=00000000
[CMD QUEUE backup CORRUPTED] backup repaired
[SEU] addr=200031B2 bit=00000002
[SEU] addr=20003156 bit=00000001
[CMD QUEUE CORRUPTED] primary repaired
[SEU] addr=200031A6 bit=00000000
[SEU] addr=20003165 bit=00000000
[SEU] addr=20003160 bit=00000000
[CMD QUEUE backup CORRUPTED] backup repaired
[SEU] addr=2000319E bit=00000005
[SEU] addr=200031DD bit=00000002
[SEU] addr=20003171 bit=00000004
[SEU] addr=2000318F bit=00000000
[ERR] seq=8709 err=8776
[ERR] seq=8710 err=680
[SEU] addr=200031D8 bit=00000003
[ERR] seq=8711 err=720
[ERR] seq=8712 err=88
[ERR] seq=8713 err=48
[SEU] addr=200031CD bit=00000006
[SEU] addr=200031D5 bit=00000007
[SEU] addr=2000314A bit=00000005
[SEU] addr=20003173 bit=00000002
[SEU] addr=20003153 bit=00000002
[SEU] addr=2000315A bit=00000003
[SEU] addr=200031D3 bit=00000000
[SEU] addr=200031D4 bit=00000005
[SEU] addr=2000315B bit=00000005
[SEU] addr=20003160 bit=00000001
[CMD QUEUE backup CORRUPTED] backup repaired
[SEU] addr=2000316E bit=00000004
[SEU] addr=200031C2 bit=00000004
[SEU] addr=20003187 bit=00000001
[SEU] addr=20003191 bit=00000000
[ERR] seq=8790 err=2048
[ERR] seq=8791 err=160
[ERR] seq=8792 err=168
[ERR] seq=8793 err=16
[ERR] seq=8794 err=8
[SEU] addr=200031BB bit=00000002
[SEU] addr=20003157 bit=00000005
[CMD QUEUE CORRUPTED] primary repaired
[SEU] addr=200031B5 bit=00000006
[SEU] addr=200031EB bit=00000000
[SEU] addr=20003150 bit=00000007
[SAMPLE QUEUE backup CORRUPTED] backup repaired
[SEU] addr=200031BA bit=00000001
[SEU] addr=200031C0 bit=00000006
[SEU] addr=200031A5 bit=00000004
[SEU] addr=2000314A bit=00000006
[SEU] addr=200031CC bit=00000007
[SEU] addr=2000314F bit=00000003
[SAMPLE QUEUE backup CORRUPTED] backup repaired
[SEU] addr=20003194 bit=00000007
[ERR] seq=8864 err=1024
[ERR] seq=8865 err=80
[ERR] seq=8866 err=80
[SEU] addr=20003182 bit=00000006
[SEU] addr=200031CF bit=00000006
[SEU] addr=200031D4 bit=00000002
[SEU] addr=200031E2 bit=00000004
[SEU] addr=2000318E bit=00000001
[ERR] seq=8889 err=864
[ERR] seq=8890 err=56
[ERR] seq=8891 err=56
[SEU] addr=200031E5 bit=00000006
[SEU] addr=200031E6 bit=00000000
[SEU] addr=20003180 bit=00000002
[SEU] addr=20003177 bit=00000002
[SEU] addr=20003181 bit=00000000
[SEU] addr=20003197 bit=00000003
[ERR] seq=8918 err=2492
[ERR] seq=8919 err=192
[ERR] seq=8920 err=200
[ERR] seq=8921 err=24
[ERR] seq=8922 err=16
[SEU] addr=20003177 bit=00000001
[SEU] addr=2000315C bit=00000001
[CMD QUEUE backup CORRUPTED] backup repaired
[SEU] addr=2000314C bit=00000005
[SAMPLE QUEUE backup CORRUPTED] backup repaired
[SEU] addr=20003156 bit=00000000
[CMD QUEUE CORRUPTED] primary repaired
[SEU] addr=200031E9 bit=00000002
[SEU] addr=20003199 bit=00000007
[ERR] seq=8954 err=2508
[ERR] seq=8955 err=200
[ERR] seq=8956 err=216
[ERR] seq=8957 err=32
[ERR] seq=8958 err=16
[SEU] addr=200031DA bit=00000001
[SEU] addr=20003176 bit=00000002
[SEU] addr=200031BC bit=00000003
[SEU] addr=20003189 bit=00000001
[SEU] addr=2000316C bit=00000001
[SEU] addr=2000316F bit=00000007
[SEU] addr=20003150 bit=00000000
[SAMPLE QUEUE backup CORRUPTED] backup repaired
[SEU] addr=200031BA bit=00000000
[SEU] addr=20003161 bit=00000004
[SEU] addr=200031B0 bit=00000003
[SEU] addr=200031D6 bit=00000000
[SEU] addr=200031B5 bit=00000004
[SEU] addr=20003167 bit=00000003
[SEU] addr=2000317F bit=00000004
[SEU] addr=200031B5 bit=00000003
[SEU] addr=20003192 bit=00000003
[ERR] seq=9042 err=2556
[ERR] seq=9043 err=200
[SEU] addr=200031CB bit=00000001
[ERR] seq=9044 err=216
[ERR] seq=9045 err=32
[ERR] seq=9046 err=16
[SEU] addr=20003159 bit=00000007
[SEU] addr=20003197 bit=00000001
[ERR] seq=9051 err=2484
[ERR] seq=9052 err=192
[ERR] seq=9053 err=200
[ERR] seq=9054 err=24
[ERR] seq=9055 err=16
[SEU] addr=2000318B bit=00000001
[SEU] addr=20003182 bit=00000001
[SEU] addr=20003171 bit=00000001
[SEU] addr=200031A2 bit=00000006
[SEU] addr=200031DA bit=00000000
[SEU] addr=2000318D bit=00000005
[ERR] seq=9086 err=5736
[ERR] seq=9087 err=448
[ERR] seq=9088 err=472
[ERR] seq=9089 err=48
[ERR] seq=9090 err=24
[SEU] addr=2000317C bit=00000001
[SEU] addr=200031AC bit=00000002
[SEU] addr=20003148 bit=00000001
[SAMPLE QUEUE CORRUPTED] primary repaired
[SEU] addr=20003144 bit=00000006
[SAMPLE QUEUE CORRUPTED] primary repaired
[SEU] addr=20003167 bit=00000003
[SEU] addr=2000317B bit=00000005
[SEU] addr=2000314C bit=00000002
[SAMPLE QUEUE backup CORRUPTED] backup repaired
[SEU] addr=20003148 bit=00000006
[SAMPLE QUEUE CORRUPTED] primary repaired
[SEU] addr=200031CC bit=00000001
[SEU] addr=2000318D bit=00000004
[ERR] seq=9151 err=9960
[ERR] seq=9152 err=792
[SEU] addr=200031BC bit=00000004
[ERR] seq=9153 err=848
[ERR] seq=9154 err=112
[ERR] seq=9155 err=56
[SEU] addr=200031B1 bit=00000003
[SEU] addr=200031CD bit=00000002
[SEU] addr=200031CA bit=00000006
[SEU] addr=200031C8 bit=00000001
[SEU] addr=20003198 bit=00000006
[ERR] seq=9193 err=512
[ERR] seq=9194 err=40
[ERR] seq=9195 err=40
[SEU] addr=200031E6 bit=00000002
[SEU] addr=2000315B bit=00000001
[SEU] addr=20003183 bit=00000004
[SEU] addr=200031A4 bit=00000005
[SEU] addr=2000314A bit=00000002
[SEU] addr=20003179 bit=00000002
[SEU] addr=200031CE bit=00000004
[SEU] addr=200031A8 bit=00000001
[SEU] addr=200031C7 bit=00000005
[SEU] addr=200031B0 bit=00000002
[SEU] addr=20003168 bit=00000004
[SEU] addr=2000315D bit=00000001
[CMD QUEUE backup CORRUPTED] backup repaired
[SEU] addr=2000314A bit=00000002
[SEU] addr=20003167 bit=00000000
[SEU] addr=20003161 bit=00000002
[SEU] addr=200031CB bit=00000001
[SEU] addr=20003152 bit=00000005
[SEU] addr=200031BB bit=00000002
[SEU] addr=20003174 bit=00000003
[SEU] addr=20003151 bit=00000000
[SEU] addr=2000316B bit=00000000
[SEU] addr=200031A0 bit=00000001
[SEU] addr=200031BE bit=00000000
[SEU] addr=20003190 bit=00000004
[ERR] seq=9331 err=128
[ERR] seq=9332 err=8
[ERR] seq=9333 err=8
[SEU] addr=200031CB bit=00000002
[SEU] addr=200031A5 bit=00000003
[SEU] addr=2000315A bit=00000005
[SEU] addr=20003190 bit=00000004
[ERR] seq=9353 err=128
[ERR] seq=9354 err=8
[ERR] seq=9355 err=8
[SEU] addr=200031A1 bit=00000004
[SEU] addr=2000317C bit=00000005
[SEU] addr=20003156 bit=00000000
[CMD QUEUE CORRUPTED] primary repaired
[SEU] addr=20003170 bit=00000005
[SEU] addr=200031AA bit=00000002
[SEU] addr=200031BA bit=00000000
[SEU] addr=20003182 bit=00000000
[SEU] addr=2000319D bit=00000004
[SEU] addr=20003149 bit=00000003
[SEU] addr=2000317B bit=00000003
[SEU] addr=200031B2 bit=00000004
[SEU] addr=20003156 bit=00000004
[CMD QUEUE CORRUPTED] primary repaired
[SEU] addr=20003171 bit=00000005
[SEU] addr=20003179 bit=00000004
[SEU] addr=20003193 bit=00000003
[ERR] seq=9452 err=2500
[ERR] seq=9453 err=200
[ERR] seq=9454 err=216
[ERR] seq=9455 err=32
[ERR] seq=9456 err=16
[SEU] addr=2000316D bit=00000003
[SEU] addr=2000319C bit=00000003
[SEU] addr=200031E5 bit=00000002
[SEU] addr=20003179 bit=00000004
[SEU] addr=20003163 bit=00000000
[SEU] addr=2000315A bit=00000007
[SEU] addr=2000315A bit=00000004
[SEU] addr=200031CB bit=00000000
[SEU] addr=20003163 bit=00000003
[SEU] addr=20003173 bit=00000003
[SEU] addr=200031DC bit=00000003
[SEU] addr=20003166 bit=00000005
[SEU] addr=200031C5 bit=00000000
[SEU] addr=20003198 bit=00000002
[ERR] seq=9521 err=32
[SEU] addr=200031D3 bit=00000003
[SEU] addr=200031AF bit=00000005
[SEU] addr=200031D3 bit=00000007
[SEU] addr=200031BE bit=00000001
[SEU] addr=200031D3 bit=00000005
[SEU] addr=200031C7 bit=00000004
[SEU] addr=200031B2 bit=00000003
[SEU] addr=20003186 bit=00000004
[SEU] addr=20003195 bit=00000000
[ERR] seq=9563 err=2048
[ERR] seq=9564 err=160
[ERR] seq=9565 err=168
[ERR] seq=9566 err=16
[SEU] addr=2000316A bit=00000001
[ERR] seq=9567 err=8
[SEU] addr=20003192 bit=00000006
[ERR] seq=9575 err=2460
[ERR] seq=9576 err=192
[ERR] seq=9577 err=200
[ERR] seq=9578 err=24
[ERR] seq=9579 err=16
[SEU] addr=200031C7 bit=00000007
[SEU] addr=200031D5 bit=00000004
[SEU] addr=200031E8 bit=00000007
[SEU] addr=200031A6 bit=00000005
[SEU] addr=200031C9 bit=00000002
[SEU] addr=2000319C bit=00000003
[SEU] addr=200031A0 bit=00000002
[SEU] addr=20003153 bit=00000003
[SEU] addr=2000314C bit=00000001
[SAMPLE QUEUE backup CORRUPTED] backup repaired
[SEU] addr=20003169 bit=00000007
[SEU] addr=20003191 bit=00000006
[ERR] seq=9629 err=2508
[ERR] seq=9630 err=200
[ERR] seq=9631 err=216
[SEU] addr=200031A2 bit=00000002
[ERR] seq=9632 err=32
[ERR] seq=9633 err=16
[SEU] addr=200031BD bit=00000003
[SEU] addr=200031D7 bit=00000005
[SEU] addr=20003175 bit=00000000
[SEU] addr=2000317A bit=00000000
[SEU] addr=200031E7 bit=00000003
[SEU] addr=200031CB bit=00000001
[SEU] addr=200031CC bit=00000006
[SEU] addr=200031E1 bit=00000005
[SEU] addr=20003170 bit=00000007
[SEU] addr=20003196 bit=00000004
[ERR] seq=9692 err=2460
[ERR] seq=9693 err=192
[ERR] seq=9694 err=200
[ERR] seq=9695 err=24
[ERR] seq=9696 err=16
[SEU] addr=200031A1 bit=00000007
[SEU] addr=200031CD bit=00000005
[SEU] addr=200031CA bit=00000007
[SEU] addr=2000318B bit=00000004
[SEU] addr=20003158 bit=00000000
[CMD QUEUE CORRUPTED] primary repaired
[SEU] addr=20003144 bit=00000001
[SAMPLE QUEUE CORRUPTED] primary repaired
[SEU] addr=200031E7 bit=00000005
[SEU] addr=200031A9 bit=00000001
[SEU] addr=200031BB bit=00000004
[SEU] addr=200031B4 bit=00000004
[SEU] addr=2000314B bit=00000003
[SEU] addr=2000319B bit=00000006
[SEU] addr=20003189 bit=00000000
[SEU] addr=200031C0 bit=00000007
[SEU] addr=200031E2 bit=00000003
[SEU] addr=2000318F bit=00000006
[ERR] seq=9781 err=728
[ERR] seq=9782 err=56
[ERR] seq=9783 err=56
[SEU] addr=200031C5 bit=00000005
[SEU] addr=200031CE bit=00000005
[SEU] addr=20003180 bit=00000006
[SEU] addr=2000316D bit=00000006
[SEU] addr=200031D5 bit=00000004
[SEU] addr=200031AF bit=00000003
[SEU] addr=20003171 bit=00000005
[SEU] addr=2000318C bit=00000004
[ERR] seq=9835 err=776
[ERR] seq=9836 err=56
[ERR] seq=9837 err=56
[SEU] addr=2000315D bit=00000006
[CMD QUEUE backup CORRUPTED] backup repaired
[SEU] addr=20003153 bit=00000002
[SEU] addr=20003183 bit=00000001
[SEU] addr=200031A4 bit=00000007
[SEU] addr=200031C0 bit=00000004
[SEU] addr=200031AD bit=00000002
[SEU] addr=2000317D bit=00000005
[SEU] addr=20003172 bit=00000005
[SEU] addr=200031D8 bit=00000005
[SEU] addr=20003178 bit=00000000
[SEU] addr=2000314B bit=00000007
[SEU] addr=20003151 bit=00000007
[SEU] addr=20003163 bit=00000000
[SEU] addr=200031A5 bit=00000001
[SEU] addr=20003175 bit=00000001
[SEU] addr=20003194 bit=00000000
[ERR] seq=9902 err=8
[SEU] addr=20003190 bit=00000001
[ERR] seq=9911 err=16
[SEU] addr=200031D9 bit=00000002
[SEU] addr=20003182 bit=00000000
[SEU] addr=200031BD bit=00000002
[SEU] addr=20003162 bit=00000000
[SEU] addr=20003153 bit=00000003
[SEU] addr=200031BC bit=00000001
[SEU] addr=20003187 bit=00000002
[SEU] addr=200031BF bit=00000002
[SEU] addr=20003175 bit=00000004
[SEU] addr=200031C9 bit=00000007
[SEU] addr=20003187 bit=00000005
[SEU] addr=20003150 bit=00000000
[SAMPLE QUEUE backup CORRUPTED] backup repaired
[SEU] addr=20003188 bit=00000003
[SEU] addr=2000316D bit=00000005
[SEU] addr=200031BA bit=00000000
[SEU] addr=200031B2 bit=00000003
[END]
samples=10000
SEUs=1810
good samples=9373
errors=627
samples omitted=0
max_error=0x0000B468
propagations=340
detected_errors=393
tmr_corrections=114
dmr_corrections=208
crc detections=0
clamp_activations=71
rate limit activations=0
[HARDFAULT]
