START
SEED=24688642
[SEU] addr=200031E6 bit=00000002
[SEU] addr=20003199 bit=00000001
[ERR] seq=12 err=2468
[ERR] seq=13 err=392
[ERR] seq=14 err=448
[SEU] addr=2000318C bit=00000001
[ERR] seq=15 err=392
[ERR] seq=16 err=120
[ERR] seq=17 err=64
[ERR] seq=18 err=8
[SEU] addr=20003160 bit=00000001
[CMD QUEUE CORRUPTED] primary repaired
[SEU] addr=200031BA bit=00000002
[SEU] addr=20003171 bit=00000001
[SEU] addr=20003172 bit=00000005
[SEU] addr=2000316D bit=00000002
[SEU] addr=200031AA bit=00000002
[SEU] addr=20003174 bit=00000006
[SEU] addr=2000318C bit=00000005
[ERR] seq=60 err=3400
[ERR] seq=61 err=536
[ERR] seq=62 err=600
[SEU] addr=2000316E bit=00000004
[ERR] seq=63 err=152
[ERR] seq=64 err=96
[ERR] seq=65 err=16
[ERR] seq=66 err=8
[SEU] addr=20003153 bit=00000004
[SEU] addr=200031C3 bit=00000002
[SEU] addr=200031A8 bit=00000000
[SEU] addr=2000314E bit=00000006
[SAMPLE QUEUE CORRUPTED] primary repaired
[SEU] addr=2000314D bit=00000007
[SAMPLE QUEUE CORRUPTED] primary repaired
[SEU] addr=20003172 bit=00000004
[SEU] addr=2000315F bit=00000002
[CMD QUEUE CORRUPTED] primary repaired
[SEU] addr=20003168 bit=00000005
[CMD QUEUE backup CORRUPTED] backup repaired
[SEU] addr=20003157 bit=00000007
[SAMPLE QUEUE backup CORRUPTED] backup repaired
[SEU] addr=20003164 bit=00000002
[CMD QUEUE backup CORRUPTED] backup repaired
[SEU] addr=200031D7 bit=00000003
[SEU] addr=20003198 bit=00000004
[ERR] seq=141 err=128
[ERR] seq=142 err=16
[ERR] seq=143 err=16
[SEU] addr=2000315A bit=00000006
[SEU] addr=200031B8 bit=00000001
[SEU] addr=200031AF bit=00000006
[SEU] addr=200031A3 bit=00000003
[SEU] addr=200031C6 bit=00000005
[SEU] addr=200031CC bit=00000005
[SEU] addr=20003171 bit=00000002
[SEU] addr=200031A2 bit=00000005
[SEU] addr=20003162 bit=00000004
[SEU] addr=200031E5 bit=00000006
[SEU] addr=2000317A bit=00000000
[SEU] addr=200031D5 bit=00000003
[SEU] addr=200031D9 bit=00000000
[SEU] addr=20003160 bit=00000001
[CMD QUEUE CORRUPTED] primary repaired
[SEU] addr=2000316D bit=00000002
[SEU] addr=20003182 bit=00000007
[SEU] addr=20003187 bit=00000004
[SEU] addr=20003169 bit=00000001
[SEU] addr=200031DB bit=00000001
[SEU] addr=200031D2 bit=00000000
[SEU] addr=2000319A bit=00000005
[ERR] seq=243 err=2484
[ERR] seq=244 err=392
[ERR] seq=245 err=448
[SEU] addr=200031DB bit=00000000
[ERR] seq=246 err=120
[ERR] seq=247 err=80
[ERR] seq=248 err=24
[SEU] addr=20003173 bit=00000004
[ERR] seq=249 err=8
[SEU] addr=200031B7 bit=00000000
[SEU] addr=200031E0 bit=00000003
[SEU] addr=2000315E bit=00000004
[CMD QUEUE CORRUPTED] primary repaired
[SEU] addr=20003154 bit=00000000
[SAMPLE QUEUE backup CORRUPTED] backup repaired
[SEU] addr=20003155 bit=00000004
[SAMPLE QUEUE backup CORRUPTED] backup repaired
[SEU] addr=200031CC bit=00000006
[SEU] addr=200031E3 bit=00000002
[SEU] addr=20003155 bit=00000001
[SAMPLE QUEUE backup CORRUPTED] backup repaired
[SEU] addr=200031D3 bit=00000002
[SEU] addr=200031BD bit=00000005
[SEU] addr=200031DC bit=00000003
[SEU] addr=200031CD bit=00000004
[SEU] addr=2000319E bit=00000001
[SEU] addr=2000318E bit=00000003
[ERR] seq=325 err=1376
[ERR] seq=326 err=208
[ERR] seq=327 err=232
[ERR] seq=328 err=48
[ERR] seq=329 err=24
[SEU] addr=200031B6 bit=00000000
[SEU] addr=2000318E bit=00000005
[ERR] seq=339 err=4208
[ERR] seq=340 err=656
[ERR] seq=341 err=752
[SEU] addr=20003187 bit=00000005
[ERR] seq=342 err=208
[ERR] seq=343 err=136
[ERR] seq=344 err=32
[ERR] seq=345 err=8
[SEU] addr=2000317A bit=00000004
[SEU] addr=20003197 bit=00000004
[ERR] seq=358 err=2540
[ERR] seq=359 err=400
[ERR] seq=360 err=464
[ERR] seq=361 err=136
[ERR] seq=362 err=88
[ERR] seq=363 err=24
[SEU] addr=200031B3 bit=00000006
[ERR] seq=364 err=8
[SEU] addr=20003196 bit=00000006
[ERR] seq=373 err=2468
[ERR] seq=374 err=392
[ERR] seq=375 err=448
[ERR] seq=376 err=120
[ERR] seq=377 err=80
[ERR] seq=378 err=24
[ERR] seq=379 err=8
[SEU] addr=200031A7 bit=00000003
[SEU] addr=200031C2 bit=00000006
[SEU] addr=200031B6 bit=00000005
[SEU] addr=20003186 bit=00000003
[SEU] addr=200031D4 bit=00000007
[SEU] addr=20003198 bit=00000000
[ERR] seq=403 err=8
[SEU] addr=200031C1 bit=00000002
[SEU] addr=200031DE bit=00000000
[SEU] addr=20003186 bit=00000005
[SEU] addr=200031D4 bit=00000002
[SEU] addr=2000318B bit=00000002
[SEU] addr=200031BC bit=00000007
[SEU] addr=2000318E bit=00000005
[ERR] seq=447 err=2072
[ERR] seq=448 err=320
[ERR] seq=449 err=360
[ERR] seq=450 err=88
[SEU] addr=20003191 bit=00000000
[ERR] seq=451 err=2104
[ERR] seq=452 err=336
[ERR] seq=453 err=376
[ERR] seq=454 err=104
[ERR] seq=455 err=72
[ERR] seq=456 err=24
[SEU] addr=200031DF bit=00000005
[ERR] seq=457 err=8
[SEU] addr=20003160 bit=00000002
[CMD QUEUE CORRUPTED] primary repaired
[SEU] addr=200031A1 bit=00000003
[SEU] addr=200031C9 bit=00000005
[SEU] addr=20003174 bit=00000006
[SEU] addr=20003154 bit=00000002
[SAMPLE QUEUE backup CORRUPTED] backup repaired
[SEU] addr=200031A2 bit=00000006
[SEU] addr=2000317B bit=00000004
[SEU] addr=2000315B bit=00000003
[SEU] addr=200031D4 bit=00000001
[SEU] addr=20003152 bit=00000007
[SEU] addr=200031E4 bit=00000000
[SEU] addr=2000317C bit=00000000
[SEU] addr=200031E4 bit=00000004
[SEU] addr=200031C9 bit=00000005
[SEU] addr=200031E7 bit=00000003
[SEU] addr=20003170 bit=00000007
[SEU] addr=200031A3 bit=00000000
[SEU] addr=2000317E bit=00000000
[SEU] addr=20003182 bit=00000004
[SEU] addr=200031CB bit=00000004
[SEU] addr=2000319E bit=00000000
[SEU] addr=200031A8 bit=00000002
[SEU] addr=20003156 bit=00000000
[SAMPLE QUEUE backup CORRUPTED] backup repaired
[SEU] addr=20003191 bit=00000001
[ERR] seq=579 err=2460
[ERR] seq=580 err=392
[ERR] seq=581 err=448
[ERR] seq=582 err=120
[ERR] seq=583 err=80
[ERR] seq=584 err=24
[ERR] seq=585 err=8
[SEU] addr=20003186 bit=00000000
[SEU] addr=20003157 bit=00000007
[SAMPLE QUEUE backup CORRUPTED] backup repaired
[SEU] addr=200031CD bit=00000001
[SEU] addr=200031C6 bit=00000001
[SEU] addr=2000317B bit=00000000
[SEU] addr=200031C1 bit=00000000
[SEU] addr=200031BE bit=00000001
[SEU] addr=2000319A bit=00000003
[ERR] seq=627 err=2500
[ERR] seq=628 err=400
[ERR] seq=629 err=464
[SEU] addr=2000318D bit=00000003
[ERR] seq=630 err=6520
[ERR] seq=631 err=1096
[ERR] seq=632 err=1192
[ERR] seq=633 err=344
[ERR] seq=634 err=216
[ERR] seq=635 err=64
[ERR] seq=636 err=24
[SEU] addr=2000318A bit=00000005
[SEU] addr=200031B8 bit=00000003
[SEU] addr=20003174 bit=00000004
[SEU] addr=2000315C bit=00000004
[CMD QUEUE CORRUPTED] primary repaired
[SEU] addr=200031A8 bit=00000001
[SEU] addr=20003171 bit=00000004
[SEU] addr=200031A6 bit=00000007
[SEU] addr=2000317C bit=00000000
[SEU] addr=2000316F bit=00000001
[SEU] addr=200031E2 bit=00000003
[SEU] addr=200031D5 bit=00000003
[SEU] addr=20003177 bit=00000007
[SEU] addr=20003166 bit=00000007
[CMD QUEUE backup CORRUPTED] backup repaired
[SEU] addr=20003193 bit=00000006
[SEU] addr=20003176 bit=00000001
[SEU] addr=2000318E bit=00000005
[ERR] seq=737 err=5472
[ERR] seq=738 err=856
[ERR] seq=739 err=984
[ERR] seq=740 err=272
[ERR] seq=741 err=176
[ERR] seq=742 err=48
[SEU] addr=2000314E bit=00000001
[SAMPLE QUEUE CORRUPTED] primary repaired
[ERR] seq=743 err=16
[SEU] addr=20003194 bit=00000001
[ERR] seq=752 err=16
[SEU] addr=2000315D bit=00000002
[CMD QUEUE CORRUPTED] primary repaired
[SEU] addr=200031CB bit=00000005
[SEU] addr=20003196 bit=00000003
[ERR] seq=779 err=2484
[ERR] seq=780 err=392
[ERR] seq=781 err=448
[ERR] seq=782 err=120
[ERR] seq=783 err=80
[ERR] seq=784 err=24
[SEU] addr=20003197 bit=00000002
[ERR] seq=785 err=2484
[ERR] seq=786 err=392
[ERR] seq=787 err=448
[ERR] seq=788 err=120
[ERR] seq=789 err=80
[ERR] seq=790 err=24
[ERR] seq=791 err=8
[SEU] addr=20003168 bit=00000000
[CMD QUEUE backup CORRUPTED] backup repaired
[SEU] addr=20003150 bit=00000000
[SAMPLE QUEUE CORRUPTED] primary repaired
[SEU] addr=20003179 bit=00000006
[SEU] addr=20003197 bit=00000005
[SEU] addr=20003195 bit=00000002
[ERR] seq=820 err=2500
[ERR] seq=821 err=400
[ERR] seq=822 err=464
[ERR] seq=823 err=136
[ERR] seq=824 err=88
[ERR] seq=825 err=24
[ERR] seq=826 err=8
[SEU] addr=20003183 bit=00000006
[SEU] addr=2000317B bit=00000007
[SEU] addr=2000316F bit=00000002
[SEU] addr=20003175 bit=00000001
[SEU] addr=200031C3 bit=00000005
[SEU] addr=2000318E bit=00000003
[ERR] seq=853 err=192
[ERR] seq=854 err=16
[ERR] seq=855 err=16
[SEU] addr=20003151 bit=00000003
[SEU] addr=200031C6 bit=00000004
[SEU] addr=200031C9 bit=00000001
[SEU] addr=200031BE bit=00000002
[SEU] addr=2000319A bit=00000000
[ERR] seq=869 err=2476
[ERR] seq=870 err=392
[ERR] seq=871 err=448
[ERR] seq=872 err=120
[ERR] seq=873 err=80
[ERR] seq=874 err=24
[ERR] seq=875 err=8
[SEU] addr=20003187 bit=00000000
[SEU] addr=2000317E bit=00000001
[SEU] addr=200031C1 bit=00000005
[SEU] addr=20003174 bit=00000003
[SEU] addr=20003172 bit=00000005
[SEU] addr=20003199 bit=00000002
[ERR] seq=910 err=2524
[ERR] seq=911 err=400
[ERR] seq=912 err=464
[ERR] seq=913 err=136
[SEU] addr=200031AF bit=00000004
[ERR] seq=914 err=88
[ERR] seq=915 err=24
[ERR] seq=916 err=8
[SEU] addr=200031BA bit=00000001
[SEU] addr=200031CB bit=00000005
[SEU] addr=200031D1 bit=00000003
[SEU] addr=200031D3 bit=00000001
[SEU] addr=200031B7 bit=00000005
[SEU] addr=2000318C bit=00000006
[ERR] seq=955 err=1864
[ERR] seq=956 err=288
[ERR] seq=957 err=320
[ERR] seq=958 err=64
[ERR] seq=959 err=32
[SEU] addr=200031AB bit=00000000
[SEU] addr=2000316B bit=00000007
[SEU] addr=200031A3 bit=00000007
[SEU] addr=200031D4 bit=00000006
[SEU] addr=200031C7 bit=00000005
[SEU] addr=200031B5 bit=00000003
[SEU] addr=2000317A bit=00000003
[SEU] addr=2000315A bit=00000004
[SEU] addr=20003177 bit=00000006
[SEU] addr=200031DD bit=00000005
[SEU] addr=200031DD bit=00000004
[SEU] addr=20003182 bit=00000003
[SEU] addr=200031C4 bit=00000006
[SEU] addr=20003153 bit=00000002
[SEU] addr=200031AA bit=00000000
[SEU] addr=20003179 bit=00000007
[SEU] addr=200031E6 bit=00000000
[SEU] addr=200031B8 bit=00000002
[SEU] addr=200031A2 bit=00000004
[SEU] addr=200031CB bit=00000000
[SEU] addr=20003194 bit=00000004
[ERR] seq=1105 err=128
[ERR] seq=1106 err=16
[ERR] seq=1107 err=16
[SEU] addr=200031B9 bit=00000007
[SEU] addr=2000316F bit=00000004
[SEU] addr=2000318D bit=00000007
[ERR] seq=1119 err=1088
[SEU] addr=200031C2 bit=00000005
[ERR] seq=1120 err=160
[ERR] seq=1121 err=168
[ERR] seq=1122 err=16
[ERR] seq=1123 err=8
[SEU] addr=20003198 bit=00000003
[ERR] seq=1126 err=64
[ERR] seq=1127 err=8
[ERR] seq=1128 err=8
[SEU] addr=20003158 bit=00000004
[SAMPLE QUEUE backup CORRUPTED] backup repaired
[SEU] addr=20003165 bit=00000005
[CMD QUEUE backup CORRUPTED] backup repaired
[SEU] addr=20003198 bit=00000007
[ERR] seq=1138 err=1024
[ERR] seq=1139 err=160
[ERR] seq=1140 err=184
[ERR] seq=1141 err=48
[SEU] addr=200031A5 bit=00000002
[ERR] seq=1142 err=24
[SEU] addr=200031A4 bit=00000000
[SEU] addr=20003165 bit=00000002
[CMD QUEUE backup CORRUPTED] backup repaired
[SEU] addr=200031B4 bit=00000006
[SEU] addr=20003185 bit=00000002
[SEU] addr=2000315B bit=00000006
[SEU] addr=20003165 bit=00000002
[CMD QUEUE backup CORRUPTED] backup repaired
[SEU] addr=200031D2 bit=00000007
[SEU] addr=200031A5 bit=00000002
[SEU] addr=200031A7 bit=00000005
[SEU] addr=200031DE bit=00000007
[SEU] addr=2000318B bit=00000004
[SEU] addr=200031B7 bit=00000001
[SEU] addr=20003186 bit=00000005
[SEU] addr=200031AA bit=00000002
[SEU] addr=200031C1 bit=00000005
[SEU] addr=20003195 bit=00000004
[ERR] seq=1237 err=2468
[ERR] seq=1238 err=392
[ERR] seq=1239 err=448
[ERR] seq=1240 err=120
[ERR] seq=1241 err=80
[ERR] seq=1242 err=24
[SEU] addr=200031D2 bit=00000006
[ERR] seq=1243 err=8
[SEU] addr=200031D1 bit=00000005
[SEU] addr=200031C7 bit=00000001
[SEU] addr=200031B3 bit=00000003
[SEU] addr=2000319F bit=00000007
[SEU] addr=20003151 bit=00000000
[SEU] addr=200031C2 bit=00000004
[SEU] addr=20003180 bit=00000001
[SEU] addr=20003171 bit=00000003
[SEU] addr=2000318C bit=00000007
[ERR] seq=1285 err=4784
[ERR] seq=1286 err=760
[ERR] seq=1287 err=872
[ERR] seq=1288 err=232
[SEU] addr=20003152 bit=00000003
[ERR] seq=1289 err=144
[ERR] seq=1290 err=32
[ERR] seq=1291 err=8
[SEU] addr=2000318F bit=00000001
[ERR] seq=1296 err=616
[ERR] seq=1297 err=88
[ERR] seq=1298 err=88
[SEU] addr=200031DA bit=00000004
[SEU] addr=200031E0 bit=00000007
[SEU] addr=20003169 bit=00000004
[SEU] addr=200031C8 bit=00000003
[SEU] addr=20003152 bit=00000004
[SEU] addr=200031BD bit=00000002
[SEU] addr=200031BF bit=00000001
[SEU] addr=200031C9 bit=00000005
[SEU] addr=20003155 bit=00000001
[SAMPLE QUEUE backup CORRUPTED] backup repaired
[SEU] addr=200031A1 bit=00000005
[SEU] addr=200031D2 bit=00000006
[SEU] addr=200031BE bit=00000001
[SEU] addr=200031C3 bit=00000001
[SEU] addr=200031A0 bit=00000001
[SEU] addr=200031D3 bit=00000000
[SEU] addr=20003166 bit=00000006
[CMD QUEUE backup CORRUPTED] backup repaired
[SEU] addr=20003179 bit=00000003
[SEU] addr=20003178 bit=00000002
[SEU] addr=200031AF bit=00000003
[SEU] addr=200031B7 bit=00000005
[SEU] addr=200031AF bit=00000005
[SEU] addr=200031BF bit=00000005
[SEU] addr=200031A1 bit=00000006
[SEU] addr=200031C4 bit=00000007
[SEU] addr=2000319B bit=00000007
[SEU] addr=20003163 bit=00000000
[SEU] addr=200031BE bit=00000006
[SEU] addr=200031A5 bit=00000005
[SEU] addr=2000314E bit=00000005
[SAMPLE QUEUE CORRUPTED] primary repaired
[SEU] addr=20003197 bit=00000006
[SEU] addr=20003161 bit=00000001
[SEU] addr=2000316E bit=00000000
[SEU] addr=20003187 bit=00000004
[SEU] addr=200031D5 bit=00000003
[SEU] addr=20003160 bit=00000002
[CMD QUEUE CORRUPTED] primary repaired
[SEU] addr=2000314E bit=00000003
[SAMPLE QUEUE CORRUPTED] primary repaired
[SEU] addr=20003191 bit=00000006
[ERR] seq=1495 err=2468
[ERR] seq=1496 err=392
[ERR] seq=1497 err=448
[ERR] seq=1498 err=120
[ERR] seq=1499 err=80
[ERR] seq=1500 err=24
[SEU] addr=20003160 bit=00000003
[CMD QUEUE CORRUPTED] primary repaired
[ERR] seq=1501 err=8
[SEU] addr=2000315A bit=00000006
[SEU] addr=20003170 bit=00000003
[SEU] addr=20003174 bit=00000000
[SEU] addr=200031D3 bit=00000003
[SEU] addr=2000316E bit=00000000
[SEU] addr=20003169 bit=00000006
[SEU] addr=200031C3 bit=00000003
[SEU] addr=2000314D bit=00000000
[SAMPLE QUEUE CORRUPTED] primary repaired
[SEU] addr=200031E2 bit=00000005
[SEU] addr=20003194 bit=00000004
[ERR] seq=1555 err=128
[ERR] seq=1556 err=16
[ERR] seq=1557 err=16
[SEU] addr=200031A7 bit=00000003
[SEU] addr=2000315A bit=00000003
[SEU] addr=200031E1 bit=00000002
[SEU] addr=20003172 bit=00000001
[SEU] addr=200031A5 bit=00000006
[SEU] addr=2000319A bit=00000003
[ERR] seq=1581 err=2476
[ERR] seq=1582 err=392
[ERR] seq=1583 err=448
[ERR] seq=1584 err=120
[ERR] seq=1585 err=80
[ERR] seq=1586 err=24
[ERR] seq=1587 err=8
[SEU] addr=200031BC bit=00000004
[SEU] addr=20003162 bit=00000000
[SEU] addr=20003199 bit=00000003
[ERR] seq=1595 err=2524
[ERR] seq=1596 err=400
[ERR] seq=1597 err=464
[ERR] seq=1598 err=136
[ERR] seq=1599 err=88
[ERR] seq=1600 err=24
[ERR] seq=1601 err=8
[SEU] addr=200031D8 bit=00000000
[SEU] addr=20003163 bit=00000007
[SEU] addr=200031DD bit=00000007
[SEU] addr=20003174 bit=00000000
[SEU] addr=2000316B bit=00000004
[SEU] addr=2000315A bit=00000004
[SEU] addr=20003192 bit=00000003
[ERR] seq=1626 err=2444
[SEU] addr=20003182 bit=00000006
[ERR] seq=1627 err=384
[ERR] seq=1628 err=440
[ERR] seq=1629 err=120
[ERR] seq=1630 err=80
[SEU] addr=20003152 bit=00000004
[ERR] seq=1631 err=24
[ERR] seq=1632 err=8
[SEU] addr=20003182 bit=00000004
[SEU] addr=20003179 bit=00000001
[SEU] addr=20003184 bit=00000002
[SEU] addr=20003159 bit=00000000
[SEU] addr=2000319B bit=00000001
[ERR] seq=1661 err=2492
[ERR] seq=1662 err=392
[ERR] seq=1663 err=448
[ERR] seq=1664 err=120
[ERR] seq=1665 err=80
[ERR] seq=1666 err=24
[ERR] seq=1667 err=8
[SEU] addr=200031C5 bit=00000002
[SEU] addr=200031AF bit=00000001
[SEU] addr=200031DA bit=00000003
[SEU] addr=20003199 bit=00000000
[ERR] seq=1692 err=2048
[ERR] seq=1693 err=320
[ERR] seq=1694 err=368
[SEU] addr=200031E5 bit=00000003
[ERR] seq=1695 err=104
[ERR] seq=1696 err=72
[SEU] addr=2000319D bit=00000000
[ERR] seq=1697 err=24
[ERR] seq=1698 err=8
[SEU] addr=200031A5 bit=00000000
[SEU] addr=200031D0 bit=00000000
[SEU] addr=200031CE bit=00000006
[SEU] addr=2000318D bit=00000004
[ERR] seq=1712 err=13584
[ERR] seq=1713 err=2168
[ERR] seq=1714 err=2496
[ERR] seq=1715 err=712
[ERR] seq=1716 err=488
[ERR] seq=1717 err=168
[ERR] seq=1718 err=80
[SEU] addr=200031AB bit=00000003
[ERR] seq=1719 err=24
[ERR] seq=1720 err=8
[SEU] addr=200031AD bit=00000000
[SEU] addr=20003193 bit=00000000
[ERR] seq=1738 err=2564
[ERR] seq=1739 err=408
[ERR] seq=1740 err=472
[ERR] seq=1741 err=136
[ERR] seq=1742 err=88
[ERR] seq=1743 err=24
[ERR] seq=1744 err=8
[SEU] addr=200031CF bit=00000001
[SEU] addr=20003171 bit=00000003
[SEU] addr=200031D7 bit=00000000
[SEU] addr=200031C6 bit=00000003
[SEU] addr=200031A7 bit=00000000
[SEU] addr=200031AB bit=00000007
[SEU] addr=2000314C bit=00000000
[SAMPLE QUEUE CORRUPTED] primary repaired
[SEU] addr=2000315C bit=00000007
[CMD QUEUE CORRUPTED] primary repaired
[SEU] addr=20003197 bit=00000000
[ERR] seq=1791 err=2468
[ERR] seq=1792 err=392
[ERR] seq=1793 err=448
[ERR] seq=1794 err=120
[ERR] seq=1795 err=80
[SEU] addr=20003192 bit=00000000
[ERR] seq=1796 err=2604
[ERR] seq=1797 err=416
[ERR] seq=1798 err=472
[ERR] seq=1799 err=136
[ERR] seq=1800 err=88
[ERR] seq=1801 err=24
[ERR] seq=1802 err=8
[SEU] addr=200031A2 bit=00000002
[SEU] addr=20003193 bit=00000007
[SEU] addr=20003154 bit=00000001
[SAMPLE QUEUE backup CORRUPTED] backup repaired
[SEU] addr=20003166 bit=00000000
[CMD QUEUE backup CORRUPTED] backup repaired
[SEU] addr=2000317F bit=00000006
[SEU] addr=2000319A bit=00000007
[ERR] seq=1838 err=2516
[ERR] seq=1839 err=400
[ERR] seq=1840 err=464
[ERR] seq=1841 err=136
[SEU] addr=20003181 bit=00000001
[ERR] seq=1842 err=88
[SEU] addr=2000319C bit=00000007
[ERR] seq=1843 err=24
[ERR] seq=1844 err=8
[SEU] addr=2000314C bit=00000005
[SAMPLE QUEUE CORRUPTED] primary repaired
[SEU] addr=20003197 bit=00000003
[ERR] seq=1850 err=2476
[ERR] seq=1851 err=392
[ERR] seq=1852 err=448
[ERR] seq=1853 err=120
[ERR] seq=1854 err=80
[ERR] seq=1855 err=24
[ERR] seq=1856 err=8
[SEU] addr=200031BD bit=00000002
[SEU] addr=2000317C bit=00000005
[SEU] addr=200031DE bit=00000007
[SEU] addr=20003195 bit=00000006
[ERR] seq=1873 err=2500
[ERR] seq=1874 err=400
[SEU] addr=20003166 bit=00000001
[CMD QUEUE backup CORRUPTED] backup repaired
[ERR] seq=1875 err=464
[ERR] seq=1876 err=136
[ERR] seq=1877 err=88
[ERR] seq=1878 err=24
[ERR] seq=1879 err=8
[SEU] addr=20003156 bit=00000005
[SAMPLE QUEUE backup CORRUPTED] backup repaired
[SEU] addr=20003185 bit=00000000
[SEU] addr=200031D4 bit=00000006
[SEU] addr=2000315B bit=00000006
[SEU] addr=2000316A bit=00000006
[SEU] addr=200031B5 bit=00000007
[SEU] addr=2000317E bit=00000005
[SEU] addr=20003172 bit=00000006
[SEU] addr=2000318E bit=00000005
[ERR] seq=1934 err=3752
[ERR] seq=1935 err=584
[ERR] seq=1936 err=672
[SEU] addr=2000319B bit=00000001
[ERR] seq=1937 err=2628
[ERR] seq=1938 err=504
[ERR] seq=1939 err=480
[ERR] seq=1940 err=144
[SEU] addr=2000317C bit=00000006
[ERR] seq=1941 err=88
[ERR] seq=1942 err=24
[ERR] seq=1943 err=8
[SEU] addr=20003189 bit=00000000
[SEU] addr=20003184 bit=00000006
[SEU] addr=20003195 bit=00000003
[ERR] seq=1952 err=2524
[ERR] seq=1953 err=400
[ERR] seq=1954 err=464
[ERR] seq=1955 err=136
[ERR] seq=1956 err=88
[ERR] seq=1957 err=24
[ERR] seq=1958 err=8
[SEU] addr=200031D1 bit=00000007
[SEU] addr=200031CD bit=00000000
[SEU] addr=20003182 bit=00000004
[SEU] addr=200031AF bit=00000005
[SEU] addr=20003192 bit=00000000
[ERR] seq=1973 err=2444
[ERR] seq=1974 err=384
[ERR] seq=1975 err=440
[ERR] seq=1976 err=120
[ERR] seq=1977 err=80
[ERR] seq=1978 err=24
[ERR] seq=1979 err=8
[SEU] addr=20003194 bit=00000003
[ERR] seq=1980 err=64
[ERR] seq=1981 err=8
[ERR] seq=1982 err=8
[SEU] addr=2000314E bit=00000005
[SAMPLE QUEUE CORRUPTED] primary repaired
[SEU] addr=20003172 bit=00000006
[END]
samples=2000
SEUs=356
good samples=1717
errors=283
samples omitted=0
max error=0x0000000000003510
propagations=196
detected disturbances=88
tmr corrections=21
dmr corrections=41
crc detections=0
clamp activations=26
[HARDFAULT]
qemu: fatal: Lockup: can't escalate 3 to HardFault (current priority -1)

R00=0000000a R01=00000002 R02=4000c000 R03=00000000
R04=00000000 R05=00000010 R06=00000000 R07=2000ffd8
R08=00000000 R09=00000000 R10=00000010 R11=00000000
R12=00000020 R13=2000ffd8 R14=00003711 R15=00000f0e
XPSR=01000003 ---- T handler
FPSCR: 00000000
