START
SEED=24688642
[SEU] addr=200031A2 bit=00000002
[SEU] addr=20003189 bit=00000001
[SEU] addr=20003198 bit=00000001
[ERR] seq=15 err=16
[SEU] addr=20003178 bit=00000001
[SEU] addr=2000315A bit=00000002
[SEU] addr=200031C9 bit=00000001
[SEU] addr=200031D2 bit=00000005
[SEU] addr=20003189 bit=00000002
[SEU] addr=200031B2 bit=00000002
[SEU] addr=2000319C bit=00000006
[SEU] addr=200031C4 bit=00000005
[SEU] addr=20003172 bit=00000004
[SEU] addr=20003153 bit=00000004
[SEU] addr=20003157 bit=00000002
[SAMPLE QUEUE backup CORRUPTED] backup repaired
[SEU] addr=200031D0 bit=00000000
[SEU] addr=200031B6 bit=00000006
[SEU] addr=20003189 bit=00000007
[SEU] addr=2000319E bit=00000004
[SEU] addr=200031B7 bit=00000002
[SEU] addr=20003158 bit=00000005
[SAMPLE QUEUE backup CORRUPTED] backup repaired
[SEU] addr=2000315B bit=00000007
[SEU] addr=200031A8 bit=00000002
[SEU] addr=20003167 bit=00000003
[CMD QUEUE backup CORRUPTED] backup repaired
[SEU] addr=2000319C bit=00000004
[SEU] addr=20003162 bit=00000006
[SEU] addr=200031CC bit=00000001
[SEU] addr=2000317B bit=00000006
[SEU] addr=200031DB bit=00000003
[SEU] addr=20003152 bit=00000005
[SEU] addr=200031D0 bit=00000005
[SEU] addr=200031DD bit=00000002
[ERR] seq=1207 err=5224
[ERR] seq=1208 err=4448
[ERR] seq=1209 err=5416
[SEU] addr=2000319A bit=00000005
[ERR] seq=1210 err=16780496
[ERR] seq=1211 err=2689728
[ERR] seq=1212 err=3117232
[ERR] seq=1213 err=933080
[SEU] addr=20003186 bit=00000004
[ERR] seq=1214 err=650080
[ERR] seq=1215 err=257280
[SEU] addr=200031C5 bit=00000006
[ERR] seq=1216 err=147232
[ERR] seq=1217 err=68720
[SEU] addr=20003192 bit=00000000
[ERR] seq=1218 err=554928
[SEU] addr=200031BD bit=00000003
[ERR] seq=1219 err=104752
[ERR] seq=1220 err=102576
[ERR] seq=1221 err=38160
[ERR] seq=1222 err=19528
[SEU] addr=20003175 bit=00000000
[ERR] seq=1223 err=14208
[SEU] addr=2000318C bit=00000001
[ERR] seq=1224 err=3536
[ERR] seq=1225 err=7616
[ERR] seq=1226 err=4392
[ERR] seq=1227 err=5984
[ERR] seq=1228 err=5208
[ERR] seq=1229 err=5584
[ERR] seq=1230 err=5392
[ERR] seq=1231 err=5464
[ERR] seq=1232 err=5416
[SEU] addr=20003175 bit=00000002
[ERR] seq=1233 err=5408
[ERR] seq=1234 err=5400
[ERR] seq=1235 err=5368
[ERR] seq=1236 err=5368
[ERR] seq=1237 err=5344
[ERR] seq=1238 err=5320
[ERR] seq=1239 err=5304
[ERR] seq=1240 err=5280
[ERR] seq=1241 err=5224
[SEU] addr=2000316A bit=00000007
[ERR] seq=1242 err=5216
[ERR] seq=1243 err=5184
[ERR] seq=1244 err=5144
[ERR] seq=1245 err=5104
[ERR] seq=1246 err=5096
[ERR] seq=1247 err=5056
[ERR] seq=1248 err=5016
[ERR] seq=1249 err=4976
[SEU] addr=2000317F bit=00000004
[ERR] seq=1250 err=4928
[ERR] seq=1251 err=4920
[ERR] seq=1252 err=4848
[ERR] seq=1253 err=4808
[ERR] seq=1254 err=4768
[ERR] seq=1255 err=4704
[ERR] seq=1256 err=4664
[SEU] addr=20003161 bit=00000001
[ERR] seq=1257 err=4624
[ERR] seq=1258 err=4552
[ERR] seq=1259 err=4512
[SEU] addr=200031BF bit=00000001
[ERR] seq=1260 err=4448
[ERR] seq=1261 err=4392
[ERR] seq=1262 err=4328
[SEU] addr=20003162 bit=00000000
[ERR] seq=1263 err=4280
[ERR] seq=1264 err=4216
[ERR] seq=1265 err=4144
[ERR] seq=1266 err=4080
[SEU] addr=200031AE bit=00000005
[ERR] seq=1267 err=4040
[ERR] seq=1268 err=3968
[ERR] seq=1269 err=3896
[SEU] addr=2000318B bit=00000000
[ERR] seq=1270 err=3824
[ERR] seq=1271 err=3776
[ERR] seq=1272 err=3680
[SEU] addr=20003157 bit=00000004
[SAMPLE QUEUE backup CORRUPTED] backup repaired
[ERR] seq=1273 err=3616
[ERR] seq=1274 err=3544
[ERR] seq=1275 err=3480
[ERR] seq=1276 err=3392
[ERR] seq=1277 err=3328
[ERR] seq=1278 err=3224
[ERR] seq=1279 err=3176
[SEU] addr=200031D7 bit=00000000
[ERR] seq=1280 err=3088
[ERR] seq=1281 err=3008
[ERR] seq=1282 err=2920
[ERR] seq=1283 err=2848
[ERR] seq=1284 err=2744
[ERR] seq=1285 err=2696
[SEU] addr=20003170 bit=00000003
[ERR] seq=1286 err=2584
[ERR] seq=1287 err=2504
[ERR] seq=1288 err=2432
[ERR] seq=1289 err=2336
[ERR] seq=1290 err=2264
[SEU] addr=20003156 bit=00000004
[SAMPLE QUEUE backup CORRUPTED] backup repaired
[ERR] seq=1291 err=2168
[ERR] seq=1292 err=2096
[ERR] seq=1293 err=1976
[SEU] addr=200031D8 bit=00000000
[ERR] seq=1294 err=1896
[ERR] seq=1295 err=1800
[ERR] seq=1296 err=1688
[ERR] seq=1297 err=1592
[ERR] seq=1298 err=1504
[ERR] seq=1299 err=1400
[ERR] seq=1300 err=1320
[SEU] addr=20003195 bit=00000004
[ERR] seq=1301 err=33320
[ERR] seq=1302 err=6344
[ERR] seq=1303 err=6528
[ERR] seq=1304 err=2704
[ERR] seq=1305 err=1632
[ERR] seq=1306 err=1176
[ERR] seq=1307 err=560
[SEU] addr=200031D4 bit=00000006
[ERR] seq=1308 err=616
[ERR] seq=1309 err=384
[ERR] seq=1310 err=344
[ERR] seq=1311 err=200
[ERR] seq=1312 err=120
[ERR] seq=1313 err=8
[ERR] seq=1314 err=80
[ERR] seq=1315 err=200
[SEU] addr=2000319B bit=00000002
[ERR] seq=1316 err=536871200
[ERR] seq=1317 err=85899608
[ERR] seq=1318 err=99643712
[ERR] seq=1319 err=29687184
[ERR] seq=1320 err=20693472
[ERR] seq=1321 err=8061224
[ERR] seq=1322 err=4601424
[SEU] addr=200031BD bit=00000001
[ERR] seq=1323 err=2026424
[ERR] seq=1324 err=1061288
[ERR] seq=1325 err=494520
[SEU] addr=200031B7 bit=00000002
[ERR] seq=1326 err=249904
[ERR] seq=1327 err=119664
[ERR] seq=1328 err=60232
[SEU] addr=200031AD bit=00000005
[ERR] seq=1329 err=29408
[ERR] seq=1330 err=15584
[ERR] seq=1331 err=7896
[ERR] seq=1332 err=5152
[ERR] seq=1333 err=2832
[ERR] seq=1334 err=2832
[ERR] seq=1335 err=1776
[SEU] addr=20003154 bit=00000003
[SAMPLE QUEUE backup CORRUPTED] backup repaired
[ERR] seq=1336 err=2416
[ERR] seq=1337 err=2216
[ERR] seq=1338 err=2448
[ERR] seq=1339 err=2456
[ERR] seq=1340 err=2576
[SEU] addr=200031A1 bit=00000004
[ERR] seq=1341 err=2648
[SEU] addr=2000317A bit=00000001
[ERR] seq=1342 err=2744
[ERR] seq=1343 err=2816
[ERR] seq=1344 err=2888
[ERR] seq=1345 err=2984
[ERR] seq=1346 err=3064
[ERR] seq=1347 err=3136
[ERR] seq=1348 err=3208
[SEU] addr=200031AE bit=00000003
[ERR] seq=1349 err=3312
[ERR] seq=1350 err=3352
[ERR] seq=1351 err=3464
[ERR] seq=1352 err=3520
[ERR] seq=1353 err=3592
[ERR] seq=1354 err=3664
[ERR] seq=1355 err=3736
[ERR] seq=1356 err=3816
[ERR] seq=1357 err=3880
[SEU] addr=200031AA bit=00000000
[ERR] seq=1358 err=3936
[ERR] seq=1359 err=4016
[ERR] seq=1360 err=4072
[ERR] seq=1361 err=4120
[ERR] seq=1362 err=4200
[SEU] addr=20003162 bit=00000005
[ERR] seq=1363 err=4256
[ERR] seq=1364 err=4304
[ERR] seq=1365 err=4376
[SEU] addr=20003173 bit=00000005
[ERR] seq=1366 err=4440
[ERR] seq=1367 err=4480
[ERR] seq=1368 err=4552
[ERR] seq=1369 err=4600
[ERR] seq=1370 err=4632
[ERR] seq=1371 err=4704
[ERR] seq=1372 err=4752
[ERR] seq=1373 err=4792
[SEU] addr=200031CA bit=00000004
[ERR] seq=1374 err=4840
[ERR] seq=1375 err=4896
[ERR] seq=1376 err=4920
[ERR] seq=1377 err=4968
[ERR] seq=1378 err=4992
[ERR] seq=1379 err=5056
[ERR] seq=1380 err=5072
[ERR] seq=1381 err=5104
[SEU] addr=20003177 bit=00000004
[ERR] seq=1382 err=5136
[ERR] seq=1383 err=5168
[ERR] seq=1384 err=5208
[ERR] seq=1385 err=5224
[ERR] seq=1386 err=5264
[ERR] seq=1387 err=5288
[SEU] addr=200031D3 bit=00000006
[ERR] seq=1388 err=5320
[ERR] seq=1389 err=5336
[ERR] seq=1390 err=5352
[ERR] seq=1391 err=5376
[ERR] seq=1392 err=5392
[ERR] seq=1393 err=5392
[ERR] seq=1394 err=5440
[ERR] seq=1395 err=5424
[ERR] seq=1396 err=5456
[SEU] addr=200031A6 bit=00000006
[ERR] seq=1397 err=5456
[ERR] seq=1398 err=5464
[ERR] seq=1399 err=5472
[ERR] seq=1400 err=5472
[ERR] seq=1401 err=5472
[ERR] seq=1402 err=5472
[ERR] seq=1403 err=5472
[ERR] seq=1404 err=5472
[ERR] seq=1405 err=5472
[ERR] seq=1406 err=5464
[SEU] addr=200031CB bit=00000003
[ERR] seq=1407 err=5456
[ERR] seq=1408 err=5456
[ERR] seq=1409 err=5432
[ERR] seq=1410 err=5432
[SEU] addr=20003172 bit=00000006
[ERR] seq=1411 err=5400
[ERR] seq=1412 err=5400
[SEU] addr=2000319A bit=00000005
[ERR] seq=1413 err=16782584
[ERR] seq=1414 err=2687768
[ERR] seq=1415 err=3119184
[ERR] seq=1416 err=931088
[ERR] seq=1417 err=651944
[ERR] seq=1418 err=255264
[ERR] seq=1419 err=148984
[SEU] addr=2000315E bit=00000003
[CMD QUEUE CORRUPTED] primary repaired
[ERR] seq=1420 err=66616
[ERR] seq=1421 err=38320
[ERR] seq=1422 err=18704
[ERR] seq=1423 err=12864
[SEU] addr=200031D0 bit=00000007
[ERR] seq=1424 err=6952
[ERR] seq=1425 err=6880
[ERR] seq=1426 err=4144
[SEU] addr=20003194 bit=00000000
[ERR] seq=1427 err=5416
[ERR] seq=1428 err=4720
[ERR] seq=1429 err=5016
[ERR] seq=1430 err=4800
[ERR] seq=1431 err=4832
[ERR] seq=1432 err=4760
[ERR] seq=1433 err=4704
[SEU] addr=20003189 bit=00000002
[ERR] seq=1434 err=4664
[ERR] seq=1435 err=4624
[ERR] seq=1436 err=4552
[ERR] seq=1437 err=4512
[ERR] seq=1438 err=4448
[ERR] seq=1439 err=4392
[SEU] addr=20003186 bit=00000000
[ERR] seq=1440 err=4328
[ERR] seq=1441 err=4280
[ERR] seq=1442 err=4216
[ERR] seq=1443 err=4144
[SEU] addr=20003186 bit=00000005
[ERR] seq=1444 err=4080
[ERR] seq=1445 err=4040
[ERR] seq=1446 err=3968
[ERR] seq=1447 err=3896
[ERR] seq=1448 err=3824
[ERR] seq=1449 err=3776
[SEU] addr=200031AC bit=00000002
[ERR] seq=1450 err=3680
[ERR] seq=1451 err=3616
[ERR] seq=1452 err=3544
[ERR] seq=1453 err=3480
[ERR] seq=1454 err=3392
[ERR] seq=1455 err=3328
[ERR] seq=1456 err=3224
[ERR] seq=1457 err=3176
[ERR] seq=1458 err=3088
[SEU] addr=200031CB bit=00000002
[ERR] seq=1459 err=3008
[ERR] seq=1460 err=2920
[ERR] seq=1461 err=2848
[ERR] seq=1462 err=2744
[ERR] seq=1463 err=2696
[ERR] seq=1464 err=2584
[ERR] seq=1465 err=2504
[ERR] seq=1466 err=2432
[ERR] seq=1467 err=2336
[SEU] addr=200031AC bit=00000007
[ERR] seq=1468 err=2264
[ERR] seq=1469 err=2168
[ERR] seq=1470 err=2096
[SEU] addr=200031D2 bit=00000005
[ERR] seq=1471 err=1976
[ERR] seq=1472 err=1896
[ERR] seq=1473 err=1800
[ERR] seq=1474 err=1688
[SEU] addr=20003181 bit=00000000
[ERR] seq=1475 err=1592
[ERR] seq=1476 err=1504
[ERR] seq=1477 err=1400
[ERR] seq=1478 err=1320
[ERR] seq=1479 err=1208
[ERR] seq=1480 err=1112
[SEU] addr=2000317F bit=00000005
[ERR] seq=1481 err=1008
[ERR] seq=1482 err=912
[ERR] seq=1483 err=832
[ERR] seq=1484 err=696
[ERR] seq=1485 err=640
[ERR] seq=1486 err=504
[ERR] seq=1487 err=432
[ERR] seq=1488 err=320
[ERR] seq=1489 err=216
[ERR] seq=1490 err=104
[SEU] addr=200031DC bit=00000002
[ERR] seq=1495 err=224
[ERR] seq=1496 err=288
[ERR] seq=1497 err=408
[ERR] seq=1498 err=504
[ERR] seq=1499 err=608
[ERR] seq=1500 err=672
[SEU] addr=2000319D bit=00000003
[ERR] seq=1501 err=784
[ERR] seq=1502 err=864
[SEU] addr=20003151 bit=00000005
[ERR] seq=1503 err=960
[ERR] seq=1504 err=1040
[SEU] addr=200031D8 bit=00000006
[ERR] seq=1505 err=1152
[ERR] seq=1506 err=1216
[ERR] seq=1507 err=1328
[ERR] seq=1508 err=1400
[ERR] seq=1509 err=1496
[ERR] seq=1510 err=1576
[ERR] seq=1511 err=1672
[ERR] seq=1512 err=1752
[SEU] addr=2000316C bit=00000002
[ERR] seq=1513 err=1856
[ERR] seq=1514 err=1936
[ERR] seq=1515 err=2008
[ERR] seq=1516 err=2104
[ERR] seq=1517 err=2176
[ERR] seq=1518 err=2240
[ERR] seq=1519 err=2328
[SEU] addr=200031AE bit=00000006
[ERR] seq=1520 err=2408
[ERR] seq=1521 err=2472
[ERR] seq=1522 err=2560
[SEU] addr=200031A3 bit=00000004
[ERR] seq=1523 err=2632
[ERR] seq=1524 err=2704
[ERR] seq=1525 err=2776
[ERR] seq=1526 err=2824
[SEU] addr=2000318B bit=00000003
[ERR] seq=1527 err=2928
[SEU] addr=20003178 bit=00000001
[ERR] seq=1528 err=3000
[ERR] seq=1529 err=3072
[ERR] seq=1530 err=3120
[SEU] addr=2000317A bit=00000007
[ERR] seq=1531 err=3208
[ERR] seq=1532 err=3272
[ERR] seq=1533 err=3352
[ERR] seq=1534 err=3384
[ERR] seq=1535 err=3472
[ERR] seq=1536 err=1840
[ERR] seq=1537 err=1632
[SEU] addr=20003184 bit=00000000
[ERR] seq=1538 err=1856
[ERR] seq=1539 err=1664
[ERR] seq=1540 err=3752
[ERR] seq=1541 err=3200
[ERR] seq=1542 err=3992
[ERR] seq=1543 err=3808
[ERR] seq=1544 err=4048
[ERR] seq=1545 err=4016
[SEU] addr=2000314C bit=00000000
[SAMPLE QUEUE CORRUPTED] primary repaired
[ERR] seq=1546 err=4120
[ERR] seq=1547 err=4144
[ERR] seq=1548 err=4192
[ERR] seq=1549 err=4256
[ERR] seq=1550 err=4304
[ERR] seq=1551 err=4360
[ERR] seq=1552 err=4384
[ERR] seq=1553 err=4424
[SEU] addr=20003180 bit=00000004
[ERR] seq=1554 err=4464
[ERR] seq=1555 err=4512
[ERR] seq=1556 err=4544
[SEU] addr=200031B9 bit=00000005
[ERR] seq=1557 err=4600
[ERR] seq=1558 err=4616
[ERR] seq=1559 err=4672
[ERR] seq=1560 err=4704
[ERR] seq=1561 err=4744
[ERR] seq=1562 err=4760
[SEU] addr=200031B7 bit=00000003
[ERR] seq=1563 err=4760
[ERR] seq=1564 err=4800
[ERR] seq=1565 err=4840
[ERR] seq=1566 err=4872
[ERR] seq=1567 err=4872
[ERR] seq=1568 err=4904
[ERR] seq=1569 err=4928
[ERR] seq=1570 err=4944
[ERR] seq=1571 err=4952
[ERR] seq=1572 err=4984
[SEU] addr=200031D8 bit=00000007
[ERR] seq=1573 err=4976
[ERR] seq=1574 err=5016
[SEU] addr=20003167 bit=00000000
[CMD QUEUE backup CORRUPTED] backup repaired
[ERR] seq=1575 err=5008
[ERR] seq=1576 err=5040
[ERR] seq=1577 err=5016
[ERR] seq=1578 err=5056
[ERR] seq=1579 err=5040
[ERR] seq=1580 err=5048
[ERR] seq=1581 err=5056
[ERR] seq=1582 err=5064
[ERR] seq=1583 err=5056
[ERR] seq=1584 err=5048
[SEU] addr=200031BA bit=00000000
[ERR] seq=1585 err=5048
[ERR] seq=1586 err=5048
[ERR] seq=1587 err=5032
[ERR] seq=1588 err=5032
[ERR] seq=1589 err=5016
[ERR] seq=1590 err=5016
[SEU] addr=20003166 bit=00000004
[CMD QUEUE backup CORRUPTED] backup repaired
[ERR] seq=1591 err=4984
[ERR] seq=1592 err=5000
[ERR] seq=1593 err=4952
[ERR] seq=1594 err=4952
[ERR] seq=1595 err=4928
[SEU] addr=2000318B bit=00000004
[ERR] seq=1596 err=4912
[ERR] seq=1597 err=4888
[ERR] seq=1598 err=4872
[SEU] addr=200031DE bit=00000000
[ERR] seq=67135 err=920
[ERR] seq=67136 err=1536
[SEU] addr=20003154 bit=00000002
[SAMPLE QUEUE backup CORRUPTED] backup repaired
[ERR] seq=67137 err=800
[ERR] seq=67138 err=1000
[ERR] seq=67139 err=848
[ERR] seq=67140 err=880
[SEU] addr=200031D2 bit=00000000
[ERR] seq=67141 err=848
[ERR] seq=67142 err=824
[SEU] addr=200031DD bit=00000001
[ERR] seq=66631 err=10480
[ERR] seq=66632 err=9088
[ERR] seq=66633 err=11000
[ERR] seq=66634 err=10624
[ERR] seq=66635 err=11128
[ERR] seq=66636 err=11136
[ERR] seq=66637 err=11360
[SEU] addr=20003192 bit=00000000
[ERR] seq=66638 err=522120
[ERR] seq=66639 err=95488
[ERR] seq=66640 err=95104
[ERR] seq=66641 err=40824
[ERR] seq=66642 err=17976
[ERR] seq=66643 err=19952
[ERR] seq=66644 err=7696
[SEU] addr=2000314F bit=00000007
[SAMPLE QUEUE CORRUPTED] primary repaired
[ERR] seq=66645 err=14272
[ERR] seq=66646 err=11376
[ERR] seq=66647 err=12968
[ERR] seq=66648 err=12344
[ERR] seq=66649 err=12792
[ERR] seq=66650 err=12696
[ERR] seq=66651 err=12880
[ERR] seq=66652 err=12920
[SEU] addr=200031B1 bit=00000001
[ERR] seq=66653 err=13000
[ERR] seq=66654 err=13064
[ERR] seq=66655 err=13144
[ERR] seq=66656 err=13184
[ERR] seq=66657 err=13248
[ERR] seq=66658 err=13304
[ERR] seq=66659 err=13336
[ERR] seq=66660 err=13400
[SEU] addr=2000318A bit=00000001
[ERR] seq=66661 err=13432
[ERR] seq=66662 err=13456
[ERR] seq=66663 err=13472
[ERR] seq=66664 err=13512
[ERR] seq=66665 err=13520
[ERR] seq=66666 err=13528
[ERR] seq=66667 err=13544
[SEU] addr=200031B7 bit=00000000
[ERR] seq=66668 err=13536
[ERR] seq=66669 err=13552
[SEU] addr=200031CD bit=00000000
[ERR] seq=66670 err=13520
[ERR] seq=66671 err=13536
[ERR] seq=66672 err=13504
[ERR] seq=66673 err=13488
[SEU] addr=20003166 bit=00000001
[CMD QUEUE backup CORRUPTED] backup repaired
[ERR] seq=66674 err=13464
[ERR] seq=66675 err=13440
[ERR] seq=66676 err=13416
[ERR] seq=66677 err=13360
[ERR] seq=66678 err=13312
[SEU] addr=2000319E bit=00000003
[ERR] seq=66679 err=13264
[ERR] seq=66680 err=13208
[ERR] seq=66681 err=13152
[SEU] addr=200031B1 bit=00000003
[ERR] seq=66682 err=13088
[ERR] seq=66683 err=13024
[ERR] seq=66684 err=12952
[ERR] seq=66685 err=12872
[ERR] seq=66686 err=12800
[ERR] seq=66687 err=12696
[ERR] seq=66688 err=12616
[SEU] addr=200031AA bit=00000005
[ERR] seq=66689 err=12528
[ERR] seq=66690 err=12424
[ERR] seq=66691 err=12328
[ERR] seq=66692 err=12232
[ERR] seq=66693 err=12104
[SEU] addr=200031B0 bit=00000003
[ERR] seq=66694 err=12008
[ERR] seq=66695 err=11880
[ERR] seq=66696 err=11760
[ERR] seq=66697 err=11648
[ERR] seq=66698 err=11512
[ERR] seq=66699 err=11392
[ERR] seq=66700 err=11232
[ERR] seq=66701 err=11104
[SEU] addr=20003184 bit=00000004
[ERR] seq=66702 err=10936
[ERR] seq=66703 err=10808
[ERR] seq=66704 err=10648
[ERR] seq=66705 err=10504
[SEU] addr=200031AC bit=00000004
[ERR] seq=66706 err=10352
[ERR] seq=66707 err=10176
[ERR] seq=66708 err=10032
[ERR] seq=66709 err=9856
[ERR] seq=66710 err=9680
[ERR] seq=66711 err=9512
[ERR] seq=66712 err=9344
[ERR] seq=66713 err=9152
[ERR] seq=66714 err=8984
[ERR] seq=66715 err=8784
[SEU] addr=200031A4 bit=00000001
[ERR] seq=66716 err=8576
[ERR] seq=66717 err=8400
[ERR] seq=66718 err=8192
[ERR] seq=66719 err=8000
[ERR] seq=66720 err=7800
[ERR] seq=66721 err=7600
[ERR] seq=66722 err=7392
[ERR] seq=66723 err=7200
[ERR] seq=66724 err=6976
[ERR] seq=66725 err=6752
[SEU] addr=200031AD bit=00000004
[ERR] seq=66726 err=6552
[ERR] seq=66727 err=6328
[ERR] seq=66728 err=6104
[ERR] seq=66729 err=5896
[ERR] seq=66730 err=5656
[ERR] seq=66731 err=5440
[ERR] seq=66732 err=5200
[ERR] seq=66733 err=4960
[SEU] addr=2000316A bit=00000007
[ERR] seq=66734 err=4768
[ERR] seq=66735 err=4552
[ERR] seq=66736 err=4408
[SEU] addr=20003170 bit=00000000
[ERR] seq=66737 err=4264
[ERR] seq=66738 err=4096
[SEU] addr=200031A3 bit=00000001
[ERR] seq=66739 err=3944
[ERR] seq=66740 err=3792
[ERR] seq=66741 err=3640
[ERR] seq=66742 err=3472
[SEU] addr=200031C2 bit=00000003
[ERR] seq=66743 err=3328
[ERR] seq=66744 err=3168
[ERR] seq=66745 err=3008
[ERR] seq=66746 err=2856
[ERR] seq=66747 err=2704
[ERR] seq=66748 err=2536
[ERR] seq=66749 err=2376
[ERR] seq=66750 err=2216
[SEU] addr=200031D9 bit=00000003
[ERR] seq=66751 err=2056
[ERR] seq=66752 err=1912
[ERR] seq=66753 err=1720
[SEU] addr=200031AB bit=00000007
[ERR] seq=66754 err=1576
[ERR] seq=66755 err=1416
[ERR] seq=66756 err=1240
[ERR] seq=66757 err=1096
[ERR] seq=66758 err=1184
[ERR] seq=66759 err=1464
[ERR] seq=66760 err=1688
[ERR] seq=66761 err=1936
[ERR] seq=66762 err=2224
[SEU] addr=2000316A bit=00000007
[ERR] seq=66763 err=2448
[ERR] seq=66764 err=2696
[ERR] seq=66765 err=2920
[ERR] seq=66766 err=3200
[ERR] seq=66767 err=3440
[ERR] seq=66768 err=3680
[ERR] seq=66769 err=3936
[ERR] seq=66770 err=4200
[ERR] seq=66771 err=4424
[SEU] addr=20003193 bit=00000006
[ERR] seq=66772 err=4680
[ERR] seq=66773 err=4936
[ERR] seq=66774 err=5160
[ERR] seq=66775 err=5400
[ERR] seq=66776 err=5664
[ERR] seq=66777 err=5880
[ERR] seq=66778 err=6128
[ERR] seq=66779 err=6368
[ERR] seq=66780 err=6616
[ERR] seq=66781 err=6832
[SEU] addr=200031DE bit=00000001
[ERR] seq=197854 err=10440
[ERR] seq=197855 err=10016
[ERR] seq=197856 err=10752
[ERR] seq=197857 err=10656
[ERR] seq=197858 err=10888
[ERR] seq=197859 err=10928
[ERR] seq=197860 err=11032
[SEU] addr=20003172 bit=00000005
[ERR] seq=197861 err=11120
[ERR] seq=197862 err=11200
[ERR] seq=197863 err=11280
[ERR] seq=197864 err=11352
[ERR] seq=197865 err=11424
[ERR] seq=197866 err=11512
[SEU] addr=200031A6 bit=00000001
[ERR] seq=197867 err=11552
[ERR] seq=197868 err=11624
[ERR] seq=197869 err=11688
[ERR] seq=197870 err=11736
[ERR] seq=197871 err=11808
[ERR] seq=197872 err=11848
[ERR] seq=197873 err=11880
[ERR] seq=197874 err=11936
[ERR] seq=197875 err=11960
[SEU] addr=20003158 bit=00000001
[SAMPLE QUEUE backup CORRUPTED] backup repaired
[ERR] seq=197876 err=12016
[ERR] seq=197877 err=12040
[ERR] seq=197878 err=12072
[ERR] seq=197879 err=12096
[ERR] seq=197880 err=12120
[ERR] seq=197881 err=12120
[ERR] seq=197882 err=12144
[ERR] seq=197883 err=12160
[ERR] seq=197884 err=12176
[SEU] addr=2000318D bit=00000002
[ERR] seq=197885 err=7408
[ERR] seq=197886 err=12944
[ERR] seq=197887 err=11288
[ERR] seq=197888 err=14480
[ERR] seq=197889 err=13704
[ERR] seq=197890 err=14312
[ERR] seq=197891 err=14080
[ERR] seq=197892 err=12160
[ERR] seq=197893 err=12408
[ERR] seq=197894 err=12032
[SEU] addr=20003177 bit=00000005
[ERR] seq=197895 err=12112
[ERR] seq=197896 err=12000
[ERR] seq=197897 err=11992
[ERR] seq=197898 err=11944
[ERR] seq=197899 err=11896
[ERR] seq=197900 err=11864
[ERR] seq=197901 err=11816
[ERR] seq=197902 err=11768
[SEU] addr=20003196 bit=00000003
[ERR] seq=197903 err=4200176
[ERR] seq=197904 err=682720
[ERR] seq=197905 err=784272
[ERR] seq=197906 err=243456
[ERR] seq=197907 err=167416
[ERR] seq=197908 err=74336
[SEU] addr=20003177 bit=00000002
[ERR] seq=197909 err=41632
[ERR] seq=197910 err=27040
[ERR] seq=197911 err=13904
[ERR] seq=197912 err=14896
[ERR] seq=197913 err=9048
[ERR] seq=197914 err=11808
[ERR] seq=197915 err=10328
[ERR] seq=197916 err=10928
[ERR] seq=197917 err=10496
[SEU] addr=200031B8 bit=00000000
[ERR] seq=197918 err=10544
[ERR] seq=197919 err=10376
[ERR] seq=197920 err=10296
[ERR] seq=197921 err=10168
[ERR] seq=197922 err=10080
[ERR] seq=197923 err=9928
[ERR] seq=197924 err=9840
[ERR] seq=197925 err=9688
[ERR] seq=197926 err=9600
[ERR] seq=197927 err=9440
[SEU] addr=20003198 bit=00000000
[ERR] seq=197928 err=9320
[SEU] addr=200031DD bit=00000006
[ERR] seq=214313 err=8176
[ERR] seq=214314 err=8200
[ERR] seq=214315 err=7848
[ERR] seq=214316 err=7776
[ERR] seq=214317 err=7600
[SEU] addr=2000319B bit=00000005
[ERR] seq=214318 err=7448
[ERR] seq=214319 err=7296
[ERR] seq=214320 err=7152
[ERR] seq=214321 err=6992
[ERR] seq=214322 err=6816
[ERR] seq=214323 err=6696
[ERR] seq=214324 err=6512
[ERR] seq=214325 err=6368
[ERR] seq=214326 err=6168
[ERR] seq=214327 err=6040
[SEU] addr=200031D1 bit=00000002
[ERR] seq=214328 err=5864
[ERR] seq=214329 err=5696
[ERR] seq=214330 err=5520
[ERR] seq=214331 err=5368
[ERR] seq=214332 err=5176
[ERR] seq=214333 err=5024
[ERR] seq=214334 err=4832
[SEU] addr=200031B7 bit=00000006
[ERR] seq=214335 err=4664
[ERR] seq=214336 err=4496
[ERR] seq=214337 err=4304
[SEU] addr=200031DB bit=00000007
[ERR] seq=214338 err=4136
[ERR] seq=214339 err=3952
[ERR] seq=214340 err=3768
[ERR] seq=214341 err=3592
[ERR] seq=214342 err=3408
[ERR] seq=214343 err=3224
[ERR] seq=214344 err=3040
[ERR] seq=214345 err=2864
[SEU] addr=20003153 bit=00000002
[ERR] seq=214346 err=2680
[ERR] seq=214347 err=2488
[ERR] seq=214348 err=2296
[ERR] seq=214349 err=2104
[ERR] seq=214350 err=1920
[ERR] seq=214351 err=1752
[SEU] addr=2000317D bit=00000001
[ERR] seq=214352 err=1536
[ERR] seq=214353 err=1368
[ERR] seq=214354 err=1184
[ERR] seq=214355 err=1040
[SEU] addr=2000314F bit=00000005
[SAMPLE QUEUE CORRUPTED] primary repaired
[ERR] seq=214356 err=1184
[ERR] seq=214357 err=1280
[ERR] seq=214358 err=1400
[ERR] seq=214359 err=1520
[ERR] seq=214360 err=1632
[SEU] addr=2000319E bit=00000003
[ERR] seq=214361 err=1752
[ERR] seq=214362 err=1880
[ERR] seq=214363 err=1992
[ERR] seq=214364 err=2120
[ERR] seq=214365 err=2224
[ERR] seq=214366 err=2352
[SEU] addr=20003169 bit=00000003
[ERR] seq=214367 err=2456
[ERR] seq=214368 err=2576
[ERR] seq=214369 err=2696
[ERR] seq=214370 err=2816
[SEU] addr=2000319E bit=00000004
[ERR] seq=214371 err=2928
[ERR] seq=214372 err=3048
[ERR] seq=214373 err=3152
[SEU] addr=200031CD bit=00000001
[ERR] seq=214374 err=3264
[ERR] seq=214375 err=3384
[SEU] addr=200031DA bit=00000002
[ERR] seq=214376 err=3488
[SEU] addr=200031D6 bit=00000000
[ERR] seq=214377 err=3600
[ERR] seq=214378 err=3720
[ERR] seq=214379 err=3816
[ERR] seq=214380 err=3936
[ERR] seq=214381 err=4040
[ERR] seq=214382 err=4152
[ERR] seq=214383 err=4264
[ERR] seq=214384 err=4344
[SEU] addr=20003197 bit=00000000
[ERR] seq=214385 err=134222200
[ERR] seq=214386 err=21476360
[ERR] seq=214387 err=24915520
[ERR] seq=214388 err=7423336
[SEU] addr=20003176 bit=00000001
[ERR] seq=214389 err=5178192
[ERR] seq=214390 err=2016960
[ERR] seq=214391 err=1155440
[ERR] seq=214392 err=508360
[ERR] seq=214393 err=270672
[ERR] seq=214394 err=125496
[ERR] seq=214395 err=68056
[ERR] seq=214396 err=31872
[ERR] seq=214397 err=20880
[SEU] addr=20003159 bit=00000005
[ERR] seq=214398 err=9424
[ERR] seq=214399 err=9904
[ERR] seq=214400 err=4904
[ERR] seq=214401 err=7536
[ERR] seq=214402 err=6448
[ERR] seq=214403 err=7136
[ERR] seq=214404 err=6992
[ERR] seq=214405 err=7256
[SEU] addr=20003164 bit=00000003
[CMD QUEUE backup CORRUPTED] backup repaired
[ERR] seq=214406 err=7280
[ERR] seq=214407 err=7440
[ERR] seq=214408 err=7528
[ERR] seq=214409 err=7648
[ERR] seq=214410 err=7752
[ERR] seq=214411 err=7848
[ERR] seq=214412 err=7952
[ERR] seq=214413 err=8032
[SEU] addr=200031AA bit=00000005
[ERR] seq=214414 err=8152
[ERR] seq=214415 err=8232
[ERR] seq=214416 err=8312
[ERR] seq=214417 err=8408
[SEU] addr=200031C9 bit=00000002
[ERR] seq=214418 err=8488
[ERR] seq=214419 err=8552
[ERR] seq=214420 err=8648
[ERR] seq=214421 err=8720
[SEU] addr=20003183 bit=00000004
[ERR] seq=214422 err=8768
[ERR] seq=214423 err=8848
[ERR] seq=214424 err=8936
[ERR] seq=214425 err=8976
[ERR] seq=214426 err=9032
[ERR] seq=214427 err=9088
[ERR] seq=214428 err=9144
[ERR] seq=214429 err=9184
[ERR] seq=214430 err=9256
[ERR] seq=214431 err=9272
[SEU] addr=200031B2 bit=00000001
[ERR] seq=214432 err=9336
[ERR] seq=214433 err=9352
[ERR] seq=214434 err=9424
[ERR] seq=214435 err=9424
[ERR] seq=214436 err=9456
[ERR] seq=214437 err=9472
[ERR] seq=214438 err=9512
[ERR] seq=214439 err=9520
[ERR] seq=214440 err=9536
[ERR] seq=214441 err=9544
[SEU] addr=20003157 bit=00000005
[SAMPLE QUEUE backup CORRUPTED] backup repaired
[ERR] seq=214442 err=9544
[ERR] seq=214443 err=9544
[ERR] seq=214444 err=9544
[ERR] seq=214445 err=9544
[ERR] seq=214446 err=9544
[ERR] seq=214447 err=9544
[ERR] seq=214448 err=9536
[ERR] seq=214449 err=9528
[SEU] addr=20003175 bit=00000003
[ERR] seq=214450 err=9512
[ERR] seq=214451 err=9480
[ERR] seq=214452 err=9472
[ERR] seq=214453 err=9432
[ERR] seq=214454 err=9424
[ERR] seq=214455 err=9368
[ERR] seq=214456 err=9344
[ERR] seq=214457 err=9288
[SEU] addr=20003177 bit=00000001
[ERR] seq=214458 err=9272
[ERR] seq=214459 err=9192
[ERR] seq=214460 err=9176
[ERR] seq=214461 err=9096
[SEU] addr=200031DB bit=00000005
[ERR] seq=214462 err=9048
[SEU] addr=20003184 bit=00000006
[ERR] seq=214463 err=9000
[ERR] seq=214464 err=8952
[ERR] seq=214465 err=8872
[ERR] seq=214466 err=8792
[ERR] seq=214467 err=8736
[ERR] seq=214468 err=8672
[ERR] seq=214469 err=8592
[ERR] seq=214470 err=8496
[SEU] addr=2000317B bit=00000000
[ERR] seq=214471 err=8440
[ERR] seq=214472 err=8344
[ERR] seq=214473 err=8256
[ERR] seq=214474 err=8176
[SEU] addr=200031B3 bit=00000007
[ERR] seq=214475 err=8072
[ERR] seq=214476 err=7984
[ERR] seq=214477 err=7872
[ERR] seq=214478 err=7792
[ERR] seq=214479 err=7664
[ERR] seq=214480 err=7584
[ERR] seq=214481 err=7472
[ERR] seq=214482 err=7328
[ERR] seq=214483 err=7248
[ERR] seq=214484 err=7112
[SEU] addr=200031A7 bit=00000007
[ERR] seq=214485 err=7000
[ERR] seq=214486 err=6880
[ERR] seq=214487 err=6744
[ERR] seq=214488 err=6632
[ERR] seq=214489 err=6472
[ERR] seq=214490 err=6376
[ERR] seq=214491 err=6232
[ERR] seq=214492 err=6096
[ERR] seq=214493 err=5952
[SEU] addr=200031A0 bit=00000006
[ERR] seq=214494 err=5800
[ERR] seq=214495 err=5672
[ERR] seq=214496 err=5512
[ERR] seq=214497 err=5360
[ERR] seq=214498 err=5224
[ERR] seq=214499 err=5032
[ERR] seq=214500 err=4904
[ERR] seq=214501 err=4752
[SEU] addr=200031C3 bit=00000005
[ERR] seq=214502 err=4584
[ERR] seq=214503 err=4512
[ERR] seq=214504 err=4384
[ERR] seq=214505 err=4296
[ERR] seq=214506 err=4176
[ERR] seq=214507 err=4088
[ERR] seq=214508 err=3944
[ERR] seq=214509 err=3872
[SEU] addr=20003191 bit=00000003
[ERR] seq=214510 err=20128
[ERR] seq=214511 err=1784
[ERR] seq=214512 err=6560
[ERR] seq=214513 err=2520
[ERR] seq=214514 err=3928
[ERR] seq=214515 err=2952
[ERR] seq=214516 err=3216
[SEU] addr=2000317E bit=00000003
[ERR] seq=214517 err=2912
[ERR] seq=214518 err=2880
[ERR] seq=214519 err=2720
[ERR] seq=214520 err=2616
[ERR] seq=214521 err=2496
[ERR] seq=214522 err=2384
[ERR] seq=214523 err=2264
[SEU] addr=2000314E bit=00000004
[SAMPLE QUEUE CORRUPTED] primary repaired
[ERR] seq=214524 err=2160
[ERR] seq=214525 err=2024
[ERR] seq=214526 err=1920
[ERR] seq=214527 err=1792
[ERR] seq=214528 err=4112
[ERR] seq=214529 err=3656
[SEU] addr=20003163 bit=00000006
[ERR] seq=214530 err=4576
[ERR] seq=214531 err=4560
[ERR] seq=214532 err=1256
[ERR] seq=214533 err=1264
[ERR] seq=214534 err=1088
[ERR] seq=214535 err=1240
[ERR] seq=214536 err=1320
[ERR] seq=214537 err=1448
[SEU] addr=200031BD bit=00000005
[ERR] seq=214538 err=1552
[ERR] seq=214539 err=1680
[ERR] seq=214540 err=1792
[ERR] seq=214541 err=1904
[ERR] seq=214542 err=2048
[ERR] seq=214543 err=2144
[ERR] seq=214544 err=2272
[ERR] seq=214545 err=2376
[ERR] seq=214546 err=2496
[ERR] seq=214547 err=2608
[SEU] addr=20003189 bit=00000004
[ERR] seq=214548 err=2744
[ERR] seq=214549 err=2848
[ERR] seq=214550 err=2960
[SEU] addr=2000319A bit=00000003
[ERR] seq=214551 err=4196504
[ERR] seq=214552 err=674264
[ERR] seq=214553 err=781008
[ERR] seq=214554 err=235328
[ERR] seq=214555 err=164576
[ERR] seq=214556 err=66600
[ERR] seq=214557 err=39192
[ERR] seq=214558 err=19656
[ERR] seq=214559 err=11864
[ERR] seq=214560 err=7912
[SEU] addr=2000317C bit=00000006
[ERR] seq=214561 err=5864
[ERR] seq=214562 err=5192
[ERR] seq=214563 err=4728
[ERR] seq=214564 err=4680
[ERR] seq=214565 err=4680
[ERR] seq=214566 err=4720
[ERR] seq=214567 err=4904
[ERR] seq=214568 err=5048
[ERR] seq=214569 err=5200
[ERR] seq=214570 err=5360
[SEU] addr=200031BF bit=00000002
[ERR] seq=214571 err=5512
[ERR] seq=214572 err=5640
[ERR] seq=214573 err=5800
[ERR] seq=214574 err=5928
[ERR] seq=214575 err=6104
[ERR] seq=214576 err=6200
[ERR] seq=214577 err=6328
[ERR] seq=214578 err=6456
[ERR] seq=214579 err=6616
[SEU] addr=2000318A bit=00000000
[ERR] seq=214580 err=6720
[ERR] seq=214581 err=6840
[ERR] seq=214582 err=6976
[ERR] seq=214583 err=7088
[ERR] seq=214584 err=7184
[SEU] addr=20003159 bit=00000007
[ERR] seq=214585 err=7328
[ERR] seq=214586 err=7424
[ERR] seq=214587 err=7528
[ERR] seq=214588 err=7640
[ERR] seq=214589 err=7728
[ERR] seq=214590 err=7848
[ERR] seq=214591 err=7928
[ERR] seq=214592 err=8032
[ERR] seq=214593 err=8120
[SEU] addr=2000318E bit=00000000
[ERR] seq=214594 err=8056
[ERR] seq=214595 err=8312
[ERR] seq=214596 err=8352
[ERR] seq=214597 err=8448
[ERR] seq=214598 err=8536
[ERR] seq=214599 err=8592
[ERR] seq=214600 err=8664
[SEU] addr=2000317C bit=00000002
[ERR] seq=214601 err=8752
[SEU] addr=20003166 bit=00000004
[CMD QUEUE backup CORRUPTED] backup repaired
[ERR] seq=214602 err=8800
[ERR] seq=214603 err=8872
[ERR] seq=214604 err=8920
[SEU] addr=200031BB bit=00000000
[ERR] seq=214605 err=8976
[ERR] seq=214606 err=9040
[ERR] seq=214607 err=9072
[ERR] seq=214608 err=9128
[ERR] seq=214609 err=9176
[ERR] seq=214610 err=9216
[ERR] seq=214611 err=9256
[ERR] seq=214612 err=9288
[SEU] addr=200031CC bit=00000004
[ERR] seq=214613 err=9312
[ERR] seq=214614 err=9360
[ERR] seq=214615 err=9352
[ERR] seq=214616 err=9400
[SEU] addr=200031C9 bit=00000007
[ERR] seq=214617 err=9416
[ERR] seq=214618 err=9424
[ERR] seq=214619 err=9424
[ERR] seq=214620 err=9432
[ERR] seq=214621 err=9432
[SEU] addr=20003157 bit=00000004
[SAMPLE QUEUE backup CORRUPTED] backup repaired
[ERR] seq=214622 err=9432
[ERR] seq=214623 err=9432
[ERR] seq=214624 err=9432
[ERR] seq=214625 err=9432
[ERR] seq=214626 err=9424
[SEU] addr=200031DD bit=00000007
[ERR] seq=247395 err=7696
[SEU] addr=2000316E bit=00000005
[ERR] seq=247396 err=7936
[ERR] seq=247397 err=7592
[ERR] seq=247398 err=7632
[ERR] seq=247399 err=7512
[ERR] seq=247400 err=7520
[ERR] seq=247401 err=7440
[SEU] addr=20003168 bit=00000003
[CMD QUEUE backup CORRUPTED] backup repaired
[ERR] seq=247402 err=7400
[ERR] seq=247403 err=7336
[ERR] seq=247404 err=7304
[SEU] addr=20003184 bit=00000004
[ERR] seq=247405 err=7216
[ERR] seq=247406 err=7160
[SEU] addr=200031A5 bit=00000005
[ERR] seq=247407 err=7088
[ERR] seq=247408 err=7032
[ERR] seq=247409 err=6952
[ERR] seq=247410 err=6896
[ERR] seq=247411 err=6816
[ERR] seq=247412 err=6728
[ERR] seq=247413 err=6664
[SEU] addr=20003188 bit=00000007
[ERR] seq=247414 err=6576
[ERR] seq=247415 err=6488
[ERR] seq=247416 err=6400
[ERR] seq=247417 err=6320
[SEU] addr=20003191 bit=00000002
[ERR] seq=247418 err=6504
[ERR] seq=247419 err=7440
[ERR] seq=247420 err=4520
[ERR] seq=247421 err=6416
[ERR] seq=247422 err=5544
[SEU] addr=200031A0 bit=00000000
[ERR] seq=247423 err=5880
[ERR] seq=247424 err=5576
[ERR] seq=247425 err=5584
[ERR] seq=247426 err=5416
[ERR] seq=247427 err=5320
[ERR] seq=247428 err=5216
[ERR] seq=247429 err=5088
[ERR] seq=247430 err=4992
[ERR] seq=247431 err=4864
[ERR] seq=247432 err=4744
[SEU] addr=200031AD bit=00000002
[ERR] seq=247433 err=4632
[ERR] seq=247434 err=4544
[ERR] seq=247435 err=4448
[ERR] seq=247436 err=4376
[ERR] seq=247437 err=4272
[ERR] seq=247438 err=4200
[ERR] seq=247439 err=4104
[SEU] addr=20003180 bit=00000006
[ERR] seq=247440 err=4032
[ERR] seq=247441 err=3936
[ERR] seq=247442 err=3848
[SEU] addr=20003161 bit=00000002
[ERR] seq=247443 err=3760
[ERR] seq=247444 err=3672
[ERR] seq=247445 err=3568
[ERR] seq=247446 err=3496
[ERR] seq=247447 err=3368
[SEU] addr=200031C3 bit=00000006
[ERR] seq=247448 err=3304
[ERR] seq=247449 err=3192
[ERR] seq=247450 err=3104
[ERR] seq=247451 err=3016
[ERR] seq=247452 err=2912
[ERR] seq=247453 err=2816
[ERR] seq=247454 err=2720
[SEU] addr=200031D1 bit=00000002
[ERR] seq=247455 err=2616
[ERR] seq=247456 err=2520
[ERR] seq=247457 err=2424
[ERR] seq=247458 err=2296
[ERR] seq=247459 err=2232
[ERR] seq=247460 err=2112
[SEU] addr=200031A6 bit=00000007
[ERR] seq=247461 err=2016
[ERR] seq=247462 err=1920
[SEU] addr=20003161 bit=00000002
[ERR] seq=247463 err=1816
[ERR] seq=247464 err=1728
[ERR] seq=247465 err=1600
[ERR] seq=247466 err=1528
[ERR] seq=247467 err=1400
[ERR] seq=247468 err=1312
[ERR] seq=247469 err=1208
[SEU] addr=2000315F bit=00000005
[CMD QUEUE CORRUPTED] primary repaired
[ERR] seq=247470 err=1096
[ERR] seq=247471 err=1056
[SEU] addr=200031CE bit=00000007
[ERR] seq=247472 err=1232
[ERR] seq=247473 err=1376
[ERR] seq=247474 err=1560
[ERR] seq=247475 err=1688
[ERR] seq=247476 err=1880
[ERR] seq=247477 err=2016
[ERR] seq=247478 err=2192
[ERR] seq=247479 err=2336
[SEU] addr=2000317F bit=00000004
[ERR] seq=247480 err=2496
[ERR] seq=247481 err=2648
[ERR] seq=247482 err=2824
[ERR] seq=247483 err=2976
[ERR] seq=247484 err=3112
[ERR] seq=247485 err=3288
[ERR] seq=247486 err=3440
[SEU] addr=200031CB bit=00000001
[ERR] seq=247487 err=3592
[ERR] seq=247488 err=3752
[ERR] seq=247489 err=3920
[ERR] seq=247490 err=4064
[ERR] seq=247491 err=4216
[ERR] seq=247492 err=4352
[ERR] seq=247493 err=4520
[SEU] addr=20003162 bit=00000005
[ERR] seq=247494 err=4656
[ERR] seq=247495 err=4832
[ERR] seq=247496 err=4944
[ERR] seq=247497 err=5112
[SEU] addr=2000318A bit=00000002
[ERR] seq=247498 err=5248
[ERR] seq=247499 err=5392
[ERR] seq=247500 err=5544
[ERR] seq=247501 err=5680
[ERR] seq=247502 err=5808
[ERR] seq=247503 err=5944
[SEU] addr=200031C9 bit=00000005
[ERR] seq=247504 err=6088
[ERR] seq=247505 err=6224
[ERR] seq=247506 err=6344
[ERR] seq=247507 err=6488
[ERR] seq=247508 err=6616
[ERR] seq=247509 err=6744
[ERR] seq=247510 err=6864
[ERR] seq=247511 err=7000
[ERR] seq=247512 err=7088
[SEU] addr=200031D1 bit=00000004
[ERR] seq=247513 err=7224
[ERR] seq=247514 err=7336
[ERR] seq=247515 err=7448
[ERR] seq=247516 err=7552
[ERR] seq=247517 err=7680
[ERR] seq=247518 err=7776
[SEU] addr=2000316A bit=00000006
[ERR] seq=247519 err=7880
[ERR] seq=247520 err=7992
[SEU] addr=20003195 bit=00000005
[ERR] seq=247521 err=73624
[ERR] seq=247522 err=14768
[ERR] seq=247523 err=20408
[ERR] seq=247524 err=7976
[ERR] seq=247525 err=10952
[ERR] seq=247526 err=7568
[ERR] seq=247527 err=9168
[SEU] addr=20003153 bit=00000001
[ERR] seq=247528 err=8472
[ERR] seq=247529 err=8912
[SEU] addr=2000314F bit=00000003
[SAMPLE QUEUE CORRUPTED] primary repaired
[ERR] seq=247530 err=8816
[ERR] seq=247531 err=8984
[ERR] seq=247532 err=9016
[ERR] seq=247533 err=9096
[ERR] seq=247534 err=9160
[ERR] seq=247535 err=9240
[ERR] seq=247536 err=9296
[ERR] seq=247537 err=9352
[ERR] seq=247538 err=9440
[SEU] addr=2000314F bit=00000007
[SAMPLE QUEUE CORRUPTED] primary repaired
[ERR] seq=247539 err=9480
[ERR] seq=247540 err=9544
[ERR] seq=247541 err=9592
[SEU] addr=20003181 bit=00000000
[ERR] seq=247542 err=9648
[ERR] seq=247543 err=9672
[ERR] seq=247544 err=9736
[ERR] seq=247545 err=9768
[ERR] seq=247546 err=9824
[ERR] seq=247547 err=9840
[SEU] addr=20003166 bit=00000004
[CMD QUEUE backup CORRUPTED] backup repaired
[ERR] seq=247548 err=9896
[ERR] seq=247549 err=9920
[ERR] seq=247550 err=9936
[ERR] seq=247551 err=9968
[SEU] addr=200031B8 bit=00000001
[ERR] seq=247552 err=7952
[ERR] seq=247553 err=8280
[ERR] seq=247554 err=7944
[ERR] seq=247555 err=8048
[ERR] seq=247556 err=10056
[ERR] seq=247557 err=9760
[SEU] addr=20003191 bit=00000003
[ERR] seq=247558 err=26528
[ERR] seq=247559 err=7408
[ERR] seq=247560 err=13160
[SEU] addr=200031B0 bit=00000007
[ERR] seq=247561 err=9168
[ERR] seq=247562 err=10736
[ERR] seq=247563 err=9840
[ERR] seq=247564 err=10200
[SEU] addr=200031DE bit=00000003
[ERR] seq=771853 err=11184
[ERR] seq=771854 err=11264
[ERR] seq=771855 err=11576
[ERR] seq=771856 err=11720
[ERR] seq=771857 err=11920
[ERR] seq=771858 err=12088
[ERR] seq=771859 err=12264
[SEU] addr=200031AF bit=00000001
[ERR] seq=771860 err=12432
[ERR] seq=771861 err=12592
[ERR] seq=771862 err=12744
[ERR] seq=771863 err=12896
[ERR] seq=771864 err=13056
[ERR] seq=771865 err=13176
[ERR] seq=771866 err=13352
[ERR] seq=771867 err=13456
[SEU] addr=20003156 bit=00000004
[SAMPLE QUEUE backup CORRUPTED] backup repaired
[ERR] seq=771868 err=13632
[ERR] seq=771869 err=13720
[ERR] seq=771870 err=13872
[ERR] seq=771871 err=13976
[SEU] addr=200031D4 bit=00000007
[ERR] seq=771872 err=14104
[ERR] seq=771873 err=14216
[SEU] addr=200031B9 bit=00000004
[ERR] seq=771874 err=14336
[ERR] seq=771875 err=14448
[ERR] seq=771876 err=14536
[ERR] seq=771877 err=14656
[ERR] seq=771878 err=14736
[ERR] seq=771879 err=14832
[SEU] addr=200031B4 bit=00000003
[ERR] seq=771880 err=14912
[ERR] seq=771881 err=15008
[ERR] seq=771882 err=15056
[ERR] seq=771883 err=15160
[ERR] seq=771884 err=15208
[SEU] addr=2000318A bit=00000004
[ERR] seq=771885 err=15288
[ERR] seq=771886 err=15344
[ERR] seq=771887 err=15392
[ERR] seq=771888 err=15464
[ERR] seq=771889 err=15504
[ERR] seq=771890 err=15536
[ERR] seq=771891 err=15584
[SEU] addr=200031DD bit=00000002
[ERR] seq=770868 err=13936
[ERR] seq=770869 err=14144
[ERR] seq=770870 err=13752
[ERR] seq=770871 err=13792
[ERR] seq=770872 err=13648
[SEU] addr=200031D3 bit=00000001
[ERR] seq=770873 err=13584
[ERR] seq=770874 err=13496
[ERR] seq=770875 err=13408
[ERR] seq=770876 err=13320
[ERR] seq=770877 err=13216
[SEU] addr=20003191 bit=00000005
[ERR] seq=770878 err=65448
[ERR] seq=770879 err=23480
[SEU] addr=200031B9 bit=00000001
[ERR] seq=770880 err=12080
[ERR] seq=770881 err=16392
[ERR] seq=770882 err=10144
[ERR] seq=770883 err=13528
[ERR] seq=770884 err=11840
[ERR] seq=770885 err=12528
[ERR] seq=770886 err=12008
[ERR] seq=770887 err=12072
[ERR] seq=770888 err=11832
[ERR] seq=770889 err=11744
[SEU] addr=20003181 bit=00000005
[ERR] seq=770890 err=11560
[ERR] seq=770891 err=11448
[ERR] seq=770892 err=11264
[ERR] seq=770893 err=11128
[ERR] seq=770894 err=10944
[ERR] seq=770895 err=10808
[ERR] seq=770896 err=10624
[ERR] seq=770897 err=10472
[SEU] addr=20003192 bit=00000006
[ERR] seq=770898 err=33554608
[ERR] seq=770899 err=5378832
[ERR] seq=770900 err=6227896
[ERR] seq=770901 err=1865184
[ERR] seq=770902 err=1293520
[ERR] seq=770903 err=513184
[ERR] seq=770904 err=287792
[SEU] addr=200031DA bit=00000001
[ERR] seq=770905 err=135616
[ERR] seq=770906 err=66552
[ERR] seq=770907 err=39480
[ERR] seq=770908 err=15864
[ERR] seq=770909 err=15664
[ERR] seq=770910 err=4376
[ERR] seq=770911 err=9624
[SEU] addr=20003193 bit=00000001
[ERR] seq=770912 err=268436736
[ERR] seq=770913 err=42957520
[SEU] addr=200031C4 bit=00000001
[ERR] seq=770914 err=49822264
[ERR] seq=770915 err=14850504
[ERR] seq=770916 err=10346912
[SEU] addr=20003163 bit=00000000
[ERR] seq=770917 err=4036952
[ERR] seq=770918 err=2300808
[ERR] seq=770919 err=1019072
[ERR] seq=770920 err=530672
[ERR] seq=770921 err=252616
[ERR] seq=770922 err=124928
[ERR] seq=770923 err=64680
[SEU] addr=200031A6 bit=00000006
[ERR] seq=770924 err=30032
[ERR] seq=770925 err=19032
[SEU] addr=20003169 bit=00000003
[ERR] seq=770926 err=7656
[ERR] seq=770927 err=7760
[ERR] seq=770928 err=2504
[ERR] seq=770929 err=4736
[ERR] seq=770930 err=3296
[ERR] seq=770931 err=3648
[ERR] seq=770932 err=3136
[ERR] seq=770933 err=3032
[ERR] seq=770934 err=2744
[SEU] addr=2000317C bit=00000002
[ERR] seq=770935 err=2536
[ERR] seq=770936 err=2288
[ERR] seq=770937 err=2056
[ERR] seq=770938 err=1816
[ERR] seq=770939 err=1592
[ERR] seq=770940 err=1344
[ERR] seq=770941 err=1128
[ERR] seq=770942 err=1120
[ERR] seq=770943 err=1264
[ERR] seq=770944 err=1408
[SEU] addr=20003177 bit=00000003
[ERR] seq=770945 err=1560
[ERR] seq=770946 err=1704
[ERR] seq=770947 err=1864
[ERR] seq=770948 err=2000
[ERR] seq=770949 err=2168
[ERR] seq=770950 err=2296
[ERR] seq=770951 err=2464
[SEU] addr=20003167 bit=00000005
[CMD QUEUE backup CORRUPTED] backup repaired
[ERR] seq=770952 err=2576
[ERR] seq=770953 err=2760
[ERR] seq=770954 err=2896
[ERR] seq=770955 err=3032
[ERR] seq=770956 err=3208
[ERR] seq=770957 err=3320
[ERR] seq=770958 err=3472
[SEU] addr=20003177 bit=00000005
[ERR] seq=770959 err=3624
[ERR] seq=770960 err=3752
[ERR] seq=770961 err=3904
[ERR] seq=770962 err=4032
[ERR] seq=770963 err=4184
[ERR] seq=770964 err=4304
[ERR] seq=770965 err=4456
[ERR] seq=770966 err=4584
[ERR] seq=770967 err=4776
[SEU] addr=200031B3 bit=00000005
[ERR] seq=770968 err=5008
[SEU] addr=200031D9 bit=00000006
[ERR] seq=770969 err=5200
[ERR] seq=770970 err=5416
[ERR] seq=770971 err=5624
[ERR] seq=770972 err=5816
[ERR] seq=770973 err=6024
[ERR] seq=770974 err=6232
[ERR] seq=770975 err=6408
[SEU] addr=20003150 bit=00000007
[SAMPLE QUEUE CORRUPTED] primary repaired
[ERR] seq=770976 err=6624
[ERR] seq=770977 err=6800
[ERR] seq=770978 err=7008
[ERR] seq=770979 err=7176
[ERR] seq=770980 err=7376
[ERR] seq=770981 err=7544
[ERR] seq=770982 err=7728
[ERR] seq=770983 err=7912
[ERR] seq=770984 err=8088
[SEU] addr=2000319F bit=00000007
[ERR] seq=770985 err=8256
[ERR] seq=770986 err=8408
[ERR] seq=770987 err=8592
[SEU] addr=2000317B bit=00000000
[ERR] seq=770988 err=8752
[ERR] seq=770989 err=8912
[ERR] seq=770990 err=9056
[SEU] addr=20003176 bit=00000006
[ERR] seq=770991 err=9224
[ERR] seq=770992 err=9368
[ERR] seq=770993 err=9520
[SEU] addr=20003185 bit=00000005
[ERR] seq=770994 err=9664
[ERR] seq=770995 err=9792
[ERR] seq=770996 err=9952
[ERR] seq=770997 err=10072
[ERR] seq=770998 err=10200
[ERR] seq=770999 err=10336
[ERR] seq=771000 err=10472
[SEU] addr=200031BA bit=00000005
[ERR] seq=771001 err=10576
[ERR] seq=771002 err=10696
[ERR] seq=771003 err=10800
[ERR] seq=771004 err=10928
[SEU] addr=20003167 bit=00000006
[CMD QUEUE backup CORRUPTED] backup repaired
[ERR] seq=771005 err=11016
[SEU] addr=200031B1 bit=00000001
[ERR] seq=771006 err=11128
[ERR] seq=771007 err=11224
[ERR] seq=771008 err=11312
[ERR] seq=771009 err=11384
[ERR] seq=771010 err=11480
[ERR] seq=771011 err=11552
[ERR] seq=771012 err=11616
[SEU] addr=200031DE bit=00000000
[ERR] seq=705477 err=10952
[ERR] seq=705478 err=11208
[SEU] addr=2000318F bit=00000004
[ERR] seq=705479 err=10248
[ERR] seq=705480 err=11544
[ERR] seq=705481 err=11296
[ERR] seq=705482 err=11664
[ERR] seq=705483 err=11696
[ERR] seq=705484 err=11880
[ERR] seq=705485 err=11952
[ERR] seq=705486 err=12088
[SEU] addr=200031C9 bit=00000003
[ERR] seq=705487 err=12168
[ERR] seq=705488 err=12288
[ERR] seq=705489 err=12384
[ERR] seq=705490 err=12472
[SEU] addr=20003168 bit=00000002
[CMD QUEUE backup CORRUPTED] backup repaired
[ERR] seq=705491 err=12568
[ERR] seq=705492 err=12648
[ERR] seq=705493 err=12736
[ERR] seq=705494 err=12816
[ERR] seq=705495 err=12896
[ERR] seq=705496 err=12944
[ERR] seq=705497 err=13024
[SEU] addr=200031AA bit=00000003
[ERR] seq=705498 err=13080
[SEU] addr=2000318D bit=00000006
[ERR] seq=705499 err=12976
[ERR] seq=705500 err=13200
[ERR] seq=705501 err=13200
[ERR] seq=705502 err=13288
[ERR] seq=705503 err=13312
[ERR] seq=705504 err=13352
[SEU] addr=200031B8 bit=00000003
[ERR] seq=705505 err=13368
[ERR] seq=705506 err=13392
[ERR] seq=705507 err=13408
[ERR] seq=705508 err=13424
[SEU] addr=2000316A bit=00000006
[ERR] seq=705509 err=13424
[SEU] addr=2000316C bit=00000003
[ERR] seq=705510 err=13440
[ERR] seq=705511 err=13424
[ERR] seq=705512 err=13424
[ERR] seq=705513 err=13408
[ERR] seq=705514 err=13408
[ERR] seq=705515 err=13360
[ERR] seq=705516 err=13360
[ERR] seq=705517 err=13336
[SEU] addr=200031CC bit=00000000
[ERR] seq=705518 err=13288
[ERR] seq=705519 err=13240
[ERR] seq=705520 err=13208
[ERR] seq=705521 err=13152
[SEU] addr=20003197 bit=00000003
[ERR] seq=705522 err=1073747224
[ERR] seq=705523 err=171811728
[ERR] seq=705524 err=199291824
[ERR] seq=705525 err=59386536
[ERR] seq=705526 err=41390888
[ERR] seq=705527 err=16134240
[ERR] seq=705528 err=9206336
[ERR] seq=705529 err=4064192
[ERR] seq=705530 err=2125568
[SEU] addr=200031D6 bit=00000000
[ERR] seq=705531 err=999928
[ERR] seq=705532 err=502304
[ERR] seq=705533 err=249768
[ERR] seq=705534 err=122520
[ERR] seq=705535 err=68808
[ERR] seq=705536 err=34792
[SEU] addr=200031BD bit=00000006
[ERR] seq=705537 err=30480
[ERR] seq=705538 err=13456
[ERR] seq=705539 err=20720
[ERR] seq=705540 err=11952
[ERR] seq=705541 err=14688
[ERR] seq=705542 err=12720
[ERR] seq=705543 err=13328
[SEU] addr=200031B7 bit=00000003
[ERR] seq=705544 err=12752
[ERR] seq=705545 err=12808
[ERR] seq=705546 err=12560
[ERR] seq=705547 err=12448
[ERR] seq=705548 err=12288
[ERR] seq=705549 err=12112
[ERR] seq=705550 err=11968
[SEU] addr=20003195 bit=00000000
[ERR] seq=705551 err=9744
[ERR] seq=705552 err=11952
[ERR] seq=705553 err=11056
[ERR] seq=705554 err=11400
[ERR] seq=705555 err=11008
[SEU] addr=2000319A bit=00000005
[ERR] seq=705556 err=16788168
[ERR] seq=705557 err=2689480
[ERR] seq=705558 err=3124376
[SEU] addr=200031D0 bit=00000004
[ERR] seq=705559 err=932608
[ERR] seq=705560 err=656768
[ERR] seq=705561 err=256536
[ERR] seq=705562 err=153496
[ERR] seq=705563 err=67696
[SEU] addr=20003177 bit=00000003
[ERR] seq=705564 err=42456
[ERR] seq=705565 err=19560
[ERR] seq=705566 err=16672
[SEU] addr=200031B2 bit=00000003
[ERR] seq=705567 err=7568
[ERR] seq=705568 err=10312
[SEU] addr=20003195 bit=00000002
[ERR] seq=705569 err=15576
[ERR] seq=705570 err=7168
[ERR] seq=705571 err=9136
[SEU] addr=200031BE bit=00000001
[ERR] seq=705572 err=7248
[ERR] seq=705573 err=7640
[ERR] seq=705574 err=7040
[ERR] seq=705575 err=6960
[ERR] seq=705576 err=6664
[ERR] seq=705577 err=6448
[ERR] seq=705578 err=6200
[SEU] addr=200031DD bit=00000006
[ERR] seq=689195 err=6944
[ERR] seq=689196 err=6568
[ERR] seq=689197 err=6496
[ERR] seq=689198 err=6208
[ERR] seq=689199 err=6000
[ERR] seq=689200 err=5760
[SEU] addr=2000315E bit=00000003
[CMD QUEUE CORRUPTED] primary repaired
[ERR] seq=689201 err=5520
[ERR] seq=689202 err=5272
[ERR] seq=689203 err=5024
[ERR] seq=689204 err=4800
[ERR] seq=689205 err=4512
[ERR] seq=689206 err=4312
[ERR] seq=689207 err=4040
[ERR] seq=689208 err=3784
[ERR] seq=689209 err=3536
[SEU] addr=200031A8 bit=00000004
[ERR] seq=689210 err=3288
[SEU] addr=200031A6 bit=00000000
[ERR] seq=689211 err=3016
[ERR] seq=689212 err=2792
[ERR] seq=689213 err=2520
[ERR] seq=689214 err=2256
[SEU] addr=200031BD bit=00000003
[ERR] seq=689215 err=2016
[ERR] seq=689216 err=1760
[ERR] seq=689217 err=1512
[ERR] seq=689218 err=1280
[ERR] seq=689219 err=1040
[ERR] seq=689220 err=1216
[ERR] seq=689221 err=1360
[ERR] seq=689222 err=1536
[ERR] seq=689223 err=1680
[SEU] addr=20003160 bit=00000000
[CMD QUEUE CORRUPTED] primary repaired
[ERR] seq=689224 err=1840
[ERR] seq=689225 err=2016
[SEU] addr=200031AF bit=00000007
[ERR] seq=689226 err=2176
[ERR] seq=689227 err=2320
[SEU] addr=200031AD bit=00000007
[ERR] seq=689228 err=2496
[ERR] seq=689229 err=2656
[ERR] seq=689230 err=2816
[ERR] seq=689231 err=2960
[ERR] seq=689232 err=3136
[ERR] seq=689233 err=3288
[SEU] addr=200031AC bit=00000000
[ERR] seq=689234 err=3464
[ERR] seq=689235 err=3608
[ERR] seq=689236 err=3752
[ERR] seq=689237 err=3920
[ERR] seq=689238 err=4064
[ERR] seq=689239 err=4216
[SEU] addr=200031D3 bit=00000004
[ERR] seq=689240 err=4384
[ERR] seq=689241 err=4528
[ERR] seq=689242 err=4704
[SEU] addr=20003186 bit=00000004
[ERR] seq=689243 err=4936
[ERR] seq=689244 err=5160
[ERR] seq=689245 err=5408
[SEU] addr=20003176 bit=00000003
[ERR] seq=689246 err=5616
[SEU] addr=20003192 bit=00000006
[ERR] seq=689247 err=33552760
[ERR] seq=689248 err=5374784
[ERR] seq=689249 err=6225984
[ERR] seq=689250 err=1861928
[SEU] addr=20003152 bit=00000004
[ERR] seq=689251 err=1291536
[ERR] seq=689252 err=510752
[ERR] seq=689253 err=285728
[ERR] seq=689254 err=133984
[ERR] seq=689255 err=64432
[ERR] seq=689256 err=38624
[ERR] seq=689257 err=13672
[ERR] seq=689258 err=15608
[ERR] seq=689259 err=4752
[SEU] addr=200031AA bit=00000004
[ERR] seq=689260 err=10360
[ERR] seq=689261 err=7896
[ERR] seq=689262 err=9392
[ERR] seq=689263 err=8944
[ERR] seq=689264 err=9424
[ERR] seq=689265 err=9472
[SEU] addr=2000315D bit=00000001
[CMD QUEUE CORRUPTED] primary repaired
[ERR] seq=689266 err=9712
[ERR] seq=689267 err=9848
[SEU] addr=200031D4 bit=00000002
[ERR] seq=689268 err=10048
[ERR] seq=689269 err=10192
[ERR] seq=689270 err=10352
[ERR] seq=689271 err=10520
[ERR] seq=689272 err=10688
[SEU] addr=200031B1 bit=00000000
[ERR] seq=689273 err=10832
[ERR] seq=689274 err=11000
[ERR] seq=689275 err=11120
[ERR] seq=689276 err=11280
[ERR] seq=689277 err=11392
[ERR] seq=689278 err=11560
[ERR] seq=689279 err=11656
[ERR] seq=689280 err=11808
[SEU] addr=2000316B bit=00000001
[ERR] seq=689281 err=11920
[ERR] seq=689282 err=12056
[ERR] seq=689283 err=12152
[ERR] seq=689284 err=12264
[ERR] seq=689285 err=12384
[ERR] seq=689286 err=12472
[ERR] seq=689287 err=12584
[ERR] seq=689288 err=12672
[SEU] addr=2000319D bit=00000002
[ERR] seq=689289 err=12768
[ERR] seq=689290 err=12840
[ERR] seq=689291 err=12944
[ERR] seq=689292 err=13000
[ERR] seq=689293 err=13088
[ERR] seq=689294 err=13152
[ERR] seq=689295 err=13216
[SEU] addr=200031CF bit=00000001
[ERR] seq=689296 err=13280
[ERR] seq=689297 err=13336
[ERR] seq=689298 err=13392
[ERR] seq=689299 err=13432
[ERR] seq=689300 err=13472
[ERR] seq=689301 err=13512
[ERR] seq=689302 err=13560
[ERR] seq=689303 err=13576
[ERR] seq=689304 err=13616
[SEU] addr=200031AE bit=00000003
[ERR] seq=689305 err=13632
[ERR] seq=689306 err=13624
[ERR] seq=689307 err=13656
[ERR] seq=689308 err=13648
[ERR] seq=689309 err=13656
[ERR] seq=689310 err=13632
[ERR] seq=689311 err=13640
[SEU] addr=200031C9 bit=00000000
[ERR] seq=689312 err=13608
[ERR] seq=689313 err=13600
[ERR] seq=689314 err=13560
[SEU] addr=200031A1 bit=00000003
[ERR] seq=689315 err=13528
[ERR] seq=689316 err=13488
[SEU] addr=2000314D bit=00000000
[SAMPLE QUEUE CORRUPTED] primary repaired
[ERR] seq=689317 err=13440
[ERR] seq=689318 err=13408
[ERR] seq=689319 err=13360
[SEU] addr=200031B9 bit=00000000
[ERR] seq=689320 err=13296
[ERR] seq=689321 err=13232
[ERR] seq=689322 err=13176
[ERR] seq=689323 err=13096
[ERR] seq=689324 err=13048
[SEU] addr=2000318C bit=00000000
[ERR] seq=689325 err=12920
[ERR] seq=689326 err=12872
[ERR] seq=689327 err=12800
[ERR] seq=689328 err=12696
[ERR] seq=689329 err=12616
[SEU] addr=200031BE bit=00000006
[ERR] seq=689330 err=12512
[ERR] seq=689331 err=12408
[SEU] addr=200031DD bit=00000004
[ERR] seq=693428 err=1352
[ERR] seq=693429 err=2688
[ERR] seq=693430 err=1144
[ERR] seq=693431 err=1632
[ERR] seq=693432 err=1304
[ERR] seq=693433 err=1464
[ERR] seq=693434 err=1368
[SEU] addr=20003173 bit=00000003
[ERR] seq=693435 err=1432
[ERR] seq=693436 err=1424
[ERR] seq=693437 err=1440
[ERR] seq=693438 err=1440
[ERR] seq=693439 err=1456
[ERR] seq=693440 err=1464
[ERR] seq=693441 err=1480
[ERR] seq=693442 err=1480
[ERR] seq=693443 err=1488
[SEU] addr=20003161 bit=00000000
[ERR] seq=693444 err=1504
[ERR] seq=693445 err=1496
[ERR] seq=693446 err=1520
[ERR] seq=693447 err=1520
[ERR] seq=693448 err=1536
[ERR] seq=693449 err=1536
[ERR] seq=693450 err=1536
[ERR] seq=693451 err=1552
[ERR] seq=693452 err=1560
[ERR] seq=693453 err=1560
[SEU] addr=2000315F bit=00000000
[CMD QUEUE CORRUPTED] primary repaired
[ERR] seq=693454 err=1584
[ERR] seq=693455 err=1584
[ERR] seq=693456 err=1584
[ERR] seq=693457 err=1600
[ERR] seq=693458 err=1608
[ERR] seq=693459 err=1608
[ERR] seq=693460 err=1616
[SEU] addr=2000317B bit=00000001
[ERR] seq=693461 err=1616
[SEU] addr=200031C1 bit=00000003
[ERR] seq=693462 err=1632
[ERR] seq=693463 err=1632
[ERR] seq=693464 err=1640
[SEU] addr=200031A3 bit=00000000
[ERR] seq=693465 err=1656
[ERR] seq=693466 err=1648
[ERR] seq=693467 err=1664
[SEU] addr=200031CE bit=00000003
[ERR] seq=693468 err=1648
[ERR] seq=693469 err=1672
[ERR] seq=693470 err=1656
[ERR] seq=693471 err=1664
[SEU] addr=200031D7 bit=00000000
[ERR] seq=693472 err=1680
[ERR] seq=693473 err=1672
[ERR] seq=693474 err=1680
[ERR] seq=693475 err=1688
[ERR] seq=693476 err=1680
[ERR] seq=693477 err=1696
[ERR] seq=693478 err=1696
[ERR] seq=693479 err=1704
[ERR] seq=693480 err=1712
[SEU] addr=200031DF bit=00000007
[ERR] seq=2148177129 err=4528
[ERR] seq=2148177130 err=1656
[ERR] seq=2148177131 err=210408
[ERR] seq=2148177132 err=155312
[ERR] seq=2148177133 err=225240
[ERR] seq=2148177134 err=194320
[ERR] seq=2148177135 err=208584
[ERR] seq=2148177136 err=214264
[ERR] seq=2148177137 err=1264
[SEU] addr=20003168 bit=00000000
[CMD QUEUE backup CORRUPTED] backup repaired
[ERR] seq=2148177138 err=34064
[ERR] seq=2148177139 err=208728
[ERR] seq=2148177140 err=180672
[ERR] seq=2148177141 err=220496
[ERR] seq=2148177142 err=6760
[ERR] seq=2148177143 err=218272
[ERR] seq=2148177144 err=173976
[ERR] seq=2148177145 err=196280
[SEU] addr=200031A0 bit=00000007
[ERR] seq=2148177146 err=56008
[ERR] seq=2148177147 err=226392
[ERR] seq=2148177148 err=189688
[ERR] seq=2148177149 err=194608
[ERR] seq=2148177150 err=112592
[ERR] seq=2148177151 err=11152
[ERR] seq=2148177152 err=12080
[ERR] seq=2148177153 err=178440
[ERR] seq=2148177154 err=29920
[SEU] addr=200031D3 bit=00000000
[ERR] seq=2148177155 err=233984
[ERR] seq=2148177156 err=173944
[ERR] seq=2148177157 err=122216
[ERR] seq=2148177158 err=231064
[ERR] seq=2148177159 err=20392
[SEU] addr=20003162 bit=00000000
[ERR] seq=2148177160 err=37088
[ERR] seq=2148177161 err=202424
[ERR] seq=2148177162 err=181256
[ERR] seq=2148177163 err=193976
[ERR] seq=2148177164 err=212832
[ERR] seq=2148177165 err=202416
[ERR] seq=2148177166 err=214536
[ERR] seq=2148177167 err=5456
[SEU] addr=200031D2 bit=00000002
[ERR] seq=2148177168 err=31112
[ERR] seq=2148177169 err=180344
[ERR] seq=2148177170 err=162264
[ERR] seq=2148177171 err=216968
[ERR] seq=2148177172 err=175176
[ERR] seq=2148177173 err=190024
[ERR] seq=2148177174 err=209512
[SEU] addr=2000317B bit=00000007
[ERR] seq=2148177175 err=212544
[ERR] seq=2148177176 err=179360
[ERR] seq=2148177177 err=207432
[ERR] seq=2148177178 err=180656
[ERR] seq=2148177179 err=114344
[ERR] seq=2148177180 err=5208
[ERR] seq=2148177181 err=217440
[ERR] seq=2148177182 err=21368
[SEU] addr=20003158 bit=00000001
[SAMPLE QUEUE backup CORRUPTED] backup repaired
[ERR] seq=2148177183 err=234768
[ERR] seq=2148177184 err=174920
[ERR] seq=2148177185 err=190272
[ERR] seq=2148177186 err=189536
[ERR] seq=2148177187 err=201344
[ERR] seq=2148177188 err=107296
[ERR] seq=2148177189 err=8816
[ERR] seq=2148177190 err=9408
[SEU] addr=20003152 bit=00000000
[ERR] seq=2148177191 err=198856
[ERR] seq=2148177192 err=24080
[ERR] seq=2148177193 err=230472
[ERR] seq=2148177194 err=175128
[ERR] seq=2148177195 err=188688
[ERR] seq=2148177196 err=188952
[ERR] seq=2148177197 err=200352
[SEU] addr=20003157 bit=00000006
[SAMPLE QUEUE backup CORRUPTED] backup repaired
[ERR] seq=2148177198 err=106536
[ERR] seq=2148177199 err=7944
[ERR] seq=2148177200 err=8648
[ERR] seq=2148177201 err=207416
[SEU] addr=20003196 bit=00000007
[ERR] seq=2148177202 err=67130576
[ERR] seq=2148177203 err=10833552
[ERR] seq=2148177204 err=12607904
[ERR] seq=2148177205 err=3810584
[SEU] addr=2000316D bit=00000001
[ERR] seq=2148177206 err=2777304
[SEU] addr=2000317C bit=00000007
[ERR] seq=2148177207 err=1104256
[ERR] seq=2148177208 err=580584
[ERR] seq=2148177209 err=357984
[SEU] addr=2000319C bit=00000005
[ERR] seq=2148177210 err=291288
[ERR] seq=2148177211 err=90584
[ERR] seq=2148177212 err=224848
[ERR] seq=2148177213 err=154600
[SEU] addr=20003177 bit=00000003
[ERR] seq=2148177214 err=186264
[ERR] seq=2148177215 err=184944
[ERR] seq=2148177216 err=199512
[ERR] seq=2148177217 err=104976
[ERR] seq=2148177218 err=7048
[ERR] seq=2148177219 err=164032
[ERR] seq=2148177220 err=126824
[ERR] seq=2148177221 err=58536
[ERR] seq=2148177222 err=191160
[ERR] seq=2148177223 err=185304
[SEU] addr=200031A9 bit=00000002
[ERR] seq=2148177224 err=6856
[ERR] seq=2148177225 err=206664
[ERR] seq=2148177226 err=176136
[ERR] seq=2148177227 err=2976
[ERR] seq=2148177228 err=20336
[SEU] addr=200031D4 bit=00000005
[ERR] seq=2148177229 err=146264
[SEU] addr=200031D2 bit=00000007
[ERR] seq=2148177230 err=125952
[ERR] seq=2148177231 err=19936
[ERR] seq=2148177232 err=8704
[ERR] seq=2148177233 err=123592
[ERR] seq=2148177234 err=101448
[ERR] seq=2148177235 err=4328
[ERR] seq=2148177236 err=8584
[SEU] addr=200031C5 bit=00000006
[ERR] seq=2148177237 err=180104
[ERR] seq=2148177238 err=180976
[SEU] addr=20003172 bit=00000001
[ERR] seq=2148177239 err=206416
[ERR] seq=2148177240 err=12304
[ERR] seq=2148177241 err=235840
[ERR] seq=2148177242 err=170696
[ERR] seq=2148177243 err=211448
[ERR] seq=2148177244 err=188880
[ERR] seq=2148177245 err=210248
[SEU] addr=200031C6 bit=00000005
[ERR] seq=2148177246 err=11496
[ERR] seq=2148177247 err=213968
[ERR] seq=2148177248 err=176432
[ERR] seq=2148177249 err=216520
[ERR] seq=2148177250 err=200472
[SEU] addr=20003161 bit=00000000
[ERR] seq=2148177251 err=5328
[ERR] seq=2148177252 err=25080
[ERR] seq=2148177253 err=177800
[ERR] seq=2148177254 err=31320
[ERR] seq=2148177255 err=161560
[ERR] seq=2148177256 err=115936
[ERR] seq=2148177257 err=131624
[SEU] addr=200031DC bit=00000006
[ERR] seq=2148177194 err=151968
[ERR] seq=2148177195 err=174848
[ERR] seq=2148177196 err=185872
[ERR] seq=2148177197 err=197192
[ERR] seq=2148177198 err=105232
[ERR] seq=2148177199 err=6464
[SEU] addr=20003187 bit=00000006
[ERR] seq=2148177200 err=7632
[ERR] seq=2148177201 err=206448
[ERR] seq=2148177202 err=20952
[ERR] seq=2148177203 err=212072
[ERR] seq=2148177204 err=152000
[ERR] seq=2148177205 err=220304
[ERR] seq=2148177206 err=190480
[ERR] seq=2148177207 err=213832
[ERR] seq=2148177208 err=10856
[ERR] seq=2148177209 err=231920
[SEU] addr=2000316E bit=00000006
[ERR] seq=2148177210 err=159128
[ERR] seq=2148177211 err=65264
[ERR] seq=2148177212 err=194384
[ERR] seq=2148177213 err=170208
[ERR] seq=2148177214 err=179808
[ERR] seq=2148177215 err=189504
[ERR] seq=2148177216 err=198912
[SEU] addr=200031A5 bit=00000007
[ERR] seq=2148177217 err=107112
[ERR] seq=2148177218 err=8048
[ERR] seq=2148177219 err=165800
[ERR] seq=2148177220 err=128400
[ERR] seq=2148177221 err=60400
[ERR] seq=2148177222 err=193080
[ERR] seq=2148177223 err=187384
[SEU] addr=2000316A bit=00000005
[ERR] seq=2148177224 err=4656
[ERR] seq=2148177225 err=209024
[ERR] seq=2148177226 err=178560
[ERR] seq=2148177227 err=1368
[SEU] addr=200031CE bit=00000006
[ERR] seq=2148177228 err=23048
[ERR] seq=2148177229 err=149096
[ERR] seq=2148177230 err=128912
[ERR] seq=2148177231 err=23016
[ERR] seq=2148177232 err=11912
[ERR] seq=2148177233 err=126904
[SEU] addr=200031B2 bit=00000005
[ERR] seq=2148177234 err=104896
[ERR] seq=2148177235 err=1120
[ERR] seq=2148177236 err=12264
[SEU] addr=2000318B bit=00000001
[ERR] seq=2148177237 err=183856
[ERR] seq=2148177238 err=184848
[ERR] seq=2148177239 err=210384
[ERR] seq=2148177240 err=8208
[SEU] addr=200031A0 bit=00000006
[ERR] seq=2148177241 err=240016
[ERR] seq=2148177242 err=174984
[ERR] seq=2148177243 err=215848
[ERR] seq=2148177244 err=193368
[ERR] seq=2148177245 err=214824
[ERR] seq=2148177246 err=6824
[SEU] addr=2000317D bit=00000000
[ERR] seq=2148177247 err=218752
[SEU] addr=200031C8 bit=00000006
[ERR] seq=2148177248 err=181288
[ERR] seq=2148177249 err=221472
[ERR] seq=2148177250 err=205520
[ERR] seq=2148177251 err=1488
[SEU] addr=200031C5 bit=00000003
[ERR] seq=2148177252 err=30304
[ERR] seq=2148177253 err=183088
[ERR] seq=2148177254 err=25952
[ERR] seq=2148177255 err=167032
[ERR] seq=2148177256 err=121472
[ERR] seq=2148177257 err=137248
[ERR] seq=2148177258 err=155680
[ERR] seq=2148177259 err=153576
[SEU] addr=20003199 bit=00000007
[ERR] seq=2148177260 err=263392
[ERR] seq=2148177261 err=84000
[SEU] addr=2000318D bit=00000000
[ERR] seq=2148177262 err=88352
[ERR] seq=2148177263 err=171552
[ERR] seq=2148177264 err=102432
[SEU] addr=200031AA bit=00000004
[ERR] seq=2148177265 err=132688
[ERR] seq=2148177266 err=116936
[ERR] seq=2148177267 err=131896
[ERR] seq=2148177268 err=22152
[SEU] addr=2000317F bit=00000005
[ERR] seq=2148177269 err=17176
[ERR] seq=2148177270 err=2136
[ERR] seq=2148177271 err=127056
[ERR] seq=2148177272 err=136152
[SEU] addr=2000316A bit=00000000
[ERR] seq=2148177273 err=121160
[ERR] seq=2148177274 err=145904
[ERR] seq=2148177275 err=171584
[ERR] seq=2148177276 err=15200
[ERR] seq=2148177277 err=25608
[ERR] seq=2148177278 err=992
[ERR] seq=2148177279 err=165288
[SEU] addr=20003188 bit=00000003
[ERR] seq=2148177280 err=96976
[ERR] seq=2148177281 err=142040
[ERR] seq=2148177282 err=116496
[ERR] seq=2148177283 err=148680
[ERR] seq=2148177284 err=171472
[ERR] seq=2148177285 err=16752
[ERR] seq=2148177286 err=26408
[SEU] addr=2000317E bit=00000005
[ERR] seq=2148177287 err=128400
[ERR] seq=2148177288 err=115664
[ERR] seq=2148177289 err=4176
[ERR] seq=2148177290 err=19960
[ERR] seq=2148177291 err=1432
[ERR] seq=2148177292 err=5552
[ERR] seq=2148177293 err=2560
[ERR] seq=2148177294 err=39648
[SEU] addr=2000317E bit=00000006
[ERR] seq=2148177295 err=136736
[ERR] seq=2148177296 err=174632
[ERR] seq=2148177297 err=99416
[ERR] seq=2148177298 err=50832
[ERR] seq=2148177299 err=2832
[END]
samples=2000
SEUs=356
good samples=182
errors=1818
samples omitted=0
max error=0x0000000040001518
propagations=1814
detected disturbances=38
tmr corrections=0
dmr corrections=38
crc detections=0
clamp activations=0
[HARDFAULT]
qemu: fatal: Lockup: can't escalate 3 to HardFault (current priority -1)

R00=0000000a R01=00000002 R02=4000c000 R03=00000000
R04=00000000 R05=00000578 R06=00000000 R07=2000ffd8
R08=000005e0 R09=00000000 R10=00000048 R11=00000000
R12=00000630 R13=2000ffd8 R14=00003551 R15=00000d42
XPSR=01000003 ---- T handler
FPSCR: 00000000
