START
SEED=24688642
[SEU] addr=2000319E bit=00000002
[ERR] seq=5 err=2468
[ERR] seq=6 err=392
[ERR] seq=7 err=448
[ERR] seq=8 err=120
[ERR] seq=9 err=80
[ERR] seq=10 err=24
[ERR] seq=11 err=8
[SEU] addr=20003169 bit=00000001
[SEU] addr=2000315C bit=00000001
[CMD QUEUE CORRUPTED] primary repaired
[SEU] addr=20003184 bit=00000001
[SEU] addr=2000317E bit=00000002
[SEU] addr=200031DD bit=00000001
[SEU] addr=20003196 bit=00000005
[ERR] seq=38 err=5296
[ERR] seq=39 err=832
[ERR] seq=40 err=960
[ERR] seq=41 err=272
[ERR] seq=42 err=176
[SEU] addr=2000316D bit=00000002
[ERR] seq=43 err=48
[SEU] addr=2000319E bit=00000002
[ERR] seq=44 err=2484
[ERR] seq=45 err=392
[ERR] seq=46 err=448
[ERR] seq=47 err=120
[ERR] seq=48 err=80
[ERR] seq=49 err=24
[ERR] seq=50 err=8
[SEU] addr=20003180 bit=00000006
[SEU] addr=2000315C bit=00000005
[CMD QUEUE CORRUPTED] primary repaired
[SEU] addr=200031C2 bit=00000004
[SEU] addr=2000319B bit=00000004
[ERR] seq=73 err=2532
[ERR] seq=74 err=400
[ERR] seq=75 err=464
[ERR] seq=76 err=136
[ERR] seq=77 err=88
[ERR] seq=78 err=24
[SEU] addr=200031DB bit=00000002
[ERR] seq=79 err=8
[SEU] addr=200031D8 bit=00000000
[SEU] addr=200031BA bit=00000006
[SEU] addr=20003189 bit=00000007
[SEU] addr=200031A2 bit=00000004
[ERR] seq=102 err=2492
[ERR] seq=103 err=392
[ERR] seq=104 err=448
[ERR] seq=105 err=120
[ERR] seq=106 err=80
[ERR] seq=107 err=24
[ERR] seq=108 err=8
[SEU] addr=200031BF bit=00000002
[SEU] addr=200031A4 bit=00000005
[SEU] addr=200031F3 bit=00000007
[SEU] addr=2000317C bit=00000002
[SEU] addr=2000319B bit=00000003
[ERR] seq=137 err=2460
[ERR] seq=138 err=392
[ERR] seq=139 err=448
[ERR] seq=140 err=120
[SEU] addr=20003198 bit=00000004
[ERR] seq=141 err=208
[ERR] seq=142 err=48
[ERR] seq=143 err=32
[SEU] addr=200031BA bit=00000006
[SEU] addr=20003194 bit=00000001
[ERR] seq=149 err=208
[ERR] seq=150 err=24
[ERR] seq=151 err=24
[SEU] addr=2000317F bit=00000006
[SEU] addr=200031BB bit=00000003
[SEU] addr=200031A2 bit=00000005
[ERR] seq=170 err=2476
[ERR] seq=171 err=392
[ERR] seq=172 err=448
[ERR] seq=173 err=120
[ERR] seq=174 err=80
[ERR] seq=175 err=24
[ERR] seq=176 err=8
[SEU] addr=200031C0 bit=00000005
[SEU] addr=200031AD bit=00000002
[SEU] addr=2000318A bit=00000005
[SEU] addr=20003156 bit=00000004
[SAMPLE QUEUE backup CORRUPTED] backup repaired
[SEU] addr=200031D9 bit=00000006
[SEU] addr=20003162 bit=00000000
[SEU] addr=2000315D bit=00000003
[CMD QUEUE CORRUPTED] primary repaired
[SEU] addr=200031C1 bit=00000000
[SEU] addr=200031B4 bit=00000001
[SEU] addr=200031A9 bit=00000002
[SEU] addr=200031CA bit=00000007
[SEU] addr=200031F3 bit=00000004
[SEU] addr=200031B1 bit=00000001
[SEU] addr=2000316F bit=00000001
[SEU] addr=200031AE bit=00000000
[SEU] addr=200031D6 bit=00000005
[SEU] addr=20003193 bit=00000000
[SEU] addr=200031DF bit=00000004
[SEU] addr=2000317B bit=00000000
[SEU] addr=20003168 bit=00000003
[CMD QUEUE backup CORRUPTED] backup repaired
[SEU] addr=2000316A bit=00000004
[SEU] addr=2000319C bit=00000000
[ERR] seq=270 err=8
[SEU] addr=2000316D bit=00000004
[SEU] addr=2000316C bit=00000006
[SEU] addr=20003183 bit=00000002
[SEU] addr=200031A9 bit=00000001
[SEU] addr=200031A3 bit=00000002
[ERR] seq=302 err=2516
[ERR] seq=303 err=400
[ERR] seq=304 err=464
[SEU] addr=20003181 bit=00000005
[ERR] seq=305 err=136
[ERR] seq=306 err=88
[ERR] seq=307 err=24
[ERR] seq=308 err=8
[SEU] addr=200031B8 bit=00000003
[SEU] addr=200031C1 bit=00000004
[SEU] addr=200031DA bit=00000001
[SEU] addr=2000319A bit=00000003
[ERR] seq=325 err=2572
[ERR] seq=326 err=408
[ERR] seq=327 err=472
[ERR] seq=328 err=136
[ERR] seq=329 err=88
[ERR] seq=330 err=24
[ERR] seq=331 err=8
[SEU] addr=2000319E bit=00000000
[ERR] seq=334 err=2460
[ERR] seq=335 err=392
[ERR] seq=336 err=448
[ERR] seq=337 err=120
[ERR] seq=338 err=80
[SEU] addr=20003176 bit=00000005
[ERR] seq=339 err=24
[ERR] seq=340 err=8
[SEU] addr=200031C3 bit=00000005
[SEU] addr=20003192 bit=00000004
[SEU] addr=200031DF bit=00000004
[SEU] addr=200031E3 bit=00000006
[SEU] addr=200031C6 bit=00000006
[SEU] addr=20003183 bit=00000003
[SEU] addr=200031E6 bit=00000006
[SEU] addr=200031DA bit=00000005
[SEU] addr=200031DA bit=00000003
[SEU] addr=200031B0 bit=00000007
[SEU] addr=2000315C bit=00000000
[CMD QUEUE CORRUPTED] primary repaired
[SEU] addr=20003155 bit=00000002
[SAMPLE QUEUE backup CORRUPTED] backup repaired
[SEU] addr=200031EA bit=00000000
[SEU] addr=20003192 bit=00000005
[SEU] addr=20003198 bit=00000002
[ERR] seq=426 err=32
[SEU] addr=2000314F bit=00000002
[SAMPLE QUEUE CORRUPTED] primary repaired
[SEU] addr=20003174 bit=00000007
[SEU] addr=20003176 bit=00000005
[SEU] addr=200031A9 bit=00000000
[SEU] addr=200031AF bit=00000005
[SEU] addr=2000316C bit=00000002
[SEU] addr=200031E9 bit=00000003
[SEU] addr=20003175 bit=00000005
[SEU] addr=200031B0 bit=00000006
[SEU] addr=20003184 bit=00000002
[SEU] addr=200031A2 bit=00000006
[ERR] seq=492 err=2492
[ERR] seq=493 err=392
[ERR] seq=494 err=448
[SEU] addr=2000319F bit=00000004
[ERR] seq=495 err=2644
[ERR] seq=496 err=480
[ERR] seq=497 err=488
[ERR] seq=498 err=144
[SEU] addr=2000315B bit=00000003
[ERR] seq=499 err=88
[SEU] addr=200031EC bit=00000001
[ERR] seq=500 err=24
[ERR] seq=501 err=8
[SEU] addr=20003152 bit=00000007
[SEU] addr=20003160 bit=00000000
[CMD QUEUE CORRUPTED] primary repaired
[SEU] addr=200031E8 bit=00000000
[SEU] addr=2000319C bit=00000004
[ERR] seq=526 err=128
[ERR] seq=527 err=16
[ERR] seq=528 err=16
[SEU] addr=2000318D bit=00000005
[SEU] addr=200031DB bit=00000003
[SEU] addr=200031D0 bit=00000007
[SEU] addr=200031D3 bit=00000000
[SEU] addr=2000315A bit=00000000
[SEU] addr=200031EE bit=00000004
[SEU] addr=20003177 bit=00000004
[SEU] addr=200031E6 bit=00000000
[SEU] addr=200031B4 bit=00000002
[SEU] addr=2000316E bit=00000000
[SEU] addr=200031C1 bit=00000001
[SEU] addr=200031CE bit=00000000
[SEU] addr=200031F3 bit=00000007
[SEU] addr=2000319D bit=00000001
[ERR] seq=601 err=2516
[ERR] seq=602 err=400
[ERR] seq=603 err=464
[ERR] seq=604 err=136
[ERR] seq=605 err=88
[ERR] seq=606 err=24
[ERR] seq=607 err=8
[SEU] addr=200031D2 bit=00000001
[SEU] addr=200031C3 bit=00000000
[SEU] addr=20003161 bit=00000000
[SEU] addr=2000319A bit=00000001
[ERR] seq=622 err=2500
[ERR] seq=623 err=400
[ERR] seq=624 err=464
[ERR] seq=625 err=136
[ERR] seq=626 err=88
[SEU] addr=200031B2 bit=00000003
[ERR] seq=627 err=24
[ERR] seq=628 err=8
[SEU] addr=20003151 bit=00000003
[SEU] addr=200031DE bit=00000005
[SEU] addr=20003164 bit=00000003
[CMD QUEUE backup CORRUPTED] backup repaired
[SEU] addr=200031C8 bit=00000004
[SEU] addr=200031EC bit=00000004
[SEU] addr=200031CC bit=00000001
[SEU] addr=200031C5 bit=00000004
[SEU] addr=20003152 bit=00000007
[SEU] addr=20003170 bit=00000000
[SEU] addr=20003193 bit=00000001
[SEU] addr=200031B2 bit=00000003
[SEU] addr=200031E1 bit=00000003
[SEU] addr=20003177 bit=00000007
[SEU] addr=20003196 bit=00000007
[ERR] seq=711 err=240
[ERR] seq=712 err=24
[ERR] seq=713 err=24
[SEU] addr=200031C3 bit=00000006
[SEU] addr=200031EE bit=00000001
[SEU] addr=200031BE bit=00000005
[SEU] addr=200031AE bit=00000001
[SEU] addr=200031B8 bit=00000001
[SEU] addr=200031A5 bit=00000002
[SEU] addr=2000315F bit=00000005
[CMD QUEUE CORRUPTED] primary repaired
[SEU] addr=200031EA bit=00000003
[SEU] addr=200031BB bit=00000002
[SEU] addr=20003180 bit=00000000
[SEU] addr=20003174 bit=00000000
[SEU] addr=20003161 bit=00000006
[SEU] addr=2000315B bit=00000005
[SEU] addr=200031B9 bit=00000002
[SEU] addr=200031E3 bit=00000006
[SEU] addr=2000316F bit=00000007
[SEU] addr=20003187 bit=00000002
[SEU] addr=200031ED bit=00000001
[SEU] addr=200031CF bit=00000005
[SEU] addr=200031A6 bit=00000003
[SEU] addr=20003175 bit=00000003
[SEU] addr=20003166 bit=00000004
[CMD QUEUE backup CORRUPTED] backup repaired
[SEU] addr=20003169 bit=00000001
[SEU] addr=2000316A bit=00000002
[SEU] addr=200031EE bit=00000000
[SEU] addr=20003157 bit=00000000
[SAMPLE QUEUE backup CORRUPTED] backup repaired
[SEU] addr=2000317E bit=00000001
[SEU] addr=20003155 bit=00000005
[SAMPLE QUEUE backup CORRUPTED] backup repaired
[SEU] addr=200031A4 bit=00000003
[SEU] addr=20003172 bit=00000005
[SEU] addr=20003199 bit=00000002
[ERR] seq=910 err=2556
[ERR] seq=911 err=408
[ERR] seq=912 err=472
[ERR] seq=913 err=136
[SEU] addr=200031EB bit=00000004
[ERR] seq=914 err=88
[ERR] seq=915 err=24
[ERR] seq=916 err=8
[SEU] addr=200031DE bit=00000001
[SEU] addr=200031BF bit=00000005
[SEU] addr=200031DD bit=00000003
[SEU] addr=200031DF bit=00000001
[SEU] addr=20003157 bit=00000005
[SAMPLE QUEUE backup CORRUPTED] backup repaired
[SEU] addr=20003180 bit=00000006
[SEU] addr=20003193 bit=00000000
[SEU] addr=20003153 bit=00000007
[SEU] addr=2000315B bit=00000007
[SEU] addr=200031B0 bit=00000006
[SEU] addr=2000317F bit=00000005
[SEU] addr=20003191 bit=00000003
[SEU] addr=20003186 bit=00000003
[SEU] addr=200031A2 bit=00000004
[ERR] seq=1016 err=2524
[ERR] seq=1017 err=400
[ERR] seq=1018 err=464
[ERR] seq=1019 err=136
[ERR] seq=1020 err=88
[ERR] seq=1021 err=24
[SEU] addr=20003153 bit=00000006
[ERR] seq=1022 err=8
[SEU] addr=2000314D bit=00000005
[SAMPLE QUEUE CORRUPTED] primary repaired
[SEU] addr=20003165 bit=00000004
[CMD QUEUE backup CORRUPTED] backup repaired
[SEU] addr=200031EE bit=00000003
[SEU] addr=200031D0 bit=00000006
[SEU] addr=20003177 bit=00000002
[SEU] addr=200031C2 bit=00000000
[SEU] addr=20003179 bit=00000007
[SEU] addr=20003156 bit=00000000
[SAMPLE QUEUE backup CORRUPTED] backup repaired
[SEU] addr=20003188 bit=00000002
[SEU] addr=20003172 bit=00000004
[SEU] addr=2000316B bit=00000000
[SEU] addr=20003188 bit=00000004
[SEU] addr=200031B9 bit=00000007
[SEU] addr=2000317B bit=00000004
[SEU] addr=20003151 bit=00000007
[SEU] addr=200031DA bit=00000005
[SEU] addr=200031EC bit=00000003
[SEU] addr=200031E8 bit=00000004
[SEU] addr=200031D1 bit=00000005
[SEU] addr=20003168 bit=00000007
[CMD QUEUE backup CORRUPTED] backup repaired
[SEU] addr=2000315D bit=00000002
[CMD QUEUE CORRUPTED] primary repaired
[SEU] addr=2000315C bit=00000000
[CMD QUEUE CORRUPTED] primary repaired
[SEU] addr=200031B9 bit=00000002
[SEU] addr=20003160 bit=00000006
[CMD QUEUE CORRUPTED] primary repaired
[SEU] addr=200031D9 bit=00000002
[SEU] addr=200031DF bit=00000006
[SEU] addr=20003171 bit=00000002
[SEU] addr=200031AE bit=00000007
[SEU] addr=200031BD bit=00000002
[SEU] addr=200031CB bit=00000005
[SEU] addr=20003196 bit=00000007
[ERR] seq=1196 err=11208
[ERR] seq=1197 err=1784
[ERR] seq=1198 err=2056
[ERR] seq=1199 err=592
[ERR] seq=1200 err=408
[ERR] seq=1201 err=144
[ERR] seq=1202 err=64
[ERR] seq=1203 err=8
[SEU] addr=2000314F bit=00000004
[SAMPLE QUEUE CORRUPTED] primary repaired
[SEU] addr=2000317B bit=00000001
[SEU] addr=2000319E bit=00000005
[ERR] seq=1218 err=2524
[ERR] seq=1219 err=400
[ERR] seq=1220 err=464
[ERR] seq=1221 err=136
[SEU] addr=20003186 bit=00000002
[ERR] seq=1222 err=88
[ERR] seq=1223 err=24
[ERR] seq=1224 err=8
[SEU] addr=20003185 bit=00000005
[SEU] addr=20003159 bit=00000004
[SEU] addr=2000315A bit=00000006
[SEU] addr=200031C5 bit=00000005
[SEU] addr=2000317F bit=00000001
[SEU] addr=200031CB bit=00000003
[SEU] addr=200031B7 bit=00000007
[SEU] addr=200031ED bit=00000000
[SEU] addr=2000316E bit=00000004
[SEU] addr=200031BC bit=00000001
[SEU] addr=200031B9 bit=00000003
[SEU] addr=200031EC bit=00000007
[SEU] addr=2000316A bit=00000003
[SEU] addr=2000315F bit=00000001
[CMD QUEUE CORRUPTED] primary repaired
[SEU] addr=2000317A bit=00000004
[SEU] addr=20003168 bit=00000007
[CMD QUEUE backup CORRUPTED] backup repaired
[SEU] addr=200031ED bit=00000004
[SEU] addr=20003198 bit=00000003
[ERR] seq=1316 err=64
[ERR] seq=1317 err=8
[ERR] seq=1318 err=8
[SEU] addr=2000316A bit=00000004
[SEU] addr=200031BD bit=00000002
[SEU] addr=2000316B bit=00000001
[SEU] addr=2000318D bit=00000005
[SEU] addr=2000319D bit=00000001
[ERR] seq=1340 err=2484
[ERR] seq=1341 err=392
[ERR] seq=1342 err=448
[ERR] seq=1343 err=120
[ERR] seq=1344 err=80
[ERR] seq=1345 err=24
[ERR] seq=1346 err=8
[SEU] addr=200031AD bit=00000005
[SEU] addr=200031AE bit=00000006
[SEU] addr=2000315E bit=00000001
[CMD QUEUE CORRUPTED] primary repaired
[SEU] addr=2000319F bit=00000001
[ERR] seq=1372 err=2476
[ERR] seq=1373 err=392
[SEU] addr=200031E8 bit=00000001
[ERR] seq=1374 err=448
[ERR] seq=1375 err=120
[ERR] seq=1376 err=80
[SEU] addr=200031BB bit=00000000
[ERR] seq=1377 err=24
[ERR] seq=1378 err=8
[SEU] addr=200031A2 bit=00000006
[ERR] seq=1384 err=2524
[ERR] seq=1385 err=400
[SEU] addr=200031B5 bit=00000003
[ERR] seq=1386 err=464
[ERR] seq=1387 err=136
[ERR] seq=1388 err=88
[ERR] seq=1389 err=24
[ERR] seq=1390 err=8
[SEU] addr=200031B4 bit=00000002
[SEU] addr=200031DF bit=00000003
[SEU] addr=200031AB bit=00000005
[SEU] addr=20003167 bit=00000005
[CMD QUEUE backup CORRUPTED] backup repaired
[SEU] addr=2000315F bit=00000005
[CMD QUEUE CORRUPTED] primary repaired
[SEU] addr=20003159 bit=00000006
[SEU] addr=20003188 bit=00000007
[SEU] addr=200031D7 bit=00000007
[SEU] addr=20003163 bit=00000000
[SEU] addr=20003182 bit=00000006
[SEU] addr=200031C9 bit=00000005
[SEU] addr=20003166 bit=00000005
[CMD QUEUE backup CORRUPTED] backup repaired
[SEU] addr=200031AF bit=00000006
[SEU] addr=20003161 bit=00000001
[SEU] addr=200031CE bit=00000000
[SEU] addr=200031CF bit=00000004
[SEU] addr=200031E1 bit=00000003
[SEU] addr=2000316C bit=00000002
[SEU] addr=20003172 bit=00000003
[SEU] addr=2000316D bit=00000006
[SEU] addr=2000319C bit=00000003
[ERR] seq=1501 err=64
[ERR] seq=1502 err=8
[ERR] seq=1503 err=8
[SEU] addr=200031BA bit=00000006
[SEU] addr=20003164 bit=00000003
[CMD QUEUE backup CORRUPTED] backup repaired
[SEU] addr=2000315C bit=00000000
[CMD QUEUE CORRUPTED] primary repaired
[SEU] addr=20003173 bit=00000003
[SEU] addr=20003156 bit=00000000
[SAMPLE QUEUE backup CORRUPTED] backup repaired
[SEU] addr=20003199 bit=00000006
[ERR] seq=1533 err=2516
[ERR] seq=1534 err=400
[ERR] seq=1535 err=464
[ERR] seq=1536 err=136
[ERR] seq=1537 err=88
[ERR] seq=1538 err=24
[ERR] seq=1539 err=8
[SEU] addr=200031E7 bit=00000003
[SEU] addr=200031E9 bit=00000000
[SEU] addr=20003182 bit=00000005
[SEU] addr=20003170 bit=00000004
[SEU] addr=200031E3 bit=00000003
[SEU] addr=200031BA bit=00000003
[SEU] addr=20003181 bit=00000002
[SEU] addr=2000318A bit=00000001
[SEU] addr=200031ED bit=00000006
[SEU] addr=200031D6 bit=00000003
[SEU] addr=200031EC bit=00000004
[SEU] addr=20003186 bit=00000000
[SEU] addr=20003199 bit=00000003
[ERR] seq=1595 err=2556
[ERR] seq=1596 err=408
[ERR] seq=1597 err=472
[ERR] seq=1598 err=136
[ERR] seq=1599 err=88
[ERR] seq=1600 err=24
[ERR] seq=1601 err=8
[SEU] addr=200031B4 bit=00000000
[SEU] addr=200031E7 bit=00000007
[SEU] addr=200031AD bit=00000007
[SEU] addr=200031C8 bit=00000000
[SEU] addr=200031BF bit=00000004
[SEU] addr=20003172 bit=00000004
[SEU] addr=2000317A bit=00000003
[SEU] addr=200031D6 bit=00000006
[SEU] addr=200031B2 bit=00000004
[SEU] addr=200031E2 bit=00000004
[SEU] addr=20003155 bit=00000001
[SAMPLE QUEUE backup CORRUPTED] backup repaired
[SEU] addr=20003154 bit=00000002
[SAMPLE QUEUE backup CORRUPTED] backup repaired
[SEU] addr=20003159 bit=00000000
[SEU] addr=2000316B bit=00000001
[SEU] addr=200031DD bit=00000002
[SEU] addr=20003167 bit=00000001
[CMD QUEUE backup CORRUPTED] backup repaired
[SEU] addr=200031B6 bit=00000003
[SEU] addr=200031C9 bit=00000000
[SEU] addr=200031A9 bit=00000003
[SEU] addr=200031E5 bit=00000000
[SEU] addr=200031E1 bit=00000000
[SEU] addr=200031D0 bit=00000000
[SEU] addr=20003162 bit=00000006
[SEU] addr=2000315D bit=00000004
[CMD QUEUE CORRUPTED] primary repaired
[SEU] addr=20003163 bit=00000003
[SEU] addr=20003159 bit=00000000
[SEU] addr=2000316F bit=00000000
[SEU] addr=200031E7 bit=00000001
[SEU] addr=200031E9 bit=00000003
[SEU] addr=200031D7 bit=00000000
[SEU] addr=20003196 bit=00000003
[ERR] seq=1752 err=1976
[ERR] seq=1753 err=304
[ERR] seq=1754 err=344
[ERR] seq=1755 err=80
[SEU] addr=200031BF bit=00000000
[ERR] seq=1756 err=40
[SEU] addr=20003187 bit=00000007
[SEU] addr=200031E8 bit=00000000
[SEU] addr=200031E0 bit=00000007
[SEU] addr=2000317F bit=00000000
[SEU] addr=200031CE bit=00000000
[SEU] addr=200031DE bit=00000002
[SEU] addr=200031B7 bit=00000007
[SEU] addr=2000319C bit=00000001
[ERR] seq=1819 err=16
[SEU] addr=20003172 bit=00000000
[SEU] addr=200031D3 bit=00000006
[SEU] addr=20003182 bit=00000007
[SEU] addr=200031ED bit=00000001
[SEU] addr=20003154 bit=00000007
[SAMPLE QUEUE backup CORRUPTED] backup repaired
[SEU] addr=200031AC bit=00000005
[SEU] addr=2000315B bit=00000003
[SEU] addr=20003169 bit=00000002
[SEU] addr=200031A0 bit=00000005
[ERR] seq=1865 err=256
[SEU] addr=200031C6 bit=00000007
[ERR] seq=1866 err=40
[ERR] seq=1867 err=40
[SEU] addr=200031DD bit=00000006
[SEU] addr=200031AE bit=00000001
[SEU] addr=20003162 bit=00000005
[SEU] addr=2000316D bit=00000000
[SEU] addr=200031D4 bit=00000006
[SEU] addr=20003197 bit=00000006
[ERR] seq=1900 err=3888
[ERR] seq=1901 err=616
[ERR] seq=1902 err=704
[ERR] seq=1903 err=184
[ERR] seq=1904 err=112
[ERR] seq=1905 err=24
[ERR] seq=1906 err=8
[SEU] addr=2000319A bit=00000006
[ERR] seq=1910 err=2460
[ERR] seq=1911 err=392
[ERR] seq=1912 err=448
[ERR] seq=1913 err=120
[ERR] seq=1914 err=80
[ERR] seq=1915 err=24
[ERR] seq=1916 err=8
[SEU] addr=2000316D bit=00000007
[SEU] addr=2000315A bit=00000005
[SEU] addr=20003166 bit=00000006
[CMD QUEUE backup CORRUPTED] backup repaired
[SEU] addr=20003152 bit=00000005
[SEU] addr=20003153 bit=00000001
[SEU] addr=200031C4 bit=00000006
[SEU] addr=200031D1 bit=00000000
[SEU] addr=200031C0 bit=00000006
[SEU] addr=200031DD bit=00000003
[SEU] addr=200031C5 bit=00000007
[SEU] addr=20003155 bit=00000000
[SAMPLE QUEUE backup CORRUPTED] backup repaired
[SEU] addr=20003182 bit=00000004
[SEU] addr=2000317F bit=00000005
[SEU] addr=2000319E bit=00000000
[ERR] seq=1973 err=2532
[ERR] seq=1974 err=400
[ERR] seq=1975 err=464
[ERR] seq=1976 err=136
[ERR] seq=1977 err=88
[ERR] seq=1978 err=24
[ERR] seq=1979 err=8
[SEU] addr=200031DC bit=00000003
[SEU] addr=200031DE bit=00000005
[SEU] addr=200031DE bit=00000006
[END]
samples=2000
SEUs=356
good samples=1796
errors=204
samples omitted=0
max error=0x0000000000002BC8
propagations=138
detected disturbances=89
tmr corrections=27
dmr corrections=39
crc detections=0
clamp activations=23
[HARDFAULT]
qemu: fatal: Lockup: can't escalate 3 to HardFault (current priority -1)

R00=0000000a R01=00000002 R02=4000c000 R03=00000000
R04=00000000 R05=00000010 R06=00000000 R07=2000ffd8
R08=00000000 R09=00000000 R10=00000010 R11=00000000
R12=00000020 R13=2000ffd8 R14=000037e1 R15=00000fd2
XPSR=01000003 ---- T handler
FPSCR: 00000000
