START
SEED=24688642
[SEU] addr=200031E6 bit=00000002
[SEU] addr=20003199 bit=00000001
[ERR] seq=12 err=4096
[ERR] seq=13 err=648
[ERR] seq=14 err=744
[SEU] addr=2000318C bit=00000001
[ERR] seq=15 err=480
[ERR] seq=16 err=184
[ERR] seq=17 err=96
[ERR] seq=18 err=32
[ERR] seq=19 err=8
[SEU] addr=20003160 bit=00000001
[CMD QUEUE CORRUPTED] primary repaired
[SEU] addr=200031BA bit=00000002
[SEU] addr=20003171 bit=00000001
[SEU] addr=20003172 bit=00000005
[SEU] addr=2000316D bit=00000002
[SEU] addr=200031AA bit=00000002
[SEU] addr=20003174 bit=00000006
[SEU] addr=2000318C bit=00000005
[ERR] seq=60 err=3400
[ERR] seq=61 err=536
[ERR] seq=62 err=600
[SEU] addr=2000316E bit=00000004
[ERR] seq=63 err=152
[ERR] seq=64 err=96
[ERR] seq=65 err=16
[ERR] seq=66 err=8
[SEU] addr=20003153 bit=00000004
[SEU] addr=200031C3 bit=00000002
[SEU] addr=200031A8 bit=00000000
[SEU] addr=2000314E bit=00000006
[SAMPLE QUEUE CORRUPTED] primary repaired
[SEU] addr=2000314D bit=00000007
[SAMPLE QUEUE CORRUPTED] primary repaired
[SEU] addr=20003172 bit=00000004
[SEU] addr=2000315F bit=00000002
[CMD QUEUE CORRUPTED] primary repaired
[SEU] addr=20003168 bit=00000005
[CMD QUEUE backup CORRUPTED] backup repaired
[SEU] addr=20003157 bit=00000007
[SAMPLE QUEUE backup CORRUPTED] backup repaired
[SEU] addr=20003164 bit=00000002
[CMD QUEUE backup CORRUPTED] backup repaired
[SEU] addr=200031D7 bit=00000003
[SEU] addr=20003198 bit=00000004
[ERR] seq=141 err=128
[ERR] seq=142 err=16
[ERR] seq=143 err=16
[SEU] addr=2000315A bit=00000006
[SEU] addr=200031B8 bit=00000001
[SEU] addr=200031AF bit=00000006
[SEU] addr=200031A3 bit=00000003
[SEU] addr=200031C6 bit=00000005
[SEU] addr=200031CC bit=00000005
[SEU] addr=20003171 bit=00000002
[SEU] addr=200031A2 bit=00000005
[SEU] addr=20003162 bit=00000004
[SEU] addr=200031E5 bit=00000006
[SEU] addr=2000317A bit=00000000
[SEU] addr=200031D5 bit=00000003
[SEU] addr=200031D9 bit=00000000
[SEU] addr=20003160 bit=00000001
[CMD QUEUE CORRUPTED] primary repaired
[SEU] addr=2000316D bit=00000002
[SEU] addr=20003182 bit=00000007
[SEU] addr=20003187 bit=00000004
[SEU] addr=20003169 bit=00000001
[SEU] addr=200031DB bit=00000001
[SEU] addr=200031D2 bit=00000000
[SEU] addr=2000319A bit=00000005
[ERR] seq=243 err=16777216
[ERR] seq=244 err=2684352
[ERR] seq=245 err=3113848
[SEU] addr=200031DB bit=00000000
[ERR] seq=246 err=927704
[ERR] seq=247 err=646640
[ERR] seq=248 err=251888
[SEU] addr=20003173 bit=00000004
[ERR] seq=249 err=143752
[ERR] seq=250 err=63296
[ERR] seq=251 err=33120
[ERR] seq=252 err=15416
[ERR] seq=253 err=7760
[ERR] seq=254 err=3704
[ERR] seq=255 err=1832
[SEU] addr=200031B7 bit=00000000
[ERR] seq=256 err=880
[ERR] seq=257 err=424
[ERR] seq=258 err=200
[ERR] seq=259 err=96
[ERR] seq=260 err=40
[ERR] seq=261 err=8
[SEU] addr=200031E0 bit=00000003
[SEU] addr=2000315E bit=00000004
[CMD QUEUE CORRUPTED] primary repaired
[SEU] addr=20003154 bit=00000000
[SAMPLE QUEUE backup CORRUPTED] backup repaired
[SEU] addr=20003155 bit=00000004
[SAMPLE QUEUE backup CORRUPTED] backup repaired
[SEU] addr=200031CC bit=00000006
[SEU] addr=200031E3 bit=00000002
[SEU] addr=20003155 bit=00000001
[SAMPLE QUEUE backup CORRUPTED] backup repaired
[SEU] addr=200031D3 bit=00000002
[SEU] addr=200031BD bit=00000005
[SEU] addr=200031DC bit=00000003
[SEU] addr=200031CD bit=00000004
[SEU] addr=2000319E bit=00000001
[SEU] addr=2000318E bit=00000003
[ERR] seq=325 err=1376
[ERR] seq=326 err=208
[ERR] seq=327 err=232
[ERR] seq=328 err=48
[ERR] seq=329 err=24
[SEU] addr=200031B6 bit=00000000
[SEU] addr=2000318E bit=00000005
[ERR] seq=339 err=4208
[ERR] seq=340 err=656
[ERR] seq=341 err=752
[SEU] addr=20003187 bit=00000005
[ERR] seq=342 err=208
[ERR] seq=343 err=136
[ERR] seq=344 err=32
[ERR] seq=345 err=8
[SEU] addr=2000317A bit=00000004
[SEU] addr=20003197 bit=00000004
[ERR] seq=358 err=2147483648
[ERR] seq=359 err=343597376
[ERR] seq=360 err=398572952
[ERR] seq=361 err=118747248
[ERR] seq=362 err=82771224
[ERR] seq=363 err=32242944
[SEU] addr=200031B3 bit=00000006
[ERR] seq=364 err=18402256
[ERR] seq=365 err=8103224
[ERR] seq=366 err=4240872
[ERR] seq=367 err=1975048
[ERR] seq=368 err=994536
[ERR] seq=369 err=475120
[ERR] seq=370 err=235136
[ERR] seq=371 err=113632
[ERR] seq=372 err=55792
[SEU] addr=20003196 bit=00000006
[ERR] seq=373 err=33527336
[ERR] seq=374 err=5355448
[ERR] seq=375 err=6221232
[ERR] seq=376 err=1852256
[ERR] seq=377 err=1291752
[ERR] seq=378 err=503040
[ERR] seq=379 err=287160
[ERR] seq=380 err=126424
[ERR] seq=381 err=66168
[ERR] seq=382 err=30808
[SEU] addr=200031A7 bit=00000003
[ERR] seq=383 err=15512
[ERR] seq=384 err=7408
[ERR] seq=385 err=3664
[ERR] seq=386 err=1768
[SEU] addr=200031C2 bit=00000006
[ERR] seq=387 err=864
[ERR] seq=388 err=416
[SEU] addr=200031B6 bit=00000005
[ERR] seq=389 err=200
[ERR] seq=390 err=96
[ERR] seq=391 err=40
[ERR] seq=392 err=8
[SEU] addr=20003186 bit=00000003
[SEU] addr=200031D4 bit=00000007
[SEU] addr=20003198 bit=00000000
[ERR] seq=403 err=8
[SEU] addr=200031C1 bit=00000002
[SEU] addr=200031DE bit=00000000
[SEU] addr=20003186 bit=00000005
[SEU] addr=200031D4 bit=00000002
[SEU] addr=2000318B bit=00000002
[SEU] addr=200031BC bit=00000007
[SEU] addr=2000318E bit=00000005
[ERR] seq=447 err=2072
[ERR] seq=448 err=320
[ERR] seq=449 err=360
[ERR] seq=450 err=88
[SEU] addr=20003191 bit=00000000
[ERR] seq=451 err=2104
[ERR] seq=452 err=336
[ERR] seq=453 err=376
[ERR] seq=454 err=104
[ERR] seq=455 err=72
[ERR] seq=456 err=24
[SEU] addr=200031DF bit=00000005
[ERR] seq=457 err=8
[SEU] addr=20003160 bit=00000002
[CMD QUEUE CORRUPTED] primary repaired
[SEU] addr=200031A1 bit=00000003
[SEU] addr=200031C9 bit=00000005
[SEU] addr=20003174 bit=00000006
[SEU] addr=20003154 bit=00000002
[SAMPLE QUEUE backup CORRUPTED] backup repaired
[SEU] addr=200031A2 bit=00000006
[SEU] addr=2000317B bit=00000004
[SEU] addr=2000315B bit=00000003
[SEU] addr=200031D4 bit=00000001
[SEU] addr=20003152 bit=00000007
[SEU] addr=200031E4 bit=00000000
[SEU] addr=2000317C bit=00000000
[SEU] addr=200031E4 bit=00000004
[SEU] addr=200031C9 bit=00000005
[SEU] addr=200031E7 bit=00000003
[SEU] addr=20003170 bit=00000007
[SEU] addr=200031A3 bit=00000000
[SEU] addr=2000317E bit=00000000
[SEU] addr=20003182 bit=00000004
[SEU] addr=200031CB bit=00000004
[SEU] addr=2000319E bit=00000000
[SEU] addr=200031A8 bit=00000002
[SEU] addr=20003156 bit=00000000
[SAMPLE QUEUE backup CORRUPTED] backup repaired
[SEU] addr=20003191 bit=00000001
[ERR] seq=579 err=4096
[ERR] seq=580 err=648
[ERR] seq=581 err=744
[ERR] seq=582 err=208
[ERR] seq=583 err=144
[ERR] seq=584 err=48
[ERR] seq=585 err=16
[SEU] addr=20003186 bit=00000000
[SEU] addr=20003157 bit=00000007
[SAMPLE QUEUE backup CORRUPTED] backup repaired
[SEU] addr=200031CD bit=00000001
[SEU] addr=200031C6 bit=00000001
[SEU] addr=2000317B bit=00000000
[SEU] addr=200031C1 bit=00000000
[SEU] addr=200031BE bit=00000001
[SEU] addr=2000319A bit=00000003
[ERR] seq=627 err=4194304
[ERR] seq=628 err=671088
[ERR] seq=629 err=778456
[SEU] addr=2000318D bit=00000003
[ERR] seq=630 err=238304
[ERR] seq=631 err=162664
[ERR] seq=632 err=64128
[ERR] seq=633 err=36264
[ERR] seq=634 err=16032
[ERR] seq=635 err=8344
[ERR] seq=636 err=3880
[SEU] addr=2000318A bit=00000005
[ERR] seq=637 err=1936
[ERR] seq=638 err=920
[ERR] seq=639 err=448
[ERR] seq=640 err=208
[ERR] seq=641 err=96
[SEU] addr=200031B8 bit=00000003
[ERR] seq=642 err=40
[ERR] seq=643 err=8
[SEU] addr=20003174 bit=00000004
[SEU] addr=2000315C bit=00000004
[CMD QUEUE CORRUPTED] primary repaired
[SEU] addr=200031A8 bit=00000001
[SEU] addr=20003171 bit=00000004
[SEU] addr=200031A6 bit=00000007
[SEU] addr=2000317C bit=00000000
[SEU] addr=2000316F bit=00000001
[SEU] addr=200031E2 bit=00000003
[SEU] addr=200031D5 bit=00000003
[SEU] addr=20003177 bit=00000007
[SEU] addr=20003166 bit=00000007
[CMD QUEUE backup CORRUPTED] backup repaired
[SEU] addr=20003193 bit=00000006
[SEU] addr=20003176 bit=00000001
[SEU] addr=2000318E bit=00000005
[ERR] seq=737 err=5472
[ERR] seq=738 err=856
[ERR] seq=739 err=984
[ERR] seq=740 err=272
[ERR] seq=741 err=176
[ERR] seq=742 err=48
[SEU] addr=2000314E bit=00000001
[SAMPLE QUEUE CORRUPTED] primary repaired
[ERR] seq=743 err=16
[SEU] addr=20003194 bit=00000001
[ERR] seq=752 err=16
[SEU] addr=2000315D bit=00000002
[CMD QUEUE CORRUPTED] primary repaired
[SEU] addr=200031CB bit=00000005
[SEU] addr=20003196 bit=00000003
[ERR] seq=779 err=4194304
[ERR] seq=780 err=671088
[ERR] seq=781 err=778456
[ERR] seq=782 err=231920
[ERR] seq=783 err=161656
[ERR] seq=784 err=62968
[SEU] addr=20003197 bit=00000002
[ERR] seq=785 err=536906848
[ERR] seq=786 err=85915160
[ERR] seq=787 err=99651512
[ERR] seq=788 err=29690664
[ERR] seq=789 err=20694744
[ERR] seq=790 err=8061656
[ERR] seq=791 err=4601016
[ERR] seq=792 err=2026024
[ERR] seq=793 err=1060320
[SEU] addr=20003168 bit=00000000
[CMD QUEUE backup CORRUPTED] backup repaired
[ERR] seq=794 err=493808
[ERR] seq=795 err=248656
[ERR] seq=796 err=118792
[ERR] seq=797 err=58784
[ERR] seq=798 err=28400
[ERR] seq=799 err=13944
[ERR] seq=800 err=6768
[ERR] seq=801 err=3304
[ERR] seq=802 err=1608
[ERR] seq=803 err=784
[SEU] addr=20003150 bit=00000000
[SAMPLE QUEUE CORRUPTED] primary repaired
[ERR] seq=804 err=376
[SEU] addr=20003179 bit=00000006
[ERR] seq=805 err=176
[ERR] seq=806 err=80
[ERR] seq=807 err=32
[ERR] seq=808 err=8
[SEU] addr=20003197 bit=00000005
[SEU] addr=20003195 bit=00000002
[ERR] seq=820 err=8192
[ERR] seq=821 err=1304
[ERR] seq=822 err=1512
[ERR] seq=823 err=448
[ERR] seq=824 err=304
[ERR] seq=825 err=112
[ERR] seq=826 err=64
[SEU] addr=20003183 bit=00000006
[ERR] seq=827 err=24
[ERR] seq=828 err=8
[SEU] addr=2000317B bit=00000007
[SEU] addr=2000316F bit=00000002
[SEU] addr=20003175 bit=00000001
[SEU] addr=200031C3 bit=00000005
[SEU] addr=2000318E bit=00000003
[ERR] seq=853 err=192
[ERR] seq=854 err=16
[ERR] seq=855 err=16
[SEU] addr=20003151 bit=00000003
[SEU] addr=200031C6 bit=00000004
[SEU] addr=200031C9 bit=00000001
[SEU] addr=200031BE bit=00000002
[SEU] addr=2000319A bit=00000000
[ERR] seq=869 err=524288
[ERR] seq=870 err=83880
[ERR] seq=871 err=97296
[ERR] seq=872 err=28976
[ERR] seq=873 err=20192
[ERR] seq=874 err=7856
[ERR] seq=875 err=4480
[ERR] seq=876 err=1968
[SEU] addr=20003187 bit=00000000
[ERR] seq=877 err=1024
[ERR] seq=878 err=472
[ERR] seq=879 err=232
[ERR] seq=880 err=104
[SEU] addr=2000317E bit=00000001
[ERR] seq=881 err=48
[ERR] seq=882 err=16
[SEU] addr=200031C1 bit=00000005
[SEU] addr=20003174 bit=00000003
[SEU] addr=20003172 bit=00000005
[SEU] addr=20003199 bit=00000002
[ERR] seq=910 err=8192
[ERR] seq=911 err=1304
[ERR] seq=912 err=1512
[ERR] seq=913 err=448
[SEU] addr=200031AF bit=00000004
[ERR] seq=914 err=304
[ERR] seq=915 err=112
[ERR] seq=916 err=64
[ERR] seq=917 err=24
[ERR] seq=918 err=8
[SEU] addr=200031BA bit=00000001
[SEU] addr=200031CB bit=00000005
[SEU] addr=200031D1 bit=00000003
[SEU] addr=200031D3 bit=00000001
[SEU] addr=200031B7 bit=00000005
[SEU] addr=2000318C bit=00000006
[ERR] seq=955 err=1864
[ERR] seq=956 err=288
[ERR] seq=957 err=320
[ERR] seq=958 err=64
[ERR] seq=959 err=32
[SEU] addr=200031AB bit=00000000
[SEU] addr=2000316B bit=00000007
[SEU] addr=200031A3 bit=00000007
[SEU] addr=200031D4 bit=00000006
[SEU] addr=200031C7 bit=00000005
[SEU] addr=200031B5 bit=00000003
[SEU] addr=2000317A bit=00000003
[SEU] addr=2000315A bit=00000004
[SEU] addr=20003177 bit=00000006
[SEU] addr=200031DD bit=00000005
[SEU] addr=200031DD bit=00000004
[SEU] addr=20003182 bit=00000003
[SEU] addr=200031C4 bit=00000006
[SEU] addr=20003153 bit=00000002
[SEU] addr=200031AA bit=00000000
[SEU] addr=20003179 bit=00000007
[SEU] addr=200031E6 bit=00000000
[SEU] addr=200031B8 bit=00000002
[SEU] addr=200031A2 bit=00000004
[SEU] addr=200031CB bit=00000000
[SEU] addr=20003194 bit=00000004
[ERR] seq=1105 err=128
[ERR] seq=1106 err=16
[ERR] seq=1107 err=16
[SEU] addr=200031B9 bit=00000007
[SEU] addr=2000316F bit=00000004
[SEU] addr=2000318D bit=00000007
[ERR] seq=1119 err=1088
[SEU] addr=200031C2 bit=00000005
[ERR] seq=1120 err=160
[ERR] seq=1121 err=168
[ERR] seq=1122 err=16
[ERR] seq=1123 err=8
[SEU] addr=20003198 bit=00000003
[ERR] seq=1126 err=64
[ERR] seq=1127 err=8
[ERR] seq=1128 err=8
[SEU] addr=20003158 bit=00000004
[SAMPLE QUEUE backup CORRUPTED] backup repaired
[SEU] addr=20003165 bit=00000005
[CMD QUEUE backup CORRUPTED] backup repaired
[SEU] addr=20003198 bit=00000007
[ERR] seq=1138 err=1024
[ERR] seq=1139 err=160
[ERR] seq=1140 err=184
[ERR] seq=1141 err=48
[SEU] addr=200031A5 bit=00000002
[ERR] seq=1142 err=24
[SEU] addr=200031A4 bit=00000000
[SEU] addr=20003165 bit=00000002
[CMD QUEUE backup CORRUPTED] backup repaired
[SEU] addr=200031B4 bit=00000006
[SEU] addr=20003185 bit=00000002
[SEU] addr=2000315B bit=00000006
[SEU] addr=20003165 bit=00000002
[CMD QUEUE backup CORRUPTED] backup repaired
[SEU] addr=200031D2 bit=00000007
[SEU] addr=200031A5 bit=00000002
[SEU] addr=200031A7 bit=00000005
[SEU] addr=200031DE bit=00000007
[SEU] addr=2000318B bit=00000004
[SEU] addr=200031B7 bit=00000001
[SEU] addr=20003186 bit=00000005
[SEU] addr=200031AA bit=00000002
[SEU] addr=200031C1 bit=00000005
[SEU] addr=20003195 bit=00000004
[ERR] seq=1237 err=32768
[ERR] seq=1238 err=5240
[ERR] seq=1239 err=6072
[ERR] seq=1240 err=1800
[ERR] seq=1241 err=1256
[ERR] seq=1242 err=488
[SEU] addr=200031D2 bit=00000006
[ERR] seq=1243 err=272
[ERR] seq=1244 err=112
[SEU] addr=200031D1 bit=00000005
[ERR] seq=1245 err=56
[ERR] seq=1246 err=24
[ERR] seq=1247 err=8
[SEU] addr=200031C7 bit=00000001
[SEU] addr=200031B3 bit=00000003
[SEU] addr=2000319F bit=00000007
[SEU] addr=20003151 bit=00000000
[SEU] addr=200031C2 bit=00000004
[SEU] addr=20003180 bit=00000001
[SEU] addr=20003171 bit=00000003
[SEU] addr=2000318C bit=00000007
[ERR] seq=1285 err=4784
[ERR] seq=1286 err=760
[ERR] seq=1287 err=872
[ERR] seq=1288 err=232
[SEU] addr=20003152 bit=00000003
[ERR] seq=1289 err=144
[ERR] seq=1290 err=32
[ERR] seq=1291 err=8
[SEU] addr=2000318F bit=00000001
[ERR] seq=1296 err=616
[ERR] seq=1297 err=88
[ERR] seq=1298 err=88
[SEU] addr=200031DA bit=00000004
[SEU] addr=200031E0 bit=00000007
[SEU] addr=20003169 bit=00000004
[SEU] addr=200031C8 bit=00000003
[SEU] addr=20003152 bit=00000004
[SEU] addr=200031BD bit=00000002
[SEU] addr=200031BF bit=00000001
[SEU] addr=200031C9 bit=00000005
[SEU] addr=20003155 bit=00000001
[SAMPLE QUEUE backup CORRUPTED] backup repaired
[SEU] addr=200031A1 bit=00000005
[SEU] addr=200031D2 bit=00000006
[SEU] addr=200031BE bit=00000001
[SEU] addr=200031C3 bit=00000001
[SEU] addr=200031A0 bit=00000001
[SEU] addr=200031D3 bit=00000000
[SEU] addr=20003166 bit=00000006
[CMD QUEUE backup CORRUPTED] backup repaired
[SEU] addr=20003179 bit=00000003
[SEU] addr=20003178 bit=00000002
[SEU] addr=200031AF bit=00000003
[SEU] addr=200031B7 bit=00000005
[SEU] addr=200031AF bit=00000005
[SEU] addr=200031BF bit=00000005
[SEU] addr=200031A1 bit=00000006
[SEU] addr=200031C4 bit=00000007
[SEU] addr=2000319B bit=00000007
[SEU] addr=20003163 bit=00000000
[SEU] addr=200031BE bit=00000006
[SEU] addr=200031A5 bit=00000005
[SEU] addr=2000314E bit=00000005
[SAMPLE QUEUE CORRUPTED] primary repaired
[SEU] addr=20003197 bit=00000006
[SEU] addr=20003161 bit=00000001
[SEU] addr=2000316E bit=00000000
[SEU] addr=20003187 bit=00000004
[SEU] addr=200031D5 bit=00000003
[SEU] addr=20003160 bit=00000002
[CMD QUEUE CORRUPTED] primary repaired
[SEU] addr=2000314E bit=00000003
[SAMPLE QUEUE CORRUPTED] primary repaired
[SEU] addr=20003191 bit=00000006
[ERR] seq=1495 err=131072
[ERR] seq=1496 err=20968
[ERR] seq=1497 err=24320
[ERR] seq=1498 err=7240
[ERR] seq=1499 err=5040
[ERR] seq=1500 err=1952
[SEU] addr=20003160 bit=00000003
[CMD QUEUE CORRUPTED] primary repaired
[ERR] seq=1501 err=1112
[ERR] seq=1502 err=488
[ERR] seq=1503 err=248
[ERR] seq=1504 err=104
[SEU] addr=2000315A bit=00000006
[ERR] seq=1505 err=48
[SEU] addr=20003170 bit=00000003
[ERR] seq=1506 err=16
[SEU] addr=20003174 bit=00000000
[SEU] addr=200031D3 bit=00000003
[SEU] addr=2000316E bit=00000000
[SEU] addr=20003169 bit=00000006
[SEU] addr=200031C3 bit=00000003
[SEU] addr=2000314D bit=00000000
[SAMPLE QUEUE CORRUPTED] primary repaired
[SEU] addr=200031E2 bit=00000005
[SEU] addr=20003194 bit=00000004
[ERR] seq=1555 err=128
[ERR] seq=1556 err=16
[ERR] seq=1557 err=16
[SEU] addr=200031A7 bit=00000003
[SEU] addr=2000315A bit=00000003
[SEU] addr=200031E1 bit=00000002
[SEU] addr=20003172 bit=00000001
[SEU] addr=200031A5 bit=00000006
[SEU] addr=2000319A bit=00000003
[ERR] seq=1581 err=4194304
[ERR] seq=1582 err=671088
[ERR] seq=1583 err=778456
[ERR] seq=1584 err=231920
[ERR] seq=1585 err=161656
[ERR] seq=1586 err=62968
[ERR] seq=1587 err=35936
[ERR] seq=1588 err=15816
[ERR] seq=1589 err=8272
[SEU] addr=200031BC bit=00000004
[ERR] seq=1590 err=3848
[SEU] addr=20003162 bit=00000000
[ERR] seq=1591 err=1928
[ERR] seq=1592 err=912
[ERR] seq=1593 err=448
[ERR] seq=1594 err=208
[SEU] addr=20003199 bit=00000003
[ERR] seq=1595 err=16288
[ERR] seq=1596 err=2568
[ERR] seq=1597 err=3008
[ERR] seq=1598 err=888
[ERR] seq=1599 err=616
[ERR] seq=1600 err=232
[ERR] seq=1601 err=128
[ERR] seq=1602 err=48
[ERR] seq=1603 err=16
[SEU] addr=200031D8 bit=00000000
[SEU] addr=20003163 bit=00000007
[SEU] addr=200031DD bit=00000007
[SEU] addr=20003174 bit=00000000
[SEU] addr=2000316B bit=00000004
[SEU] addr=2000315A bit=00000004
[SEU] addr=20003192 bit=00000003
[ERR] seq=1626 err=4194304
[SEU] addr=20003182 bit=00000006
[ERR] seq=1627 err=671088
[ERR] seq=1628 err=778456
[ERR] seq=1629 err=231920
[ERR] seq=1630 err=161656
[SEU] addr=20003152 bit=00000004
[ERR] seq=1631 err=62968
[ERR] seq=1632 err=35936
[ERR] seq=1633 err=15816
[ERR] seq=1634 err=8272
[ERR] seq=1635 err=3848
[ERR] seq=1636 err=1928
[ERR] seq=1637 err=912
[ERR] seq=1638 err=448
[ERR] seq=1639 err=208
[SEU] addr=20003182 bit=00000004
[ERR] seq=1640 err=96
[ERR] seq=1641 err=40
[ERR] seq=1642 err=8
[SEU] addr=20003179 bit=00000001
[SEU] addr=20003184 bit=00000002
[SEU] addr=20003159 bit=00000000
[SEU] addr=2000319B bit=00000001
[ERR] seq=1661 err=268435456
[ERR] seq=1662 err=42949672
[ERR] seq=1663 err=49821616
[ERR] seq=1664 err=14843400
[ERR] seq=1665 err=10346400
[ERR] seq=1666 err=4030368
[ERR] seq=1667 err=2300280
[ERR] seq=1668 err=1012896
[SEU] addr=200031C5 bit=00000002
[ERR] seq=1669 err=530096
[ERR] seq=1670 err=246864
[ERR] seq=1671 err=124304
[ERR] seq=1672 err=59384
[ERR] seq=1673 err=29384
[ERR] seq=1674 err=14192
[ERR] seq=1675 err=6960
[SEU] addr=200031AF bit=00000001
[ERR] seq=1676 err=3376
[ERR] seq=1677 err=1648
[ERR] seq=1678 err=792
[ERR] seq=1679 err=376
[ERR] seq=1680 err=176
[ERR] seq=1681 err=80
[ERR] seq=1682 err=32
[ERR] seq=1683 err=8
[SEU] addr=200031DA bit=00000003
[SEU] addr=20003199 bit=00000000
[ERR] seq=1692 err=2048
[ERR] seq=1693 err=320
[ERR] seq=1694 err=368
[SEU] addr=200031E5 bit=00000003
[ERR] seq=1695 err=104
[ERR] seq=1696 err=72
[SEU] addr=2000319D bit=00000000
[ERR] seq=1697 err=24
[ERR] seq=1698 err=8
[SEU] addr=200031A5 bit=00000000
[SEU] addr=200031D0 bit=00000000
[SEU] addr=200031CE bit=00000006
[SEU] addr=2000318D bit=00000004
[ERR] seq=1712 err=13584
[ERR] seq=1713 err=2168
[ERR] seq=1714 err=2496
[ERR] seq=1715 err=712
[ERR] seq=1716 err=488
[ERR] seq=1717 err=168
[ERR] seq=1718 err=80
[SEU] addr=200031AB bit=00000003
[ERR] seq=1719 err=24
[ERR] seq=1720 err=8
[SEU] addr=200031AD bit=00000000
[SEU] addr=20003193 bit=00000000
[ERR] seq=1738 err=134217728
[ERR] seq=1739 err=21474832
[ERR] seq=1740 err=24910800
[ERR] seq=1741 err=7421696
[ERR] seq=1742 err=5173192
[ERR] seq=1743 err=2015168
[ERR] seq=1744 err=1150128
[SEU] addr=200031CF bit=00000001
[ERR] seq=1745 err=506440
[SEU] addr=20003171 bit=00000003
[ERR] seq=1746 err=265040
[ERR] seq=1747 err=123424
[ERR] seq=1748 err=62144
[SEU] addr=200031D7 bit=00000000
[ERR] seq=1749 err=29680
[ERR] seq=1750 err=14680
[ERR] seq=1751 err=7088
[SEU] addr=200031C6 bit=00000003
[ERR] seq=1752 err=3472
[ERR] seq=1753 err=1680
[ERR] seq=1754 err=816
[ERR] seq=1755 err=392
[SEU] addr=200031A7 bit=00000000
[ERR] seq=1756 err=184
[ERR] seq=1757 err=80
[ERR] seq=1758 err=32
[ERR] seq=1759 err=8
[SEU] addr=200031AB bit=00000007
[SEU] addr=2000314C bit=00000000
[SAMPLE QUEUE CORRUPTED] primary repaired
[SEU] addr=2000315C bit=00000007
[CMD QUEUE CORRUPTED] primary repaired
[SEU] addr=20003197 bit=00000000
[ERR] seq=1791 err=134217728
[ERR] seq=1792 err=21474832
[ERR] seq=1793 err=24910800
[ERR] seq=1794 err=7421696
[ERR] seq=1795 err=5173192
[SEU] addr=20003192 bit=00000000
[ERR] seq=1796 err=2539456
[ERR] seq=1797 err=1234008
[ERR] seq=1798 err=603736
[ERR] seq=1799 err=294016
[ERR] seq=1800 err=143616
[ERR] seq=1801 err=70000
[ERR] seq=1802 err=34160
[ERR] seq=1803 err=16648
[SEU] addr=200031A2 bit=00000002
[ERR] seq=1804 err=8112
[ERR] seq=1805 err=3944
[ERR] seq=1806 err=1912
[ERR] seq=1807 err=920
[ERR] seq=1808 err=440
[ERR] seq=1809 err=200
[ERR] seq=1810 err=80
[SEU] addr=20003193 bit=00000007
[ERR] seq=1811 err=32
[ERR] seq=1812 err=8
[SEU] addr=20003154 bit=00000001
[SAMPLE QUEUE backup CORRUPTED] backup repaired
[SEU] addr=20003166 bit=00000000
[CMD QUEUE backup CORRUPTED] backup repaired
[SEU] addr=2000317F bit=00000006
[SEU] addr=2000319A bit=00000007
[ERR] seq=1838 err=67108864
[ERR] seq=1839 err=10737416
[ERR] seq=1840 err=12455400
[ERR] seq=1841 err=3710848
[SEU] addr=20003181 bit=00000001
[ERR] seq=1842 err=2586592
[SEU] addr=2000319C bit=00000007
[ERR] seq=1843 err=1007576
[ERR] seq=1844 err=575056
[ERR] seq=1845 err=253216
[SEU] addr=2000314C bit=00000005
[SAMPLE QUEUE CORRUPTED] primary repaired
[ERR] seq=1846 err=132520
[ERR] seq=1847 err=61712
[ERR] seq=1848 err=31072
[ERR] seq=1849 err=14840
[SEU] addr=20003197 bit=00000003
[ERR] seq=1850 err=1073749160
[ERR] seq=1851 err=171802224
[ERR] seq=1852 err=199288200
[ERR] seq=1853 err=59374448
[ERR] seq=1854 err=41386008
[ERR] seq=1855 err=16121664
[ERR] seq=1856 err=9201216
[ERR] seq=1857 err=4051640
[ERR] seq=1858 err=2120440
[ERR] seq=1859 err=987520
[SEU] addr=200031BD bit=00000002
[ERR] seq=1860 err=497264
[ERR] seq=1861 err=237560
[ERR] seq=1862 err=117568
[ERR] seq=1863 err=56816
[ERR] seq=1864 err=27896
[SEU] addr=2000317C bit=00000005
[ERR] seq=1865 err=13544
[SEU] addr=200031DE bit=00000007
[ERR] seq=1866 err=6616
[ERR] seq=1867 err=3216
[ERR] seq=1868 err=1568
[ERR] seq=1869 err=760
[ERR] seq=1870 err=368
[ERR] seq=1871 err=176
[ERR] seq=1872 err=80
[SEU] addr=20003195 bit=00000006
[ERR] seq=1873 err=131040
[ERR] seq=1874 err=20952
[SEU] addr=20003166 bit=00000001
[CMD QUEUE backup CORRUPTED] backup repaired
[ERR] seq=1875 err=24312
[ERR] seq=1876 err=7240
[ERR] seq=1877 err=5040
[ERR] seq=1878 err=1952
[ERR] seq=1879 err=1112
[ERR] seq=1880 err=488
[ERR] seq=1881 err=248
[SEU] addr=20003156 bit=00000005
[SAMPLE QUEUE backup CORRUPTED] backup repaired
[ERR] seq=1882 err=104
[ERR] seq=1883 err=48
[ERR] seq=1884 err=16
[SEU] addr=20003185 bit=00000000
[SEU] addr=200031D4 bit=00000006
[SEU] addr=2000315B bit=00000006
[SEU] addr=2000316A bit=00000006
[SEU] addr=200031B5 bit=00000007
[SEU] addr=2000317E bit=00000005
[SEU] addr=20003172 bit=00000006
[SEU] addr=2000318E bit=00000005
[ERR] seq=1934 err=3752
[ERR] seq=1935 err=584
[ERR] seq=1936 err=672
[SEU] addr=2000319B bit=00000001
[ERR] seq=1937 err=268435640
[ERR] seq=1938 err=42949784
[ERR] seq=1939 err=49821640
[ERR] seq=1940 err=14843408
[SEU] addr=2000317C bit=00000006
[ERR] seq=1941 err=10346400
[ERR] seq=1942 err=4030368
[ERR] seq=1943 err=2300280
[ERR] seq=1944 err=1012896
[ERR] seq=1945 err=530096
[ERR] seq=1946 err=246864
[SEU] addr=20003189 bit=00000000
[ERR] seq=1947 err=124304
[SEU] addr=20003184 bit=00000006
[ERR] seq=1948 err=59384
[ERR] seq=1949 err=29384
[ERR] seq=1950 err=14192
[ERR] seq=1951 err=6960
[SEU] addr=20003195 bit=00000003
[ERR] seq=1952 err=19760
[ERR] seq=1953 err=4264
[ERR] seq=1954 err=3824
[ERR] seq=1955 err=1272
[ERR] seq=1956 err=792
[ERR] seq=1957 err=312
[ERR] seq=1958 err=160
[ERR] seq=1959 err=56
[SEU] addr=200031D1 bit=00000007
[ERR] seq=1960 err=16
[SEU] addr=200031CD bit=00000000
[SEU] addr=20003182 bit=00000004
[SEU] addr=200031AF bit=00000005
[SEU] addr=20003192 bit=00000000
[ERR] seq=1973 err=524288
[ERR] seq=1974 err=83880
[ERR] seq=1975 err=97296
[ERR] seq=1976 err=28976
[ERR] seq=1977 err=20192
[ERR] seq=1978 err=7856
[ERR] seq=1979 err=4480
[SEU] addr=20003194 bit=00000003
[ERR] seq=1980 err=2032
[ERR] seq=1981 err=1032
[ERR] seq=1982 err=480
[ERR] seq=1983 err=232
[ERR] seq=1984 err=104
[ERR] seq=1985 err=48
[ERR] seq=1986 err=16
[SEU] addr=2000314E bit=00000005
[SAMPLE QUEUE CORRUPTED] primary repaired
[SEU] addr=20003172 bit=00000006
[END]
samples=2000
SEUs=356
good samples=1539
errors=461
samples omitted=0
max error=0x0000000080000000
propagations=387
detected disturbances=62
tmr corrections=21
dmr corrections=41
crc detections=0
clamp activations=0
[HARDFAULT]
qemu: fatal: Lockup: can't escalate 3 to HardFault (current priority -1)

R00=0000000a R01=00000002 R02=4000c000 R03=00000000
R04=00000000 R05=00000010 R06=00000000 R07=2000ffd8
R08=00000000 R09=00000000 R10=00000010 R11=00000000
R12=00000020 R13=2000ffd8 R14=00003621 R15=00000e16
XPSR=01000003 ---- T handler
FPSCR: 00000000
