START
SEED=87654321
[SEU] addr=2000317D bit=00000006
[SEU] addr=2000318C bit=00000004
[ERR] seq=12 err=2160
[ERR] seq=13 err=328
[ERR] seq=14 err=368
[SEU] addr=20003169 bit=00000007
[ERR] seq=15 err=88
[SEU] addr=200031CD bit=00000006
[ERR] seq=16 err=56
[SEU] addr=20003156 bit=00000005
[SAMPLE QUEUE backup CORRUPTED] backup repaired
[ERR] seq=17 err=8
[SEU] addr=20003164 bit=00000000
[CMD QUEUE backup CORRUPTED] backup repaired
[SEU] addr=2000317B bit=00000007
[SEU] addr=20003192 bit=00000006
[ERR] seq=33 err=2564
[ERR] seq=34 err=408
[ERR] seq=35 err=472
[ERR] seq=36 err=136
[ERR] seq=37 err=88
[ERR] seq=38 err=24
[ERR] seq=39 err=8
[SEU] addr=20003160 bit=00000007
[CMD QUEUE CORRUPTED] primary repaired
[SEU] addr=20003184 bit=00000006
[SEU] addr=2000315F bit=00000001
[CMD QUEUE CORRUPTED] primary repaired
[SEU] addr=20003165 bit=00000001
[CMD QUEUE backup CORRUPTED] backup repaired
[SEU] addr=200031A1 bit=00000007
[SEU] addr=20003182 bit=00000004
[SEU] addr=2000319A bit=00000002
[ERR] seq=69 err=2508
[ERR] seq=70 err=400
[ERR] seq=71 err=464
[ERR] seq=72 err=136
[ERR] seq=73 err=88
[ERR] seq=74 err=24
[ERR] seq=75 err=8
[SEU] addr=20003165 bit=00000002
[CMD QUEUE backup CORRUPTED] backup repaired
[SEU] addr=20003170 bit=00000000
[SEU] addr=20003186 bit=00000005
[SEU] addr=200031E2 bit=00000000
[SEU] addr=20003166 bit=00000007
[CMD QUEUE backup CORRUPTED] backup repaired
[SEU] addr=20003183 bit=00000007
[SEU] addr=200031B4 bit=00000003
[SEU] addr=20003164 bit=00000007
[CMD QUEUE backup CORRUPTED] backup repaired
[SEU] addr=200031A1 bit=00000006
[SEU] addr=200031DB bit=00000003
[SEU] addr=200031C4 bit=00000004
[SEU] addr=2000314F bit=00000004
[SAMPLE QUEUE CORRUPTED] primary repaired
[SEU] addr=20003182 bit=00000006
[SEU] addr=200031E0 bit=00000000
[SEU] addr=20003158 bit=00000006
[SAMPLE QUEUE backup CORRUPTED] backup repaired
[SEU] addr=2000319E bit=00000000
[SEU] addr=2000314C bit=00000001
[SAMPLE QUEUE CORRUPTED] primary repaired
[SEU] addr=2000316D bit=00000001
[SEU] addr=200031BE bit=00000005
[SEU] addr=200031A4 bit=00000003
[SEU] addr=200031A3 bit=00000006
[SEU] addr=20003163 bit=00000002
[SEU] addr=20003178 bit=00000002
[SEU] addr=200031C0 bit=00000003
[SEU] addr=20003185 bit=00000004
[SEU] addr=200031A6 bit=00000002
[SEU] addr=200031A6 bit=00000006
[SEU] addr=20003173 bit=00000001
[SEU] addr=2000315D bit=00000006
[CMD QUEUE CORRUPTED] primary repaired
[SEU] addr=20003182 bit=00000001
[SEU] addr=200031B3 bit=00000007
[SEU] addr=20003161 bit=00000004
[SEU] addr=20003161 bit=00000004
[SEU] addr=200031B3 bit=00000001
[SEU] addr=200031B2 bit=00000001
[SEU] addr=2000318F bit=00000007
[ERR] seq=272 err=68048
[ERR] seq=273 err=6992
[ERR] seq=274 err=7256
[ERR] seq=275 err=2256
[ERR] seq=276 err=1488
[ERR] seq=277 err=576
[SEU] addr=20003182 bit=00000003
[ERR] seq=278 err=320
[SEU] addr=200031E2 bit=00000004
[ERR] seq=279 err=128
[ERR] seq=280 err=40
[SEU] addr=200031A7 bit=00000000
[SEU] addr=200031D9 bit=00000002
[SEU] addr=20003198 bit=00000000
[ERR] seq=296 err=8
[SEU] addr=200031C7 bit=00000005
[SEU] addr=200031E1 bit=00000001
[SEU] addr=200031A0 bit=00000001
[SEU] addr=200031C9 bit=00000002
[SEU] addr=2000319A bit=00000000
[ERR] seq=321 err=2524
[ERR] seq=322 err=400
[ERR] seq=323 err=464
[ERR] seq=324 err=136
[ERR] seq=325 err=88
[SEU] addr=200031DA bit=00000002
[ERR] seq=326 err=24
[SEU] addr=200031BD bit=00000004
[ERR] seq=327 err=8
[SEU] addr=20003153 bit=00000006
[SEU] addr=2000314C bit=00000006
[SAMPLE QUEUE CORRUPTED] primary repaired
[SEU] addr=20003154 bit=00000002
[SAMPLE QUEUE backup CORRUPTED] backup repaired
[SEU] addr=2000316D bit=00000006
[SEU] addr=200031E7 bit=00000001
[SEU] addr=20003165 bit=00000003
[CMD QUEUE backup CORRUPTED] backup repaired
[SEU] addr=200031A9 bit=00000001
[SEU] addr=20003195 bit=00000002
[ERR] seq=363 err=2468
[ERR] seq=364 err=392
[ERR] seq=365 err=448
[ERR] seq=366 err=120
[ERR] seq=367 err=80
[ERR] seq=368 err=24
[ERR] seq=369 err=8
[SEU] addr=2000317F bit=00000005
[SEU] addr=200031E4 bit=00000004
[SEU] addr=200031C3 bit=00000004
[SEU] addr=20003173 bit=00000005
[SEU] addr=2000316F bit=00000004
[SEU] addr=200031A3 bit=00000003
[SEU] addr=20003168 bit=00000000
[CMD QUEUE backup CORRUPTED] backup repaired
[SEU] addr=200031CB bit=00000002
[SEU] addr=200031C9 bit=00000007
[SEU] addr=200031A1 bit=00000000
[SEU] addr=20003194 bit=00000000
[ERR] seq=425 err=8
[SEU] addr=20003171 bit=00000001
[SEU] addr=20003151 bit=00000007
[SEU] addr=20003163 bit=00000007
[SEU] addr=2000316A bit=00000002
[SEU] addr=200031D5 bit=00000000
[SEU] addr=200031DE bit=00000001
[SEU] addr=20003167 bit=00000005
[CMD QUEUE backup CORRUPTED] backup repaired
[SEU] addr=20003162 bit=00000005
[SEU] addr=20003180 bit=00000004
[SEU] addr=200031B7 bit=00000000
[SEU] addr=200031CA bit=00000003
[SEU] addr=20003161 bit=00000000
[SEU] addr=200031B9 bit=00000006
[SEU] addr=200031C0 bit=00000003
[SEU] addr=200031E5 bit=00000000
[SEU] addr=2000315F bit=00000004
[CMD QUEUE CORRUPTED] primary repaired
[SEU] addr=20003165 bit=00000006
[CMD QUEUE backup CORRUPTED] backup repaired
[SEU] addr=200031BD bit=00000002
[SEU] addr=200031A7 bit=00000005
[SEU] addr=200031AE bit=00000005
[SEU] addr=200031BA bit=00000005
[SEU] addr=200031D4 bit=00000003
[SEU] addr=20003172 bit=00000006
[SEU] addr=200031D0 bit=00000006
[SEU] addr=20003156 bit=00000004
[SAMPLE QUEUE backup CORRUPTED] backup repaired
[SEU] addr=200031A1 bit=00000004
[SEU] addr=20003171 bit=00000000
[SEU] addr=200031C3 bit=00000007
[SEU] addr=200031B0 bit=00000007
[SEU] addr=200031A9 bit=00000005
[SEU] addr=20003191 bit=00000006
[ERR] seq=615 err=2508
[ERR] seq=616 err=400
[ERR] seq=617 err=464
[ERR] seq=618 err=136
[ERR] seq=619 err=88
[ERR] seq=620 err=24
[ERR] seq=621 err=8
[SEU] addr=200031E1 bit=00000000
[SEU] addr=200031CC bit=00000007
[SEU] addr=2000314E bit=00000004
[SAMPLE QUEUE CORRUPTED] primary repaired
[SEU] addr=20003152 bit=00000000
[SEU] addr=2000315A bit=00000002
[SEU] addr=200031B2 bit=00000006
[SEU] addr=2000319E bit=00000004
[SEU] addr=200031CE bit=00000003
[SEU] addr=2000319A bit=00000003
[ERR] seq=662 err=2516
[ERR] seq=663 err=400
[ERR] seq=664 err=464
[ERR] seq=665 err=136
[ERR] seq=666 err=88
[ERR] seq=667 err=24
[SEU] addr=200031DA bit=00000004
[ERR] seq=668 err=8
[SEU] addr=2000318B bit=00000007
[SEU] addr=2000319E bit=00000003
[SEU] addr=2000318F bit=00000006
[ERR] seq=691 err=3336
[ERR] seq=692 err=528
[ERR] seq=693 err=592
[SEU] addr=200031BA bit=00000007
[ERR] seq=694 err=152
[SEU] addr=20003177 bit=00000007
[ERR] seq=695 err=96
[ERR] seq=696 err=16
[ERR] seq=697 err=8
[SEU] addr=200031E2 bit=00000003
[SEU] addr=200031E6 bit=00000007
[SEU] addr=2000315C bit=00000006
[CMD QUEUE CORRUPTED] primary repaired
[SEU] addr=20003163 bit=00000006
[SEU] addr=20003167 bit=00000003
[CMD QUEUE backup CORRUPTED] backup repaired
[SEU] addr=20003194 bit=00000001
[ERR] seq=725 err=16
[SEU] addr=2000316D bit=00000000
[SEU] addr=20003156 bit=00000007
[SAMPLE QUEUE backup CORRUPTED] backup repaired
[SEU] addr=20003157 bit=00000003
[SAMPLE QUEUE backup CORRUPTED] backup repaired
[SEU] addr=20003162 bit=00000001
[SEU] addr=2000317F bit=00000006
[SEU] addr=200031E1 bit=00000002
[SEU] addr=20003176 bit=00000003
[SEU] addr=200031A7 bit=00000001
[SEU] addr=20003151 bit=00000007
[SEU] addr=20003150 bit=00000000
[SAMPLE QUEUE CORRUPTED] primary repaired
[SEU] addr=200031A9 bit=00000006
[SEU] addr=2000317B bit=00000007
[SEU] addr=20003199 bit=00000006
[ERR] seq=809 err=2492
[ERR] seq=810 err=392
[ERR] seq=811 err=448
[ERR] seq=812 err=120
[ERR] seq=813 err=80
[ERR] seq=814 err=24
[ERR] seq=815 err=8
[SEU] addr=20003151 bit=00000002
[SEU] addr=200031C4 bit=00000005
[SEU] addr=20003177 bit=00000003
[SEU] addr=2000319C bit=00000000
[SEU] addr=200031E7 bit=00000001
[SEU] addr=20003174 bit=00000000
[SEU] addr=20003179 bit=00000000
[SEU] addr=2000316E bit=00000002
[SEU] addr=2000315D bit=00000002
[CMD QUEUE CORRUPTED] primary repaired
[SEU] addr=20003163 bit=00000002
[SEU] addr=200031DB bit=00000002
[SEU] addr=2000315B bit=00000001
[SEU] addr=200031A1 bit=00000002
[SEU] addr=200031CE bit=00000007
[SEU] addr=2000314F bit=00000002
[SAMPLE QUEUE CORRUPTED] primary repaired
[SEU] addr=200031DA bit=00000007
[SEU] addr=20003157 bit=00000001
[SAMPLE QUEUE backup CORRUPTED] backup repaired
[SEU] addr=20003184 bit=00000003
[SEU] addr=200031AE bit=00000007
[SEU] addr=20003194 bit=00000002
[ERR] seq=935 err=32
[SEU] addr=2000319C bit=00000002
[SEU] addr=200031B6 bit=00000002
[SEU] addr=200031D1 bit=00000004
[SEU] addr=20003174 bit=00000007
[SEU] addr=200031AC bit=00000003
[SEU] addr=200031E2 bit=00000001
[SEU] addr=200031E7 bit=00000003
[SEU] addr=20003198 bit=00000007
[ERR] seq=987 err=1024
[ERR] seq=988 err=160
[ERR] seq=989 err=184
[ERR] seq=990 err=48
[ERR] seq=991 err=24
[SEU] addr=200031A7 bit=00000005
[SEU] addr=20003165 bit=00000005
[CMD QUEUE backup CORRUPTED] backup repaired
[SEU] addr=200031B0 bit=00000007
[SEU] addr=200031BC bit=00000003
[SEU] addr=20003181 bit=00000001
[SEU] addr=200031B4 bit=00000007
[SEU] addr=200031DF bit=00000000
[SEU] addr=200031E0 bit=00000005
[SEU] addr=20003195 bit=00000004
[ERR] seq=1038 err=2532
[ERR] seq=1039 err=400
[ERR] seq=1040 err=464
[ERR] seq=1041 err=136
[SEU] addr=200031D3 bit=00000002
[ERR] seq=1042 err=88
[SEU] addr=200031D1 bit=00000001
[ERR] seq=1043 err=24
[ERR] seq=1044 err=8
[SEU] addr=20003182 bit=00000007
[SEU] addr=200031A9 bit=00000002
[SEU] addr=20003158 bit=00000000
[SAMPLE QUEUE backup CORRUPTED] backup repaired
[SEU] addr=200031E2 bit=00000002
[SEU] addr=200031E2 bit=00000001
[SEU] addr=2000316C bit=00000002
[SEU] addr=200031B0 bit=00000004
[SEU] addr=2000319C bit=00000001
[SEU] addr=2000318A bit=00000005
[SEU] addr=2000316E bit=00000002
[SEU] addr=2000314C bit=00000006
[SAMPLE QUEUE CORRUPTED] primary repaired
[SEU] addr=200031AE bit=00000001
[SEU] addr=20003195 bit=00000004
[ERR] seq=1119 err=2524
[ERR] seq=1120 err=400
[ERR] seq=1121 err=464
[ERR] seq=1122 err=136
[ERR] seq=1123 err=88
[SEU] addr=2000316A bit=00000003
[ERR] seq=1124 err=24
[ERR] seq=1125 err=8
[SEU] addr=200031D8 bit=00000004
[SEU] addr=200031DF bit=00000004
[SEU] addr=200031E4 bit=00000003
[SEU] addr=2000315E bit=00000006
[CMD QUEUE CORRUPTED] primary repaired
[SEU] addr=200031D9 bit=00000000
[SEU] addr=200031E0 bit=00000002
[SEU] addr=2000318A bit=00000000
[SEU] addr=200031BE bit=00000007
[SEU] addr=200031B2 bit=00000004
[SEU] addr=20003154 bit=00000001
[SAMPLE QUEUE backup CORRUPTED] backup repaired
[SEU] addr=20003166 bit=00000005
[CMD QUEUE backup CORRUPTED] backup repaired
[SEU] addr=2000318F bit=00000007
[ERR] seq=1188 err=148136
[ERR] seq=1189 err=7428
[ERR] seq=1190 err=7548
[ERR] seq=1191 err=2376
[SEU] addr=20003196 bit=00000000
[ERR] seq=1192 err=3548
[ERR] seq=1193 err=920
[SEU] addr=20003190 bit=00000005
[ERR] seq=1194 err=736
[ERR] seq=1195 err=216
[ERR] seq=1196 err=128
[ERR] seq=1197 err=32
[ERR] seq=1198 err=8
[SEU] addr=20003162 bit=00000004
[SEU] addr=200031C0 bit=00000002
[SEU] addr=2000316C bit=00000000
[SEU] addr=200031B2 bit=00000005
[SEU] addr=2000315B bit=00000005
[SEU] addr=2000315A bit=00000002
[SEU] addr=20003185 bit=00000002
[SEU] addr=200031E1 bit=00000006
[SEU] addr=200031A3 bit=00000006
[SEU] addr=200031D2 bit=00000001
[SEU] addr=200031D4 bit=00000001
[SEU] addr=20003179 bit=00000006
[SEU] addr=20003189 bit=00000006
[SEU] addr=200031B1 bit=00000004
[SEU] addr=2000316B bit=00000001
[SEU] addr=200031CF bit=00000006
[SEU] addr=200031E3 bit=00000002
[SEU] addr=20003196 bit=00000004
[ERR] seq=1310 err=2508
[ERR] seq=1311 err=400
[ERR] seq=1312 err=464
[ERR] seq=1313 err=136
[ERR] seq=1314 err=88
[ERR] seq=1315 err=24
[ERR] seq=1316 err=8
[SEU] addr=200031E7 bit=00000007
[SEU] addr=20003163 bit=00000001
[SEU] addr=2000316B bit=00000007
[SEU] addr=200031A3 bit=00000007
[SEU] addr=2000318F bit=00000007
[ERR] seq=1333 err=7312
[ERR] seq=1334 err=1152
[ERR] seq=1335 err=1328
[ERR] seq=1336 err=376
[ERR] seq=1337 err=256
[ERR] seq=1338 err=80
[ERR] seq=1339 err=24
[SEU] addr=200031D8 bit=00000003
[SEU] addr=2000319C bit=00000000
[SEU] addr=2000316F bit=00000007
[SEU] addr=2000315D bit=00000004
[CMD QUEUE CORRUPTED] primary repaired
[SEU] addr=20003153 bit=00000005
[SEU] addr=2000316E bit=00000003
[SEU] addr=20003153 bit=00000006
[SEU] addr=20003196 bit=00000007
[ERR] seq=1385 err=2476
[ERR] seq=1386 err=392
[ERR] seq=1387 err=448
[ERR] seq=1388 err=120
[ERR] seq=1389 err=80
[ERR] seq=1390 err=24
[ERR] seq=1391 err=8
[SEU] addr=2000319E bit=00000005
[SEU] addr=200031A3 bit=00000007
[SEU] addr=20003196 bit=00000007
[ERR] seq=1407 err=2468
[ERR] seq=1408 err=392
[ERR] seq=1409 err=448
[ERR] seq=1410 err=120
[ERR] seq=1411 err=80
[SEU] addr=200031A1 bit=00000001
[ERR] seq=1412 err=24
[ERR] seq=1413 err=8
[SEU] addr=200031E0 bit=00000003
[SEU] addr=200031B0 bit=00000002
[SEU] addr=20003169 bit=00000006
[SEU] addr=2000316F bit=00000003
[SEU] addr=2000318B bit=00000003
[SEU] addr=200031A0 bit=00000007
[SEU] addr=200031A6 bit=00000004
[SEU] addr=2000314C bit=00000000
[SAMPLE QUEUE CORRUPTED] primary repaired
[SEU] addr=200031CA bit=00000007
[SEU] addr=2000318E bit=00000002
[ERR] seq=1477 err=6016
[ERR] seq=1478 err=944
[ERR] seq=1479 err=1088
[ERR] seq=1480 err=304
[ERR] seq=1481 err=192
[SEU] addr=2000316A bit=00000007
[ERR] seq=1482 err=48
[ERR] seq=1483 err=16
[SEU] addr=2000318E bit=00000006
[ERR] seq=1486 err=9720
[ERR] seq=1487 err=1544
[ERR] seq=1488 err=1776
[SEU] addr=20003190 bit=00000005
[ERR] seq=1489 err=760
[ERR] seq=1490 err=376
[ERR] seq=1491 err=152
[ERR] seq=1492 err=64
[SEU] addr=200031DB bit=00000002
[ERR] seq=1493 err=16
[SEU] addr=2000317B bit=00000004
[SEU] addr=200031C2 bit=00000003
[SEU] addr=200031BE bit=00000000
[SEU] addr=20003160 bit=00000004
[CMD QUEUE CORRUPTED] primary repaired
[SEU] addr=20003161 bit=00000003
[SEU] addr=200031E2 bit=00000004
[SEU] addr=200031E4 bit=00000002
[SEU] addr=20003162 bit=00000003
[SEU] addr=20003152 bit=00000002
[SEU] addr=20003193 bit=00000004
[ERR] seq=1552 err=2532
[ERR] seq=1553 err=400
[ERR] seq=1554 err=464
[ERR] seq=1555 err=136
[ERR] seq=1556 err=88
[ERR] seq=1557 err=24
[ERR] seq=1558 err=8
[SEU] addr=20003162 bit=00000000
[SEU] addr=2000315B bit=00000007
[SEU] addr=20003154 bit=00000001
[SAMPLE QUEUE backup CORRUPTED] backup repaired
[SEU] addr=20003162 bit=00000001
[SEU] addr=200031D1 bit=00000001
[SEU] addr=20003186 bit=00000003
[SEU] addr=20003176 bit=00000004
[SEU] addr=2000315C bit=00000003
[CMD QUEUE CORRUPTED] primary repaired
[SEU] addr=200031AA bit=00000004
[SEU] addr=20003172 bit=00000006
[SEU] addr=200031A2 bit=00000000
[SEU] addr=2000318A bit=00000001
[SEU] addr=20003168 bit=00000006
[CMD QUEUE backup CORRUPTED] backup repaired
[SEU] addr=200031CD bit=00000003
[SEU] addr=20003155 bit=00000006
[SAMPLE QUEUE backup CORRUPTED] backup repaired
[SEU] addr=200031D3 bit=00000007
[SEU] addr=2000315D bit=00000007
[CMD QUEUE CORRUPTED] primary repaired
[SEU] addr=20003177 bit=00000001
[SEU] addr=200031D0 bit=00000000
[SEU] addr=200031C9 bit=00000007
[SEU] addr=20003170 bit=00000006
[SEU] addr=200031AE bit=00000000
[SEU] addr=20003155 bit=00000003
[SAMPLE QUEUE backup CORRUPTED] backup repaired
[SEU] addr=20003179 bit=00000000
[SEU] addr=200031D4 bit=00000006
[SEU] addr=20003189 bit=00000003
[SEU] addr=200031D7 bit=00000003
[SEU] addr=20003155 bit=00000006
[SAMPLE QUEUE backup CORRUPTED] backup repaired
[SEU] addr=200031AC bit=00000001
[SEU] addr=2000315F bit=00000003
[CMD QUEUE CORRUPTED] primary repaired
[SEU] addr=20003198 bit=00000004
[ERR] seq=1734 err=128
[ERR] seq=1735 err=16
[ERR] seq=1736 err=16
[SEU] addr=200031A9 bit=00000004
[SEU] addr=20003150 bit=00000006
[SAMPLE QUEUE CORRUPTED] primary repaired
[SEU] addr=200031D9 bit=00000004
[SEU] addr=200031DB bit=00000004
[SEU] addr=200031AF bit=00000002
[SEU] addr=20003171 bit=00000007
[SEU] addr=200031C4 bit=00000004
[SEU] addr=200031D9 bit=00000003
[SEU] addr=200031A4 bit=00000001
[SEU] addr=20003179 bit=00000007
[SEU] addr=2000318B bit=00000000
[SEU] addr=20003169 bit=00000007
[SEU] addr=200031BA bit=00000004
[SEU] addr=2000316B bit=00000000
[SEU] addr=200031AB bit=00000007
[SEU] addr=2000319E bit=00000001
[SEU] addr=200031DA bit=00000004
[SEU] addr=200031A8 bit=00000002
[SEU] addr=200031D0 bit=00000003
[SEU] addr=20003194 bit=00000003
[ERR] seq=1840 err=64
[ERR] seq=1841 err=8
[ERR] seq=1842 err=8
[SEU] addr=20003156 bit=00000004
[SAMPLE QUEUE backup CORRUPTED] backup repaired
[SEU] addr=2000315F bit=00000001
[CMD QUEUE CORRUPTED] primary repaired
[SEU] addr=2000317A bit=00000006
[SEU] addr=200031E5 bit=00000006
[SEU] addr=2000317B bit=00000002
[SEU] addr=20003161 bit=00000002
[SEU] addr=200031BF bit=00000002
[SEU] addr=20003181 bit=00000004
[SEU] addr=200031D1 bit=00000007
[SEU] addr=200031D9 bit=00000002
[SEU] addr=200031C3 bit=00000004
[SEU] addr=2000316F bit=00000001
[SEU] addr=200031A6 bit=00000006
[SEU] addr=2000319E bit=00000005
[SEU] addr=200031A2 bit=00000000
[SEU] addr=20003164 bit=00000000
[CMD QUEUE backup CORRUPTED] backup repaired
[SEU] addr=200031DB bit=00000006
[SEU] addr=200031C1 bit=00000007
[SEU] addr=200031BA bit=00000002
[SEU] addr=2000317B bit=00000000
[SEU] addr=20003187 bit=00000006
[SEU] addr=200031B8 bit=00000004
[SEU] addr=200031CE bit=00000001
[SEU] addr=200031D4 bit=00000003
[SEU] addr=20003174 bit=00000007
[END]
samples=2000
SEUs=349
good samples=1839
errors=161
samples omitted=0
max error=0x00000000000242A8
propagations=111
detected disturbances=97
tmr corrections=29
dmr corrections=50
crc detections=0
clamp activations=24
[HARDFAULT]
qemu: fatal: Lockup: can't escalate 3 to HardFault (current priority -1)

R00=0000000a R01=00000002 R02=4000c000 R03=00000000
R04=00000000 R05=00000010 R06=00000000 R07=2000ffd8
R08=00000000 R09=00000000 R10=00000010 R11=00000000
R12=00000020 R13=2000ffd8 R14=00003711 R15=00000f0e
XPSR=01000003 ---- T handler
FPSCR: 00000000
