START
SEED=87654321
[SEU] addr=20003195 bit=00000006
[ERR] seq=5 err=1016
[ERR] seq=6 err=152
[ERR] seq=7 err=160
[ERR] seq=8 err=16
[ERR] seq=9 err=8
[SEU] addr=2000318C bit=00000004
[SEU] addr=2000315D bit=00000007
[CMD QUEUE CORRUPTED] primary repaired
[SEU] addr=20003155 bit=00000006
[SAMPLE QUEUE backup CORRUPTED] backup repaired
[SEU] addr=200031B6 bit=00000005
[SEU] addr=20003164 bit=00000000
[CMD QUEUE backup CORRUPTED] backup repaired
[SEU] addr=2000316F bit=00000007
[SEU] addr=20003162 bit=00000006
[SEU] addr=20003178 bit=00000007
[SEU] addr=200031A8 bit=00000006
[SEU] addr=200031EF bit=00000001
[SEU] addr=200031C5 bit=00000001
[SEU] addr=200031A1 bit=00000007
[ERR] seq=61 err=2508
[ERR] seq=62 err=400
[ERR] seq=63 err=464
[ERR] seq=64 err=136
[ERR] seq=65 err=88
[ERR] seq=66 err=24
[ERR] seq=67 err=8
[SEU] addr=200031BE bit=00000004
[SEU] addr=20003176 bit=00000002
[SEU] addr=20003189 bit=00000002
[SEU] addr=2000317C bit=00000000
[SEU] addr=200031C2 bit=00000005
[SEU] addr=200031B2 bit=00000000
[SEU] addr=20003172 bit=00000007
[SEU] addr=2000318F bit=00000007
[SEU] addr=2000319C bit=00000003
[ERR] seq=107 err=64
[ERR] seq=108 err=8
[ERR] seq=109 err=8
[SEU] addr=20003170 bit=00000007
[SEU] addr=200031A1 bit=00000006
[ERR] seq=116 err=2500
[ERR] seq=117 err=400
[ERR] seq=118 err=464
[ERR] seq=119 err=136
[ERR] seq=120 err=88
[ERR] seq=121 err=24
[ERR] seq=122 err=8
[SEU] addr=200031DB bit=00000003
[SEU] addr=200031E8 bit=00000004
[SEU] addr=200031C7 bit=00000004
[SEU] addr=20003152 bit=00000006
[SEU] addr=200031A4 bit=00000000
[SEU] addr=20003188 bit=00000006
[SEU] addr=200031F2 bit=00000000
[SEU] addr=200031AC bit=00000001
[SEU] addr=20003155 bit=00000001
[SAMPLE QUEUE backup CORRUPTED] backup repaired
[SEU] addr=20003152 bit=00000005
[SEU] addr=20003180 bit=00000003
[SEU] addr=2000314F bit=00000006
[SAMPLE QUEUE CORRUPTED] primary repaired
[SEU] addr=200031E7 bit=00000002
[SEU] addr=2000319C bit=00000002
[ERR] seq=195 err=32
[SEU] addr=200031B4 bit=00000003
[SEU] addr=20003191 bit=00000004
[SEU] addr=200031E2 bit=00000002
[SEU] addr=20003176 bit=00000006
[SEU] addr=200031A3 bit=00000001
[ERR] seq=227 err=2484
[ERR] seq=228 err=392
[ERR] seq=229 err=448
[ERR] seq=230 err=120
[ERR] seq=231 err=80
[SEU] addr=200031D5 bit=00000006
[ERR] seq=232 err=24
[ERR] seq=233 err=8
[SEU] addr=200031EE bit=00000001
[SEU] addr=20003183 bit=00000007
[SEU] addr=200031CD bit=00000004
[SEU] addr=20003179 bit=00000004
[SEU] addr=200031CB bit=00000001
[SEU] addr=200031A6 bit=00000001
[SEU] addr=200031EF bit=00000007
[SEU] addr=2000318E bit=00000003
[SEU] addr=2000319A bit=00000004
[ERR] seq=279 err=2524
[ERR] seq=280 err=400
[ERR] seq=281 err=464
[SEU] addr=20003153 bit=00000000
[ERR] seq=282 err=136
[ERR] seq=283 err=88
[ERR] seq=284 err=24
[ERR] seq=285 err=8
[SEU] addr=20003155 bit=00000002
[SAMPLE QUEUE backup CORRUPTED] backup repaired
[SEU] addr=200031E0 bit=00000000
[SEU] addr=200031C7 bit=00000005
[SEU] addr=2000315D bit=00000001
[CMD QUEUE CORRUPTED] primary repaired
[SEU] addr=2000317C bit=00000001
[SEU] addr=20003199 bit=00000002
[ERR] seq=313 err=2444
[ERR] seq=314 err=384
[ERR] seq=315 err=440
[ERR] seq=316 err=120
[ERR] seq=317 err=80
[ERR] seq=318 err=24
[ERR] seq=319 err=8
[SEU] addr=2000319A bit=00000000
[ERR] seq=321 err=2564
[ERR] seq=322 err=408
[ERR] seq=323 err=472
[ERR] seq=324 err=136
[ERR] seq=325 err=88
[SEU] addr=20003162 bit=00000002
[ERR] seq=326 err=24
[SEU] addr=2000315D bit=00000004
[CMD QUEUE CORRUPTED] primary repaired
[ERR] seq=327 err=8
[SEU] addr=200031A7 bit=00000006
[SEU] addr=200031DC bit=00000006
[SEU] addr=200031D8 bit=00000002
[SEU] addr=200031CD bit=00000006
[SEU] addr=200031F3 bit=00000001
[SEU] addr=200031B9 bit=00000003
[SEU] addr=20003185 bit=00000001
[SEU] addr=2000314D bit=00000002
[SAMPLE QUEUE CORRUPTED] primary repaired
[SEU] addr=20003173 bit=00000005
[SEU] addr=200031B4 bit=00000004
[SEU] addr=2000316F bit=00000004
[SEU] addr=200031EB bit=00000005
[SEU] addr=200031F3 bit=00000004
[SEU] addr=200031BB bit=00000003
[SEU] addr=20003180 bit=00000000
[SEU] addr=200031B3 bit=00000002
[SEU] addr=20003181 bit=00000007
[SEU] addr=200031D1 bit=00000000
[SEU] addr=2000317C bit=00000000
[SEU] addr=2000314D bit=00000001
[SAMPLE QUEUE CORRUPTED] primary repaired
[SEU] addr=200031BD bit=00000007
[SEU] addr=2000317B bit=00000007
[SEU] addr=2000315E bit=00000002
[CMD QUEUE CORRUPTED] primary repaired
[SEU] addr=20003169 bit=00000000
[SEU] addr=20003196 bit=00000001
[ERR] seq=459 err=5584
[ERR] seq=460 err=880
[ERR] seq=461 err=1008
[ERR] seq=462 err=280
[ERR] seq=463 err=184
[ERR] seq=464 err=48
[ERR] seq=465 err=16
[SEU] addr=200031C7 bit=00000005
[SEU] addr=200031CE bit=00000005
[SEU] addr=200031D4 bit=00000004
[SEU] addr=2000316F bit=00000000
[SEU] addr=200031BE bit=00000003
[SEU] addr=20003185 bit=00000000
[SEU] addr=200031C5 bit=00000006
[SEU] addr=20003154 bit=00000003
[SAMPLE QUEUE backup CORRUPTED] backup repaired
[SEU] addr=20003185 bit=00000000
[SEU] addr=200031CB bit=00000004
[SEU] addr=2000314D bit=00000006
[SAMPLE QUEUE CORRUPTED] primary repaired
[SEU] addr=200031A5 bit=00000002
[SEU] addr=2000316B bit=00000005
[SEU] addr=200031DE bit=00000005
[SEU] addr=200031C6 bit=00000005
[SEU] addr=200031EC bit=00000003
[SEU] addr=20003166 bit=00000006
[CMD QUEUE backup CORRUPTED] backup repaired
[SEU] addr=20003170 bit=00000006
[SEU] addr=20003186 bit=00000004
[SEU] addr=200031AD bit=00000004
[SEU] addr=200031DD bit=00000000
[SEU] addr=2000316F bit=00000007
[SEU] addr=200031D4 bit=00000007
[SEU] addr=2000316D bit=00000005
[SEU] addr=200031C1 bit=00000006
[SEU] addr=20003181 bit=00000000
[SEU] addr=200031CC bit=00000007
[SEU] addr=200031D2 bit=00000004
[SEU] addr=200031D6 bit=00000000
[SEU] addr=20003166 bit=00000002
[CMD QUEUE backup CORRUPTED] backup repaired
[SEU] addr=200031BE bit=00000006
[SEU] addr=200031CE bit=00000004
[SEU] addr=200031E6 bit=00000003
[SEU] addr=2000318E bit=00000003
[SEU] addr=200031CE bit=00000004
[SEU] addr=2000318B bit=00000007
[SEU] addr=200031F2 bit=00000003
[SEU] addr=20003153 bit=00000006
[SEU] addr=200031A2 bit=00000007
[ERR] seq=694 err=2524
[SEU] addr=20003183 bit=00000007
[ERR] seq=695 err=400
[ERR] seq=696 err=464
[ERR] seq=697 err=136
[ERR] seq=698 err=88
[ERR] seq=699 err=24
[SEU] addr=2000316A bit=00000003
[ERR] seq=700 err=8
[SEU] addr=200031AA bit=00000007
[SEU] addr=20003168 bit=00000006
[CMD QUEUE backup CORRUPTED] backup repaired
[SEU] addr=20003163 bit=00000006
[SEU] addr=20003173 bit=00000003
[SEU] addr=200031A0 bit=00000001
[ERR] seq=725 err=16
[SEU] addr=20003179 bit=00000000
[SEU] addr=200031C2 bit=00000007
[SEU] addr=20003163 bit=00000003
[SEU] addr=200031C2 bit=00000001
[SEU] addr=20003173 bit=00000006
[SEU] addr=200031E1 bit=00000002
[SEU] addr=200031CA bit=00000003
[SEU] addr=2000316B bit=00000001
[SEU] addr=200031E1 bit=00000007
[SEU] addr=2000315C bit=00000000
[CMD QUEUE CORRUPTED] primary repaired
[SEU] addr=20003179 bit=00000006
[SEU] addr=200031F3 bit=00000007
[SEU] addr=200031C9 bit=00000006
[SEU] addr=2000315D bit=00000002
[CMD QUEUE CORRUPTED] primary repaired
[SEU] addr=20003170 bit=00000005
[SEU] addr=20003177 bit=00000003
[SEU] addr=2000319C bit=00000000
[ERR] seq=838 err=8
[SEU] addr=20003187 bit=00000001
[SEU] addr=20003174 bit=00000000
[SEU] addr=20003161 bit=00000000
[SEU] addr=200031B6 bit=00000002
[SEU] addr=200031A5 bit=00000002
[SEU] addr=2000317B bit=00000002
[SEU] addr=200031B7 bit=00000002
[SEU] addr=200031BB bit=00000001
[SEU] addr=20003195 bit=00000002
[ERR] seq=903 err=5400
[ERR] seq=904 err=856
[ERR] seq=905 err=984
[ERR] seq=906 err=272
[ERR] seq=907 err=176
[ERR] seq=908 err=48
[ERR] seq=909 err=16
[SEU] addr=20003156 bit=00000007
[SAMPLE QUEUE backup CORRUPTED] backup repaired
[SEU] addr=2000317F bit=00000002
[SEU] addr=2000317A bit=00000007
[SEU] addr=20003187 bit=00000001
[SEU] addr=200031CC bit=00000003
[SEU] addr=200031EA bit=00000007
[SEU] addr=200031D0 bit=00000002
[SEU] addr=2000316C bit=00000002
[SEU] addr=200031CE bit=00000002
[SEU] addr=200031AD bit=00000004
[SEU] addr=2000315C bit=00000007
[CMD QUEUE CORRUPTED] primary repaired
[SEU] addr=200031E8 bit=00000003
[SEU] addr=2000319A bit=00000001
[ERR] seq=973 err=2500
[ERR] seq=974 err=400
[ERR] seq=975 err=464
[ERR] seq=976 err=136
[ERR] seq=977 err=88
[ERR] seq=978 err=24
[ERR] seq=979 err=8
[SEU] addr=2000317B bit=00000003
[SEU] addr=200031E0 bit=00000007
[SEU] addr=200031CB bit=00000005
[SEU] addr=20003171 bit=00000005
[SEU] addr=200031EC bit=00000007
[SEU] addr=20003180 bit=00000003
[SEU] addr=20003199 bit=00000001
[ERR] seq=1020 err=2556
[ERR] seq=1021 err=408
[ERR] seq=1022 err=472
[ERR] seq=1023 err=136
[ERR] seq=1024 err=88
[ERR] seq=1025 err=24
[ERR] seq=1026 err=8
[SEU] addr=20003178 bit=00000007
[SEU] addr=2000315B bit=00000000
[SEU] addr=2000318C bit=00000005
[SEU] addr=20003165 bit=00000004
[CMD QUEUE backup CORRUPTED] backup repaired
[SEU] addr=200031C7 bit=00000002
[SEU] addr=200031C5 bit=00000001
[SEU] addr=200031BE bit=00000007
[SEU] addr=20003185 bit=00000002
[SEU] addr=200031AC bit=00000000
[SEU] addr=200031A6 bit=00000002
[SEU] addr=20003182 bit=00000001
[SEU] addr=20003154 bit=00000002
[SAMPLE QUEUE backup CORRUPTED] backup repaired
[SEU] addr=20003198 bit=00000004
[ERR] seq=1087 err=128
[ERR] seq=1088 err=16
[SEU] addr=200031E4 bit=00000001
[ERR] seq=1089 err=16
[SEU] addr=200031C6 bit=00000005
[SEU] addr=2000317A bit=00000002
[SEU] addr=200031AC bit=00000006
[SEU] addr=200031EA bit=00000001
[SEU] addr=200031B9 bit=00000004
[SEU] addr=2000318E bit=00000003
[SEU] addr=200031D8 bit=00000004
[SEU] addr=200031C7 bit=00000004
[SEU] addr=200031E4 bit=00000003
[SEU] addr=200031D6 bit=00000006
[SEU] addr=2000319D bit=00000000
[ERR] seq=1154 err=2048
[ERR] seq=1155 err=320
[ERR] seq=1156 err=368
[SEU] addr=200031E0 bit=00000002
[ERR] seq=1157 err=104
[ERR] seq=1158 err=72
[ERR] seq=1159 err=24
[ERR] seq=1160 err=8
[SEU] addr=2000317E bit=00000000
[SEU] addr=200031B2 bit=00000007
[SEU] addr=20003176 bit=00000004
[SEU] addr=200031CC bit=00000001
[SEU] addr=200031DE bit=00000005
[SEU] addr=2000316B bit=00000007
[SEU] addr=2000315A bit=00000000
[SEU] addr=200031B4 bit=00000005
[SEU] addr=200031AA bit=00000004
[SEU] addr=200031E4 bit=00000002
[SEU] addr=200031E4 bit=00000000
[SEU] addr=2000319A bit=00000005
[ERR] seq=1221 err=2444
[ERR] seq=1222 err=384
[ERR] seq=1223 err=440
[ERR] seq=1224 err=120
[ERR] seq=1225 err=80
[ERR] seq=1226 err=24
[ERR] seq=1227 err=8
[SEU] addr=2000314F bit=00000005
[SAMPLE QUEUE CORRUPTED] primary repaired
[SEU] addr=20003166 bit=00000002
[CMD QUEUE backup CORRUPTED] backup repaired
[SEU] addr=200031B5 bit=00000002
[SEU] addr=20003175 bit=00000006
[SEU] addr=200031DF bit=00000006
[SEU] addr=20003172 bit=00000001
[SEU] addr=2000315C bit=00000001
[CMD QUEUE CORRUPTED] primary repaired
[SEU] addr=2000319D bit=00000006
[ERR] seq=1273 err=2532
[ERR] seq=1274 err=400
[ERR] seq=1275 err=464
[ERR] seq=1276 err=136
[ERR] seq=1277 err=88
[ERR] seq=1278 err=24
[ERR] seq=1279 err=8
[SEU] addr=20003159 bit=00000006
[SEU] addr=20003199 bit=00000004
[ERR] seq=1291 err=2460
[ERR] seq=1292 err=392
[SEU] addr=200031A7 bit=00000001
[ERR] seq=1293 err=448
[ERR] seq=1294 err=120
[ERR] seq=1295 err=80
[ERR] seq=1296 err=24
[ERR] seq=1297 err=8
[SEU] addr=2000319F bit=00000006
[SEU] addr=2000316B bit=00000002
[SEU] addr=200031A2 bit=00000004
[ERR] seq=1310 err=2492
[ERR] seq=1311 err=392
[ERR] seq=1312 err=448
[ERR] seq=1313 err=120
[ERR] seq=1314 err=80
[ERR] seq=1315 err=24
[ERR] seq=1316 err=8
[SEU] addr=20003187 bit=00000007
[SEU] addr=200031E7 bit=00000001
[SEU] addr=2000319B bit=00000007
[SEU] addr=2000315B bit=00000007
[SEU] addr=200031BF bit=00000007
[SEU] addr=20003190 bit=00000003
[SEU] addr=20003184 bit=00000000
[SEU] addr=200031CF bit=00000007
[SEU] addr=200031BD bit=00000004
[SEU] addr=200031E3 bit=00000005
[SEU] addr=200031B6 bit=00000003
[SEU] addr=200031EF bit=00000006
[SEU] addr=20003196 bit=00000007
[ERR] seq=1385 err=9216
[ERR] seq=1386 err=1464
[ERR] seq=1387 err=1696
[ERR] seq=1388 err=496
[ERR] seq=1389 err=328
[ERR] seq=1390 err=104
[ERR] seq=1391 err=48
[ERR] seq=1392 err=8
[SEU] addr=20003192 bit=00000005
[SEU] addr=200031A3 bit=00000007
[SEU] addr=200031D2 bit=00000007
[SEU] addr=20003159 bit=00000001
[SEU] addr=200031A4 bit=00000003
[SEU] addr=20003168 bit=00000002
[CMD QUEUE backup CORRUPTED] backup repaired
[SEU] addr=200031B1 bit=00000006
[SEU] addr=2000316F bit=00000003
[SEU] addr=200031D3 bit=00000003
[SEU] addr=2000317C bit=00000007
[SEU] addr=20003152 bit=00000004
[SEU] addr=200031D0 bit=00000000
[SEU] addr=200031EE bit=00000007
[SEU] addr=200031D6 bit=00000002
[SEU] addr=2000316A bit=00000007
[SEU] addr=200031E2 bit=00000006
[SEU] addr=20003160 bit=00000005
[CMD QUEUE CORRUPTED] primary repaired
[SEU] addr=20003157 bit=00000002
[SAMPLE QUEUE backup CORRUPTED] backup repaired
[SEU] addr=20003157 bit=00000004
[SAMPLE QUEUE backup CORRUPTED] backup repaired
[SEU] addr=2000319E bit=00000003
[ERR] seq=1504 err=2484
[ERR] seq=1505 err=392
[SEU] addr=20003182 bit=00000000
[ERR] seq=1506 err=448
[ERR] seq=1507 err=120
[SEU] addr=200031D8 bit=00000004
[ERR] seq=1508 err=80
[ERR] seq=1509 err=24
[ERR] seq=1510 err=8
[SEU] addr=200031CD bit=00000003
[SEU] addr=2000318E bit=00000004
[SEU] addr=2000319C bit=00000002
[ERR] seq=1531 err=32
[SEU] addr=200031B6 bit=00000003
[SEU] addr=200031A6 bit=00000002
[SEU] addr=200031C3 bit=00000004
[SEU] addr=2000316E bit=00000000
[SEU] addr=200031C7 bit=00000007
[SEU] addr=200031C0 bit=00000001
[SEU] addr=200031F2 bit=00000001
[SEU] addr=200031DD bit=00000001
[SEU] addr=200031DA bit=00000003
[SEU] addr=200031EE bit=00000004
[SEU] addr=200031E0 bit=00000003
[SEU] addr=20003156 bit=00000004
[SAMPLE QUEUE backup CORRUPTED] backup repaired
[SEU] addr=20003196 bit=00000006
[ERR] seq=1611 err=8224
[ERR] seq=1612 err=1296
[ERR] seq=1613 err=1496
[ERR] seq=1614 err=432
[ERR] seq=1615 err=288
[ERR] seq=1616 err=88
[ERR] seq=1617 err=40
[ERR] seq=1618 err=8
[SEU] addr=2000318A bit=00000000
[SEU] addr=20003196 bit=00000001
[ERR] seq=1623 err=4776
[ERR] seq=1624 err=760
[ERR] seq=1625 err=872
[ERR] seq=1626 err=240
[ERR] seq=1627 err=152
[ERR] seq=1628 err=32
[ERR] seq=1629 err=8
[SEU] addr=2000315C bit=00000006
[CMD QUEUE CORRUPTED] primary repaired
[SEU] addr=20003185 bit=00000003
[SEU] addr=200031E5 bit=00000006
[SEU] addr=200031A3 bit=00000007
[SEU] addr=200031E1 bit=00000007
[SEU] addr=200031A7 bit=00000001
[SEU] addr=20003194 bit=00000000
[ERR] seq=1665 err=48
[SEU] addr=200031E1 bit=00000007
[SEU] addr=20003164 bit=00000006
[CMD QUEUE backup CORRUPTED] backup repaired
[SEU] addr=20003166 bit=00000000
[CMD QUEUE backup CORRUPTED] backup repaired
[SEU] addr=200031B5 bit=00000003
[SEU] addr=200031E5 bit=00000000
[SEU] addr=200031C8 bit=00000006
[SEU] addr=20003195 bit=00000003
[ERR] seq=1702 err=5808
[ERR] seq=1703 err=920
[ERR] seq=1704 err=1056
[ERR] seq=1705 err=288
[ERR] seq=1706 err=184
[ERR] seq=1707 err=48
[ERR] seq=1708 err=16
[SEU] addr=200031EF bit=00000003
[SEU] addr=20003191 bit=00000006
[SEU] addr=20003164 bit=00000001
[CMD QUEUE backup CORRUPTED] backup repaired
[SEU] addr=2000318F bit=00000003
[SEU] addr=20003150 bit=00000004
[SAMPLE QUEUE CORRUPTED] primary repaired
[SEU] addr=20003179 bit=00000004
[SEU] addr=200031BC bit=00000006
[SEU] addr=20003179 bit=00000004
[SEU] addr=200031AB bit=00000004
[SEU] addr=200031AF bit=00000002
[SEU] addr=20003165 bit=00000007
[CMD QUEUE backup CORRUPTED] backup repaired
[SEU] addr=2000314C bit=00000004
[SAMPLE QUEUE CORRUPTED] primary repaired
[SEU] addr=200031E5 bit=00000003
[SEU] addr=200031BC bit=00000001
[SEU] addr=200031CD bit=00000007
[SEU] addr=200031BB bit=00000000
[SEU] addr=2000315D bit=00000007
[CMD QUEUE CORRUPTED] primary repaired
[SEU] addr=200031C6 bit=00000004
[SEU] addr=20003153 bit=00000000
[SEU] addr=20003193 bit=00000007
[SEU] addr=200031E6 bit=00000001
[SEU] addr=200031AA bit=00000004
[SEU] addr=200031E4 bit=00000002
[SEU] addr=200031A0 bit=00000003
[ERR] seq=1830 err=64
[ERR] seq=1831 err=8
[ERR] seq=1832 err=8
[SEU] addr=20003188 bit=00000003
[SEU] addr=20003186 bit=00000004
[SEU] addr=2000319B bit=00000001
[ERR] seq=1858 err=2524
[ERR] seq=1859 err=400
[ERR] seq=1860 err=464
[ERR] seq=1861 err=136
[ERR] seq=1862 err=88
[ERR] seq=1863 err=24
[ERR] seq=1864 err=8
[SEU] addr=2000319E bit=00000006
[ERR] seq=1866 err=2492
[ERR] seq=1867 err=392
[ERR] seq=1868 err=448
[ERR] seq=1869 err=120
[ERR] seq=1870 err=80
[SEU] addr=20003185 bit=00000006
[ERR] seq=1871 err=24
[ERR] seq=1872 err=8
[SEU] addr=2000319F bit=00000002
[ERR] seq=1880 err=2500
[ERR] seq=1881 err=400
[ERR] seq=1882 err=464
[ERR] seq=1883 err=136
[ERR] seq=1884 err=88
[ERR] seq=1885 err=24
[SEU] addr=200031F1 bit=00000002
[ERR] seq=1886 err=8
[SEU] addr=200031CB bit=00000002
[SEU] addr=20003175 bit=00000004
[SEU] addr=2000314D bit=00000007
[SAMPLE QUEUE CORRUPTED] primary repaired
[SEU] addr=200031B5 bit=00000002
[SEU] addr=20003193 bit=00000004
[SEU] addr=200031DB bit=00000001
[SEU] addr=2000319A bit=00000006
[ERR] seq=1933 err=2444
[ERR] seq=1934 err=384
[ERR] seq=1935 err=440
[ERR] seq=1936 err=120
[ERR] seq=1937 err=80
[ERR] seq=1938 err=24
[ERR] seq=1939 err=8
[SEU] addr=200031B6 bit=00000005
[SEU] addr=20003166 bit=00000000
[CMD QUEUE backup CORRUPTED] backup repaired
[SEU] addr=20003164 bit=00000000
[CMD QUEUE backup CORRUPTED] backup repaired
[SEU] addr=200031E7 bit=00000006
[SEU] addr=2000316D bit=00000007
[SEU] addr=20003196 bit=00000002
[ERR] seq=1957 err=6016
[ERR] seq=1958 err=944
[ERR] seq=1959 err=1088
[ERR] seq=1960 err=304
[ERR] seq=1961 err=192
[ERR] seq=1962 err=48
[ERR] seq=1963 err=16
[SEU] addr=2000316F bit=00000000
[SEU] addr=2000317B bit=00000006
[SEU] addr=200031A0 bit=00000004
[ERR] seq=1975 err=128
[ERR] seq=1976 err=16
[ERR] seq=1977 err=16
[SEU] addr=20003192 bit=00000001
[SEU] addr=20003180 bit=00000003
[SEU] addr=200031B0 bit=00000007
[END]
samples=2000
SEUs=349
good samples=1794
errors=206
samples omitted=0
max error=0x0000000000002400
propagations=139
detected disturbances=80
tmr corrections=21
dmr corrections=41
crc detections=0
clamp activations=18
[HARDFAULT]
qemu: fatal: Lockup: can't escalate 3 to HardFault (current priority -1)

R00=0000000a R01=00000002 R02=4000c000 R03=00000000
R04=00000000 R05=00000010 R06=00000000 R07=2000ffd8
R08=00000000 R09=00000000 R10=00000010 R11=00000000
R12=00000020 R13=2000ffd8 R14=000037e1 R15=00000fd2
XPSR=01000003 ---- T handler
FPSCR: 00000000
