START
SEED=87654321
[SEU] addr=2000317D bit=00000006
[SEU] addr=2000318C bit=00000004
[ERR] seq=12 err=2160
[ERR] seq=13 err=328
[ERR] seq=14 err=368
[SEU] addr=20003169 bit=00000007
[ERR] seq=15 err=88
[SEU] addr=200031CD bit=00000006
[ERR] seq=16 err=56
[SEU] addr=20003156 bit=00000005
[SAMPLE QUEUE backup CORRUPTED] backup repaired
[ERR] seq=17 err=8
[SEU] addr=20003164 bit=00000000
[CMD QUEUE backup CORRUPTED] backup repaired
[SEU] addr=2000317B bit=00000007
[SEU] addr=20003192 bit=00000006
[ERR] seq=33 err=33554432
[ERR] seq=34 err=5368704
[ERR] seq=35 err=6227696
[ERR] seq=36 err=1855416
[ERR] seq=37 err=1293288
[ERR] seq=38 err=503784
[ERR] seq=39 err=287520
[ERR] seq=40 err=126600
[SEU] addr=20003160 bit=00000007
[CMD QUEUE CORRUPTED] primary repaired
[ERR] seq=41 err=66256
[SEU] addr=20003184 bit=00000006
[ERR] seq=42 err=30856
[ERR] seq=43 err=15536
[ERR] seq=44 err=7416
[ERR] seq=45 err=3664
[ERR] seq=46 err=1768
[ERR] seq=47 err=864
[ERR] seq=48 err=416
[ERR] seq=49 err=200
[SEU] addr=2000315F bit=00000001
[CMD QUEUE CORRUPTED] primary repaired
[ERR] seq=50 err=96
[ERR] seq=51 err=40
[SEU] addr=20003165 bit=00000001
[CMD QUEUE backup CORRUPTED] backup repaired
[ERR] seq=52 err=8
[SEU] addr=200031A1 bit=00000007
[SEU] addr=20003182 bit=00000004
[SEU] addr=2000319A bit=00000002
[ERR] seq=69 err=2097152
[ERR] seq=70 err=335544
[ERR] seq=71 err=389224
[ERR] seq=72 err=115952
[ERR] seq=73 err=80824
[ERR] seq=74 err=31480
[ERR] seq=75 err=17960
[ERR] seq=76 err=7904
[SEU] addr=20003165 bit=00000002
[CMD QUEUE backup CORRUPTED] backup repaired
[ERR] seq=77 err=4136
[ERR] seq=78 err=1920
[ERR] seq=79 err=960
[ERR] seq=80 err=456
[ERR] seq=81 err=224
[ERR] seq=82 err=104
[SEU] addr=20003170 bit=00000000
[ERR] seq=83 err=48
[SEU] addr=20003186 bit=00000005
[ERR] seq=84 err=16
[SEU] addr=200031E2 bit=00000000
[SEU] addr=20003166 bit=00000007
[CMD QUEUE backup CORRUPTED] backup repaired
[SEU] addr=20003183 bit=00000007
[SEU] addr=200031B4 bit=00000003
[SEU] addr=20003164 bit=00000007
[CMD QUEUE backup CORRUPTED] backup repaired
[SEU] addr=200031A1 bit=00000006
[SEU] addr=200031DB bit=00000003
[SEU] addr=200031C4 bit=00000004
[SEU] addr=2000314F bit=00000004
[SAMPLE QUEUE CORRUPTED] primary repaired
[SEU] addr=20003182 bit=00000006
[SEU] addr=200031E0 bit=00000000
[SEU] addr=20003158 bit=00000006
[SAMPLE QUEUE backup CORRUPTED] backup repaired
[SEU] addr=2000319E bit=00000000
[SEU] addr=2000314C bit=00000001
[SAMPLE QUEUE CORRUPTED] primary repaired
[SEU] addr=2000316D bit=00000001
[SEU] addr=200031BE bit=00000005
[SEU] addr=200031A4 bit=00000003
[SEU] addr=200031A3 bit=00000006
[SEU] addr=20003163 bit=00000002
[SEU] addr=20003178 bit=00000002
[SEU] addr=200031C0 bit=00000003
[SEU] addr=20003185 bit=00000004
[SEU] addr=200031A6 bit=00000002
[SEU] addr=200031A6 bit=00000006
[SEU] addr=20003173 bit=00000001
[SEU] addr=2000315D bit=00000006
[CMD QUEUE CORRUPTED] primary repaired
[SEU] addr=20003182 bit=00000001
[SEU] addr=200031B3 bit=00000007
[SEU] addr=20003161 bit=00000004
[SEU] addr=20003161 bit=00000004
[SEU] addr=200031B3 bit=00000001
[SEU] addr=200031B2 bit=00000001
[SEU] addr=2000318F bit=00000007
[ERR] seq=272 err=68048
[ERR] seq=273 err=10880
[ERR] seq=274 err=12608
[ERR] seq=275 err=3728
[ERR] seq=276 err=2584
[ERR] seq=277 err=992
[SEU] addr=20003182 bit=00000003
[ERR] seq=278 err=552
[SEU] addr=200031E2 bit=00000004
[ERR] seq=279 err=224
[ERR] seq=280 err=104
[ERR] seq=281 err=32
[SEU] addr=200031A7 bit=00000000
[ERR] seq=282 err=8
[SEU] addr=200031D9 bit=00000002
[SEU] addr=20003198 bit=00000000
[ERR] seq=296 err=8
[SEU] addr=200031C7 bit=00000005
[SEU] addr=200031E1 bit=00000001
[SEU] addr=200031A0 bit=00000001
[SEU] addr=200031C9 bit=00000002
[SEU] addr=2000319A bit=00000000
[ERR] seq=321 err=524288
[ERR] seq=322 err=83880
[ERR] seq=323 err=97296
[ERR] seq=324 err=28976
[ERR] seq=325 err=20192
[SEU] addr=200031DA bit=00000002
[ERR] seq=326 err=7856
[SEU] addr=200031BD bit=00000004
[ERR] seq=327 err=4480
[ERR] seq=328 err=1968
[ERR] seq=329 err=1024
[ERR] seq=330 err=472
[ERR] seq=331 err=232
[ERR] seq=332 err=104
[ERR] seq=333 err=48
[ERR] seq=334 err=16
[SEU] addr=20003153 bit=00000006
[SEU] addr=2000314C bit=00000006
[SAMPLE QUEUE CORRUPTED] primary repaired
[SEU] addr=20003154 bit=00000002
[SAMPLE QUEUE backup CORRUPTED] backup repaired
[SEU] addr=2000316D bit=00000006
[SEU] addr=200031E7 bit=00000001
[SEU] addr=20003165 bit=00000003
[CMD QUEUE backup CORRUPTED] backup repaired
[SEU] addr=200031A9 bit=00000001
[SEU] addr=20003195 bit=00000002
[ERR] seq=363 err=8192
[ERR] seq=364 err=1304
[ERR] seq=365 err=1512
[ERR] seq=366 err=448
[ERR] seq=367 err=304
[ERR] seq=368 err=112
[ERR] seq=369 err=64
[ERR] seq=370 err=24
[SEU] addr=2000317F bit=00000005
[ERR] seq=371 err=8
[SEU] addr=200031E4 bit=00000004
[SEU] addr=200031C3 bit=00000004
[SEU] addr=20003173 bit=00000005
[SEU] addr=2000316F bit=00000004
[SEU] addr=200031A3 bit=00000003
[SEU] addr=20003168 bit=00000000
[CMD QUEUE backup CORRUPTED] backup repaired
[SEU] addr=200031CB bit=00000002
[SEU] addr=200031C9 bit=00000007
[SEU] addr=200031A1 bit=00000000
[SEU] addr=20003194 bit=00000000
[ERR] seq=425 err=8
[SEU] addr=20003171 bit=00000001
[SEU] addr=20003151 bit=00000007
[SEU] addr=20003163 bit=00000007
[SEU] addr=2000316A bit=00000002
[SEU] addr=200031D5 bit=00000000
[SEU] addr=200031DE bit=00000001
[SEU] addr=20003167 bit=00000005
[CMD QUEUE backup CORRUPTED] backup repaired
[SEU] addr=20003162 bit=00000005
[SEU] addr=20003180 bit=00000004
[SEU] addr=200031B7 bit=00000000
[SEU] addr=200031CA bit=00000003
[SEU] addr=20003161 bit=00000000
[SEU] addr=200031B9 bit=00000006
[SEU] addr=200031C0 bit=00000003
[SEU] addr=200031E5 bit=00000000
[SEU] addr=2000315F bit=00000004
[CMD QUEUE CORRUPTED] primary repaired
[SEU] addr=20003165 bit=00000006
[CMD QUEUE backup CORRUPTED] backup repaired
[SEU] addr=200031BD bit=00000002
[SEU] addr=200031A7 bit=00000005
[SEU] addr=200031AE bit=00000005
[SEU] addr=200031BA bit=00000005
[SEU] addr=200031D4 bit=00000003
[SEU] addr=20003172 bit=00000006
[SEU] addr=200031D0 bit=00000006
[SEU] addr=20003156 bit=00000004
[SAMPLE QUEUE backup CORRUPTED] backup repaired
[SEU] addr=200031A1 bit=00000004
[SEU] addr=20003171 bit=00000000
[SEU] addr=200031C3 bit=00000007
[SEU] addr=200031B0 bit=00000007
[SEU] addr=200031A9 bit=00000005
[SEU] addr=20003191 bit=00000006
[ERR] seq=615 err=131072
[ERR] seq=616 err=20968
[ERR] seq=617 err=24320
[ERR] seq=618 err=7240
[ERR] seq=619 err=5040
[ERR] seq=620 err=1952
[ERR] seq=621 err=1112
[ERR] seq=622 err=488
[ERR] seq=623 err=248
[SEU] addr=200031E1 bit=00000000
[ERR] seq=624 err=104
[ERR] seq=625 err=48
[ERR] seq=626 err=16
[SEU] addr=200031CC bit=00000007
[SEU] addr=2000314E bit=00000004
[SAMPLE QUEUE CORRUPTED] primary repaired
[SEU] addr=20003152 bit=00000000
[SEU] addr=2000315A bit=00000002
[SEU] addr=200031B2 bit=00000006
[SEU] addr=2000319E bit=00000004
[SEU] addr=200031CE bit=00000003
[SEU] addr=2000319A bit=00000003
[ERR] seq=662 err=4194304
[ERR] seq=663 err=671088
[ERR] seq=664 err=778456
[ERR] seq=665 err=231920
[ERR] seq=666 err=161656
[ERR] seq=667 err=62968
[SEU] addr=200031DA bit=00000004
[ERR] seq=668 err=35936
[ERR] seq=669 err=15816
[ERR] seq=670 err=8272
[ERR] seq=671 err=3848
[ERR] seq=672 err=1928
[ERR] seq=673 err=912
[SEU] addr=2000318B bit=00000007
[ERR] seq=674 err=448
[ERR] seq=675 err=208
[ERR] seq=676 err=96
[ERR] seq=677 err=40
[ERR] seq=678 err=8
[SEU] addr=2000319E bit=00000003
[SEU] addr=2000318F bit=00000006
[ERR] seq=691 err=3336
[ERR] seq=692 err=528
[ERR] seq=693 err=592
[SEU] addr=200031BA bit=00000007
[ERR] seq=694 err=152
[SEU] addr=20003177 bit=00000007
[ERR] seq=695 err=96
[ERR] seq=696 err=16
[ERR] seq=697 err=8
[SEU] addr=200031E2 bit=00000003
[SEU] addr=200031E6 bit=00000007
[SEU] addr=2000315C bit=00000006
[CMD QUEUE CORRUPTED] primary repaired
[SEU] addr=20003163 bit=00000006
[SEU] addr=20003167 bit=00000003
[CMD QUEUE backup CORRUPTED] backup repaired
[SEU] addr=20003194 bit=00000001
[ERR] seq=725 err=16
[SEU] addr=2000316D bit=00000000
[SEU] addr=20003156 bit=00000007
[SAMPLE QUEUE backup CORRUPTED] backup repaired
[SEU] addr=20003157 bit=00000003
[SAMPLE QUEUE backup CORRUPTED] backup repaired
[SEU] addr=20003162 bit=00000001
[SEU] addr=2000317F bit=00000006
[SEU] addr=200031E1 bit=00000002
[SEU] addr=20003176 bit=00000003
[SEU] addr=200031A7 bit=00000001
[SEU] addr=20003151 bit=00000007
[SEU] addr=20003150 bit=00000000
[SAMPLE QUEUE CORRUPTED] primary repaired
[SEU] addr=200031A9 bit=00000006
[SEU] addr=2000317B bit=00000007
[SEU] addr=20003199 bit=00000006
[ERR] seq=809 err=131072
[ERR] seq=810 err=20968
[ERR] seq=811 err=24320
[ERR] seq=812 err=7240
[ERR] seq=813 err=5040
[ERR] seq=814 err=1952
[ERR] seq=815 err=1112
[SEU] addr=20003151 bit=00000002
[ERR] seq=816 err=488
[ERR] seq=817 err=248
[ERR] seq=818 err=104
[ERR] seq=819 err=48
[ERR] seq=820 err=16
[SEU] addr=200031C4 bit=00000005
[SEU] addr=20003177 bit=00000003
[SEU] addr=2000319C bit=00000000
[SEU] addr=200031E7 bit=00000001
[SEU] addr=20003174 bit=00000000
[SEU] addr=20003179 bit=00000000
[SEU] addr=2000316E bit=00000002
[SEU] addr=2000315D bit=00000002
[CMD QUEUE CORRUPTED] primary repaired
[SEU] addr=20003163 bit=00000002
[SEU] addr=200031DB bit=00000002
[SEU] addr=2000315B bit=00000001
[SEU] addr=200031A1 bit=00000002
[SEU] addr=200031CE bit=00000007
[SEU] addr=2000314F bit=00000002
[SAMPLE QUEUE CORRUPTED] primary repaired
[SEU] addr=200031DA bit=00000007
[SEU] addr=20003157 bit=00000001
[SAMPLE QUEUE backup CORRUPTED] backup repaired
[SEU] addr=20003184 bit=00000003
[SEU] addr=200031AE bit=00000007
[SEU] addr=20003194 bit=00000002
[ERR] seq=935 err=32
[SEU] addr=2000319C bit=00000002
[SEU] addr=200031B6 bit=00000002
[SEU] addr=200031D1 bit=00000004
[SEU] addr=20003174 bit=00000007
[SEU] addr=200031AC bit=00000003
[SEU] addr=200031E2 bit=00000001
[SEU] addr=200031E7 bit=00000003
[SEU] addr=20003198 bit=00000007
[ERR] seq=987 err=1024
[ERR] seq=988 err=160
[ERR] seq=989 err=184
[ERR] seq=990 err=48
[ERR] seq=991 err=24
[SEU] addr=200031A7 bit=00000005
[SEU] addr=20003165 bit=00000005
[CMD QUEUE backup CORRUPTED] backup repaired
[SEU] addr=200031B0 bit=00000007
[SEU] addr=200031BC bit=00000003
[SEU] addr=20003181 bit=00000001
[SEU] addr=200031B4 bit=00000007
[SEU] addr=200031DF bit=00000000
[SEU] addr=200031E0 bit=00000005
[SEU] addr=20003195 bit=00000004
[ERR] seq=1038 err=32768
[ERR] seq=1039 err=5240
[ERR] seq=1040 err=6072
[ERR] seq=1041 err=1800
[SEU] addr=200031D3 bit=00000002
[ERR] seq=1042 err=1256
[SEU] addr=200031D1 bit=00000001
[ERR] seq=1043 err=488
[ERR] seq=1044 err=272
[SEU] addr=20003182 bit=00000007
[ERR] seq=1045 err=112
[ERR] seq=1046 err=56
[ERR] seq=1047 err=24
[ERR] seq=1048 err=8
[SEU] addr=200031A9 bit=00000002
[SEU] addr=20003158 bit=00000000
[SAMPLE QUEUE backup CORRUPTED] backup repaired
[SEU] addr=200031E2 bit=00000002
[SEU] addr=200031E2 bit=00000001
[SEU] addr=2000316C bit=00000002
[SEU] addr=200031B0 bit=00000004
[SEU] addr=2000319C bit=00000001
[SEU] addr=2000318A bit=00000005
[SEU] addr=2000316E bit=00000002
[SEU] addr=2000314C bit=00000006
[SAMPLE QUEUE CORRUPTED] primary repaired
[SEU] addr=200031AE bit=00000001
[SEU] addr=20003195 bit=00000004
[ERR] seq=1119 err=32768
[ERR] seq=1120 err=5240
[ERR] seq=1121 err=6072
[ERR] seq=1122 err=1800
[ERR] seq=1123 err=1256
[SEU] addr=2000316A bit=00000003
[ERR] seq=1124 err=488
[ERR] seq=1125 err=272
[ERR] seq=1126 err=112
[ERR] seq=1127 err=56
[ERR] seq=1128 err=24
[ERR] seq=1129 err=8
[SEU] addr=200031D8 bit=00000004
[SEU] addr=200031DF bit=00000004
[SEU] addr=200031E4 bit=00000003
[SEU] addr=2000315E bit=00000006
[CMD QUEUE CORRUPTED] primary repaired
[SEU] addr=200031D9 bit=00000000
[SEU] addr=200031E0 bit=00000002
[SEU] addr=2000318A bit=00000000
[SEU] addr=200031BE bit=00000007
[SEU] addr=200031B2 bit=00000004
[SEU] addr=20003154 bit=00000001
[SAMPLE QUEUE backup CORRUPTED] backup repaired
[SEU] addr=20003166 bit=00000005
[CMD QUEUE backup CORRUPTED] backup repaired
[SEU] addr=2000318F bit=00000007
[ERR] seq=1188 err=148136
[ERR] seq=1189 err=23696
[ERR] seq=1190 err=27480
[ERR] seq=1191 err=8160
[SEU] addr=20003196 bit=00000000
[ERR] seq=1192 err=529960
[ERR] seq=1193 err=86080
[SEU] addr=20003190 bit=00000005
[ERR] seq=1194 err=98288
[ERR] seq=1195 err=29472
[ERR] seq=1196 err=20416
[ERR] seq=1197 err=7960
[ERR] seq=1198 err=4520
[ERR] seq=1199 err=1976
[ERR] seq=1200 err=1024
[ERR] seq=1201 err=472
[SEU] addr=20003162 bit=00000004
[ERR] seq=1202 err=232
[ERR] seq=1203 err=104
[ERR] seq=1204 err=48
[ERR] seq=1205 err=16
[SEU] addr=200031C0 bit=00000002
[SEU] addr=2000316C bit=00000000
[SEU] addr=200031B2 bit=00000005
[SEU] addr=2000315B bit=00000005
[SEU] addr=2000315A bit=00000002
[SEU] addr=20003185 bit=00000002
[SEU] addr=200031E1 bit=00000006
[SEU] addr=200031A3 bit=00000006
[SEU] addr=200031D2 bit=00000001
[SEU] addr=200031D4 bit=00000001
[SEU] addr=20003179 bit=00000006
[SEU] addr=20003189 bit=00000006
[SEU] addr=200031B1 bit=00000004
[SEU] addr=2000316B bit=00000001
[SEU] addr=200031CF bit=00000006
[SEU] addr=200031E3 bit=00000002
[SEU] addr=20003196 bit=00000004
[ERR] seq=1310 err=8388608
[ERR] seq=1311 err=1342176
[ERR] seq=1312 err=1556920
[ERR] seq=1313 err=463848
[ERR] seq=1314 err=323312
[ERR] seq=1315 err=125936
[ERR] seq=1316 err=71872
[SEU] addr=200031E7 bit=00000007
[ERR] seq=1317 err=31640
[ERR] seq=1318 err=16552
[ERR] seq=1319 err=7704
[SEU] addr=20003163 bit=00000001
[ERR] seq=1320 err=3880
[ERR] seq=1321 err=1848
[ERR] seq=1322 err=904
[ERR] seq=1323 err=432
[ERR] seq=1324 err=208
[ERR] seq=1325 err=96
[ERR] seq=1326 err=40
[ERR] seq=1327 err=8
[SEU] addr=2000316B bit=00000007
[SEU] addr=200031A3 bit=00000007
[SEU] addr=2000318F bit=00000007
[ERR] seq=1333 err=7312
[ERR] seq=1334 err=1152
[ERR] seq=1335 err=1328
[ERR] seq=1336 err=376
[ERR] seq=1337 err=256
[ERR] seq=1338 err=80
[ERR] seq=1339 err=24
[SEU] addr=200031D8 bit=00000003
[SEU] addr=2000319C bit=00000000
[SEU] addr=2000316F bit=00000007
[SEU] addr=2000315D bit=00000004
[CMD QUEUE CORRUPTED] primary repaired
[SEU] addr=20003153 bit=00000005
[SEU] addr=2000316E bit=00000003
[SEU] addr=20003153 bit=00000006
[SEU] addr=20003196 bit=00000007
[ERR] seq=1385 err=67108864
[ERR] seq=1386 err=10737416
[ERR] seq=1387 err=12455400
[ERR] seq=1388 err=3710848
[ERR] seq=1389 err=2586592
[ERR] seq=1390 err=1007576
[ERR] seq=1391 err=575056
[ERR] seq=1392 err=253216
[ERR] seq=1393 err=132520
[ERR] seq=1394 err=61712
[SEU] addr=2000319E bit=00000005
[ERR] seq=1395 err=31072
[ERR] seq=1396 err=14840
[ERR] seq=1397 err=7336
[ERR] seq=1398 err=3536
[ERR] seq=1399 err=1728
[ERR] seq=1400 err=832
[ERR] seq=1401 err=400
[ERR] seq=1402 err=192
[ERR] seq=1403 err=88
[ERR] seq=1404 err=32
[SEU] addr=200031A3 bit=00000007
[ERR] seq=1405 err=8
[SEU] addr=20003196 bit=00000007
[ERR] seq=1407 err=67108864
[ERR] seq=1408 err=10737416
[ERR] seq=1409 err=12455400
[ERR] seq=1410 err=3710848
[ERR] seq=1411 err=2586592
[SEU] addr=200031A1 bit=00000001
[ERR] seq=1412 err=1007576
[ERR] seq=1413 err=575056
[ERR] seq=1414 err=253216
[ERR] seq=1415 err=132520
[ERR] seq=1416 err=61712
[ERR] seq=1417 err=31072
[ERR] seq=1418 err=14840
[SEU] addr=200031E0 bit=00000003
[ERR] seq=1419 err=7336
[ERR] seq=1420 err=3536
[ERR] seq=1421 err=1728
[ERR] seq=1422 err=832
[ERR] seq=1423 err=400
[SEU] addr=200031B0 bit=00000002
[ERR] seq=1424 err=192
[ERR] seq=1425 err=88
[ERR] seq=1426 err=32
[ERR] seq=1427 err=8
[SEU] addr=20003169 bit=00000006
[SEU] addr=2000316F bit=00000003
[SEU] addr=2000318B bit=00000003
[SEU] addr=200031A0 bit=00000007
[SEU] addr=200031A6 bit=00000004
[SEU] addr=2000314C bit=00000000
[SAMPLE QUEUE CORRUPTED] primary repaired
[SEU] addr=200031CA bit=00000007
[SEU] addr=2000318E bit=00000002
[ERR] seq=1477 err=6016
[ERR] seq=1478 err=944
[ERR] seq=1479 err=1088
[ERR] seq=1480 err=304
[ERR] seq=1481 err=192
[SEU] addr=2000316A bit=00000007
[ERR] seq=1482 err=48
[ERR] seq=1483 err=16
[SEU] addr=2000318E bit=00000006
[ERR] seq=1486 err=9720
[ERR] seq=1487 err=1544
[ERR] seq=1488 err=1776
[SEU] addr=20003190 bit=00000005
[ERR] seq=1489 err=760
[ERR] seq=1490 err=376
[ERR] seq=1491 err=152
[ERR] seq=1492 err=64
[SEU] addr=200031DB bit=00000002
[ERR] seq=1493 err=16
[SEU] addr=2000317B bit=00000004
[SEU] addr=200031C2 bit=00000003
[SEU] addr=200031BE bit=00000000
[SEU] addr=20003160 bit=00000004
[CMD QUEUE CORRUPTED] primary repaired
[SEU] addr=20003161 bit=00000003
[SEU] addr=200031E2 bit=00000004
[SEU] addr=200031E4 bit=00000002
[SEU] addr=20003162 bit=00000003
[SEU] addr=20003152 bit=00000002
[SEU] addr=20003193 bit=00000004
[ERR] seq=1552 err=2147483648
[ERR] seq=1553 err=343597376
[ERR] seq=1554 err=398572952
[ERR] seq=1555 err=118747248
[ERR] seq=1556 err=82771224
[ERR] seq=1557 err=32242944
[ERR] seq=1558 err=18402256
[ERR] seq=1559 err=8103224
[ERR] seq=1560 err=4240872
[ERR] seq=1561 err=1975048
[SEU] addr=20003162 bit=00000000
[ERR] seq=1562 err=994536
[ERR] seq=1563 err=475120
[ERR] seq=1564 err=235136
[ERR] seq=1565 err=113632
[ERR] seq=1566 err=55792
[ERR] seq=1567 err=27096
[ERR] seq=1568 err=13248
[SEU] addr=2000315B bit=00000007
[ERR] seq=1569 err=6440
[ERR] seq=1570 err=3136
[ERR] seq=1571 err=1520
[ERR] seq=1572 err=736
[SEU] addr=20003154 bit=00000001
[SAMPLE QUEUE backup CORRUPTED] backup repaired
[ERR] seq=1573 err=352
[ERR] seq=1574 err=168
[ERR] seq=1575 err=80
[ERR] seq=1576 err=32
[SEU] addr=20003162 bit=00000001
[ERR] seq=1577 err=8
[SEU] addr=200031D1 bit=00000001
[SEU] addr=20003186 bit=00000003
[SEU] addr=20003176 bit=00000004
[SEU] addr=2000315C bit=00000003
[CMD QUEUE CORRUPTED] primary repaired
[SEU] addr=200031AA bit=00000004
[SEU] addr=20003172 bit=00000006
[SEU] addr=200031A2 bit=00000000
[SEU] addr=2000318A bit=00000001
[SEU] addr=20003168 bit=00000006
[CMD QUEUE backup CORRUPTED] backup repaired
[SEU] addr=200031CD bit=00000003
[SEU] addr=20003155 bit=00000006
[SAMPLE QUEUE backup CORRUPTED] backup repaired
[SEU] addr=200031D3 bit=00000007
[SEU] addr=2000315D bit=00000007
[CMD QUEUE CORRUPTED] primary repaired
[SEU] addr=20003177 bit=00000001
[SEU] addr=200031D0 bit=00000000
[SEU] addr=200031C9 bit=00000007
[SEU] addr=20003170 bit=00000006
[SEU] addr=200031AE bit=00000000
[SEU] addr=20003155 bit=00000003
[SAMPLE QUEUE backup CORRUPTED] backup repaired
[SEU] addr=20003179 bit=00000000
[SEU] addr=200031D4 bit=00000006
[SEU] addr=20003189 bit=00000003
[SEU] addr=200031D7 bit=00000003
[SEU] addr=20003155 bit=00000006
[SAMPLE QUEUE backup CORRUPTED] backup repaired
[SEU] addr=200031AC bit=00000001
[SEU] addr=2000315F bit=00000003
[CMD QUEUE CORRUPTED] primary repaired
[SEU] addr=20003198 bit=00000004
[ERR] seq=1734 err=128
[ERR] seq=1735 err=16
[ERR] seq=1736 err=16
[SEU] addr=200031A9 bit=00000004
[SEU] addr=20003150 bit=00000006
[SAMPLE QUEUE CORRUPTED] primary repaired
[SEU] addr=200031D9 bit=00000004
[SEU] addr=200031DB bit=00000004
[SEU] addr=200031AF bit=00000002
[SEU] addr=20003171 bit=00000007
[SEU] addr=200031C4 bit=00000004
[SEU] addr=200031D9 bit=00000003
[SEU] addr=200031A4 bit=00000001
[SEU] addr=20003179 bit=00000007
[SEU] addr=2000318B bit=00000000
[SEU] addr=20003169 bit=00000007
[SEU] addr=200031BA bit=00000004
[SEU] addr=2000316B bit=00000000
[SEU] addr=200031AB bit=00000007
[SEU] addr=2000319E bit=00000001
[SEU] addr=200031DA bit=00000004
[SEU] addr=200031A8 bit=00000002
[SEU] addr=200031D0 bit=00000003
[SEU] addr=20003194 bit=00000003
[ERR] seq=1840 err=64
[ERR] seq=1841 err=8
[ERR] seq=1842 err=8
[SEU] addr=20003156 bit=00000004
[SAMPLE QUEUE backup CORRUPTED] backup repaired
[SEU] addr=2000315F bit=00000001
[CMD QUEUE CORRUPTED] primary repaired
[SEU] addr=2000317A bit=00000006
[SEU] addr=200031E5 bit=00000006
[SEU] addr=2000317B bit=00000002
[SEU] addr=20003161 bit=00000002
[SEU] addr=200031BF bit=00000002
[SEU] addr=20003181 bit=00000004
[SEU] addr=200031D1 bit=00000007
[SEU] addr=200031D9 bit=00000002
[SEU] addr=200031C3 bit=00000004
[SEU] addr=2000316F bit=00000001
[SEU] addr=200031A6 bit=00000006
[SEU] addr=2000319E bit=00000005
[SEU] addr=200031A2 bit=00000000
[SEU] addr=20003164 bit=00000000
[CMD QUEUE backup CORRUPTED] backup repaired
[SEU] addr=200031DB bit=00000006
[SEU] addr=200031C1 bit=00000007
[SEU] addr=200031BA bit=00000002
[SEU] addr=2000317B bit=00000000
[SEU] addr=20003187 bit=00000006
[SEU] addr=200031B8 bit=00000004
[SEU] addr=200031CE bit=00000001
[SEU] addr=200031D4 bit=00000003
[SEU] addr=20003174 bit=00000007
[END]
samples=2000
SEUs=349
good samples=1713
errors=287
samples omitted=0
max error=0x0000000080000000
propagations=237
detected disturbances=79
tmr corrections=29
dmr corrections=50
crc detections=0
clamp activations=0
[HARDFAULT]
qemu: fatal: Lockup: can't escalate 3 to HardFault (current priority -1)

R00=0000000a R01=00000002 R02=4000c000 R03=00000000
R04=00000000 R05=00000010 R06=00000000 R07=2000ffd8
R08=00000000 R09=00000000 R10=00000010 R11=00000000
R12=00000020 R13=2000ffd8 R14=00003621 R15=00000e16
XPSR=01000003 ---- T handler
FPSCR: 00000000
