START
SEED=77761234
[SEU] addr=20003150 bit=00000002
[SAMPLE QUEUE CORRUPTED] primary repaired
[SEU] addr=200031CE bit=00000000
[SEU] addr=20003166 bit=00000003
[CMD QUEUE backup CORRUPTED] backup repaired
[SEU] addr=200031C8 bit=00000004
[SEU] addr=200031D2 bit=00000002
[SEU] addr=200031BD bit=00000007
[SEU] addr=200031E6 bit=00000005
[SEU] addr=2000318B bit=00000004
[SEU] addr=20003169 bit=00000001
[SEU] addr=20003172 bit=00000005
[SEU] addr=20003198 bit=00000001
[ERR] seq=64 err=16
[SEU] addr=2000315A bit=00000005
[SEU] addr=200031DB bit=00000006
[SEU] addr=20003175 bit=00000002
[SEU] addr=20003153 bit=00000005
[SEU] addr=200031DE bit=00000006
[SEU] addr=200031E4 bit=00000000
[SEU] addr=20003167 bit=00000007
[CMD QUEUE backup CORRUPTED] backup repaired
[SEU] addr=20003170 bit=00000005
[SEU] addr=200031BA bit=00000006
[SEU] addr=200031C9 bit=00000004
[SEU] addr=2000314C bit=00000005
[SAMPLE QUEUE CORRUPTED] primary repaired
[SEU] addr=200031CB bit=00000007
[SEU] addr=20003153 bit=00000006
[SEU] addr=200031CF bit=00000003
[SEU] addr=200031E3 bit=00000002
[SEU] addr=20003154 bit=00000006
[SAMPLE QUEUE backup CORRUPTED] backup repaired
[SEU] addr=2000319B bit=00000004
[ERR] seq=163 err=2524
[ERR] seq=164 err=400
[ERR] seq=165 err=464
[ERR] seq=166 err=136
[SEU] addr=20003192 bit=00000007
[ERR] seq=167 err=2524
[ERR] seq=168 err=408
[ERR] seq=169 err=448
[ERR] seq=170 err=120
[ERR] seq=171 err=80
[SEU] addr=200031AE bit=00000006
[ERR] seq=172 err=24
[ERR] seq=173 err=8
[SEU] addr=200031D3 bit=00000002
[SEU] addr=200031DD bit=00000007
[SEU] addr=200031CB bit=00000001
[SEU] addr=2000318D bit=00000000
[ERR] seq=186 err=9728
[ERR] seq=187 err=1552
[ERR] seq=188 err=1792
[ERR] seq=189 err=520
[SEU] addr=20003185 bit=00000001
[ERR] seq=190 err=352
[SEU] addr=2000317F bit=00000007
[ERR] seq=191 err=120
[ERR] seq=192 err=56
[ERR] seq=193 err=8
[SEU] addr=200031E2 bit=00000007
[SEU] addr=200031C3 bit=00000002
[SEU] addr=200031BB bit=00000000
[SEU] addr=200031A2 bit=00000002
[SEU] addr=200031D5 bit=00000002
[SEU] addr=200031D3 bit=00000007
[SEU] addr=200031D7 bit=00000005
[SEU] addr=200031D3 bit=00000004
[SEU] addr=200031DA bit=00000000
[SEU] addr=20003186 bit=00000007
[SEU] addr=20003193 bit=00000002
[ERR] seq=253 err=2484
[ERR] seq=254 err=392
[ERR] seq=255 err=448
[SEU] addr=200031D7 bit=00000001
[ERR] seq=256 err=120
[ERR] seq=257 err=80
[ERR] seq=258 err=24
[SEU] addr=200031DD bit=00000006
[ERR] seq=259 err=8
[SEU] addr=20003192 bit=00000007
[ERR] seq=260 err=2500
[ERR] seq=261 err=400
[ERR] seq=262 err=464
[ERR] seq=263 err=136
[ERR] seq=264 err=88
[ERR] seq=265 err=24
[ERR] seq=266 err=8
[SEU] addr=20003183 bit=00000002
[SEU] addr=200031C5 bit=00000002
[SEU] addr=2000319D bit=00000000
[SEU] addr=20003184 bit=00000007
[SEU] addr=20003152 bit=00000004
[SEU] addr=200031E3 bit=00000005
[SEU] addr=2000315E bit=00000003
[CMD QUEUE CORRUPTED] primary repaired
[SEU] addr=200031A7 bit=00000006
[SEU] addr=20003195 bit=00000001
[ERR] seq=305 err=2476
[ERR] seq=306 err=392
[SEU] addr=20003198 bit=00000002
[ERR] seq=307 err=480
[ERR] seq=308 err=120
[SEU] addr=200031BF bit=00000001
[ERR] seq=309 err=80
[SEU] addr=2000318C bit=00000003
[ERR] seq=310 err=832
[ERR] seq=311 err=120
[ERR] seq=312 err=136
[ERR] seq=313 err=16
[ERR] seq=314 err=8
[SEU] addr=2000315E bit=00000007
[CMD QUEUE CORRUPTED] primary repaired
[SEU] addr=2000315D bit=00000001
[CMD QUEUE CORRUPTED] primary repaired
[SEU] addr=2000319A bit=00000002
[ERR] seq=324 err=2524
[ERR] seq=325 err=400
[ERR] seq=326 err=464
[ERR] seq=327 err=136
[ERR] seq=328 err=88
[SEU] addr=200031D8 bit=00000002
[ERR] seq=329 err=24
[ERR] seq=330 err=8
[SEU] addr=20003198 bit=00000000
[ERR] seq=338 err=8
[SEU] addr=2000316A bit=00000007
[SEU] addr=200031DE bit=00000005
[SEU] addr=2000315A bit=00000007
[SEU] addr=20003164 bit=00000005
[CMD QUEUE backup CORRUPTED] backup repaired
[SEU] addr=20003163 bit=00000000
[SEU] addr=200031BE bit=00000006
[SEU] addr=2000319A bit=00000005
[ERR] seq=377 err=2516
[ERR] seq=378 err=400
[ERR] seq=379 err=464
[ERR] seq=380 err=136
[ERR] seq=381 err=88
[ERR] seq=382 err=24
[ERR] seq=383 err=8
[SEU] addr=2000317F bit=00000005
[SEU] addr=200031D0 bit=00000007
[SEU] addr=200031A5 bit=00000000
[SEU] addr=200031B0 bit=00000001
[SEU] addr=2000319B bit=00000006
[SEU] addr=200031C9 bit=00000003
[SEU] addr=200031BA bit=00000007
[SEU] addr=200031DB bit=00000000
[SEU] addr=200031BD bit=00000002
[SEU] addr=200031B1 bit=00000001
[SEU] addr=20003191 bit=00000003
[ERR] seq=447 err=2500
[SEU] addr=200031BF bit=00000000
[ERR] seq=448 err=400
[ERR] seq=449 err=464
[ERR] seq=450 err=136
[ERR] seq=451 err=88
[ERR] seq=452 err=24
[ERR] seq=453 err=8
[SEU] addr=200031A9 bit=00000007
[SEU] addr=20003189 bit=00000000
[SEU] addr=200031C2 bit=00000005
[SEU] addr=20003170 bit=00000006
[SEU] addr=200031E7 bit=00000004
[SEU] addr=200031E5 bit=00000002
[SEU] addr=200031E3 bit=00000006
[SEU] addr=2000315D bit=00000000
[CMD QUEUE CORRUPTED] primary repaired
[SEU] addr=200031DF bit=00000003
[SEU] addr=200031D0 bit=00000004
[SEU] addr=2000319C bit=00000004
[SEU] addr=2000317A bit=00000004
[SEU] addr=2000317C bit=00000007
[SEU] addr=200031C4 bit=00000007
[SEU] addr=200031A8 bit=00000004
[SEU] addr=20003151 bit=00000000
[SEU] addr=20003150 bit=00000006
[SAMPLE QUEUE CORRUPTED] primary repaired
[SEU] addr=20003157 bit=00000002
[SAMPLE QUEUE backup CORRUPTED] backup repaired
[SEU] addr=2000314F bit=00000000
[SAMPLE QUEUE CORRUPTED] primary repaired
[SEU] addr=20003167 bit=00000006
[CMD QUEUE backup CORRUPTED] backup repaired
[SEU] addr=200031CA bit=00000004
[SEU] addr=200031AA bit=00000006
[SEU] addr=2000319A bit=00000002
[ERR] seq=573 err=2484
[ERR] seq=574 err=392
[ERR] seq=575 err=448
[ERR] seq=576 err=120
[ERR] seq=577 err=80
[ERR] seq=578 err=24
[SEU] addr=200031C9 bit=00000003
[ERR] seq=579 err=8
[SEU] addr=200031E1 bit=00000004
[SEU] addr=2000315B bit=00000006
[SEU] addr=200031B7 bit=00000005
[SEU] addr=200031BC bit=00000007
[SEU] addr=20003186 bit=00000007
[SEU] addr=20003181 bit=00000002
[SEU] addr=2000317E bit=00000004
[SEU] addr=200031CB bit=00000000
[SEU] addr=200031CE bit=00000007
[SEU] addr=20003157 bit=00000005
[SAMPLE QUEUE backup CORRUPTED] backup repaired
[SEU] addr=2000317E bit=00000007
[SEU] addr=200031A9 bit=00000005
[SEU] addr=20003151 bit=00000003
[SEU] addr=20003167 bit=00000006
[CMD QUEUE backup CORRUPTED] backup repaired
[SEU] addr=200031CA bit=00000002
[SEU] addr=20003177 bit=00000002
[SEU] addr=20003180 bit=00000003
[SEU] addr=200031D1 bit=00000006
[SEU] addr=200031A5 bit=00000001
[SEU] addr=200031A0 bit=00000001
[SEU] addr=20003182 bit=00000004
[SEU] addr=2000314D bit=00000002
[SAMPLE QUEUE CORRUPTED] primary repaired
[SEU] addr=20003163 bit=00000006
[SEU] addr=20003159 bit=00000004
[SEU] addr=200031AA bit=00000004
[SEU] addr=2000316E bit=00000005
[SEU] addr=20003194 bit=00000007
[ERR] seq=749 err=1024
[ERR] seq=750 err=160
[ERR] seq=751 err=184
[ERR] seq=752 err=48
[ERR] seq=753 err=24
[SEU] addr=200031C1 bit=00000003
[SEU] addr=2000317F bit=00000001
[SEU] addr=200031A0 bit=00000001
[SEU] addr=20003158 bit=00000001
[SAMPLE QUEUE backup CORRUPTED] backup repaired
[SEU] addr=200031E1 bit=00000001
[SEU] addr=2000318C bit=00000005
[ERR] seq=783 err=664
[ERR] seq=784 err=96
[ERR] seq=785 err=104
[ERR] seq=786 err=16
[SEU] addr=20003195 bit=00000001
[ERR] seq=787 err=2516
[ERR] seq=788 err=400
[ERR] seq=789 err=464
[SEU] addr=200031DD bit=00000002
[ERR] seq=790 err=136
[ERR] seq=791 err=88
[SEU] addr=200031D5 bit=00000007
[ERR] seq=792 err=24
[ERR] seq=793 err=8
[SEU] addr=200031E7 bit=00000006
[SEU] addr=200031E1 bit=00000006
[SEU] addr=2000316F bit=00000007
[SEU] addr=200031C0 bit=00000001
[SEU] addr=20003195 bit=00000006
[ERR] seq=807 err=2500
[ERR] seq=808 err=400
[ERR] seq=809 err=464
[ERR] seq=810 err=136
[ERR] seq=811 err=88
[ERR] seq=812 err=24
[ERR] seq=813 err=8
[SEU] addr=20003181 bit=00000003
[SEU] addr=200031C1 bit=00000007
[SEU] addr=200031CE bit=00000005
[SEU] addr=200031BD bit=00000000
[SEU] addr=200031D6 bit=00000000
[SEU] addr=200031CA bit=00000001
[SEU] addr=20003167 bit=00000001
[CMD QUEUE backup CORRUPTED] backup repaired
[SEU] addr=2000317B bit=00000001
[SEU] addr=200031B0 bit=00000005
[SEU] addr=20003178 bit=00000006
[SEU] addr=200031D1 bit=00000000
[SEU] addr=200031AF bit=00000003
[SEU] addr=200031BC bit=00000006
[SEU] addr=20003179 bit=00000000
[SEU] addr=200031A3 bit=00000001
[SEU] addr=200031E7 bit=00000007
[SEU] addr=20003153 bit=00000004
[SEU] addr=20003161 bit=00000006
[SEU] addr=200031B6 bit=00000002
[SEU] addr=200031D0 bit=00000001
[SEU] addr=200031AA bit=00000006
[SEU] addr=20003190 bit=00000003
[ERR] seq=929 err=64
[SEU] addr=20003177 bit=00000006
[ERR] seq=930 err=8
[ERR] seq=931 err=8
[SEU] addr=200031D9 bit=00000000
[SEU] addr=200031D8 bit=00000002
[SEU] addr=200031C7 bit=00000006
[SEU] addr=20003159 bit=00000005
[SEU] addr=200031A9 bit=00000006
[SEU] addr=200031DF bit=00000002
[SEU] addr=200031E3 bit=00000002
[SEU] addr=20003189 bit=00000001
[SEU] addr=20003184 bit=00000007
[SEU] addr=200031C7 bit=00000005
[SEU] addr=200031BA bit=00000000
[SEU] addr=20003174 bit=00000000
[SEU] addr=2000316F bit=00000007
[SEU] addr=200031B3 bit=00000003
[SEU] addr=200031DC bit=00000004
[SEU] addr=200031B1 bit=00000007
[SEU] addr=200031AD bit=00000007
[SEU] addr=200031BB bit=00000001
[SEU] addr=200031A7 bit=00000006
[SEU] addr=2000314D bit=00000003
[SAMPLE QUEUE CORRUPTED] primary repaired
[SEU] addr=200031A8 bit=00000006
[SEU] addr=20003175 bit=00000003
[SEU] addr=200031D6 bit=00000004
[SEU] addr=200031B1 bit=00000006
[SEU] addr=20003194 bit=00000004
[ERR] seq=1072 err=128
[ERR] seq=1073 err=16
[ERR] seq=1074 err=16
[SEU] addr=2000318B bit=00000007
[SEU] addr=200031A8 bit=00000002
[SEU] addr=20003177 bit=00000005
[SEU] addr=200031D1 bit=00000000
[SEU] addr=200031B9 bit=00000004
[SEU] addr=20003168 bit=00000006
[CMD QUEUE backup CORRUPTED] backup repaired
[SEU] addr=2000316E bit=00000005
[SEU] addr=200031D3 bit=00000007
[SEU] addr=20003152 bit=00000000
[SEU] addr=200031AC bit=00000004
[SEU] addr=20003153 bit=00000000
[SEU] addr=2000319F bit=00000005
[SEU] addr=200031BB bit=00000007
[SEU] addr=200031CA bit=00000006
[SEU] addr=200031BE bit=00000007
[SEU] addr=20003167 bit=00000003
[CMD QUEUE backup CORRUPTED] backup repaired
[SEU] addr=200031BC bit=00000002
[SEU] addr=200031BB bit=00000000
[SEU] addr=2000317B bit=00000002
[SEU] addr=200031A7 bit=00000007
[SEU] addr=200031A6 bit=00000003
[SEU] addr=200031C5 bit=00000001
[SEU] addr=2000317C bit=00000000
[SEU] addr=20003199 bit=00000001
[ERR] seq=1199 err=2516
[ERR] seq=1200 err=400
[SEU] addr=2000314C bit=00000005
[SAMPLE QUEUE CORRUPTED] primary repaired
[ERR] seq=1201 err=464
[ERR] seq=1202 err=136
[ERR] seq=1203 err=88
[SEU] addr=20003169 bit=00000005
[ERR] seq=1204 err=24
[ERR] seq=1205 err=8
[SEU] addr=200031B5 bit=00000003
[SEU] addr=2000318D bit=00000007
[ERR] seq=1216 err=1872
[ERR] seq=1217 err=288
[ERR] seq=1218 err=320
[SEU] addr=200031E6 bit=00000003
[ERR] seq=1219 err=64
[ERR] seq=1220 err=32
[SEU] addr=20003199 bit=00000001
[ERR] seq=1228 err=2516
[ERR] seq=1229 err=400
[ERR] seq=1230 err=464
[ERR] seq=1231 err=136
[ERR] seq=1232 err=88
[ERR] seq=1233 err=24
[ERR] seq=1234 err=8
[SEU] addr=2000317B bit=00000006
[SEU] addr=200031D0 bit=00000002
[SEU] addr=2000315E bit=00000007
[CMD QUEUE CORRUPTED] primary repaired
[SEU] addr=200031CF bit=00000000
[SEU] addr=2000315D bit=00000007
[CMD QUEUE CORRUPTED] primary repaired
[SEU] addr=200031CB bit=00000001
[SEU] addr=200031C0 bit=00000007
[SEU] addr=2000318D bit=00000005
[ERR] seq=1258 err=504
[ERR] seq=1259 err=64
[ERR] seq=1260 err=64
[SEU] addr=20003188 bit=00000007
[SEU] addr=200031A7 bit=00000005
[SEU] addr=2000316E bit=00000004
[SEU] addr=2000315E bit=00000000
[CMD QUEUE CORRUPTED] primary repaired
[SEU] addr=200031CD bit=00000003
[SEU] addr=200031D8 bit=00000004
[SEU] addr=2000316F bit=00000006
[SEU] addr=200031C4 bit=00000002
[SEU] addr=20003188 bit=00000002
[SEU] addr=200031D6 bit=00000007
[SEU] addr=200031E5 bit=00000004
[SEU] addr=2000317A bit=00000001
[SEU] addr=2000316C bit=00000001
[SEU] addr=200031CC bit=00000004
[SEU] addr=20003186 bit=00000007
[SEU] addr=2000317A bit=00000000
[SEU] addr=2000315D bit=00000007
[CMD QUEUE CORRUPTED] primary repaired
[SEU] addr=200031C5 bit=00000006
[SEU] addr=20003187 bit=00000004
[SEU] addr=200031DD bit=00000000
[SEU] addr=200031AE bit=00000006
[SEU] addr=20003160 bit=00000007
[CMD QUEUE CORRUPTED] primary repaired
[SEU] addr=200031D9 bit=00000003
[SEU] addr=2000314C bit=00000002
[SAMPLE QUEUE CORRUPTED] primary repaired
[SEU] addr=20003187 bit=00000002
[SEU] addr=2000315B bit=00000000
[SEU] addr=200031B5 bit=00000007
[SEU] addr=2000319F bit=00000007
[SEU] addr=20003196 bit=00000001
[ERR] seq=1410 err=2460
[ERR] seq=1411 err=392
[ERR] seq=1412 err=448
[ERR] seq=1413 err=120
[ERR] seq=1414 err=80
[ERR] seq=1415 err=24
[ERR] seq=1416 err=8
[SEU] addr=200031A4 bit=00000000
[SEU] addr=2000315F bit=00000006
[CMD QUEUE CORRUPTED] primary repaired
[SEU] addr=200031D1 bit=00000000
[SEU] addr=200031DE bit=00000002
[SEU] addr=200031A4 bit=00000005
[SEU] addr=2000316B bit=00000005
[SEU] addr=2000319E bit=00000005
[SEU] addr=20003156 bit=00000007
[SAMPLE QUEUE backup CORRUPTED] backup repaired
[SEU] addr=2000319A bit=00000003
[ERR] seq=1465 err=2516
[ERR] seq=1466 err=400
[ERR] seq=1467 err=464
[ERR] seq=1468 err=136
[ERR] seq=1469 err=88
[ERR] seq=1470 err=24
[ERR] seq=1471 err=8
[SEU] addr=200031E7 bit=00000007
[SEU] addr=200031A4 bit=00000005
[SEU] addr=2000315C bit=00000002
[CMD QUEUE CORRUPTED] primary repaired
[SEU] addr=20003194 bit=00000007
[ERR] seq=1490 err=1024
[ERR] seq=1491 err=160
[ERR] seq=1492 err=184
[ERR] seq=1493 err=48
[SEU] addr=20003161 bit=00000007
[ERR] seq=1494 err=24
[SEU] addr=2000314C bit=00000006
[SAMPLE QUEUE CORRUPTED] primary repaired
[SEU] addr=20003195 bit=00000005
[ERR] seq=1508 err=2492
[ERR] seq=1509 err=392
[ERR] seq=1510 err=448
[SEU] addr=200031CA bit=00000001
[ERR] seq=1511 err=120
[ERR] seq=1512 err=80
[ERR] seq=1513 err=24
[ERR] seq=1514 err=8
[SEU] addr=200031DD bit=00000002
[SEU] addr=200031E2 bit=00000004
[SEU] addr=2000319C bit=00000007
[SEU] addr=2000317A bit=00000003
[SEU] addr=20003195 bit=00000003
[ERR] seq=1536 err=4556
[ERR] seq=1537 err=728
[ERR] seq=1538 err=840
[ERR] seq=1539 err=240
[ERR] seq=1540 err=160
[ERR] seq=1541 err=56
[ERR] seq=1542 err=32
[ERR] seq=1543 err=8
[SEU] addr=2000318A bit=00000002
[SEU] addr=200031C5 bit=00000007
[SEU] addr=2000314F bit=00000007
[SAMPLE QUEUE CORRUPTED] primary repaired
[SEU] addr=2000318A bit=00000002
[SEU] addr=2000317C bit=00000004
[SEU] addr=20003178 bit=00000007
[SEU] addr=20003169 bit=00000001
[SEU] addr=200031E1 bit=00000001
[SEU] addr=2000319D bit=00000002
[SEU] addr=200031DC bit=00000004
[SEU] addr=200031DB bit=00000005
[SEU] addr=200031B6 bit=00000004
[SEU] addr=200031D7 bit=00000001
[SEU] addr=20003189 bit=00000001
[SEU] addr=200031E1 bit=00000002
[SEU] addr=20003152 bit=00000004
[SEU] addr=20003151 bit=00000002
[SEU] addr=200031CB bit=00000004
[SEU] addr=2000315B bit=00000002
[SEU] addr=2000317A bit=00000003
[SEU] addr=200031E4 bit=00000005
[SEU] addr=20003163 bit=00000007
[SEU] addr=2000319B bit=00000005
[SEU] addr=200031C6 bit=00000005
[SEU] addr=20003150 bit=00000005
[SAMPLE QUEUE CORRUPTED] primary repaired
[SEU] addr=20003174 bit=00000000
[SEU] addr=200031E4 bit=00000006
[SEU] addr=200031D9 bit=00000002
[SEU] addr=2000319F bit=00000007
[SEU] addr=200031BD bit=00000007
[SEU] addr=200031D0 bit=00000007
[SEU] addr=20003161 bit=00000002
[SEU] addr=200031AC bit=00000006
[SEU] addr=2000316B bit=00000007
[SEU] addr=2000316C bit=00000007
[SEU] addr=2000318D bit=00000007
[ERR] seq=1745 err=1808
[ERR] seq=1746 err=272
[ERR] seq=1747 err=304
[ERR] seq=1748 err=64
[ERR] seq=1749 err=32
[SEU] addr=2000318F bit=00000005
[ERR] seq=1755 err=10312
[ERR] seq=1756 err=1640
[ERR] seq=1757 err=1880
[ERR] seq=1758 err=528
[SEU] addr=2000318D bit=00000006
[ERR] seq=1759 err=1320
[ERR] seq=1760 err=264
[ERR] seq=1761 err=232
[ERR] seq=1762 err=56
[ERR] seq=1763 err=24
[SEU] addr=20003162 bit=00000003
[SEU] addr=200031D3 bit=00000006
[SEU] addr=20003175 bit=00000005
[SEU] addr=200031D7 bit=00000004
[SEU] addr=20003181 bit=00000006
[SEU] addr=200031C5 bit=00000005
[SEU] addr=20003160 bit=00000004
[CMD QUEUE CORRUPTED] primary repaired
[SEU] addr=200031D0 bit=00000006
[SEU] addr=2000319E bit=00000001
[SEU] addr=2000318B bit=00000007
[SEU] addr=200031CF bit=00000004
[SEU] addr=200031A9 bit=00000003
[SEU] addr=20003197 bit=00000006
[SEU] addr=200031DD bit=00000007
[SEU] addr=200031E1 bit=00000005
[SEU] addr=20003153 bit=00000000
[SEU] addr=200031DD bit=00000006
[SEU] addr=20003187 bit=00000000
[SEU] addr=2000318D bit=00000002
[ERR] seq=1870 err=2160
[ERR] seq=1871 err=328
[ERR] seq=1872 err=368
[ERR] seq=1873 err=88
[ERR] seq=1874 err=56
[ERR] seq=1875 err=8
[SEU] addr=2000315B bit=00000005
[SEU] addr=20003156 bit=00000000
[SAMPLE QUEUE backup CORRUPTED] backup repaired
[SEU] addr=20003177 bit=00000001
[SEU] addr=20003172 bit=00000001
[SEU] addr=20003150 bit=00000004
[SAMPLE QUEUE CORRUPTED] primary repaired
[SEU] addr=2000315F bit=00000004
[CMD QUEUE CORRUPTED] primary repaired
[SEU] addr=2000318E bit=00000003
[ERR] seq=1916 err=792
[ERR] seq=1917 err=112
[ERR] seq=1918 err=120
[ERR] seq=1919 err=16
[SEU] addr=200031D6 bit=00000001
[ERR] seq=1920 err=8
[SEU] addr=2000316A bit=00000006
[SEU] addr=200031DB bit=00000006
[SEU] addr=200031CF bit=00000006
[SEU] addr=20003162 bit=00000005
[SEU] addr=2000318E bit=00000006
[ERR] seq=1942 err=4872
[ERR] seq=1943 err=768
[SEU] addr=200031DF bit=00000003
[ERR] seq=1944 err=880
[ERR] seq=1945 err=240
[ERR] seq=1946 err=152
[ERR] seq=1947 err=32
[ERR] seq=1948 err=8
[SEU] addr=200031A9 bit=00000004
[SEU] addr=200031AD bit=00000007
[SEU] addr=200031B3 bit=00000004
[SEU] addr=200031DA bit=00000003
[SEU] addr=2000316D bit=00000006
[SEU] addr=2000318D bit=00000001
[ERR] seq=1966 err=3856
[SEU] addr=20003161 bit=00000002
[ERR] seq=1967 err=608
[ERR] seq=1968 err=688
[ERR] seq=1969 err=176
[ERR] seq=1970 err=120
[ERR] seq=1971 err=32
[ERR] seq=1972 err=8
[SEU] addr=20003189 bit=00000007
[SEU] addr=200031BF bit=00000006
[SEU] addr=20003167 bit=00000001
[CMD QUEUE backup CORRUPTED] backup repaired
[END]
samples=2000
SEUs=369
good samples=1803
errors=197
samples omitted=0
max error=0x0000000000002848
propagations=136
detected disturbances=95
tmr corrections=38
dmr corrections=40
crc detections=0
clamp activations=17
[HARDFAULT]
qemu: fatal: Lockup: can't escalate 3 to HardFault (current priority -1)

R00=0000000a R01=00000002 R02=4000c000 R03=00000000
R04=00000000 R05=00000010 R06=00000000 R07=2000ffd8
R08=00000000 R09=00000000 R10=00000010 R11=00000000
R12=00000020 R13=2000ffd8 R14=00003711 R15=00000f0e
XPSR=01000003 ---- T handler
FPSCR: 00000000
