START
SEED=77761234
[SEU] addr=200031A4 bit=00000002
[SEU] addr=200031CE bit=00000000
[SEU] addr=200031CA bit=00000003
[SEU] addr=200031C4 bit=00000004
[SEU] addr=2000319A bit=00000002
[ERR] seq=22 err=2097152
[ERR] seq=23 err=335544
[ERR] seq=24 err=389224
[ERR] seq=25 err=115952
[ERR] seq=26 err=80824
[ERR] seq=27 err=31480
[ERR] seq=28 err=17960
[ERR] seq=29 err=7904
[ERR] seq=30 err=4136
[SEU] addr=20003199 bit=00000007
[ERR] seq=31 err=260224
[ERR] seq=32 err=40976
[ERR] seq=33 err=48184
[ERR] seq=34 err=14256
[ERR] seq=35 err=9984
[ERR] seq=36 err=3872
[ERR] seq=37 err=2208
[SEU] addr=200031D6 bit=00000005
[ERR] seq=38 err=968
[ERR] seq=39 err=504
[ERR] seq=40 err=232
[ERR] seq=41 err=112
[ERR] seq=42 err=48
[ERR] seq=43 err=16
[SEU] addr=2000318F bit=00000004
[ERR] seq=48 err=1400
[ERR] seq=49 err=216
[ERR] seq=50 err=240
[ERR] seq=51 err=48
[ERR] seq=52 err=24
[SEU] addr=200031C5 bit=00000001
[SEU] addr=200031D2 bit=00000005
[SEU] addr=20003188 bit=00000001
[SEU] addr=20003156 bit=00000005
[SAMPLE QUEUE backup CORRUPTED] backup repaired
[SEU] addr=200031A7 bit=00000006
[SEU] addr=200031C5 bit=00000002
[SEU] addr=2000318B bit=00000005
[SEU] addr=200031C2 bit=00000006
[SEU] addr=2000314C bit=00000000
[SAMPLE QUEUE CORRUPTED] primary repaired
[SEU] addr=200031D3 bit=00000007
[SEU] addr=200031D0 bit=00000005
[SEU] addr=200031A2 bit=00000006
[SEU] addr=20003179 bit=00000004
[SEU] addr=200031D4 bit=00000005
[SEU] addr=2000319B bit=00000007
[SEU] addr=200031DF bit=00000006
[ERR] seq=1073741968 err=992
[ERR] seq=1073741969 err=1040
[ERR] seq=1073741970 err=1368
[ERR] seq=1073741971 err=1536
[SEU] addr=20003163 bit=00000003
[ERR] seq=1073741972 err=1736
[ERR] seq=1073741973 err=1936
[ERR] seq=1073741974 err=2144
[ERR] seq=1073741975 err=2344
[ERR] seq=1073741976 err=2536
[ERR] seq=1073741977 err=2728
[SEU] addr=200031A3 bit=00000002
[ERR] seq=1073741978 err=2928
[ERR] seq=1073741979 err=3096
[ERR] seq=1073741980 err=3312
[ERR] seq=1073741981 err=3472
[ERR] seq=1073741982 err=3704
[ERR] seq=1073741983 err=3840
[ERR] seq=1073741984 err=4080
[SEU] addr=200031D8 bit=00000006
[ERR] seq=1073741985 err=4216
[ERR] seq=1073741986 err=4416
[SEU] addr=20003157 bit=00000004
[SAMPLE QUEUE backup CORRUPTED] backup repaired
[ERR] seq=1073741987 err=4592
[ERR] seq=1073741988 err=4792
[ERR] seq=1073741989 err=4960
[ERR] seq=1073741990 err=5152
[SEU] addr=2000318A bit=00000007
[ERR] seq=1073741991 err=5328
[ERR] seq=1073741992 err=5488
[ERR] seq=1073741993 err=5672
[ERR] seq=1073741994 err=5848
[ERR] seq=1073741995 err=6008
[SEU] addr=200031BE bit=00000006
[ERR] seq=1073741996 err=6184
[ERR] seq=1073741997 err=6352
[ERR] seq=1073741998 err=6504
[ERR] seq=1073741999 err=6688
[ERR] seq=1073742000 err=6832
[SEU] addr=2000319B bit=00000002
[ERR] seq=1073742001 err=536875352
[ERR] seq=1073742002 err=85906472
[ERR] seq=1073742003 err=99647888
[ERR] seq=1073742004 err=29694232
[SEU] addr=200031A9 bit=00000007
[ERR] seq=1073742005 err=20697648
[ERR] seq=1073742006 err=8068472
[SEU] addr=20003177 bit=00000001
[ERR] seq=1073742007 err=4605568
[ERR] seq=1073742008 err=2033824
[ERR] seq=1073742009 err=1065400
[SEU] addr=200031C5 bit=00000000
[ERR] seq=1073742010 err=502040
[ERR] seq=1073742011 err=254000
[ERR] seq=1073742012 err=127352
[ERR] seq=1073742013 err=64320
[SEU] addr=200031CD bit=00000001
[ERR] seq=1073742014 err=37224
[SEU] addr=200031C7 bit=00000007
[ERR] seq=1073742015 err=19640
[ERR] seq=1073742016 err=15840
[ERR] seq=1073742017 err=9136
[SEU] addr=200031BE bit=00000007
[ERR] seq=1073742018 err=10896
[ERR] seq=1073742019 err=8616
[ERR] seq=1073742020 err=9872
[ERR] seq=1073742021 err=9424
[ERR] seq=1073742022 err=9792
[SEU] addr=20003173 bit=00000002
[ERR] seq=1073742023 err=9752
[ERR] seq=1073742024 err=9904
[ERR] seq=1073742025 err=9976
[ERR] seq=1073742026 err=10048
[ERR] seq=1073742027 err=10168
[ERR] seq=1073742028 err=10224
[SEU] addr=20003187 bit=00000000
[ERR] seq=1073742029 err=10320
[ERR] seq=1073742030 err=10376
[ERR] seq=1073742031 err=10464
[ERR] seq=1073742032 err=10536
[ERR] seq=1073742033 err=10584
[ERR] seq=1073742034 err=10664
[ERR] seq=1073742035 err=10712
[ERR] seq=1073742036 err=10784
[ERR] seq=1073742037 err=10824
[SEU] addr=200031CE bit=00000002
[ERR] seq=1073742038 err=10872
[ERR] seq=1073742039 err=10928
[ERR] seq=1073742040 err=10968
[ERR] seq=1073742041 err=11000
[ERR] seq=1073742042 err=11032
[ERR] seq=1073742043 err=11072
[ERR] seq=1073742044 err=11112
[ERR] seq=1073742045 err=11120
[SEU] addr=200031B5 bit=00000002
[ERR] seq=1073742046 err=11152
[ERR] seq=1073742047 err=11160
[ERR] seq=1073742048 err=11176
[ERR] seq=1073742049 err=11184
[ERR] seq=1073742050 err=11208
[ERR] seq=1073742051 err=11200
[ERR] seq=1073742052 err=11224
[ERR] seq=1073742053 err=11200
[SEU] addr=200031BF bit=00000007
[ERR] seq=1073742054 err=11216
[SEU] addr=2000317B bit=00000005
[ERR] seq=1073742055 err=11184
[ERR] seq=1073742056 err=11184
[ERR] seq=1073742057 err=11152
[ERR] seq=1073742058 err=11168
[ERR] seq=1073742059 err=11128
[SEU] addr=200031AF bit=00000004
[ERR] seq=1073742060 err=11112
[ERR] seq=1073742061 err=11080
[ERR] seq=1073742062 err=11056
[ERR] seq=1073742063 err=11000
[SEU] addr=2000317A bit=00000000
[ERR] seq=1073742064 err=10984
[ERR] seq=1073742065 err=10936
[ERR] seq=1073742066 err=10896
[ERR] seq=1073742067 err=10848
[ERR] seq=1073742068 err=10784
[ERR] seq=1073742069 err=10744
[ERR] seq=1073742070 err=10672
[SEU] addr=200031CE bit=00000007
[ERR] seq=1073742071 err=10608
[ERR] seq=1073742072 err=10560
[ERR] seq=1073742073 err=10480
[ERR] seq=1073742074 err=10408
[ERR] seq=1073742075 err=10344
[ERR] seq=1073742076 err=10256
[SEU] addr=2000317B bit=00000002
[ERR] seq=1073742077 err=10176
[ERR] seq=1073742078 err=10088
[ERR] seq=1073742079 err=10008
[SEU] addr=200031BF bit=00000001
[ERR] seq=1073742080 err=9912
[ERR] seq=1073742081 err=9824
[ERR] seq=1073742082 err=9736
[SEU] addr=200031C5 bit=00000006
[ERR] seq=1073742083 err=9640
[SEU] addr=200031DA bit=00000007
[ERR] seq=1073742084 err=9528
[ERR] seq=1073742085 err=9424
[ERR] seq=1073742086 err=9320
[ERR] seq=1073742087 err=9216
[ERR] seq=1073742088 err=9088
[ERR] seq=1073742089 err=8976
[ERR] seq=1073742090 err=8872
[ERR] seq=1073742091 err=8720
[ERR] seq=1073742092 err=8624
[ERR] seq=1073742093 err=8464
[SEU] addr=20003157 bit=00000002
[SAMPLE QUEUE backup CORRUPTED] backup repaired
[ERR] seq=1073742094 err=8352
[ERR] seq=1073742095 err=8208
[ERR] seq=1073742096 err=8072
[ERR] seq=1073742097 err=7904
[SEU] addr=200031DD bit=00000002
[ERR] seq=1073743122 err=12720
[ERR] seq=1073743123 err=11816
[ERR] seq=1073743124 err=12616
[SEU] addr=20003189 bit=00000000
[ERR] seq=1073743125 err=12240
[SEU] addr=20003190 bit=00000007
[ERR] seq=1073743126 err=13328
[ERR] seq=1073743127 err=11952
[ERR] seq=1073743128 err=12216
[ERR] seq=1073743129 err=11848
[SEU] addr=2000317E bit=00000004
[ERR] seq=1073743130 err=11808
[SEU] addr=20003163 bit=00000005
[ERR] seq=1073743131 err=11608
[ERR] seq=1073743132 err=11504
[ERR] seq=1073743133 err=11360
[ERR] seq=1073743134 err=11216
[ERR] seq=1073743135 err=11064
[ERR] seq=1073743136 err=10896
[ERR] seq=1073743137 err=10752
[ERR] seq=1073743138 err=10600
[ERR] seq=1073743139 err=10432
[SEU] addr=20003162 bit=00000003
[ERR] seq=1073743140 err=10272
[ERR] seq=1073743141 err=10072
[ERR] seq=1073743142 err=9936
[ERR] seq=1073743143 err=9736
[ERR] seq=1073743144 err=9592
[SEU] addr=200031A3 bit=00000006
[ERR] seq=1073743145 err=9384
[ERR] seq=1073743146 err=9208
[ERR] seq=1073743147 err=9024
[ERR] seq=1073743148 err=8840
[ERR] seq=1073743149 err=8632
[ERR] seq=1073743150 err=8456
[ERR] seq=1073743151 err=8264
[ERR] seq=1073743152 err=8064
[SEU] addr=200031B9 bit=00000001
[ERR] seq=1073743153 err=7848
[ERR] seq=1073743154 err=7680
[SEU] addr=20003198 bit=00000002
[ERR] seq=1073743155 err=7472
[ERR] seq=1073743156 err=7224
[SEU] addr=20003157 bit=00000001
[SAMPLE QUEUE backup CORRUPTED] backup repaired
[ERR] seq=1073743157 err=7016
[SEU] addr=20003198 bit=00000003
[ERR] seq=1073743158 err=6880
[ERR] seq=1073743159 err=6576
[ERR] seq=1073743160 err=6400
[ERR] seq=1073743161 err=6168
[ERR] seq=1073743162 err=5936
[ERR] seq=1073743163 err=5736
[ERR] seq=1073743164 err=5496
[ERR] seq=1073743165 err=5256
[ERR] seq=1073743166 err=5064
[ERR] seq=1073743167 err=4808
[SEU] addr=20003176 bit=00000007
[ERR] seq=1073743168 err=4592
[ERR] seq=1073743169 err=4352
[SEU] addr=20003175 bit=00000001
[ERR] seq=1073743170 err=4128
[ERR] seq=1073743171 err=3896
[SEU] addr=2000318E bit=00000002
[ERR] seq=1073743172 err=1728
[ERR] seq=1073743173 err=4264
[ERR] seq=1073743174 err=2224
[ERR] seq=1073743175 err=3240
[ERR] seq=1073743176 err=2520
[SEU] addr=2000315C bit=00000002
[CMD QUEUE CORRUPTED] primary repaired
[ERR] seq=1073743177 err=2544
[ERR] seq=1073743178 err=2200
[ERR] seq=1073743179 err=1984
[ERR] seq=1073743180 err=1744
[ERR] seq=1073743181 err=1504
[ERR] seq=1073743182 err=1256
[ERR] seq=1073743183 err=1024
[ERR] seq=1073743184 err=768
[ERR] seq=1073743185 err=536
[SEU] addr=200031B8 bit=00000000
[ERR] seq=1073743186 err=280
[ERR] seq=1073743187 err=32
[ERR] seq=1073743188 err=200
[ERR] seq=1073743189 err=472
[ERR] seq=1073743190 err=696
[SEU] addr=200031AA bit=00000007
[ERR] seq=1073743191 err=944
[ERR] seq=1073743192 err=1168
[ERR] seq=1073743193 err=1440
[ERR] seq=1073743194 err=1656
[ERR] seq=1073743195 err=1904
[SEU] addr=200031DE bit=00000005
[ERR] seq=1075840348 err=3304
[ERR] seq=1075840349 err=2208
[ERR] seq=1075840350 err=2960
[ERR] seq=1075840351 err=2392
[ERR] seq=1075840352 err=2368
[ERR] seq=1075840353 err=2024
[ERR] seq=1075840354 err=1800
[ERR] seq=1075840355 err=1544
[ERR] seq=1075840356 err=1312
[ERR] seq=1075840357 err=1064
[SEU] addr=200031A6 bit=00000007
[ERR] seq=1075840358 err=808
[ERR] seq=1075840359 err=560
[ERR] seq=1075840360 err=288
[SEU] addr=20003160 bit=00000005
[CMD QUEUE CORRUPTED] primary repaired
[ERR] seq=1075840361 err=48
[SEU] addr=200031D3 bit=00000000
[ERR] seq=1075840362 err=224
[ERR] seq=1075840363 err=488
[ERR] seq=1075840364 err=728
[ERR] seq=1075840365 err=992
[ERR] seq=1075840366 err=1232
[ERR] seq=1075840367 err=1456
[SEU] addr=200031A6 bit=00000006
[ERR] seq=1075840368 err=1712
[ERR] seq=1075840369 err=1984
[ERR] seq=1075840370 err=2232
[ERR] seq=1075840371 err=2464
[ERR] seq=1075840372 err=2752
[ERR] seq=1075840373 err=2976
[ERR] seq=1075840374 err=3232
[ERR] seq=1075840375 err=3488
[ERR] seq=1075840376 err=3728
[SEU] addr=20003166 bit=00000005
[CMD QUEUE backup CORRUPTED] backup repaired
[ERR] seq=1075840377 err=3968
[ERR] seq=1075840378 err=4216
[ERR] seq=1075840379 err=4448
[ERR] seq=1075840380 err=4704
[ERR] seq=1075840381 err=4944
[ERR] seq=1075840382 err=5192
[ERR] seq=1075840383 err=5416
[SEU] addr=200031D3 bit=00000005
[ERR] seq=1075840384 err=5648
[ERR] seq=1075840385 err=5896
[ERR] seq=1075840386 err=6120
[ERR] seq=1075840387 err=6344
[SEU] addr=20003158 bit=00000007
[SAMPLE QUEUE backup CORRUPTED] backup repaired
[ERR] seq=1075840388 err=6584
[ERR] seq=1075840389 err=6800
[ERR] seq=1075840390 err=7016
[ERR] seq=1075840391 err=7256
[ERR] seq=1075840392 err=7480
[ERR] seq=1075840393 err=7696
[ERR] seq=1075840394 err=7912
[ERR] seq=1075840395 err=8104
[SEU] addr=20003151 bit=00000000
[ERR] seq=1075840396 err=8336
[ERR] seq=1075840397 err=8528
[ERR] seq=1075840398 err=8752
[SEU] addr=2000316C bit=00000001
[ERR] seq=1075840399 err=8944
[ERR] seq=1075840400 err=9136
[ERR] seq=1075840401 err=9336
[SEU] addr=20003193 bit=00000006
[ERR] seq=1075840402 err=9536
[ERR] seq=1075840403 err=9712
[ERR] seq=1075840404 err=9920
[ERR] seq=1075840405 err=10088
[ERR] seq=1075840406 err=10288
[ERR] seq=1075840407 err=10456
[ERR] seq=1075840408 err=10656
[ERR] seq=1075840409 err=10800
[ERR] seq=1075840410 err=10976
[SEU] addr=20003181 bit=00000003
[ERR] seq=1075840411 err=11136
[ERR] seq=1075840412 err=11304
[ERR] seq=1075840413 err=11456
[ERR] seq=1075840414 err=11616
[ERR] seq=1075840415 err=11768
[ERR] seq=1075840416 err=11928
[SEU] addr=20003186 bit=00000007
[ERR] seq=1075840417 err=12064
[ERR] seq=1075840418 err=12224
[ERR] seq=1075840419 err=12336
[ERR] seq=1075840420 err=12480
[SEU] addr=20003153 bit=00000000
[ERR] seq=1075840421 err=12600
[ERR] seq=1075840422 err=12760
[ERR] seq=1075840423 err=12848
[ERR] seq=1075840424 err=12984
[ERR] seq=1075840425 err=13096
[ERR] seq=1075840426 err=13208
[ERR] seq=1075840427 err=13304
[ERR] seq=1075840428 err=13416
[ERR] seq=1075840429 err=13512
[SEU] addr=200031CD bit=00000002
[ERR] seq=1075840430 err=13600
[ERR] seq=1075840431 err=13704
[ERR] seq=1075840432 err=13792
[ERR] seq=1075840433 err=13856
[ERR] seq=1075840434 err=13944
[ERR] seq=1075840435 err=14016
[ERR] seq=1075840436 err=14096
[SEU] addr=20003181 bit=00000001
[ERR] seq=1075840437 err=14160
[ERR] seq=1075840438 err=14200
[ERR] seq=1075840439 err=14272
[ERR] seq=1075840440 err=14320
[ERR] seq=1075840441 err=14360
[ERR] seq=1075840442 err=14416
[ERR] seq=1075840443 err=14440
[ERR] seq=1075840444 err=14496
[ERR] seq=1075840445 err=14504
[ERR] seq=1075840446 err=14544
[SEU] addr=20003199 bit=00000003
[ERR] seq=1075840447 err=25656
[SEU] addr=200031D7 bit=00000000
[ERR] seq=1075840448 err=17176
[ERR] seq=1075840449 err=12304
[ERR] seq=1075840450 err=15464
[ERR] seq=1075840451 err=13952
[ERR] seq=1075840452 err=14816
[ERR] seq=1075840453 err=14408
[ERR] seq=1075840454 err=14608
[ERR] seq=1075840455 err=14496
[ERR] seq=1075840456 err=14504
[SEU] addr=20003161 bit=00000007
[ERR] seq=1075840457 err=14448
[ERR] seq=1075840458 err=14432
[SEU] addr=20003179 bit=00000000
[ERR] seq=1075840459 err=14384
[ERR] seq=1075840460 err=14328
[ERR] seq=1075840461 err=14280
[ERR] seq=1075840462 err=14240
[ERR] seq=1075840463 err=14168
[ERR] seq=1075840464 err=14112
[ERR] seq=1075840465 err=14040
[ERR] seq=1075840466 err=13968
[ERR] seq=1075840467 err=13888
[SEU] addr=200031A2 bit=00000005
[ERR] seq=1075840468 err=13816
[ERR] seq=1075840469 err=13728
[SEU] addr=200031A4 bit=00000006
[ERR] seq=1075840470 err=13640
[ERR] seq=1075840471 err=13536
[ERR] seq=1075840472 err=13440
[ERR] seq=1075840473 err=13344
[ERR] seq=1075840474 err=13248
[ERR] seq=1075840475 err=13120
[ERR] seq=1075840476 err=13024
[ERR] seq=1075840477 err=12888
[SEU] addr=200031B3 bit=00000004
[ERR] seq=1075840478 err=12800
[SEU] addr=20003179 bit=00000002
[ERR] seq=1075840479 err=12648
[ERR] seq=1075840480 err=12520
[ERR] seq=1075840481 err=12384
[ERR] seq=1075840482 err=12264
[ERR] seq=1075840483 err=12112
[SEU] addr=2000316F bit=00000006
[ERR] seq=1075840484 err=11968
[ERR] seq=1075840485 err=11816
[ERR] seq=1075840486 err=11672
[ERR] seq=1075840487 err=11504
[ERR] seq=1075840488 err=11360
[ERR] seq=1075840489 err=11176
[SEU] addr=200031B9 bit=00000000
[ERR] seq=1075840490 err=11032
[ERR] seq=1075840491 err=10856
[ERR] seq=1075840492 err=10704
[ERR] seq=1075840493 err=10528
[ERR] seq=1075840494 err=10336
[ERR] seq=1075840495 err=10152
[ERR] seq=1075840496 err=9976
[SEU] addr=200031AF bit=00000003
[ERR] seq=1075840497 err=9776
[ERR] seq=1075840498 err=9600
[ERR] seq=1075840499 err=9400
[ERR] seq=1075840500 err=9192
[ERR] seq=1075840501 err=9008
[ERR] seq=1075840502 err=8808
[ERR] seq=1075840503 err=8592
[ERR] seq=1075840504 err=8416
[ERR] seq=1075840505 err=8176
[SEU] addr=2000315C bit=00000004
[CMD QUEUE CORRUPTED] primary repaired
[ERR] seq=1075840506 err=7976
[ERR] seq=1075840507 err=7760
[ERR] seq=1075840508 err=7552
[ERR] seq=1075840509 err=7320
[ERR] seq=1075840510 err=7096
[SEU] addr=20003190 bit=00000004
[ERR] seq=1075840511 err=6752
[ERR] seq=1075840512 err=6672
[ERR] seq=1075840513 err=6376
[ERR] seq=1075840514 err=6224
[ERR] seq=1075840515 err=5952
[ERR] seq=1075840516 err=5736
[ERR] seq=1075840517 err=5488
[ERR] seq=1075840518 err=5272
[ERR] seq=1075840519 err=5008
[SEU] addr=2000316E bit=00000004
[ERR] seq=1075840520 err=4776
[SEU] addr=20003150 bit=00000007
[SAMPLE QUEUE CORRUPTED] primary repaired
[ERR] seq=1075840521 err=4536
[ERR] seq=1075840522 err=4296
[ERR] seq=1075840523 err=4032
[ERR] seq=1075840524 err=3824
[SEU] addr=200031B0 bit=00000007
[ERR] seq=1075840525 err=3568
[ERR] seq=1075840526 err=3296
[ERR] seq=1075840527 err=3064
[SEU] addr=20003158 bit=00000004
[SAMPLE QUEUE backup CORRUPTED] backup repaired
[ERR] seq=1075840528 err=2832
[ERR] seq=1075840529 err=2544
[ERR] seq=1075840530 err=2312
[ERR] seq=1075840531 err=2056
[ERR] seq=1075840532 err=1800
[SEU] addr=200031B5 bit=00000000
[ERR] seq=1075840533 err=1544
[ERR] seq=1075840534 err=1312
[ERR] seq=1075840535 err=1064
[ERR] seq=1075840536 err=808
[ERR] seq=1075840537 err=560
[ERR] seq=1075840538 err=288
[SEU] addr=20003160 bit=00000006
[CMD QUEUE CORRUPTED] primary repaired
[ERR] seq=1075840539 err=48
[ERR] seq=1075840540 err=224
[ERR] seq=1075840541 err=488
[ERR] seq=1075840542 err=728
[ERR] seq=1075840543 err=992
[ERR] seq=1075840544 err=1232
[ERR] seq=1075840545 err=1456
[SEU] addr=200031BB bit=00000002
[ERR] seq=1075840546 err=1712
[ERR] seq=1075840547 err=1984
[ERR] seq=1075840548 err=2232
[ERR] seq=1075840549 err=2464
[ERR] seq=1075840550 err=2752
[ERR] seq=1075840551 err=2976
[ERR] seq=1075840552 err=3232
[SEU] addr=200031AF bit=00000000
[ERR] seq=1075840553 err=3488
[ERR] seq=1075840554 err=3728
[ERR] seq=1075840555 err=3968
[ERR] seq=1075840556 err=4216
[ERR] seq=1075840557 err=4448
[ERR] seq=1075840558 err=4704
[ERR] seq=1075840559 err=4944
[ERR] seq=1075840560 err=5192
[ERR] seq=1075840561 err=5416
[SEU] addr=200031D7 bit=00000006
[ERR] seq=1075840562 err=5648
[ERR] seq=1075840563 err=5896
[ERR] seq=1075840564 err=6120
[ERR] seq=1075840565 err=6344
[SEU] addr=200031AE bit=00000004
[ERR] seq=1075840566 err=6584
[ERR] seq=1075840567 err=6800
[SEU] addr=200031BA bit=00000006
[ERR] seq=1075840568 err=7016
[ERR] seq=1075840569 err=7256
[ERR] seq=1075840570 err=7480
[ERR] seq=1075840571 err=7696
[ERR] seq=1075840572 err=7912
[SEU] addr=20003192 bit=00000002
[ERR] seq=1075840573 err=2096392
[ERR] seq=1075840574 err=343872
[ERR] seq=1075840575 err=388432
[ERR] seq=1075840576 err=124704
[ERR] seq=1075840577 err=79992
[ERR] seq=1075840578 err=40608
[SEU] addr=20003151 bit=00000003
[ERR] seq=1075840579 err=17088
[ERR] seq=1075840580 err=17448
[ERR] seq=1075840581 err=5576
[ERR] seq=1075840582 err=11848
[ERR] seq=1075840583 err=9120
[SEU] addr=20003195 bit=00000004
[ERR] seq=1075840584 err=37904
[ERR] seq=1075840585 err=15464
[ERR] seq=1075840586 err=11024
[ERR] seq=1075840587 err=12552
[ERR] seq=1075840588 err=9752
[ERR] seq=1075840589 err=11608
[ERR] seq=1075840590 err=11024
[SEU] addr=200031DB bit=00000006
[ERR] seq=1075840591 err=11576
[ERR] seq=1075840592 err=11560
[ERR] seq=1075840593 err=11792
[SEU] addr=200031AF bit=00000005
[ERR] seq=1075840594 err=11920
[ERR] seq=1075840595 err=12064
[ERR] seq=1075840596 err=12224
[ERR] seq=1075840597 err=12336
[ERR] seq=1075840598 err=12480
[ERR] seq=1075840599 err=12600
[ERR] seq=1075840600 err=12760
[SEU] addr=2000314C bit=00000007
[SAMPLE QUEUE CORRUPTED] primary repaired
[ERR] seq=1075840601 err=12848
[ERR] seq=1075840602 err=12984
[ERR] seq=1075840603 err=13096
[ERR] seq=1075840604 err=13208
[ERR] seq=1075840605 err=13304
[ERR] seq=1075840606 err=13416
[ERR] seq=1075840607 err=13512
[SEU] addr=20003172 bit=00000007
[ERR] seq=1075840608 err=13600
[ERR] seq=1075840609 err=13704
[ERR] seq=1075840610 err=13792
[ERR] seq=1075840611 err=13856
[ERR] seq=1075840612 err=13944
[ERR] seq=1075840613 err=14016
[ERR] seq=1075840614 err=14096
[ERR] seq=1075840615 err=14160
[ERR] seq=1075840616 err=14200
[ERR] seq=1075840617 err=14272
[SEU] addr=200031D5 bit=00000002
[ERR] seq=1075840618 err=14320
[SEU] addr=2000317E bit=00000004
[ERR] seq=1075840619 err=14360
[ERR] seq=1075840620 err=14416
[ERR] seq=1075840621 err=14440
[ERR] seq=1075840622 err=14496
[ERR] seq=1075840623 err=14504
[ERR] seq=1075840624 err=14544
[ERR] seq=1075840625 err=14552
[ERR] seq=1075840626 err=14568
[ERR] seq=1075840627 err=14568
[SEU] addr=2000319F bit=00000000
[ERR] seq=1075840628 err=14568
[ERR] seq=1075840629 err=14568
[ERR] seq=1075840630 err=14576
[ERR] seq=1075840631 err=14544
[ERR] seq=1075840632 err=14552
[ERR] seq=1075840633 err=14520
[ERR] seq=1075840634 err=14496
[ERR] seq=1075840635 err=14448
[ERR] seq=1075840636 err=14432
[SEU] addr=20003166 bit=00000007
[CMD QUEUE backup CORRUPTED] backup repaired
[ERR] seq=1075840637 err=14384
[ERR] seq=1075840638 err=14328
[ERR] seq=1075840639 err=14280
[ERR] seq=1075840640 err=14240
[ERR] seq=1075840641 err=14168
[SEU] addr=200031AB bit=00000005
[ERR] seq=1075840642 err=14112
[ERR] seq=1075840643 err=14040
[ERR] seq=1075840644 err=13968
[ERR] seq=1075840645 err=13888
[ERR] seq=1075840646 err=13816
[ERR] seq=1075840647 err=13728
[ERR] seq=1075840648 err=13640
[ERR] seq=1075840649 err=13536
[SEU] addr=20003196 bit=00000007
[ERR] seq=1075840650 err=67122304
[ERR] seq=1075840651 err=10743496
[ERR] seq=1075840652 err=12468640
[ERR] seq=1075840653 err=3716808
[ERR] seq=1075840654 err=2599616
[SEU] addr=2000319D bit=00000005
[ERR] seq=1075840655 err=1013440
[ERR] seq=1075840656 err=587856
[ERR] seq=1075840657 err=258968
[ERR] seq=1075840658 err=145032
[ERR] seq=1075840659 err=67352
[ERR] seq=1075840660 err=43328
[ERR] seq=1075840661 err=20344
[SEU] addr=200031D9 bit=00000003
[ERR] seq=1075840662 err=19312
[SEU] addr=200031C3 bit=00000006
[ERR] seq=1075840663 err=8912
[ERR] seq=1075840664 err=13408
[ERR] seq=1075840665 err=10664
[ERR] seq=1075840666 err=11776
[ERR] seq=1075840667 err=10968
[ERR] seq=1075840668 err=11136
[ERR] seq=1075840669 err=10808
[ERR] seq=1075840670 err=10728
[SEU] addr=200031DE bit=00000002
[ERR] seq=1076102815 err=2304
[ERR] seq=1076102816 err=408
[ERR] seq=1076102817 err=2896
[ERR] seq=1076102818 err=2312
[ERR] seq=1076102819 err=2920
[SEU] addr=2000317B bit=00000002
[ERR] seq=1076102820 err=2848
[ERR] seq=1076102821 err=3080
[ERR] seq=1076102822 err=3160
[ERR] seq=1076102823 err=3304
[ERR] seq=1076102824 err=3408
[SEU] addr=20003194 bit=00000003
[ERR] seq=1076102825 err=3600
[ERR] seq=1076102826 err=3640
[ERR] seq=1076102827 err=3776
[ERR] seq=1076102828 err=3872
[SEU] addr=200031BD bit=00000006
[ERR] seq=1076102829 err=3968
[ERR] seq=1076102830 err=4096
[ERR] seq=1076102831 err=4200
[ERR] seq=1076102832 err=4296
[ERR] seq=1076102833 err=4400
[ERR] seq=1076102834 err=4488
[ERR] seq=1076102835 err=4624
[ERR] seq=1076102836 err=4688
[ERR] seq=1076102837 err=4792
[SEU] addr=2000319D bit=00000001
[ERR] seq=1076102838 err=4896
[SEU] addr=20003160 bit=00000001
[CMD QUEUE CORRUPTED] primary repaired
[ERR] seq=1076102839 err=4992
[ERR] seq=1076102840 err=5056
[ERR] seq=1076102841 err=5184
[ERR] seq=1076102842 err=5256
[ERR] seq=1076102843 err=5352
[SEU] addr=200031AA bit=00000004
[ERR] seq=1076102844 err=5424
[ERR] seq=1076102845 err=5536
[ERR] seq=1076102846 err=5592
[ERR] seq=1076102847 err=5688
[ERR] seq=1076102848 err=5760
[ERR] seq=1076102849 err=5856
[ERR] seq=1076102850 err=5912
[ERR] seq=1076102851 err=6008
[ERR] seq=1076102852 err=6064
[SEU] addr=20003155 bit=00000002
[SAMPLE QUEUE backup CORRUPTED] backup repaired
[ERR] seq=1076102853 err=6120
[ERR] seq=1076102854 err=6224
[ERR] seq=1076102855 err=6280
[ERR] seq=1076102856 err=6328
[ERR] seq=1076102857 err=6368
[ERR] seq=1076102858 err=6464
[ERR] seq=1076102859 err=6488
[SEU] addr=2000317B bit=00000006
[ERR] seq=1076102860 err=6568
[ERR] seq=1076102861 err=6616
[ERR] seq=1076102862 err=6656
[ERR] seq=1076102863 err=6736
[ERR] seq=1076102864 err=6776
[ERR] seq=1076102865 err=6832
[ERR] seq=1076102866 err=6864
[ERR] seq=1076102867 err=6896
[ERR] seq=1076102868 err=6952
[ERR] seq=1076102869 err=6968
[SEU] addr=200031B5 bit=00000004
[ERR] seq=1076102870 err=7016
[ERR] seq=1076102871 err=7056
[ERR] seq=1076102872 err=7096
[ERR] seq=1076102873 err=7128
[ERR] seq=1076102874 err=7152
[ERR] seq=1076102875 err=7176
[ERR] seq=1076102876 err=7200
[ERR] seq=1076102877 err=7216
[ERR] seq=1076102878 err=7248
[ERR] seq=1076102879 err=7256
[SEU] addr=200031C6 bit=00000004
[ERR] seq=1076102880 err=7280
[ERR] seq=1076102881 err=7288
[ERR] seq=1076102882 err=7296
[SEU] addr=200031A6 bit=00000005
[ERR] seq=1076102883 err=7304
[ERR] seq=1076102884 err=7312
[ERR] seq=1076102885 err=7304
[ERR] seq=1076102886 err=7328
[ERR] seq=1076102887 err=7288
[ERR] seq=1076102888 err=7328
[ERR] seq=1076102889 err=7288
[ERR] seq=1076102890 err=7312
[ERR] seq=1076102891 err=7288
[ERR] seq=1076102892 err=7280
[SEU] addr=200031A0 bit=00000007
[ERR] seq=1076102893 err=7264
[ERR] seq=1076102894 err=7248
[ERR] seq=1076102895 err=7216
[ERR] seq=1076102896 err=7216
[ERR] seq=1076102897 err=7192
[ERR] seq=1076102898 err=7152
[ERR] seq=1076102899 err=7136
[ERR] seq=1076102900 err=7120
[SEU] addr=20003185 bit=00000003
[ERR] seq=1076102901 err=7056
[ERR] seq=1076102902 err=7024
[ERR] seq=1076102903 err=6992
[SEU] addr=20003197 bit=00000001
[ERR] seq=1076102904 err=268438616
[ERR] seq=1076102905 err=42956576
[ERR] seq=1076102906 err=49824768
[ERR] seq=1076102907 err=14850224
[ERR] seq=1076102908 err=10349496
[ERR] seq=1076102909 err=4037096
[ERR] seq=1076102910 err=2303304
[SEU] addr=2000316C bit=00000001
[ERR] seq=1076102911 err=1019504
[ERR] seq=1076102912 err=533088
[ERR] seq=1076102913 err=253384
[ERR] seq=1076102914 err=127240
[ERR] seq=1076102915 err=65768
[ERR] seq=1076102916 err=32272
[ERR] seq=1076102917 err=20480
[SEU] addr=200031C0 bit=00000001
[ERR] seq=1076102918 err=9808
[ERR] seq=1076102919 err=9528
[SEU] addr=200031D5 bit=00000001
[ERR] seq=1076102920 err=4432
[ERR] seq=1076102921 err=6832
[ERR] seq=1076102922 err=5568
[ERR] seq=1076102923 err=6056
[ERR] seq=1076102924 err=5688
[ERR] seq=1076102925 err=5760
[ERR] seq=1076102926 err=5600
[SEU] addr=20003150 bit=00000005
[SAMPLE QUEUE CORRUPTED] primary repaired
[ERR] seq=1076102927 err=5568
[ERR] seq=1076102928 err=5448
[ERR] seq=1076102929 err=5392
[ERR] seq=1076102930 err=5280
[SEU] addr=20003169 bit=00000001
[ERR] seq=1076102931 err=5208
[ERR] seq=1076102932 err=5096
[ERR] seq=1076102933 err=5016
[SEU] addr=2000319D bit=00000002
[ERR] seq=1076102934 err=4920
[ERR] seq=1076102935 err=4832
[SEU] addr=2000318D bit=00000007
[ERR] seq=1076102936 err=2904
[ERR] seq=1076102937 err=4936
[ERR] seq=1076102938 err=4192
[ERR] seq=1076102939 err=4536
[SEU] addr=200031CB bit=00000006
[ERR] seq=1076102940 err=4256
[ERR] seq=1076102941 err=4256
[SEU] addr=20003181 bit=00000006
[ERR] seq=1076102942 err=4104
[ERR] seq=1076102943 err=4024
[ERR] seq=1076102944 err=3912
[ERR] seq=1076102945 err=3792
[SEU] addr=20003177 bit=00000007
[ERR] seq=1076102946 err=3688
[ERR] seq=1076102947 err=3560
[ERR] seq=1076102948 err=3464
[SEU] addr=20003170 bit=00000001
[ERR] seq=1076102949 err=3336
[ERR] seq=1076102950 err=3200
[SEU] addr=200031C5 bit=00000006
[ERR] seq=1076102951 err=3096
[ERR] seq=1076102952 err=2968
[ERR] seq=1076102953 err=2848
[ERR] seq=1076102954 err=2720
[ERR] seq=1076102955 err=2624
[ERR] seq=1076102956 err=2472
[ERR] seq=1076102957 err=2352
[ERR] seq=1076102958 err=2232
[ERR] seq=1076102959 err=2096
[SEU] addr=2000317D bit=00000003
[ERR] seq=1076102960 err=1992
[ERR] seq=1076102961 err=1856
[ERR] seq=1076102962 err=1720
[ERR] seq=1076102963 err=1608
[SEU] addr=200031BD bit=00000007
[ERR] seq=1076102964 err=1480
[SEU] addr=2000316A bit=00000005
[ERR] seq=1076102965 err=1328
[ERR] seq=1076102966 err=1208
[ERR] seq=1076102967 err=1072
[ERR] seq=1076102968 err=952
[ERR] seq=1076102969 err=800
[ERR] seq=1076102970 err=688
[ERR] seq=1076102971 err=544
[ERR] seq=1076102972 err=416
[ERR] seq=1076102973 err=280
[ERR] seq=1076102974 err=152
[SEU] addr=20003175 bit=00000000
[ERR] seq=1076102975 err=24
[SEU] addr=2000317E bit=00000000
[ERR] seq=1076102976 err=120
[ERR] seq=1076102977 err=256
[ERR] seq=1076102978 err=376
[ERR] seq=1076102979 err=504
[ERR] seq=1076102980 err=640
[ERR] seq=1076102981 err=760
[ERR] seq=1076102982 err=904
[ERR] seq=1076102983 err=1040
[ERR] seq=1076102984 err=1152
[ERR] seq=1076102985 err=1296
[SEU] addr=200031B6 bit=00000001
[ERR] seq=1076102986 err=1432
[ERR] seq=1076102987 err=1568
[ERR] seq=1076102988 err=1680
[ERR] seq=1076102989 err=1816
[ERR] seq=1076102990 err=1952
[ERR] seq=1076102991 err=2056
[ERR] seq=1076102992 err=2192
[SEU] addr=2000315F bit=00000001
[CMD QUEUE CORRUPTED] primary repaired
[ERR] seq=1076102993 err=2304
[ERR] seq=1076102994 err=2448
[ERR] seq=1076102995 err=2576
[ERR] seq=1076102996 err=2680
[ERR] seq=1076102997 err=2816
[ERR] seq=1076102998 err=2920
[ERR] seq=1076102999 err=3056
[SEU] addr=2000319F bit=00000001
[ERR] seq=1076103000 err=3168
[ERR] seq=1076103001 err=3304
[ERR] seq=1076103002 err=3408
[ERR] seq=1076103003 err=3536
[ERR] seq=1076103004 err=3648
[ERR] seq=1076103005 err=3768
[SEU] addr=200031CC bit=00000005
[ERR] seq=1076103006 err=3872
[ERR] seq=1076103007 err=3968
[ERR] seq=1076103008 err=4096
[ERR] seq=1076103009 err=4200
[ERR] seq=1076103010 err=4296
[ERR] seq=1076103011 err=4400
[SEU] addr=2000315C bit=00000006
[CMD QUEUE CORRUPTED] primary repaired
[ERR] seq=1076103012 err=4488
[ERR] seq=1076103013 err=4624
[ERR] seq=1076103014 err=4688
[ERR] seq=1076103015 err=4792
[ERR] seq=1076103016 err=4896
[ERR] seq=1076103017 err=4992
[SEU] addr=200031C1 bit=00000000
[ERR] seq=1076103018 err=5056
[ERR] seq=1076103019 err=5184
[ERR] seq=1076103020 err=5256
[ERR] seq=1076103021 err=5352
[ERR] seq=1076103022 err=5424
[ERR] seq=1076103023 err=5536
[ERR] seq=1076103024 err=5592
[ERR] seq=1076103025 err=5688
[SEU] addr=2000315B bit=00000003
[ERR] seq=1076103026 err=5760
[ERR] seq=1076103027 err=5856
[ERR] seq=1076103028 err=5912
[ERR] seq=1076103029 err=6008
[ERR] seq=1076103030 err=6064
[ERR] seq=1076103031 err=6120
[ERR] seq=1076103032 err=6224
[ERR] seq=1076103033 err=6280
[SEU] addr=200031D0 bit=00000006
[ERR] seq=1076103034 err=6328
[ERR] seq=1076103035 err=6368
[SEU] addr=200031D5 bit=00000000
[ERR] seq=1076103036 err=6464
[ERR] seq=1076103037 err=6488
[ERR] seq=1076103038 err=6568
[ERR] seq=1076103039 err=6616
[SEU] addr=2000317F bit=00000001
[ERR] seq=1076103040 err=6656
[ERR] seq=1076103041 err=6736
[ERR] seq=1076103042 err=6776
[ERR] seq=1076103043 err=6832
[ERR] seq=1076103044 err=6864
[SEU] addr=2000315F bit=00000007
[CMD QUEUE CORRUPTED] primary repaired
[ERR] seq=1076103045 err=6896
[ERR] seq=1076103046 err=6952
[ERR] seq=1076103047 err=6968
[ERR] seq=1076103048 err=7016
[SEU] addr=20003187 bit=00000004
[ERR] seq=1076103049 err=7056
[ERR] seq=1076103050 err=7096
[ERR] seq=1076103051 err=7128
[ERR] seq=1076103052 err=7152
[SEU] addr=20003195 bit=00000006
[ERR] seq=1076103053 err=138248
[ERR] seq=1076103054 err=24248
[ERR] seq=1076103055 err=31536
[SEU] addr=200031AA bit=00000002
[ERR] seq=1076103056 err=10536
[ERR] seq=1076103057 err=12296
[ERR] seq=1076103058 err=5320
[ERR] seq=1076103059 err=8408
[SEU] addr=20003154 bit=00000001
[SAMPLE QUEUE backup CORRUPTED] backup repaired
[ERR] seq=1076103060 err=6800
[ERR] seq=1076103061 err=7568
[ERR] seq=1076103062 err=7184
[SEU] addr=200031C6 bit=00000006
[ERR] seq=1076103063 err=7368
[ERR] seq=1076103064 err=7296
[ERR] seq=1076103065 err=7312
[ERR] seq=1076103066 err=7312
[ERR] seq=1076103067 err=7304
[ERR] seq=1076103068 err=7296
[ERR] seq=1076103069 err=7296
[ERR] seq=1076103070 err=7280
[ERR] seq=1076103071 err=7264
[ERR] seq=1076103072 err=7248
[SEU] addr=20003154 bit=00000003
[SAMPLE QUEUE backup CORRUPTED] backup repaired
[ERR] seq=1076103073 err=7216
[SEU] addr=20003153 bit=00000006
[ERR] seq=1076103074 err=7216
[ERR] seq=1076103075 err=7192
[ERR] seq=1076103076 err=7152
[ERR] seq=1076103077 err=7136
[ERR] seq=1076103078 err=7120
[ERR] seq=1076103079 err=7056
[SEU] addr=200031DD bit=00000000
[ERR] seq=1076102824 err=3592
[ERR] seq=1076102825 err=1824
[ERR] seq=1076102826 err=3712
[ERR] seq=1076102827 err=3040
[ERR] seq=1076102828 err=3368
[ERR] seq=1076102829 err=3112
[SEU] addr=20003168 bit=00000002
[CMD QUEUE backup CORRUPTED] backup repaired
[ERR] seq=1076102830 err=3104
[ERR] seq=1076102831 err=2992
[ERR] seq=1076102832 err=2920
[ERR] seq=1076102833 err=2816
[ERR] seq=1076102834 err=2752
[ERR] seq=1076102835 err=2640
[ERR] seq=1076102836 err=2552
[ERR] seq=1076102837 err=2472
[SEU] addr=2000315B bit=00000006
[ERR] seq=1076102838 err=2376
[ERR] seq=1076102839 err=2280
[ERR] seq=1076102840 err=2200
[ERR] seq=1076102841 err=2104
[ERR] seq=1076102842 err=2016
[ERR] seq=1076102843 err=1912
[SEU] addr=200031D9 bit=00000005
[ERR] seq=1076102844 err=1824
[ERR] seq=1076102845 err=1728
[ERR] seq=1076102846 err=1664
[ERR] seq=1076102847 err=1544
[ERR] seq=1076102848 err=1544
[ERR] seq=1076102849 err=1568
[ERR] seq=1076102850 err=1552
[ERR] seq=1076102851 err=1568
[SEU] addr=20003199 bit=00000006
[ERR] seq=1076102852 err=132640
[SEU] addr=200031BF bit=00000002
[ERR] seq=1076102853 err=21744
[ERR] seq=1076102854 err=25920
[ERR] seq=1076102855 err=8088
[ERR] seq=1076102856 err=6648
[ERR] seq=1076102857 err=2896
[ERR] seq=1076102858 err=2736
[ERR] seq=1076102859 err=1488
[ERR] seq=1076102860 err=1888
[ERR] seq=1076102861 err=1544
[SEU] addr=2000316B bit=00000002
[ERR] seq=1076102862 err=1720
[ERR] seq=1076102863 err=1632
[ERR] seq=1076102864 err=1696
[ERR] seq=1076102865 err=1680
[ERR] seq=1076102866 err=1688
[ERR] seq=1076102867 err=1688
[ERR] seq=1076102868 err=1712
[ERR] seq=1076102869 err=1704
[ERR] seq=1076102870 err=1720
[SEU] addr=2000314D bit=00000001
[SAMPLE QUEUE CORRUPTED] primary repaired
[ERR] seq=1076102871 err=1720
[ERR] seq=1076102872 err=1736
[ERR] seq=1076102873 err=1736
[ERR] seq=1076102874 err=1752
[ERR] seq=1076102875 err=1760
[ERR] seq=1076102876 err=1752
[ERR] seq=1076102877 err=1776
[ERR] seq=1076102878 err=1776
[ERR] seq=1076102879 err=1784
[SEU] addr=200031B0 bit=00000007
[ERR] seq=1076102880 err=1800
[ERR] seq=1076102881 err=1816
[SEU] addr=200031B7 bit=00000005
[ERR] seq=1076102882 err=1848
[SEU] addr=200031DA bit=00000000
[ERR] seq=1076102883 err=1880
[ERR] seq=1076102884 err=1912
[ERR] seq=1076102885 err=1952
[ERR] seq=1076102886 err=1960
[ERR] seq=1076102887 err=2016
[ERR] seq=1076102888 err=2040
[SEU] addr=20003180 bit=00000000
[ERR] seq=1076102889 err=2056
[SEU] addr=200031A3 bit=00000007
[ERR] seq=1076102890 err=2088
[ERR] seq=1076102891 err=2128
[ERR] seq=1076102892 err=2144
[ERR] seq=1076102893 err=2176
[ERR] seq=1076102894 err=2200
[ERR] seq=1076102895 err=2240
[SEU] addr=200031AF bit=00000003
[ERR] seq=1076102896 err=2296
[ERR] seq=1076102897 err=2352
[ERR] seq=1076102898 err=2416
[ERR] seq=1076102899 err=2440
[ERR] seq=1076102900 err=2512
[ERR] seq=1076102901 err=2560
[ERR] seq=1076102902 err=2616
[ERR] seq=1076102903 err=2656
[ERR] seq=1076102904 err=2712
[SEU] addr=200031A4 bit=00000004
[ERR] seq=1076102905 err=2760
[ERR] seq=1076102906 err=2792
[ERR] seq=1076102907 err=2832
[ERR] seq=1076102908 err=2888
[SEU] addr=200031C5 bit=00000007
[ERR] seq=1076102909 err=2912
[ERR] seq=1076102910 err=2960
[ERR] seq=1076102911 err=2984
[ERR] seq=1076102912 err=7136
[ERR] seq=1076102913 err=6520
[ERR] seq=1076102914 err=7312
[SEU] addr=200031D5 bit=00000007
[ERR] seq=1076102915 err=7136
[ERR] seq=1076102916 err=7288
[ERR] seq=1076102917 err=7240
[SEU] addr=2000318F bit=00000001
[ERR] seq=1076102918 err=8360
[ERR] seq=1076102919 err=7160
[ERR] seq=1076102920 err=7568
[ERR] seq=1076102921 err=7328
[ERR] seq=1076102922 err=7432
[ERR] seq=1076102923 err=7416
[SEU] addr=2000314F bit=00000006
[SAMPLE QUEUE CORRUPTED] primary repaired
[ERR] seq=1076102924 err=7456
[ERR] seq=1076102925 err=7456
[ERR] seq=1076102926 err=7496
[ERR] seq=1076102927 err=7488
[ERR] seq=1076102928 err=7512
[ERR] seq=1076102929 err=7512
[ERR] seq=1076102930 err=7536
[ERR] seq=1076102931 err=7536
[ERR] seq=1076102932 err=7552
[ERR] seq=1076102933 err=7552
[SEU] addr=20003175 bit=00000003
[ERR] seq=1076102934 err=7552
[ERR] seq=1076102935 err=7560
[ERR] seq=1076102936 err=7568
[ERR] seq=1076102937 err=7560
[ERR] seq=1076102938 err=7552
[SEU] addr=20003170 bit=00000006
[ERR] seq=1076102939 err=7552
[ERR] seq=1076102940 err=7552
[ERR] seq=1076102941 err=7536
[ERR] seq=1076102942 err=7536
[ERR] seq=1076102943 err=7520
[SEU] addr=20003169 bit=00000003
[ERR] seq=1076102944 err=7512
[ERR] seq=1076102945 err=7488
[ERR] seq=1076102946 err=7504
[ERR] seq=1076102947 err=7456
[ERR] seq=1076102948 err=7456
[ERR] seq=1076102949 err=7432
[ERR] seq=1076102950 err=7408
[SEU] addr=2000318A bit=00000004
[ERR] seq=1076102951 err=7400
[ERR] seq=1076102952 err=7376
[ERR] seq=1076102953 err=7344
[ERR] seq=1076102954 err=7312
[ERR] seq=1076102955 err=7280
[ERR] seq=1076102956 err=7272
[SEU] addr=20003165 bit=00000006
[CMD QUEUE backup CORRUPTED] backup repaired
[ERR] seq=1076102957 err=7256
[ERR] seq=1076102958 err=7216
[ERR] seq=1076102959 err=7192
[SEU] addr=200031C0 bit=00000004
[ERR] seq=1076102960 err=7136
[ERR] seq=1076102961 err=7112
[ERR] seq=1076102962 err=7056
[ERR] seq=1076102963 err=7024
[ERR] seq=1076102964 err=7000
[SEU] addr=2000316B bit=00000007
[ERR] seq=1076102965 err=6936
[ERR] seq=1076102966 err=6904
[ERR] seq=1076102967 err=6864
[ERR] seq=1076102968 err=6824
[ERR] seq=1076102969 err=6776
[ERR] seq=1076102970 err=6720
[SEU] addr=200031C8 bit=00000002
[ERR] seq=1076102971 err=6672
[ERR] seq=1076102972 err=6624
[SEU] addr=2000316F bit=00000005
[ERR] seq=1076102973 err=6560
[ERR] seq=1076102974 err=6528
[ERR] seq=1076102975 err=6448
[ERR] seq=1076102976 err=6424
[ERR] seq=1076102977 err=6344
[ERR] seq=1076102978 err=6296
[ERR] seq=1076102979 err=6240
[SEU] addr=2000318D bit=00000000
[ERR] seq=1076102980 err=1680
[ERR] seq=1076102981 err=7104
[ERR] seq=1076102982 err=4920
[ERR] seq=1076102983 err=6336
[ERR] seq=1076102984 err=5688
[ERR] seq=1076102985 err=5960
[SEU] addr=20003155 bit=00000004
[SAMPLE QUEUE backup CORRUPTED] backup repaired
[ERR] seq=1076102986 err=5736
[ERR] seq=1076102987 err=5768
[ERR] seq=1076102988 err=5632
[ERR] seq=1076102989 err=5608
[ERR] seq=1076102990 err=5512
[ERR] seq=1076102991 err=5456
[SEU] addr=20003198 bit=00000006
[ERR] seq=1076102992 err=4848
[ERR] seq=1076102993 err=5392
[ERR] seq=1076102994 err=5128
[ERR] seq=1076102995 err=5192
[ERR] seq=1076102996 err=5064
[ERR] seq=1076102997 err=5008
[SEU] addr=20003162 bit=00000005
[ERR] seq=1076102998 err=4936
[ERR] seq=1076102999 err=4848
[ERR] seq=1076103000 err=4776
[ERR] seq=1076103001 err=4704
[ERR] seq=1076103002 err=4624
[ERR] seq=1076103003 err=4544
[ERR] seq=1076103004 err=4472
[ERR] seq=1076103005 err=4384
[ERR] seq=1076103006 err=4288
[ERR] seq=1076103007 err=4208
[SEU] addr=200031A3 bit=00000007
[ERR] seq=1076103008 err=4104
[ERR] seq=1076103009 err=4032
[ERR] seq=1076103010 err=3920
[ERR] seq=1076103011 err=3872
[ERR] seq=1076103012 err=3744
[ERR] seq=1076103013 err=3688
[ERR] seq=1076103014 err=3568
[ERR] seq=1076103015 err=3504
[ERR] seq=1076103016 err=3384
[ERR] seq=1076103017 err=3328
[SEU] addr=2000315E bit=00000000
[CMD QUEUE CORRUPTED] primary repaired
[ERR] seq=1076103018 err=3200
[ERR] seq=1076103019 err=3136
[ERR] seq=1076103020 err=3040
[ERR] seq=1076103021 err=2936
[ERR] seq=1076103022 err=2840
[ERR] seq=1076103023 err=2760
[ERR] seq=1076103024 err=2680
[ERR] seq=1076103025 err=2568
[ERR] seq=1076103026 err=2576
[ERR] seq=1076103027 err=2584
[SEU] addr=200031CC bit=00000004
[ERR] seq=1076103028 err=2576
[ERR] seq=1076103029 err=2600
[ERR] seq=1076103030 err=2584
[SEU] addr=2000319F bit=00000000
[ERR] seq=1076103031 err=2616
[ERR] seq=1076103032 err=2616
[ERR] seq=1076103033 err=2624
[SEU] addr=2000317F bit=00000005
[ERR] seq=1076103034 err=2624
[ERR] seq=1076103035 err=2656
[SEU] addr=200031BF bit=00000007
[ERR] seq=1076103036 err=2640
[ERR] seq=1076103037 err=2656
[ERR] seq=1076103038 err=2672
[SEU] addr=200031DA bit=00000006
[ERR] seq=1076103039 err=2672
[ERR] seq=1076103040 err=2688
[ERR] seq=1076103041 err=2688
[ERR] seq=1076103042 err=2704
[SEU] addr=200031BA bit=00000007
[ERR] seq=1076103043 err=2704
[ERR] seq=1076103044 err=2720
[ERR] seq=1076103045 err=2712
[ERR] seq=1076103046 err=2728
[ERR] seq=1076103047 err=2736
[SEU] addr=200031AB bit=00000003
[ERR] seq=1076103048 err=2744
[ERR] seq=1076103049 err=2736
[ERR] seq=1076103050 err=2768
[ERR] seq=1076103051 err=2760
[ERR] seq=1076103052 err=2768
[ERR] seq=1076103053 err=2784
[ERR] seq=1076103054 err=2784
[SEU] addr=200031AC bit=00000002
[ERR] seq=1076103055 err=2800
[SEU] addr=200031BB bit=00000000
[ERR] seq=1076103056 err=2792
[ERR] seq=1076103057 err=2816
[ERR] seq=1076103058 err=2824
[ERR] seq=1076103059 err=2808
[ERR] seq=1076103060 err=2824
[ERR] seq=1076103061 err=2824
[ERR] seq=1076103062 err=2848
[ERR] seq=1076103063 err=2848
[SEU] addr=2000317F bit=00000002
[ERR] seq=1076103064 err=2848
[SEU] addr=20003197 bit=00000007
[ERR] seq=1076103065 err=2864
[ERR] seq=1076103066 err=2880
[ERR] seq=1076103067 err=2856
[ERR] seq=1076103068 err=2880
[SEU] addr=2000316A bit=00000003
[ERR] seq=1076103069 err=2880
[ERR] seq=1076103070 err=2888
[ERR] seq=1076103071 err=2896
[ERR] seq=1076103072 err=2896
[ERR] seq=1076103073 err=2912
[ERR] seq=1076103074 err=2960
[ERR] seq=1076103075 err=2992
[ERR] seq=1076103076 err=3024
[SEU] addr=2000317D bit=00000001
[ERR] seq=1076103077 err=3040
[ERR] seq=1076103078 err=3088
[ERR] seq=1076103079 err=3120
[ERR] seq=1076103080 err=3168
[ERR] seq=1076103081 err=3168
[ERR] seq=1076103082 err=3216
[ERR] seq=1076103083 err=3240
[SEU] addr=20003180 bit=00000000
[ERR] seq=1076103084 err=3272
[ERR] seq=1076103085 err=3296
[ERR] seq=1076103086 err=3344
[SEU] addr=2000319D bit=00000001
[ERR] seq=1076103087 err=3344
[ERR] seq=1076103088 err=3376
[SEU] addr=200031D0 bit=00000005
[ERR] seq=1076103089 err=3392
[ERR] seq=1076103090 err=3424
[ERR] seq=1076103091 err=3448
[SEU] addr=20003189 bit=00000005
[ERR] seq=1076103092 err=3472
[ERR] seq=1076103093 err=3496
[SEU] addr=200031C1 bit=00000003
[ERR] seq=1076103094 err=3488
[ERR] seq=1076103095 err=3536
[ERR] seq=1076103096 err=3544
[ERR] seq=1076103097 err=3560
[ERR] seq=1076103098 err=3584
[ERR] seq=1076103099 err=3592
[ERR] seq=1076103100 err=3600
[ERR] seq=1076103101 err=3624
[ERR] seq=1076103102 err=3608
[ERR] seq=1076103103 err=3656
[SEU] addr=20003191 bit=00000007
[ERR] seq=1076103104 err=265784
[ERR] seq=1076103105 err=40224
[ERR] seq=1076103106 err=52304
[SEU] addr=20003166 bit=00000003
[CMD QUEUE backup CORRUPTED] backup repaired
[ERR] seq=1076103107 err=12744
[ERR] seq=1076103108 err=13768
[ERR] seq=1076103109 err=2168
[ERR] seq=1076103110 err=5936
[ERR] seq=1076103111 err=2712
[ERR] seq=1076103112 err=4216
[ERR] seq=1076103113 err=3464
[ERR] seq=1076103114 err=3816
[ERR] seq=1076103115 err=3640
[SEU] addr=200031D1 bit=00000001
[ERR] seq=1076103116 err=3728
[ERR] seq=1076103117 err=3680
[ERR] seq=1076103118 err=3704
[ERR] seq=1076103119 err=3680
[ERR] seq=1076103120 err=3680
[ERR] seq=1076103121 err=3680
[ERR] seq=1076103122 err=3672
[SEU] addr=20003197 bit=00000006
[ERR] seq=1076103123 err=3664
[ERR] seq=1076103124 err=3664
[ERR] seq=1076103125 err=3632
[ERR] seq=1076103126 err=3632
[ERR] seq=1076103127 err=3624
[SEU] addr=200031C4 bit=00000002
[ERR] seq=1076103128 err=3592
[ERR] seq=1076103129 err=3616
[ERR] seq=1076103130 err=3576
[ERR] seq=1076103131 err=3568
[ERR] seq=1076103132 err=3552
[SEU] addr=2000318E bit=00000007
[ERR] seq=1076103133 err=7064
[ERR] seq=1076103134 err=4432
[ERR] seq=1076103135 err=2816
[ERR] seq=1076103136 err=3784
[SEU] addr=20003157 bit=00000000
[SAMPLE QUEUE backup CORRUPTED] backup repaired
[ERR] seq=1076103137 err=3232
[ERR] seq=1076103138 err=3512
[SEU] addr=200031BD bit=00000007
[ERR] seq=1076103139 err=3368
[ERR] seq=1076103140 err=3400
[SEU] addr=20003177 bit=00000001
[ERR] seq=1076103141 err=3344
[ERR] seq=1076103142 err=3352
[ERR] seq=1076103143 err=3304
[SEU] addr=200031D0 bit=00000007
[ERR] seq=1076103144 err=3288
[ERR] seq=1076103145 err=3240
[SEU] addr=20003171 bit=00000005
[ERR] seq=1076103146 err=3232
[ERR] seq=1076103147 err=3184
[ERR] seq=1076103148 err=3168
[ERR] seq=1076103149 err=3128
[SEU] addr=20003170 bit=00000007
[ERR] seq=1076103150 err=3104
[ERR] seq=1076103151 err=3048
[ERR] seq=1076103152 err=3040
[ERR] seq=1076103153 err=2992
[ERR] seq=1076103154 err=2976
[ERR] seq=1076103155 err=2920
[SEU] addr=200031D3 bit=00000005
[ERR] seq=1076103156 err=2904
[ERR] seq=1076103157 err=2896
[ERR] seq=1076103158 err=2888
[ERR] seq=1076103159 err=2888
[SEU] addr=20003182 bit=00000004
[ERR] seq=1076103160 err=2880
[ERR] seq=1076103161 err=2856
[ERR] seq=1076103162 err=2880
[ERR] seq=1076103163 err=2864
[ERR] seq=1076103164 err=2856
[ERR] seq=1076103165 err=2848
[ERR] seq=1076103166 err=2840
[SEU] addr=200031CA bit=00000000
[ERR] seq=1076103167 err=2840
[ERR] seq=1076103168 err=4496
[ERR] seq=1076103169 err=3792
[SEU] addr=20003185 bit=00000003
[ERR] seq=1076103170 err=4440
[ERR] seq=1076103171 err=4160
[ERR] seq=1076103172 err=4232
[ERR] seq=1076103173 err=4112
[ERR] seq=1076103174 err=4072
[SEU] addr=20003168 bit=00000004
[CMD QUEUE backup CORRUPTED] backup repaired
[ERR] seq=1076103175 err=3976
[ERR] seq=1076103176 err=3912
[ERR] seq=1076103177 err=3832
[ERR] seq=1076103178 err=3752
[SEU] addr=2000315B bit=00000006
[ERR] seq=1076103179 err=3672
[ERR] seq=1076103180 err=3600
[ERR] seq=1076103181 err=3528
[ERR] seq=1076103182 err=3440
[ERR] seq=1076103183 err=3360
[SEU] addr=20003184 bit=00000002
[ERR] seq=1076103184 err=3272
[ERR] seq=1076103185 err=3176
[ERR] seq=1076103186 err=3080
[ERR] seq=1076103187 err=3016
[SEU] addr=2000316C bit=00000002
[ERR] seq=1076103188 err=2896
[ERR] seq=1076103189 err=2840
[ERR] seq=1076103190 err=2728
[ERR] seq=1076103191 err=2664
[ERR] seq=1076103192 err=2536
[SEU] addr=20003192 bit=00000007
[ERR] seq=1076103193 err=67111352
[ERR] seq=1076103194 err=10738880
[ERR] seq=1076103195 err=12457688
[ERR] seq=1076103196 err=3712320
[ERR] seq=1076103197 err=2588696
[ERR] seq=1076103198 err=1009088
[ERR] seq=1076103199 err=576976
[SEU] addr=2000315D bit=00000004
[CMD QUEUE CORRUPTED] primary repaired
[ERR] seq=1076103200 err=254736
[ERR] seq=1076103201 err=134248
[ERR] seq=1076103202 err=63248
[ERR] seq=1076103203 err=32608
[ERR] seq=1076103204 err=16376
[ERR] seq=1076103205 err=8704
[ERR] seq=1076103206 err=5096
[ERR] seq=1076103207 err=2904
[ERR] seq=1076103208 err=2408
[SEU] addr=200031AE bit=00000001
[ERR] seq=1076103209 err=1384
[ERR] seq=1076103210 err=1792
[ERR] seq=1076103211 err=1504
[ERR] seq=1076103212 err=1656
[SEU] addr=20003158 bit=00000001
[SAMPLE QUEUE backup CORRUPTED] backup repaired
[ERR] seq=1076103213 err=1600
[ERR] seq=1076103214 err=1640
[ERR] seq=1076103215 err=1624
[ERR] seq=1076103216 err=1648
[ERR] seq=1076103217 err=1648
[ERR] seq=1076103218 err=1664
[SEU] addr=20003154 bit=00000004
[SAMPLE QUEUE backup CORRUPTED] backup repaired
[ERR] seq=1076103219 err=1656
[ERR] seq=1076103220 err=1688
[ERR] seq=1076103221 err=1680
[ERR] seq=1076103222 err=1688
[ERR] seq=1076103223 err=1688
[ERR] seq=1076103224 err=1712
[ERR] seq=1076103225 err=1704
[ERR] seq=1076103226 err=1720
[ERR] seq=1076103227 err=1720
[SEU] addr=200031D2 bit=00000007
[ERR] seq=1076103228 err=1736
[ERR] seq=1076103229 err=1736
[ERR] seq=1076103230 err=1752
[ERR] seq=1076103231 err=1760
[ERR] seq=1076103232 err=1752
[ERR] seq=1076103233 err=1776
[ERR] seq=1076103234 err=1776
[ERR] seq=1076103235 err=1784
[ERR] seq=1076103236 err=1800
[SEU] addr=20003152 bit=00000000
[ERR] seq=1076103237 err=1816
[ERR] seq=1076103238 err=1848
[ERR] seq=1076103239 err=1880
[ERR] seq=1076103240 err=1912
[ERR] seq=1076103241 err=1952
[ERR] seq=1076103242 err=1960
[ERR] seq=1076103243 err=2016
[SEU] addr=2000318D bit=00000007
[ERR] seq=1076103244 err=3720
[ERR] seq=1076103245 err=1912
[ERR] seq=1076103246 err=2288
[ERR] seq=1076103247 err=2072
[ERR] seq=1076103248 err=2184
[ERR] seq=1076103249 err=2152
[ERR] seq=1076103250 err=2224
[ERR] seq=1076103251 err=2232
[ERR] seq=1076103252 err=2296
[SEU] addr=2000319D bit=00000006
[ERR] seq=1076103253 err=2352
[ERR] seq=1076103254 err=2416
[SEU] addr=200031B7 bit=00000004
[ERR] seq=1076103255 err=2440
[ERR] seq=1076103256 err=2512
[ERR] seq=1076103257 err=2560
[ERR] seq=1076103258 err=2616
[ERR] seq=1076103259 err=2656
[ERR] seq=1076103260 err=2712
[ERR] seq=1076103261 err=2760
[ERR] seq=1076103262 err=2792
[ERR] seq=1076103263 err=2832
[SEU] addr=200031DD bit=00000000
[ERR] seq=1076103520 err=1456
[SEU] addr=2000317E bit=00000006
[ERR] seq=1076103521 err=920
[SEU] addr=20003184 bit=00000007
[ERR] seq=1076103522 err=1792
[ERR] seq=1076103523 err=1704
[ERR] seq=1076103524 err=1968
[ERR] seq=1076103525 err=2048
[ERR] seq=1076103526 err=2192
[ERR] seq=1076103527 err=2304
[SEU] addr=20003169 bit=00000003
[ERR] seq=1076103528 err=2448
[ERR] seq=1076103529 err=2576
[ERR] seq=1076103530 err=2680
[ERR] seq=1076103531 err=2816
[ERR] seq=1076103532 err=2920
[ERR] seq=1076103533 err=3056
[SEU] addr=2000317C bit=00000002
[ERR] seq=1076103534 err=3168
[ERR] seq=1076103535 err=3304
[ERR] seq=1076103536 err=3408
[SEU] addr=20003193 bit=00000002
[ERR] seq=1076103537 err=536874448
[ERR] seq=1076103538 err=85899008
[ERR] seq=1076103539 err=99647000
[ERR] seq=1076103540 err=29686448
[ERR] seq=1076103541 err=20696760
[ERR] seq=1076103542 err=8060360
[SEU] addr=2000314F bit=00000000
[SAMPLE QUEUE CORRUPTED] primary repaired
[ERR] seq=1076103543 err=4604752
[ERR] seq=1076103544 err=2025400
[ERR] seq=1076103545 err=1064600
[ERR] seq=1076103546 err=493336
[ERR] seq=1076103547 err=253240
[SEU] addr=200031AD bit=00000007
[ERR] seq=1076103548 err=118344
[ERR] seq=1076103549 err=63568
[SEU] addr=2000317F bit=00000007
[ERR] seq=1076103550 err=27952
[ERR] seq=1076103551 err=18928
[ERR] seq=1076103552 err=6288
[ERR] seq=1076103553 err=8496
[SEU] addr=2000317E bit=00000001
[ERR] seq=1076103554 err=3648
[ERR] seq=1076103555 err=6136
[ERR] seq=1076103556 err=5040
[ERR] seq=1076103557 err=5728
[ERR] seq=1076103558 err=5496
[ERR] seq=1076103559 err=5736
[ERR] seq=1076103560 err=5736
[ERR] seq=1076103561 err=5864
[SEU] addr=2000315C bit=00000000
[CMD QUEUE CORRUPTED] primary repaired
[ERR] seq=1076103562 err=5904
[ERR] seq=1076103563 err=6016
[ERR] seq=1076103564 err=6064
[ERR] seq=1076103565 err=6120
[SEU] addr=2000317F bit=00000006
[ERR] seq=1076103566 err=6224
[ERR] seq=1076103567 err=6280
[ERR] seq=1076103568 err=6328
[ERR] seq=1076103569 err=6368
[SEU] addr=20003159 bit=00000000
[ERR] seq=1076103570 err=6464
[ERR] seq=1076103571 err=6488
[ERR] seq=1076103572 err=6568
[ERR] seq=1076103573 err=6616
[ERR] seq=1076103574 err=6656
[ERR] seq=1076103575 err=6736
[SEU] addr=200031AA bit=00000002
[ERR] seq=1076103576 err=6776
[ERR] seq=1076103577 err=6832
[ERR] seq=1076103578 err=6864
[ERR] seq=1076103579 err=6896
[ERR] seq=1076103580 err=6952
[ERR] seq=1076103581 err=6968
[ERR] seq=1076103582 err=7016
[ERR] seq=1076103583 err=7056
[SEU] addr=20003194 bit=00000005
[ERR] seq=1076103584 err=6840
[SEU] addr=20003163 bit=00000005
[ERR] seq=1076103585 err=7168
[ERR] seq=1076103586 err=7104
[ERR] seq=1076103587 err=7192
[ERR] seq=1076103588 err=7192
[ERR] seq=1076103589 err=7216
[ERR] seq=1076103590 err=7248
[ERR] seq=1076103591 err=7256
[ERR] seq=1076103592 err=7280
[ERR] seq=1076103593 err=7288
[SEU] addr=20003192 bit=00000005
[ERR] seq=1076103594 err=16784512
[ERR] seq=1076103595 err=2683680
[ERR] seq=1076103596 err=3121160
[ERR] seq=1076103597 err=927024
[ERR] seq=1076103598 err=653968
[ERR] seq=1076103599 err=251200
[SEU] addr=20003162 bit=00000007
[ERR] seq=1076103600 err=151072
[ERR] seq=1076103601 err=62600
[ERR] seq=1076103602 err=40416
[ERR] seq=1076103603 err=14728
[ERR] seq=1076103604 err=15032
[ERR] seq=1076103605 err=3568
[ERR] seq=1076103606 err=9080
[ERR] seq=1076103607 err=6336
[ERR] seq=1076103608 err=7640
[SEU] addr=2000318E bit=00000003
[ERR] seq=1076103609 err=10696
[ERR] seq=1076103610 err=6672
[ERR] seq=1076103611 err=7776
[ERR] seq=1076103612 err=6920
[ERR] seq=1076103613 err=7200
[ERR] seq=1076103614 err=6968
[ERR] seq=1076103615 err=7024
[SEU] addr=200031C7 bit=00000007
[ERR] seq=1076103616 err=6944
[ERR] seq=1076103617 err=6912
[ERR] seq=1076103618 err=6896
[ERR] seq=1076103619 err=6824
[ERR] seq=1076103620 err=6800
[SEU] addr=200031AC bit=00000005
[ERR] seq=1076103621 err=6744
[ERR] seq=1076103622 err=6688
[ERR] seq=1076103623 err=6616
[ERR] seq=1076103624 err=6584
[ERR] seq=1076103625 err=6528
[ERR] seq=1076103626 err=6464
[SEU] addr=200031B0 bit=00000002
[ERR] seq=1076103627 err=6392
[ERR] seq=1076103628 err=6360
[ERR] seq=1076103629 err=6288
[ERR] seq=1076103630 err=6240
[ERR] seq=1076103631 err=6152
[ERR] seq=1076103632 err=6080
[ERR] seq=1076103633 err=6024
[SEU] addr=20003184 bit=00000007
[ERR] seq=1076103634 err=5960
[ERR] seq=1076103635 err=5864
[ERR] seq=1076103636 err=5776
[ERR] seq=1076103637 err=5720
[SEU] addr=200031A1 bit=00000007
[ERR] seq=1076103638 err=5624
[ERR] seq=1076103639 err=5560
[ERR] seq=1076103640 err=5448
[ERR] seq=1076103641 err=5392
[ERR] seq=1076103642 err=5280
[ERR] seq=1076103643 err=5208
[ERR] seq=1076103644 err=5096
[ERR] seq=1076103645 err=5016
[SEU] addr=200031A0 bit=00000006
[ERR] seq=1076103646 err=4920
[ERR] seq=1076103647 err=4832
[ERR] seq=1076103648 err=4720
[ERR] seq=1076103649 err=4640
[ERR] seq=1076103650 err=4536
[ERR] seq=1076103651 err=4432
[SEU] addr=2000314D bit=00000005
[SAMPLE QUEUE CORRUPTED] primary repaired
[ERR] seq=1076103652 err=4320
[ERR] seq=1076103653 err=4240
[ERR] seq=1076103654 err=4112
[SEU] addr=200031D2 bit=00000001
[ERR] seq=1076103655 err=4024
[ERR] seq=1076103656 err=3912
[ERR] seq=1076103657 err=3792
[ERR] seq=1076103658 err=3688
[ERR] seq=1076103659 err=3560
[SEU] addr=200031A5 bit=00000002
[ERR] seq=1076103660 err=3464
[ERR] seq=1076103661 err=3336
[ERR] seq=1076103662 err=3200
[ERR] seq=1076103663 err=3096
[SEU] addr=2000317A bit=00000004
[ERR] seq=1076103664 err=2968
[ERR] seq=1076103665 err=2848
[ERR] seq=1076103666 err=2720
[ERR] seq=1076103667 err=2624
[ERR] seq=1076103668 err=2472
[SEU] addr=200031A8 bit=00000007
[ERR] seq=1076103669 err=2352
[ERR] seq=1076103670 err=2232
[ERR] seq=1076103671 err=2096
[ERR] seq=1076103672 err=1992
[ERR] seq=1076103673 err=1856
[ERR] seq=1076103674 err=1720
[ERR] seq=1076103675 err=1608
[ERR] seq=1076103676 err=1480
[ERR] seq=1076103677 err=1328
[SEU] addr=200031B2 bit=00000003
[ERR] seq=1076103678 err=1208
[ERR] seq=1076103679 err=1072
[SEU] addr=200031B5 bit=00000003
[ERR] seq=1076103680 err=952
[ERR] seq=1076103681 err=800
[ERR] seq=1076103682 err=688
[ERR] seq=1076103683 err=544
[ERR] seq=1076103684 err=416
[ERR] seq=1076103685 err=280
[ERR] seq=1076103686 err=152
[ERR] seq=1076103687 err=24
[ERR] seq=1076103688 err=120
[SEU] addr=2000315A bit=00000002
[ERR] seq=1076103689 err=256
[ERR] seq=1076103690 err=376
[ERR] seq=1076103691 err=504
[ERR] seq=1076103692 err=640
[SEU] addr=200031B1 bit=00000007
[ERR] seq=1076103693 err=760
[ERR] seq=1076103694 err=904
[ERR] seq=1076103695 err=1040
[ERR] seq=1076103696 err=1152
[ERR] seq=1076103697 err=1296
[ERR] seq=1076103698 err=1432
[ERR] seq=1076103699 err=1568
[ERR] seq=1076103700 err=1680
[SEU] addr=200031B7 bit=00000007
[ERR] seq=1076103701 err=1816
[ERR] seq=1076103702 err=1952
[ERR] seq=1076103703 err=2056
[ERR] seq=1076103704 err=2192
[ERR] seq=1076103705 err=2304
[ERR] seq=1076103706 err=2448
[ERR] seq=1076103707 err=2576
[SEU] addr=2000316E bit=00000002
[ERR] seq=1076103708 err=2680
[ERR] seq=1076103709 err=2816
[SEU] addr=200031C8 bit=00000004
[ERR] seq=1076103710 err=2920
[ERR] seq=1076103711 err=3056
[ERR] seq=1076103712 err=3168
[ERR] seq=1076103713 err=3304
[ERR] seq=1076103714 err=3408
[ERR] seq=1076103715 err=3536
[SEU] addr=2000316C bit=00000007
[ERR] seq=1076103716 err=3648
[ERR] seq=1076103717 err=3768
[SEU] addr=200031C9 bit=00000001
[ERR] seq=1076103718 err=3872
[ERR] seq=1076103719 err=3968
[ERR] seq=1076103720 err=4096
[ERR] seq=1076103721 err=4200
[ERR] seq=1076103722 err=4296
[ERR] seq=1076103723 err=4400
[ERR] seq=1076103724 err=4488
[ERR] seq=1076103725 err=4624
[ERR] seq=1076103726 err=4688
[SEU] addr=20003169 bit=00000001
[ERR] seq=1076103727 err=4792
[ERR] seq=1076103728 err=4896
[ERR] seq=1076103729 err=4992
[ERR] seq=1076103730 err=5056
[ERR] seq=1076103731 err=5184
[ERR] seq=1076103732 err=5256
[ERR] seq=1076103733 err=5352
[ERR] seq=1076103734 err=5424
[ERR] seq=1076103735 err=5536
[ERR] seq=1076103736 err=5592
[SEU] addr=20003195 bit=00000002
[ERR] seq=1076103737 err=13880
[ERR] seq=1076103738 err=4456
[ERR] seq=1076103739 err=7368
[ERR] seq=1076103740 err=5464
[ERR] seq=1076103741 err=6320
[ERR] seq=1076103742 err=5936
[ERR] seq=1076103743 err=6200
[ERR] seq=1076103744 err=6192
[ERR] seq=1076103745 err=6288
[ERR] seq=1076103746 err=6328
[SEU] addr=200031DC bit=00000004
[ERR] seq=1076103763 err=5312
[ERR] seq=1076103764 err=5528
[ERR] seq=1076103765 err=5368
[ERR] seq=1076103766 err=5464
[ERR] seq=1076103767 err=5440
[ERR] seq=1076103768 err=5496
[SEU] addr=2000314F bit=00000005
[SAMPLE QUEUE CORRUPTED] primary repaired
[ERR] seq=1076103769 err=5504
[ERR] seq=1076103770 err=5552
[ERR] seq=1076103771 err=5552
[SEU] addr=200031A6 bit=00000004
[ERR] seq=1076103772 err=5592
[SEU] addr=200031D7 bit=00000001
[ERR] seq=1076103773 err=5576
[ERR] seq=1076103774 err=5632
[ERR] seq=1076103775 err=5616
[ERR] seq=1076103776 err=5656
[ERR] seq=1076103777 err=5656
[ERR] seq=1076103778 err=5680
[ERR] seq=1076103779 err=5664
[SEU] addr=200031D9 bit=00000001
[ERR] seq=1076103780 err=5696
[ERR] seq=1076103781 err=5688
[ERR] seq=1076103782 err=5704
[ERR] seq=1076103783 err=5688
[ERR] seq=1076103784 err=5704
[ERR] seq=1076103785 err=5688
[SEU] addr=200031B9 bit=00000002
[ERR] seq=1076103786 err=5704
[ERR] seq=1076103787 err=5688
[ERR] seq=1076103788 err=5696
[ERR] seq=1076103789 err=5672
[SEU] addr=2000317E bit=00000004
[ERR] seq=1076103790 err=5688
[ERR] seq=1076103791 err=5648
[ERR] seq=1076103792 err=5672
[ERR] seq=1076103793 err=5608
[ERR] seq=1076103794 err=5640
[ERR] seq=1076103795 err=5592
[ERR] seq=1076103796 err=5584
[SEU] addr=200031A9 bit=00000002
[ERR] seq=1076103797 err=5568
[ERR] seq=1076103798 err=5552
[ERR] seq=1076103799 err=5520
[ERR] seq=1076103800 err=5504
[ERR] seq=1076103801 err=5448
[ERR] seq=1076103802 err=5448
[SEU] addr=200031BB bit=00000004
[ERR] seq=1076103803 err=5408
[ERR] seq=1076103804 err=5360
[ERR] seq=1076103805 err=5336
[ERR] seq=1076103806 err=5304
[ERR] seq=1076103807 err=5288
[ERR] seq=1076103808 err=5248
[ERR] seq=1076103809 err=5200
[ERR] seq=1076103810 err=5160
[ERR] seq=1076103811 err=5120
[ERR] seq=1076103812 err=5072
[SEU] addr=2000314F bit=00000002
[SAMPLE QUEUE CORRUPTED] primary repaired
[ERR] seq=1076103813 err=5040
[ERR] seq=1076103814 err=4992
[ERR] seq=1076103815 err=4944
[ERR] seq=1076103816 err=4880
[SEU] addr=20003152 bit=00000003
[ERR] seq=1076103817 err=4840
[ERR] seq=1076103818 err=4784
[ERR] seq=1076103819 err=4720
[ERR] seq=1076103820 err=4696
[ERR] seq=1076103821 err=4608
[ERR] seq=1076103822 err=4552
[ERR] seq=1076103823 err=4504
[ERR] seq=1076103824 err=4432
[ERR] seq=1076103825 err=4368
[SEU] addr=20003168 bit=00000005
[CMD QUEUE backup CORRUPTED] backup repaired
[ERR] seq=1076103826 err=4320
[ERR] seq=1076103827 err=4248
[ERR] seq=1076103828 err=4192
[ERR] seq=1076103829 err=4128
[ERR] seq=1076103830 err=4048
[ERR] seq=1076103831 err=3984
[ERR] seq=1076103832 err=3920
[ERR] seq=1076103833 err=3848
[ERR] seq=1076103834 err=3760
[SEU] addr=2000317F bit=00000007
[ERR] seq=1076103835 err=3696
[ERR] seq=1076103836 err=3608
[ERR] seq=1076103837 err=3568
[ERR] seq=1076103838 err=3456
[SEU] addr=2000318F bit=00000005
[ERR] seq=1076103839 err=5016
[ERR] seq=1076103840 err=3048
[ERR] seq=1076103841 err=3536
[ERR] seq=1076103842 err=3048
[ERR] seq=1076103843 err=3136
[ERR] seq=1076103844 err=2944
[ERR] seq=1076103845 err=2928
[SEU] addr=2000319A bit=00000005
[ERR] seq=1076103846 err=16779024
[ERR] seq=1076103847 err=2687096
[ERR] seq=1076103848 err=3115536
[ERR] seq=1076103849 err=930272
[SEU] addr=200031D4 bit=00000005
[ERR] seq=1076103850 err=648232
[ERR] seq=1076103851 err=254296
[ERR] seq=1076103852 err=145248
[ERR] seq=1076103853 err=65512
[ERR] seq=1076103854 err=34480
[ERR] seq=1076103855 err=17440
[ERR] seq=1076103856 err=8984
[ERR] seq=1076103857 err=5536
[SEU] addr=200031B4 bit=00000000
[ERR] seq=1076103858 err=2920
[ERR] seq=1076103859 err=2520
[SEU] addr=200031C0 bit=00000006
[ERR] seq=1076103860 err=1400
[ERR] seq=1076103861 err=1656
[ERR] seq=1076103862 err=1224
[SEU] addr=20003155 bit=00000002
[SAMPLE QUEUE backup CORRUPTED] backup repaired
[ERR] seq=1076103863 err=1304
[ERR] seq=1076103864 err=1104
[ERR] seq=1076103865 err=1056
[ERR] seq=1076103866 err=928
[ERR] seq=1076103867 err=848
[SEU] addr=2000317F bit=00000007
[ERR] seq=1076103868 err=736
[ERR] seq=1076103869 err=648
[ERR] seq=1076103870 err=552
[ERR] seq=1076103871 err=440
[ERR] seq=1076103872 err=336
[SEU] addr=20003169 bit=00000007
[ERR] seq=1076103873 err=248
[ERR] seq=1076103874 err=144
[ERR] seq=1076103875 err=40
[ERR] seq=1076103876 err=80
[ERR] seq=1076103877 err=184
[SEU] addr=200031C0 bit=00000007
[ERR] seq=1076103878 err=264
[ERR] seq=1076103879 err=360
[ERR] seq=1076103880 err=464
[ERR] seq=1076103881 err=568
[ERR] seq=1076103882 err=640
[ERR] seq=1076103883 err=768
[SEU] addr=200031C1 bit=00000002
[ERR] seq=1076103884 err=840
[ERR] seq=1076103885 err=968
[SEU] addr=20003174 bit=00000006
[ERR] seq=1076103886 err=1056
[ERR] seq=1076103887 err=1152
[ERR] seq=1076103888 err=1240
[ERR] seq=1076103889 err=1352
[ERR] seq=1076103890 err=1424
[ERR] seq=1076103891 err=1552
[ERR] seq=1076103892 err=1640
[ERR] seq=1076103893 err=1728
[ERR] seq=1076103894 err=1832
[SEU] addr=20003163 bit=00000007
[ERR] seq=1076103895 err=1928
[ERR] seq=1076103896 err=2000
[SEU] addr=200031D8 bit=00000007
[ERR] seq=1076103897 err=2088
[ERR] seq=1076103898 err=2176
[ERR] seq=1076103899 err=2256
[ERR] seq=1076103900 err=2336
[ERR] seq=1076103901 err=2440
[ERR] seq=1076103902 err=2496
[ERR] seq=1076103903 err=2600
[ERR] seq=1076103904 err=2664
[SEU] addr=20003169 bit=00000007
[ERR] seq=1076103905 err=2768
[ERR] seq=1076103906 err=2824
[ERR] seq=1076103907 err=2928
[ERR] seq=1076103908 err=2992
[ERR] seq=1076103909 err=3072
[ERR] seq=1076103910 err=3144
[ERR] seq=1076103911 err=3224
[ERR] seq=1076103912 err=3288
[ERR] seq=1076103913 err=3384
[ERR] seq=1076103914 err=3440
[SEU] addr=200031D7 bit=00000005
[ERR] seq=1076103915 err=3520
[ERR] seq=1076103916 err=3576
[ERR] seq=1076103917 err=3656
[ERR] seq=1076103918 err=3720
[SEU] addr=200031DD bit=00000006
[ERR] seq=1076120303 err=3288
[ERR] seq=1076120304 err=3416
[ERR] seq=1076120305 err=3360
[ERR] seq=1076120306 err=3448
[ERR] seq=1076120307 err=3480
[ERR] seq=1076120308 err=3528
[ERR] seq=1076120309 err=3560
[ERR] seq=1076120310 err=3608
[SEU] addr=20003192 bit=00000003
[ERR] seq=1076120311 err=4197952
[ERR] seq=1076120312 err=670760
[ERR] seq=1076120313 err=782176
[ERR] seq=1076120314 err=231584
[ERR] seq=1076120315 err=165448
[SEU] addr=200031CB bit=00000006
[ERR] seq=1076120316 err=62624
[ERR] seq=1076120317 err=39800
[ERR] seq=1076120318 err=15464
[ERR] seq=1076120319 err=12224
[ERR] seq=1076120320 err=2176
[ERR] seq=1076120321 err=7656
[ERR] seq=1076120322 err=5224
[ERR] seq=1076120323 err=6504
[ERR] seq=1076120324 err=5928
[SEU] addr=200031A5 bit=00000005
[ERR] seq=1076120325 err=6232
[ERR] seq=1076120326 err=6096
[ERR] seq=1076120327 err=6216
[ERR] seq=1076120328 err=6184
[ERR] seq=1076120329 err=6208
[ERR] seq=1076120330 err=6248
[ERR] seq=1076120331 err=6256
[ERR] seq=1076120332 err=6264
[SEU] addr=200031C3 bit=00000004
[ERR] seq=1076120333 err=6288
[ERR] seq=1076120334 err=6288
[ERR] seq=1076120335 err=6304
[ERR] seq=1076120336 err=4256
[ERR] seq=1076120337 err=4600
[ERR] seq=1076120338 err=4224
[ERR] seq=1076120339 err=4344
[SEU] addr=200031C5 bit=00000006
[ERR] seq=1076120340 err=4280
[ERR] seq=1076120341 err=4312
[ERR] seq=1076120342 err=4280
[ERR] seq=1076120343 err=4304
[ERR] seq=1076120344 err=4296
[ERR] seq=1076120345 err=4288
[ERR] seq=1076120346 err=4280
[ERR] seq=1076120347 err=4272
[ERR] seq=1076120348 err=4264
[SEU] addr=2000318D bit=00000005
[ERR] seq=1076120349 err=3736
[ERR] seq=1076120350 err=4344
[ERR] seq=1076120351 err=4136
[ERR] seq=1076120352 err=4248
[ERR] seq=1076120353 err=4192
[ERR] seq=1076120354 err=4216
[SEU] addr=20003190 bit=00000004
[ERR] seq=1076120355 err=4024
[SEU] addr=20003160 bit=00000006
[CMD QUEUE CORRUPTED] primary repaired
[ERR] seq=1076120356 err=4192
[ERR] seq=1076120357 err=4112
[ERR] seq=1076120358 err=4112
[ERR] seq=1076120359 err=4088
[ERR] seq=1076120360 err=4096
[ERR] seq=1076120361 err=4064
[ERR] seq=1076120362 err=4056
[ERR] seq=1076120363 err=3992
[ERR] seq=1076120364 err=4000
[SEU] addr=2000318A bit=00000001
[ERR] seq=1076120365 err=3960
[ERR] seq=1076120366 err=3912
[SEU] addr=20003177 bit=00000007
[ERR] seq=1076120367 err=3888
[ERR] seq=1076120368 err=3848
[ERR] seq=1076120369 err=3816
[SEU] addr=20003183 bit=00000004
[ERR] seq=1076120370 err=3768
[ERR] seq=1076120371 err=3744
[ERR] seq=1076120372 err=3688
[ERR] seq=1076120373 err=3656
[ERR] seq=1076120374 err=3632
[ERR] seq=1076120375 err=3576
[ERR] seq=1076120376 err=3536
[ERR] seq=1076120377 err=3496
[SEU] addr=20003155 bit=00000003
[SAMPLE QUEUE backup CORRUPTED] backup repaired
[ERR] seq=1076120378 err=3448
[ERR] seq=1076120379 err=3392
[ERR] seq=1076120380 err=3352
[ERR] seq=1076120381 err=3296
[SEU] addr=2000319F bit=00000006
[ERR] seq=1076120382 err=3272
[ERR] seq=1076120383 err=3192
[ERR] seq=1076120384 err=3168
[ERR] seq=1076120385 err=3088
[SEU] addr=200031A1 bit=00000007
[ERR] seq=1076120386 err=3048
[ERR] seq=1076120387 err=2976
[ERR] seq=1076120388 err=2928
[ERR] seq=1076120389 err=2888
[ERR] seq=1076120390 err=2816
[ERR] seq=1076120391 err=2768
[ERR] seq=1076120392 err=2680
[ERR] seq=1076120393 err=2656
[ERR] seq=1076120394 err=2584
[ERR] seq=1076120395 err=2504
[SEU] addr=2000315D bit=00000005
[CMD QUEUE CORRUPTED] primary repaired
[ERR] seq=1076120396 err=2440
[ERR] seq=1076120397 err=2392
[ERR] seq=1076120398 err=2320
[ERR] seq=1076120399 err=2256
[ERR] seq=1076120400 err=2184
[SEU] addr=200031B3 bit=00000000
[ERR] seq=1076120401 err=2120
[ERR] seq=1076120402 err=2056
[ERR] seq=1076120403 err=1984
[SEU] addr=20003165 bit=00000006
[CMD QUEUE backup CORRUPTED] backup repaired
[ERR] seq=1076120404 err=1928
[ERR] seq=1076120405 err=1856
[ERR] seq=1076120406 err=1784
[ERR] seq=1076120407 err=1720
[ERR] seq=1076120408 err=1632
[ERR] seq=1076120409 err=1576
[ERR] seq=1076120410 err=1496
[ERR] seq=1076120411 err=1400
[ERR] seq=1076120412 err=1344
[SEU] addr=2000318F bit=00000000
[ERR] seq=1076120413 err=976
[SEU] addr=200031CD bit=00000002
[ERR] seq=1076120414 err=1240
[ERR] seq=1076120415 err=1056
[ERR] seq=1076120416 err=1040
[ERR] seq=1076120417 err=952
[ERR] seq=1076120418 err=848
[ERR] seq=1076120419 err=792
[ERR] seq=1076120420 err=696
[ERR] seq=1076120421 err=640
[SEU] addr=20003167 bit=00000005
[CMD QUEUE backup CORRUPTED] backup repaired
[ERR] seq=1076120422 err=536
[ERR] seq=1076120423 err=464
[ERR] seq=1076120424 err=384
[ERR] seq=1076120425 err=280
[ERR] seq=1076120426 err=200
[ERR] seq=1076120427 err=128
[ERR] seq=1076120428 err=40
[ERR] seq=1076120429 err=48
[ERR] seq=1076120430 err=152
[ERR] seq=1076120431 err=216
[SEU] addr=20003156 bit=00000000
[SAMPLE QUEUE backup CORRUPTED] backup repaired
[ERR] seq=1076120432 err=280
[ERR] seq=1076120433 err=384
[ERR] seq=1076120434 err=456
[ERR] seq=1076120435 err=552
[ERR] seq=1076120436 err=616
[SEU] addr=20003177 bit=00000001
[ERR] seq=1076120437 err=712
[ERR] seq=1076120438 err=792
[ERR] seq=1076120439 err=896
[ERR] seq=1076120440 err=960
[ERR] seq=1076120441 err=1048
[ERR] seq=1076120442 err=1128
[ERR] seq=1076120443 err=1200
[ERR] seq=1076120444 err=1280
[SEU] addr=200031AE bit=00000001
[ERR] seq=1076120445 err=1376
[SEU] addr=200031C4 bit=00000004
[ERR] seq=1076120446 err=1456
[ERR] seq=1076120447 err=1520
[ERR] seq=1076120448 err=1632
[ERR] seq=1076120449 err=1696
[ERR] seq=1076120450 err=1760
[ERR] seq=1076120451 err=1832
[SEU] addr=20003157 bit=00000004
[SAMPLE QUEUE backup CORRUPTED] backup repaired
[ERR] seq=1076120452 err=1912
[ERR] seq=1076120453 err=2008
[ERR] seq=1076120454 err=2048
[ERR] seq=1076120455 err=2144
[ERR] seq=1076120456 err=2216
[ERR] seq=1076120457 err=2272
[ERR] seq=1076120458 err=2360
[ERR] seq=1076120459 err=2416
[SEU] addr=2000317E bit=00000003
[ERR] seq=1076120460 err=2480
[ERR] seq=1076120461 err=2544
[ERR] seq=1076120462 err=2616
[ERR] seq=1076120463 err=2688
[SEU] addr=2000319E bit=00000001
[ERR] seq=1076120464 err=2744
[ERR] seq=1076120465 err=2816
[ERR] seq=1076120466 err=2856
[ERR] seq=1076120467 err=2944
[ERR] seq=1076120468 err=3008
[SEU] addr=2000317A bit=00000006
[ERR] seq=1076120469 err=3080
[ERR] seq=1076120470 err=3112
[ERR] seq=1076120471 err=3192
[ERR] seq=1076120472 err=3256
[SEU] addr=2000317F bit=00000006
[ERR] seq=1076120473 err=3312
[ERR] seq=1076120474 err=3344
[ERR] seq=1076120475 err=3432
[ERR] seq=1076120476 err=3464
[SEU] addr=200031DF bit=00000006
[ERR] seq=2378653 err=7472
[ERR] seq=2378654 err=5720
[ERR] seq=2378655 err=7720
[ERR] seq=2378656 err=7088
[ERR] seq=2378657 err=7488
[SEU] addr=200031B6 bit=00000005
[ERR] seq=2378658 err=7296
[ERR] seq=2378659 err=7360
[ERR] seq=2378660 err=7272
[ERR] seq=2378661 err=7272
[SEU] addr=2000314E bit=00000006
[SAMPLE QUEUE CORRUPTED] primary repaired
[ERR] seq=2378662 err=7232
[ERR] seq=2378663 err=7192
[SEU] addr=2000316F bit=00000003
[ERR] seq=2378664 err=7152
[ERR] seq=2378665 err=7112
[ERR] seq=2378666 err=7088
[ERR] seq=2378667 err=7008
[ERR] seq=2378668 err=6976
[SEU] addr=200031C1 bit=00000004
[ERR] seq=2378669 err=6920
[ERR] seq=2378670 err=6864
[ERR] seq=2378671 err=6808
[ERR] seq=2378672 err=6768
[SEU] addr=20003151 bit=00000007
[ERR] seq=2378673 err=6680
[ERR] seq=2378674 err=6632
[ERR] seq=2378675 err=6552
[SEU] addr=20003197 bit=00000004
[ERR] seq=2378676 err=2147486616
[ERR] seq=2378677 err=343603792
[SEU] addr=20003172 bit=00000003
[ERR] seq=2378678 err=398575848
[ERR] seq=2378679 err=118753560
[ERR] seq=2378680 err=82774072
[ERR] seq=2378681 err=32249104
[ERR] seq=2378682 err=18405032
[SEU] addr=200031A9 bit=00000006
[ERR] seq=2378683 err=8109224
[ERR] seq=2378684 err=4243576
[ERR] seq=2378685 err=1980880
[SEU] addr=200031BD bit=00000001
[ERR] seq=2378686 err=997152
[SEU] addr=200031A1 bit=00000002
[ERR] seq=2378687 err=480784
[ERR] seq=2378688 err=237664
[ERR] seq=2378689 err=119120
[ERR] seq=2378690 err=58248
[ERR] seq=2378691 err=32392
[ERR] seq=2378692 err=15616
[ERR] seq=2378693 err=11536
[ERR] seq=2378694 err=5416
[ERR] seq=2378695 err=6416
[ERR] seq=2378696 err=4056
[SEU] addr=20003199 bit=00000007
[ERR] seq=2378697 err=267184
[ERR] seq=2378698 err=44680
[ERR] seq=2378699 err=53216
[ERR] seq=2378700 err=17208
[ERR] seq=2378701 err=14368
[ERR] seq=2378702 err=6536
[SEU] addr=20003157 bit=00000006
[SAMPLE QUEUE backup CORRUPTED] backup repaired
[ERR] seq=2378703 err=6272
[ERR] seq=2378704 err=3464
[ERR] seq=2378705 err=4296
[ERR] seq=2378706 err=3440
[ERR] seq=2378707 err=3672
[ERR] seq=2378708 err=3360
[ERR] seq=2378709 err=3336
[ERR] seq=2378710 err=3160
[ERR] seq=2378711 err=3056
[SEU] addr=200031DF bit=00000001
[ERR] seq=35933144 err=2664
[ERR] seq=35933145 err=2576
[ERR] seq=35933146 err=2360
[ERR] seq=35933147 err=2248
[ERR] seq=35933148 err=2056
[ERR] seq=35933149 err=1952
[ERR] seq=35933150 err=1784
[ERR] seq=35933151 err=1640
[END]
samples=2000
SEUs=369
good samples=117
errors=1883
samples omitted=0
max error=0x0000000080000B98
propagations=1869
detected disturbances=51
tmr corrections=0
dmr corrections=51
crc detections=0
clamp activations=0
[HARDFAULT]
qemu: fatal: Lockup: can't escalate 3 to HardFault (current priority -1)

R00=0000000a R01=00000002 R02=4000c000 R03=00000000
R04=00000000 R05=00000000 R06=00000000 R07=2000ffd8
R08=00000530 R09=00000000 R10=fffffec8 R11=ffffffff
R12=fffffe40 R13=2000ffd8 R14=00003551 R15=00000d42
XPSR=01000003 ---- T handler
FPSCR: 00000000
