START
SEED=77761234
[SEU] addr=20003160 bit=00000002
[CMD QUEUE backup CORRUPTED] backup repaired
[SEU] addr=20003172 bit=00000000
[SEU] addr=20003182 bit=00000003
[SEU] addr=20003184 bit=00000004
[SEU] addr=200031B2 bit=00000002
[SEU] addr=20003161 bit=00000007
[SEU] addr=2000315A bit=00000005
[SEU] addr=200031BF bit=00000004
[SEU] addr=2000316D bit=00000001
[SEU] addr=20003182 bit=00000005
[SEU] addr=200031D8 bit=00000001
[SEU] addr=20003182 bit=00000005
[SEU] addr=2000314F bit=00000006
[SAMPLE QUEUE backup CORRUPTED] backup repaired
[SEU] addr=200031B5 bit=00000002
[SEU] addr=20003157 bit=00000005
[CMD QUEUE CORRUPTED] primary repaired
[SEU] addr=2000319A bit=00000006
[ERR] seq=102 err=2492
[ERR] seq=103 err=192
[ERR] seq=104 err=200
[ERR] seq=105 err=24
[SEU] addr=20003194 bit=00000000
[ERR] seq=106 err=24
[SEU] addr=2000318F bit=00000007
[ERR] seq=109 err=116312
[ERR] seq=110 err=6664
[ERR] seq=111 err=6840
[SEU] addr=20003180 bit=00000005
[ERR] seq=112 err=1056
[ERR] seq=113 err=608
[ERR] seq=114 err=104
[ERR] seq=115 err=40
[SEU] addr=200031B2 bit=00000006
[SEU] addr=2000319D bit=00000004
[SEU] addr=200031C8 bit=00000005
[SEU] addr=2000317B bit=00000007
[SEU] addr=200031AB bit=00000006
[SEU] addr=2000317F bit=00000003
[SEU] addr=200031C3 bit=00000002
[SEU] addr=2000317C bit=00000006
[SEU] addr=200031CF bit=00000004
[SEU] addr=2000317E bit=00000007
[SEU] addr=20003176 bit=00000006
[SEU] addr=20003147 bit=00000002
[SAMPLE QUEUE CORRUPTED] primary repaired
[SEU] addr=20003145 bit=00000007
[SAMPLE QUEUE CORRUPTED] primary repaired
[SEU] addr=2000316F bit=00000001
[SEU] addr=200031D9 bit=00000000
[SEU] addr=20003195 bit=00000001
[ERR] seq=186 err=2476
[ERR] seq=187 err=192
[ERR] seq=188 err=200
[ERR] seq=189 err=24
[ERR] seq=190 err=16
[SEU] addr=2000319B bit=00000007
[SEU] addr=200031E6 bit=00000007
[SEU] addr=2000314F bit=00000002
[SAMPLE QUEUE backup CORRUPTED] backup repaired
[SEU] addr=20003147 bit=00000000
[SAMPLE QUEUE CORRUPTED] primary repaired
[SEU] addr=200031CA bit=00000002
[SEU] addr=20003149 bit=00000002
[SEU] addr=2000319B bit=00000007
[SEU] addr=2000319F bit=00000005
[SEU] addr=2000318F bit=00000004
[ERR] seq=222 err=1240
[ERR] seq=223 err=88
[SEU] addr=2000318A bit=00000000
[ERR] seq=224 err=88
[SEU] addr=20003196 bit=00000007
[ERR] seq=233 err=2516
[ERR] seq=234 err=200
[ERR] seq=235 err=216
[ERR] seq=236 err=32
[ERR] seq=237 err=16
[SEU] addr=200031DF bit=00000002
[SEU] addr=20003163 bit=00000001
[SEU] addr=200031A5 bit=00000006
[SEU] addr=200031BA bit=00000007
[SEU] addr=20003193 bit=00000002
[ERR] seq=265 err=2492
[ERR] seq=266 err=192
[ERR] seq=267 err=200
[ERR] seq=268 err=24
[ERR] seq=269 err=16
[SEU] addr=200031C9 bit=00000002
[SEU] addr=200031C5 bit=00000000
[SEU] addr=20003158 bit=00000007
[CMD QUEUE CORRUPTED] primary repaired
[SEU] addr=20003192 bit=00000004
[ERR] seq=289 err=2524
[ERR] seq=290 err=200
[ERR] seq=291 err=216
[ERR] seq=292 err=32
[ERR] seq=293 err=16
[SEU] addr=20003193 bit=00000005
[SEU] addr=20003162 bit=00000003
[SEU] addr=20003163 bit=00000006
[SEU] addr=200031A5 bit=00000001
[SEU] addr=200031A8 bit=00000002
[SEU] addr=2000316F bit=00000001
[SEU] addr=20003178 bit=00000003
[SEU] addr=200031AA bit=00000007
[SEU] addr=2000316D bit=00000001
[SEU] addr=2000316E bit=00000002
[SEU] addr=20003194 bit=00000002
[ERR] seq=347 err=32
[SEU] addr=20003184 bit=00000000
[SEU] addr=2000314A bit=00000007
[SEU] addr=200031B2 bit=00000005
[SEU] addr=20003152 bit=00000007
[SEU] addr=20003168 bit=00000005
[SEU] addr=2000318B bit=00000000
[SEU] addr=20003156 bit=00000006
[CMD QUEUE CORRUPTED] primary repaired
[SEU] addr=2000317A bit=00000005
[SEU] addr=200031D7 bit=00000005
[SEU] addr=20003198 bit=00000007
[ERR] seq=397 err=1024
[ERR] seq=398 err=80
[ERR] seq=399 err=80
[SEU] addr=20003155 bit=00000000
[CMD QUEUE CORRUPTED] primary repaired
[SEU] addr=200031D8 bit=00000001
[SEU] addr=2000314B bit=00000006
[SEU] addr=200031A9 bit=00000003
[SEU] addr=2000315E bit=00000007
[CMD QUEUE backup CORRUPTED] backup repaired
[SEU] addr=200031EB bit=00000000
[SEU] addr=20003179 bit=00000002
[SEU] addr=200031B5 bit=00000001
[SEU] addr=200031B9 bit=00000003
[SEU] addr=20003187 bit=00000000
[SEU] addr=200031A1 bit=00000007
[SEU] addr=200031BD bit=00000000
[SEU] addr=2000318A bit=00000005
[SEU] addr=20003168 bit=00000006
[SEU] addr=2000318B bit=00000004
[SEU] addr=200031AD bit=00000002
[SEU] addr=20003193 bit=00000006
[SEU] addr=20003185 bit=00000000
[SEU] addr=20003177 bit=00000003
[SEU] addr=20003180 bit=00000004
[SEU] addr=200031B8 bit=00000004
[SEU] addr=200031AE bit=00000004
[SEU] addr=200031B0 bit=00000007
[SEU] addr=20003174 bit=00000007
[SEU] addr=200031C4 bit=00000004
[SEU] addr=20003149 bit=00000000
[SEU] addr=20003154 bit=00000006
[CMD QUEUE CORRUPTED] primary repaired
[SEU] addr=200031D3 bit=00000002
[SEU] addr=2000315F bit=00000000
[CMD QUEUE backup CORRUPTED] backup repaired
[SEU] addr=20003177 bit=00000006
[SEU] addr=20003156 bit=00000004
[CMD QUEUE CORRUPTED] primary repaired
[SEU] addr=200031C6 bit=00000006
[SEU] addr=2000317A bit=00000002
[SEU] addr=20003191 bit=00000003
[ERR] seq=581 err=2540
[ERR] seq=582 err=200
[ERR] seq=583 err=216
[ERR] seq=584 err=32
[ERR] seq=585 err=16
[SEU] addr=200031E5 bit=00000004
[SEU] addr=200031B3 bit=00000006
[SEU] addr=2000314F bit=00000005
[SAMPLE QUEUE backup CORRUPTED] backup repaired
[SEU] addr=200031C0 bit=00000007
[SEU] addr=200031C6 bit=00000007
[SEU] addr=20003161 bit=00000002
[SEU] addr=20003152 bit=00000004
[SEU] addr=20003193 bit=00000000
[ERR] seq=624 err=2492
[ERR] seq=625 err=192
[ERR] seq=626 err=200
[ERR] seq=627 err=24
[ERR] seq=628 err=16
[SEU] addr=2000318A bit=00000007
[SEU] addr=200031BB bit=00000005
[SEU] addr=200031BE bit=00000007
[SEU] addr=20003189 bit=00000005
[SEU] addr=20003155 bit=00000003
[CMD QUEUE CORRUPTED] primary repaired
[SEU] addr=200031B3 bit=00000006
[SEU] addr=2000314A bit=00000002
[SEU] addr=200031C3 bit=00000002
[SEU] addr=200031A8 bit=00000003
[SEU] addr=2000315D bit=00000006
[CMD QUEUE backup CORRUPTED] backup repaired
[SEU] addr=20003149 bit=00000001
[SEU] addr=2000318C bit=00000001
[ERR] seq=677 err=176
[ERR] seq=678 err=8
[ERR] seq=679 err=8
[SEU] addr=2000314A bit=00000004
[SEU] addr=20003145 bit=00000002
[SAMPLE QUEUE CORRUPTED] primary repaired
[SEU] addr=2000317F bit=00000006
[SEU] addr=200031C9 bit=00000004
[SEU] addr=2000317E bit=00000004
[SEU] addr=20003166 bit=00000005
[SEU] addr=20003144 bit=00000007
[SAMPLE QUEUE CORRUPTED] primary repaired
[SEU] addr=20003171 bit=00000003
[SEU] addr=20003153 bit=00000001
[SEU] addr=20003150 bit=00000001
[SAMPLE QUEUE backup CORRUPTED] backup repaired
[SEU] addr=2000318C bit=00000001
[ERR] seq=749 err=240
[ERR] seq=750 err=8
[ERR] seq=751 err=8
[SEU] addr=20003161 bit=00000001
[SEU] addr=20003178 bit=00000005
[SEU] addr=20003169 bit=00000001
[SEU] addr=20003151 bit=00000002
[SEU] addr=20003191 bit=00000007
[ERR] seq=776 err=2540
[ERR] seq=777 err=200
[SEU] addr=200031C7 bit=00000006
[ERR] seq=778 err=216
[ERR] seq=779 err=32
[ERR] seq=780 err=16
[SEU] addr=2000319D bit=00000006
[SEU] addr=20003167 bit=00000007
[SEU] addr=200031E8 bit=00000001
[SEU] addr=200031BD bit=00000006
[SEU] addr=20003161 bit=00000003
[SEU] addr=200031D1 bit=00000007
[SEU] addr=20003196 bit=00000005
[ERR] seq=817 err=2508
[ERR] seq=818 err=200
[ERR] seq=819 err=216
[ERR] seq=820 err=32
[ERR] seq=821 err=16
[SEU] addr=200031A9 bit=00000000
[SEU] addr=200031C2 bit=00000000
[SEU] addr=2000319E bit=00000001
[SEU] addr=20003147 bit=00000001
[SAMPLE QUEUE CORRUPTED] primary repaired
[SEU] addr=20003197 bit=00000001
[ERR] seq=854 err=2508
[ERR] seq=855 err=200
[ERR] seq=856 err=216
[SEU] addr=20003184 bit=00000005
[ERR] seq=857 err=32
[ERR] seq=858 err=16
[SEU] addr=20003170 bit=00000006
[SEU] addr=20003199 bit=00000000
[ERR] seq=868 err=2048
[ERR] seq=869 err=160
[ERR] seq=870 err=168
[ERR] seq=871 err=16
[ERR] seq=872 err=8
[SEU] addr=2000315F bit=00000003
[CMD QUEUE backup CORRUPTED] backup repaired
[SEU] addr=20003184 bit=00000006
[SEU] addr=2000314D bit=00000000
[SAMPLE QUEUE backup CORRUPTED] backup repaired
[SEU] addr=200031A7 bit=00000001
[SEU] addr=2000315B bit=00000007
[SEU] addr=2000319F bit=00000004
[SEU] addr=200031A1 bit=00000006
[SEU] addr=20003166 bit=00000002
[SEU] addr=2000318C bit=00000001
[ERR] seq=918 err=184
[SEU] addr=20003172 bit=00000006
[SEU] addr=200031E8 bit=00000003
[SEU] addr=2000316F bit=00000006
[SEU] addr=200031E9 bit=00000000
[SEU] addr=20003164 bit=00000002
[SEU] addr=200031B3 bit=00000006
[SEU] addr=2000318D bit=00000005
[ERR] seq=955 err=8616
[ERR] seq=956 err=680
[SEU] addr=200031E9 bit=00000006
[ERR] seq=957 err=720
[ERR] seq=958 err=88
[ERR] seq=959 err=48
[SEU] addr=200031A7 bit=00000002
[SEU] addr=2000317B bit=00000002
[SEU] addr=200031A5 bit=00000001
[SEU] addr=200031E8 bit=00000007
[SEU] addr=20003183 bit=00000005
[SEU] addr=200031CA bit=00000000
[SEU] addr=20003148 bit=00000000
[SAMPLE QUEUE CORRUPTED] primary repaired
[SEU] addr=200031A3 bit=00000007
[SEU] addr=200031B7 bit=00000003
[SEU] addr=20003198 bit=00000004
[ERR] seq=1016 err=128
[ERR] seq=1017 err=8
[ERR] seq=1018 err=8
[SEU] addr=2000316D bit=00000007
[SEU] addr=200031A5 bit=00000007
[SEU] addr=20003177 bit=00000001
[SEU] addr=200031AB bit=00000006
[SEU] addr=20003169 bit=00000003
[SEU] addr=20003188 bit=00000006
[SEU] addr=2000319D bit=00000003
[SEU] addr=20003186 bit=00000004
[SEU] addr=20003179 bit=00000006
[SEU] addr=200031A4 bit=00000004
[SEU] addr=200031E3 bit=00000007
[SEU] addr=200031C4 bit=00000002
[SEU] addr=20003157 bit=00000005
[CMD QUEUE CORRUPTED] primary repaired
[SEU] addr=20003175 bit=00000000
[SEU] addr=200031B1 bit=00000004
[SEU] addr=20003154 bit=00000006
[CMD QUEUE CORRUPTED] primary repaired
[SEU] addr=200031DE bit=00000005
[SEU] addr=2000318F bit=00000007
[ERR] seq=1104 err=187600
[ERR] seq=1105 err=7628
[ERR] seq=1106 err=7364
[ERR] seq=1107 err=1176
[ERR] seq=1108 err=648
[ERR] seq=1109 err=120
[ERR] seq=1110 err=48
[SEU] addr=200031C2 bit=00000000
[SEU] addr=200031E0 bit=00000004
[SEU] addr=200031C3 bit=00000000
[SEU] addr=200031C7 bit=00000005
[SEU] addr=200031D7 bit=00000007
[SEU] addr=2000314A bit=00000006
[SEU] addr=2000319E bit=00000007
[SEU] addr=200031E3 bit=00000003
[SEU] addr=200031CC bit=00000002
[SEU] addr=2000318F bit=00000000
[ERR] seq=1157 err=9760
[ERR] seq=1158 err=768
[ERR] seq=1159 err=824
[ERR] seq=1160 err=112
[ERR] seq=1161 err=56
[SEU] addr=200031C7 bit=00000002
[SEU] addr=200031CF bit=00000007
[SEU] addr=200031C2 bit=00000003
[SEU] addr=200031D5 bit=00000001
[SEU] addr=2000315C bit=00000000
[CMD QUEUE backup CORRUPTED] backup repaired
[SEU] addr=200031C1 bit=00000001
[SEU] addr=200031BC bit=00000005
[SEU] addr=200031E5 bit=00000005
[SEU] addr=20003165 bit=00000003
[SEU] addr=20003179 bit=00000007
[SEU] addr=200031D2 bit=00000003
[SEU] addr=2000319D bit=00000001
[SEU] addr=200031AF bit=00000006
[SEU] addr=200031C8 bit=00000002
[SEU] addr=2000316E bit=00000007
[SEU] addr=200031AF bit=00000000
[SEU] addr=2000319D bit=00000007
[SEU] addr=20003193 bit=00000001
[ERR] seq=1270 err=2444
[ERR] seq=1271 err=192
[ERR] seq=1272 err=200
[SEU] addr=200031AC bit=00000007
[ERR] seq=1273 err=24
[ERR] seq=1274 err=16
[SEU] addr=20003149 bit=00000005
[SEU] addr=200031D4 bit=00000007
[SEU] addr=2000317B bit=00000005
[SEU] addr=200031C6 bit=00000004
[SEU] addr=200031E6 bit=00000000
[SEU] addr=200031AD bit=00000003
[SEU] addr=200031DC bit=00000004
[SEU] addr=200031A3 bit=00000006
[SEU] addr=200031C8 bit=00000002
[SEU] addr=200031B0 bit=00000002
[SEU] addr=20003156 bit=00000007
[CMD QUEUE CORRUPTED] primary repaired
[SEU] addr=20003189 bit=00000004
[SEU] addr=2000315A bit=00000001
[SEU] addr=20003164 bit=00000001
[SEU] addr=20003170 bit=00000004
[SEU] addr=20003172 bit=00000007
[SEU] addr=20003196 bit=00000000
[ERR] seq=1361 err=2500
[ERR] seq=1362 err=200
[ERR] seq=1363 err=216
[ERR] seq=1364 err=32
[ERR] seq=1365 err=16
[SEU] addr=20003191 bit=00000007
[ERR] seq=1366 err=2516
[ERR] seq=1367 err=200
[ERR] seq=1368 err=216
[ERR] seq=1369 err=32
[ERR] seq=1370 err=16
[SEU] addr=20003199 bit=00000006
[ERR] seq=1373 err=2500
[SEU] addr=200031AF bit=00000004
[ERR] seq=1374 err=200
[ERR] seq=1375 err=216
[ERR] seq=1376 err=32
[ERR] seq=1377 err=16
[SEU] addr=20003145 bit=00000000
[SAMPLE QUEUE CORRUPTED] primary repaired
[SEU] addr=20003176 bit=00000006
[SEU] addr=20003164 bit=00000007
[SEU] addr=200031A1 bit=00000003
[SEU] addr=200031B0 bit=00000002
[SEU] addr=2000315B bit=00000002
[SEU] addr=2000318F bit=00000000
[ERR] seq=1420 err=8864
[ERR] seq=1421 err=704
[ERR] seq=1422 err=744
[ERR] seq=1423 err=96
[ERR] seq=1424 err=56
[SEU] addr=20003195 bit=00000007
[ERR] seq=1429 err=2468
[ERR] seq=1430 err=192
[ERR] seq=1431 err=200
[ERR] seq=1432 err=24
[ERR] seq=1433 err=16
[SEU] addr=200031BB bit=00000007
[SEU] addr=200031E2 bit=00000001
[SEU] addr=200031E4 bit=00000000
[SEU] addr=200031DB bit=00000006
[SEU] addr=200031C9 bit=00000000
[SEU] addr=200031BE bit=00000002
[SEU] addr=200031E4 bit=00000005
[SEU] addr=200031C3 bit=00000005
[SEU] addr=200031BA bit=00000005
[SEU] addr=2000315A bit=00000007
[SEU] addr=20003156 bit=00000003
[CMD QUEUE CORRUPTED] primary repaired
[SEU] addr=2000318B bit=00000007
[SEU] addr=20003190 bit=00000005
[ERR] seq=1513 err=256
[ERR] seq=1514 err=16
[ERR] seq=1515 err=16
[SEU] addr=200031B4 bit=00000002
[SEU] addr=20003144 bit=00000007
[SAMPLE QUEUE CORRUPTED] primary repaired
[SEU] addr=2000317D bit=00000007
[SEU] addr=200031A4 bit=00000006
[SEU] addr=20003199 bit=00000005
[ERR] seq=1540 err=2492
[ERR] seq=1541 err=192
[ERR] seq=1542 err=200
[ERR] seq=1543 err=24
[ERR] seq=1544 err=16
[SEU] addr=200031E6 bit=00000001
[SEU] addr=200031BD bit=00000002
[SEU] addr=200031AA bit=00000004
[SEU] addr=200031DC bit=00000007
[SEU] addr=200031BA bit=00000003
[SEU] addr=20003181 bit=00000003
[SEU] addr=20003176 bit=00000002
[SEU] addr=20003199 bit=00000007
[ERR] seq=1595 err=2484
[SEU] addr=200031B3 bit=00000007
[ERR] seq=1596 err=192
[ERR] seq=1597 err=200
[ERR] seq=1598 err=24
[ERR] seq=1599 err=16
[SEU] addr=200031B2 bit=00000002
[SEU] addr=20003180 bit=00000004
[SEU] addr=20003188 bit=00000007
[SEU] addr=200031A9 bit=00000001
[SEU] addr=20003179 bit=00000001
[SEU] addr=200031B9 bit=00000002
[SEU] addr=20003198 bit=00000004
[ERR] seq=1628 err=128
[ERR] seq=1629 err=8
[ERR] seq=1630 err=8
[SEU] addr=200031C7 bit=00000005
[SEU] addr=200031D2 bit=00000004
[SEU] addr=200031AB bit=00000001
[SEU] addr=200031BD bit=00000001
[SEU] addr=200031A9 bit=00000002
[SEU] addr=20003192 bit=00000004
[ERR] seq=1665 err=2460
[ERR] seq=1666 err=192
[ERR] seq=1667 err=200
[ERR] seq=1668 err=24
[ERR] seq=1669 err=16
[SEU] addr=20003155 bit=00000002
[CMD QUEUE CORRUPTED] primary repaired
[SEU] addr=2000314B bit=00000004
[SEU] addr=2000319B bit=00000002
[ERR] seq=1682 err=2484
[ERR] seq=1683 err=192
[ERR] seq=1684 err=200
[ERR] seq=1685 err=24
[ERR] seq=1686 err=16
[SEU] addr=200031D2 bit=00000003
[SEU] addr=200031A0 bit=00000005
[SEU] addr=20003173 bit=00000007
[SEU] addr=2000317B bit=00000005
[SEU] addr=200031CA bit=00000005
[SEU] addr=2000319C bit=00000005
[SEU] addr=200031C0 bit=00000000
[SEU] addr=20003194 bit=00000006
[ERR] seq=1735 err=512
[ERR] seq=1736 err=40
[ERR] seq=1737 err=40
[SEU] addr=20003171 bit=00000002
[SEU] addr=2000315B bit=00000007
[SEU] addr=200031CD bit=00000007
[SEU] addr=20003144 bit=00000007
[SAMPLE QUEUE CORRUPTED] primary repaired
[SEU] addr=20003195 bit=00000002
[ERR] seq=1753 err=2516
[ERR] seq=1754 err=200
[ERR] seq=1755 err=216
[ERR] seq=1756 err=32
[ERR] seq=1757 err=16
[SEU] addr=2000318C bit=00000006
[ERR] seq=1758 err=1824
[ERR] seq=1759 err=136
[ERR] seq=1760 err=136
[SEU] addr=200031C3 bit=00000007
[SEU] addr=200031B8 bit=00000007
[SEU] addr=20003191 bit=00000007
[ERR] seq=1772 err=2564
[ERR] seq=1773 err=200
[ERR] seq=1774 err=216
[ERR] seq=1775 err=32
[ERR] seq=1776 err=16
[SEU] addr=200031DB bit=00000005
[SEU] addr=20003161 bit=00000006
[SEU] addr=200031C6 bit=00000003
[SEU] addr=200031B3 bit=00000006
[SEU] addr=200031A9 bit=00000005
[SEU] addr=2000319F bit=00000004
[SEU] addr=200031B5 bit=00000006
[SEU] addr=20003199 bit=00000005
[ERR] seq=1808 err=2468
[ERR] seq=1809 err=192
[ERR] seq=1810 err=200
[ERR] seq=1811 err=24
[ERR] seq=1812 err=16
[SEU] addr=2000314C bit=00000004
[SAMPLE QUEUE backup CORRUPTED] backup repaired
[SEU] addr=2000318C bit=00000006
[ERR] seq=1819 err=5368
[ERR] seq=1820 err=416
[ERR] seq=1821 err=440
[ERR] seq=1822 err=48
[ERR] seq=1823 err=24
[SEU] addr=200031EA bit=00000001
[SEU] addr=200031CB bit=00000007
[SEU] addr=200031AF bit=00000004
[SEU] addr=20003171 bit=00000003
[SEU] addr=20003177 bit=00000006
[SEU] addr=20003181 bit=00000007
[SEU] addr=20003149 bit=00000005
[SEU] addr=200031AB bit=00000000
[SEU] addr=200031D5 bit=00000006
[SEU] addr=200031BB bit=00000000
[SEU] addr=20003155 bit=00000002
[CMD QUEUE CORRUPTED] primary repaired
[SEU] addr=20003183 bit=00000005
[SEU] addr=20003196 bit=00000000
[ERR] seq=1895 err=2500
[ERR] seq=1896 err=200
[ERR] seq=1897 err=216
[ERR] seq=1898 err=32
[ERR] seq=1899 err=16
[SEU] addr=200031C3 bit=00000001
[SEU] addr=2000318E bit=00000001
[ERR] seq=1903 err=1784
[ERR] seq=1904 err=128
[ERR] seq=1905 err=128
[SEU] addr=20003148 bit=00000004
[SAMPLE QUEUE CORRUPTED] primary repaired
[SEU] addr=200031DB bit=00000004
[SEU] addr=2000314A bit=00000003
[SEU] addr=2000319E bit=00000001
[SEU] addr=2000316E bit=00000006
[SEU] addr=20003167 bit=00000006
[SEU] addr=200031AF bit=00000006
[SEU] addr=20003172 bit=00000005
[SEU] addr=20003156 bit=00000006
[CMD QUEUE CORRUPTED] primary repaired
[SEU] addr=200031BF bit=00000003
[SEU] addr=20003165 bit=00000004
[SEU] addr=20003175 bit=00000007
[SEU] addr=200031DB bit=00000004
[SEU] addr=200031EA bit=00000003
[SEU] addr=2000314D bit=00000006
[SAMPLE QUEUE backup CORRUPTED] backup repaired
[SEU] addr=20003185 bit=00000001
[SEU] addr=200031AD bit=00000002
[SEU] addr=200031C9 bit=00000007
[SEU] addr=2000317B bit=00000006
[SEU] addr=200031D7 bit=00000001
[SEU] addr=200031B5 bit=00000005
[SEU] addr=20003185 bit=00000003
[SEU] addr=200031D7 bit=00000006
[SEU] addr=2000318A bit=00000001
[SEU] addr=200031B3 bit=00000000
[SEU] addr=20003196 bit=00000000
[ERR] seq=2041 err=2516
[ERR] seq=2042 err=200
[SEU] addr=200031AA bit=00000005
[ERR] seq=2043 err=216
[ERR] seq=2044 err=32
[ERR] seq=2045 err=16
[SEU] addr=20003147 bit=00000001
[SAMPLE QUEUE CORRUPTED] primary repaired
[SEU] addr=2000317D bit=00000007
[SEU] addr=20003194 bit=00000001
[ERR] seq=2064 err=16
[SEU] addr=20003185 bit=00000000
[SEU] addr=20003164 bit=00000001
[SEU] addr=20003179 bit=00000004
[SEU] addr=20003190 bit=00000003
[ERR] seq=2081 err=64
[SEU] addr=20003172 bit=00000007
[SEU] addr=20003157 bit=00000006
[CMD QUEUE CORRUPTED] primary repaired
[SEU] addr=200031C4 bit=00000000
[SEU] addr=2000319D bit=00000002
[SEU] addr=2000318B bit=00000007
[SEU] addr=2000318F bit=00000001
[ERR] seq=2114 err=1216
[ERR] seq=2115 err=88
[ERR] seq=2116 err=88
[SEU] addr=20003144 bit=00000007
[SAMPLE QUEUE CORRUPTED] primary repaired
[SEU] addr=2000316B bit=00000004
[SEU] addr=2000317E bit=00000004
[SEU] addr=200031AD bit=00000005
[SEU] addr=200031A4 bit=00000000
[SEU] addr=200031DD bit=00000007
[SEU] addr=20003151 bit=00000007
[SEU] addr=200031B6 bit=00000005
[SEU] addr=20003179 bit=00000002
[SEU] addr=20003169 bit=00000002
[SEU] addr=200031DB bit=00000002
[SEU] addr=20003176 bit=00000000
[SEU] addr=200031C9 bit=00000005
[SEU] addr=200031A5 bit=00000000
[SEU] addr=2000319B bit=00000005
[SEU] addr=200031E2 bit=00000001
[SEU] addr=200031A1 bit=00000002
[SEU] addr=2000318F bit=00000000
[ERR] seq=2189 err=1520
[ERR] seq=2190 err=112
[ERR] seq=2191 err=112
[SEU] addr=20003176 bit=00000002
[SEU] addr=2000317B bit=00000001
[SEU] addr=20003186 bit=00000002
[SEU] addr=20003187 bit=00000005
[SEU] addr=20003157 bit=00000007
[CMD QUEUE CORRUPTED] primary repaired
[SEU] addr=200031DD bit=00000007
[SEU] addr=2000317E bit=00000007
[SEU] addr=20003151 bit=00000004
[SEU] addr=20003197 bit=00000003
[ERR] seq=2242 err=2492
[ERR] seq=2243 err=192
[ERR] seq=2244 err=200
[SEU] addr=20003169 bit=00000007
[ERR] seq=2245 err=24
[ERR] seq=2246 err=16
[SEU] addr=20003164 bit=00000003
[SEU] addr=200031BE bit=00000002
[SEU] addr=20003144 bit=00000002
[SAMPLE QUEUE CORRUPTED] primary repaired
[SEU] addr=20003153 bit=00000005
[SEU] addr=20003147 bit=00000006
[SAMPLE QUEUE CORRUPTED] primary repaired
[SEU] addr=200031EA bit=00000003
[SEU] addr=20003194 bit=00000000
[ERR] seq=2273 err=8
[SEU] addr=2000316B bit=00000004
[SEU] addr=20003186 bit=00000000
[SEU] addr=20003166 bit=00000005
[SEU] addr=20003171 bit=00000002
[SEU] addr=200031AB bit=00000004
[SEU] addr=2000319F bit=00000000
[SEU] addr=20003179 bit=00000006
[SEU] addr=200031D6 bit=00000003
[SEU] addr=2000318E bit=00000006
[ERR] seq=2329 err=4536
[ERR] seq=2330 err=352
[SEU] addr=200031AF bit=00000000
[ERR] seq=2331 err=360
[ERR] seq=2332 err=24
[ERR] seq=2333 err=16
[SEU] addr=200031DA bit=00000003
[SEU] addr=20003146 bit=00000006
[SAMPLE QUEUE CORRUPTED] primary repaired
[SEU] addr=200031A3 bit=00000002
[SEU] addr=200031A3 bit=00000005
[SEU] addr=200031AB bit=00000000
[SEU] addr=20003176 bit=00000002
[SEU] addr=20003184 bit=00000003
[SEU] addr=20003193 bit=00000000
[ERR] seq=2366 err=2452
[ERR] seq=2367 err=192
[ERR] seq=2368 err=200
[ERR] seq=2369 err=24
[ERR] seq=2370 err=16
[SEU] addr=2000317E bit=00000005
[SEU] addr=200031E6 bit=00000004
[SEU] addr=2000314B bit=00000006
[SEU] addr=20003164 bit=00000004
[SEU] addr=200031BE bit=00000007
[SEU] addr=200031B4 bit=00000000
[SEU] addr=200031D0 bit=00000000
[SEU] addr=20003177 bit=00000001
[SEU] addr=200031B9 bit=00000001
[SEU] addr=2000315B bit=00000001
[SEU] addr=2000317D bit=00000002
[SEU] addr=2000318B bit=00000006
[SEU] addr=200031C6 bit=00000002
[SEU] addr=200031E5 bit=00000004
[SEU] addr=20003191 bit=00000007
[ERR] seq=2433 err=2500
[ERR] seq=2434 err=200
[ERR] seq=2435 err=216
[ERR] seq=2436 err=32
[ERR] seq=2437 err=16
[SEU] addr=200031B4 bit=00000005
[SEU] addr=200031DE bit=00000007
[SEU] addr=200031BC bit=00000002
[SEU] addr=200031C0 bit=00000000
[SEU] addr=200031C7 bit=00000007
[SEU] addr=200031D5 bit=00000007
[SEU] addr=20003144 bit=00000005
[SAMPLE QUEUE CORRUPTED] primary repaired
[SEU] addr=20003158 bit=00000001
[CMD QUEUE CORRUPTED] primary repaired
[SEU] addr=200031C7 bit=00000000
[SEU] addr=20003147 bit=00000001
[SAMPLE QUEUE CORRUPTED] primary repaired
[SEU] addr=2000315A bit=00000000
[SEU] addr=200031C0 bit=00000001
[SEU] addr=200031D2 bit=00000001
[SEU] addr=20003178 bit=00000005
[SEU] addr=200031BA bit=00000000
[SEU] addr=20003157 bit=00000005
[CMD QUEUE CORRUPTED] primary repaired
[SEU] addr=2000319E bit=00000007
[SEU] addr=200031C7 bit=00000007
[SEU] addr=20003182 bit=00000001
[SEU] addr=200031CA bit=00000001
[SEU] addr=20003199 bit=00000002
[ERR] seq=2559 err=2476
[ERR] seq=2560 err=192
[ERR] seq=2561 err=200
[SEU] addr=200031C5 bit=00000004
[ERR] seq=2562 err=24
[ERR] seq=2563 err=16
[SEU] addr=200031A4 bit=00000003
[SEU] addr=200031C8 bit=00000006
[SEU] addr=200031A6 bit=00000000
[SEU] addr=200031A5 bit=00000001
[SEU] addr=20003199 bit=00000004
[ERR] seq=2587 err=2500
[ERR] seq=2588 err=200
[ERR] seq=2589 err=216
[ERR] seq=2590 err=32
[ERR] seq=2591 err=16
[SEU] addr=200031E2 bit=00000006
[SEU] addr=20003176 bit=00000006
[SEU] addr=20003166 bit=00000006
[SEU] addr=200031E6 bit=00000000
[SEU] addr=20003150 bit=00000003
[SAMPLE QUEUE backup CORRUPTED] backup repaired
[SEU] addr=2000319C bit=00000004
[SEU] addr=20003176 bit=00000003
[SEU] addr=200031DA bit=00000002
[SEU] addr=200031D8 bit=00000003
[SEU] addr=200031AE bit=00000004
[SEU] addr=200031E4 bit=00000003
[SEU] addr=200031A9 bit=00000003
[SEU] addr=2000317E bit=00000000
[SEU] addr=200031CA bit=00000007
[SEU] addr=200031D5 bit=00000006
[SEU] addr=200031D4 bit=00000006
[SEU] addr=20003177 bit=00000005
[SEU] addr=200031B3 bit=00000006
[SEU] addr=20003144 bit=00000004
[SAMPLE QUEUE CORRUPTED] primary repaired
[SEU] addr=200031D4 bit=00000005
[SEU] addr=2000314E bit=00000007
[SAMPLE QUEUE backup CORRUPTED] backup repaired
[SEU] addr=200031DA bit=00000005
[SEU] addr=200031E5 bit=00000003
[SEU] addr=200031B0 bit=00000005
[SEU] addr=2000315D bit=00000006
[CMD QUEUE backup CORRUPTED] backup repaired
[SEU] addr=200031AD bit=00000006
[SEU] addr=2000314D bit=00000007
[SAMPLE QUEUE backup CORRUPTED] backup repaired
[SEU] addr=20003157 bit=00000000
[CMD QUEUE CORRUPTED] primary repaired
[SEU] addr=200031A3 bit=00000003
[SEU] addr=200031B7 bit=00000005
[SEU] addr=200031E1 bit=00000007
[SEU] addr=200031AD bit=00000002
[SEU] addr=200031AE bit=00000004
[SEU] addr=200031BC bit=00000002
[SEU] addr=200031BB bit=00000005
[SEU] addr=2000315F bit=00000005
[CMD QUEUE backup CORRUPTED] backup repaired
[SEU] addr=2000318F bit=00000000
[ERR] seq=2803 err=12704
[ERR] seq=2804 err=1008
[ERR] seq=2805 err=1072
[ERR] seq=2806 err=128
[SEU] addr=20003192 bit=00000002
[ERR] seq=2807 err=2540
[ERR] seq=2808 err=200
[ERR] seq=2809 err=216
[ERR] seq=2810 err=32
[ERR] seq=2811 err=16
[SEU] addr=20003184 bit=00000004
[SEU] addr=20003173 bit=00000002
[SEU] addr=20003146 bit=00000006
[SAMPLE QUEUE CORRUPTED] primary repaired
[SEU] addr=200031C2 bit=00000007
[SEU] addr=200031B5 bit=00000004
[SEU] addr=20003184 bit=00000003
[SEU] addr=20003169 bit=00000006
[SEU] addr=200031B5 bit=00000004
[SEU] addr=20003199 bit=00000007
[ERR] seq=2859 err=2524
[ERR] seq=2860 err=200
[ERR] seq=2861 err=216
[SEU] addr=200031AE bit=00000003
[ERR] seq=2862 err=32
[ERR] seq=2863 err=16
[SEU] addr=200031B9 bit=00000000
[SEU] addr=200031CB bit=00000000
[SEU] addr=20003159 bit=00000001
[SEU] addr=200031A7 bit=00000002
[SEU] addr=20003167 bit=00000001
[SEU] addr=2000316D bit=00000007
[SEU] addr=200031A6 bit=00000007
[SEU] addr=20003155 bit=00000000
[CMD QUEUE CORRUPTED] primary repaired
[SEU] addr=2000316D bit=00000000
[SEU] addr=20003164 bit=00000006
[SEU] addr=200031CB bit=00000004
[SEU] addr=2000315E bit=00000007
[CMD QUEUE backup CORRUPTED] backup repaired
[SEU] addr=20003177 bit=00000002
[SEU] addr=20003190 bit=00000001
[ERR] seq=2929 err=16
[SEU] addr=20003152 bit=00000005
[SEU] addr=20003191 bit=00000007
[ERR] seq=2941 err=2540
[ERR] seq=2942 err=200
[ERR] seq=2943 err=216
[ERR] seq=2944 err=32
[ERR] seq=2945 err=16
[SEU] addr=200031E3 bit=00000006
[SEU] addr=20003150 bit=00000005
[SAMPLE QUEUE backup CORRUPTED] backup repaired
[SEU] addr=200031D9 bit=00000005
[SEU] addr=20003154 bit=00000004
[CMD QUEUE CORRUPTED] primary repaired
[SEU] addr=200031AB bit=00000007
[SEU] addr=20003165 bit=00000002
[SEU] addr=200031D2 bit=00000007
[SEU] addr=20003154 bit=00000002
[CMD QUEUE CORRUPTED] primary repaired
[SEU] addr=20003151 bit=00000002
[SEU] addr=200031E2 bit=00000006
[SEU] addr=20003187 bit=00000001
[SEU] addr=2000318B bit=00000000
[SEU] addr=2000315F bit=00000007
[CMD QUEUE backup CORRUPTED] backup repaired
[SEU] addr=2000314E bit=00000004
[SAMPLE QUEUE backup CORRUPTED] backup repaired
[SEU] addr=200031CE bit=00000003
[SEU] addr=20003190 bit=00000006
[ERR] seq=3039 err=512
[ERR] seq=3040 err=40
[ERR] seq=3041 err=40
[SEU] addr=2000319A bit=00000007
[ERR] seq=3045 err=2484
[ERR] seq=3046 err=192
[ERR] seq=3047 err=200
[ERR] seq=3048 err=24
[ERR] seq=3049 err=16
[SEU] addr=200031AE bit=00000000
[SEU] addr=200031C3 bit=00000003
[SEU] addr=200031D2 bit=00000006
[SEU] addr=200031BC bit=00000006
[SEU] addr=20003179 bit=00000002
[SEU] addr=200031E6 bit=00000000
[SEU] addr=20003193 bit=00000003
[ERR] seq=3079 err=2452
[ERR] seq=3080 err=192
[ERR] seq=3081 err=200
[SEU] addr=20003195 bit=00000002
[ERR] seq=3082 err=2508
[ERR] seq=3083 err=208
[ERR] seq=3084 err=200
[ERR] seq=3085 err=24
[ERR] seq=3086 err=16
[SEU] addr=20003171 bit=00000006
[SEU] addr=200031A1 bit=00000005
[SEU] addr=20003195 bit=00000004
[ERR] seq=3108 err=2492
[ERR] seq=3109 err=192
[ERR] seq=3110 err=200
[ERR] seq=3111 err=24
[ERR] seq=3112 err=16
[SEU] addr=200031B9 bit=00000000
[SEU] addr=20003169 bit=00000005
[SEU] addr=200031B1 bit=00000002
[SEU] addr=20003179 bit=00000001
[SEU] addr=20003195 bit=00000002
[ERR] seq=3146 err=2508
[ERR] seq=3147 err=200
[SEU] addr=200031BF bit=00000005
[ERR] seq=3148 err=216
[ERR] seq=3149 err=32
[ERR] seq=3150 err=16
[SEU] addr=200031E7 bit=00000003
[SEU] addr=200031DC bit=00000003
[SEU] addr=200031A5 bit=00000003
[SEU] addr=20003161 bit=00000001
[SEU] addr=200031B9 bit=00000007
[SEU] addr=2000314E bit=00000005
[SAMPLE QUEUE backup CORRUPTED] backup repaired
[SEU] addr=20003170 bit=00000004
[SEU] addr=2000315B bit=00000006
[SEU] addr=20003156 bit=00000007
[CMD QUEUE CORRUPTED] primary repaired
[SEU] addr=200031CA bit=00000002
[SEU] addr=200031D0 bit=00000004
[SEU] addr=20003153 bit=00000006
[SEU] addr=200031A5 bit=00000004
[SEU] addr=200031B9 bit=00000003
[SEU] addr=20003191 bit=00000003
[ERR] seq=3221 err=2428
[ERR] seq=3222 err=192
[SEU] addr=2000315F bit=00000006
[CMD QUEUE backup CORRUPTED] backup repaired
[ERR] seq=3223 err=200
[ERR] seq=3224 err=24
[ERR] seq=3225 err=16
[SEU] addr=2000318F bit=00000001
[ERR] seq=3233 err=5128
[ERR] seq=3234 err=400
[ERR] seq=3235 err=424
[ERR] seq=3236 err=48
[ERR] seq=3237 err=24
[SEU] addr=200031A9 bit=00000000
[SEU] addr=200031D0 bit=00000005
[SEU] addr=20003180 bit=00000003
[SEU] addr=200031DA bit=00000004
[SEU] addr=20003154 bit=00000003
[CMD QUEUE CORRUPTED] primary repaired
[SEU] addr=20003157 bit=00000006
[CMD QUEUE CORRUPTED] primary repaired
[SEU] addr=200031A4 bit=00000007
[SEU] addr=20003165 bit=00000006
[SEU] addr=200031B6 bit=00000005
[SEU] addr=200031E3 bit=00000005
[SEU] addr=200031AD bit=00000007
[SEU] addr=200031E6 bit=00000005
[SEU] addr=20003171 bit=00000001
[SEU] addr=200031EB bit=00000003
[SEU] addr=20003165 bit=00000006
[SEU] addr=200031A0 bit=00000007
[SEU] addr=2000316C bit=00000002
[SEU] addr=20003171 bit=00000001
[SEU] addr=20003177 bit=00000001
[SEU] addr=20003150 bit=00000002
[SAMPLE QUEUE backup CORRUPTED] backup repaired
[SEU] addr=20003162 bit=00000007
[SEU] addr=20003160 bit=00000006
[CMD QUEUE backup CORRUPTED] backup repaired
[SEU] addr=2000316A bit=00000007
[SEU] addr=200031D7 bit=00000000
[SEU] addr=20003157 bit=00000002
[CMD QUEUE CORRUPTED] primary repaired
[SEU] addr=2000319A bit=00000000
[ERR] seq=3372 err=2492
[ERR] seq=3373 err=192
[SEU] addr=200031A5 bit=00000004
[ERR] seq=3374 err=200
[ERR] seq=3375 err=24
[ERR] seq=3376 err=16
[SEU] addr=2000316B bit=00000006
[SEU] addr=2000314A bit=00000005
[SEU] addr=200031D0 bit=00000006
[SEU] addr=200031AF bit=00000002
[SEU] addr=200031B3 bit=00000001
[SEU] addr=2000319D bit=00000001
[SEU] addr=20003163 bit=00000004
[SEU] addr=20003171 bit=00000007
[SEU] addr=200031C1 bit=00000003
[SEU] addr=2000315F bit=00000000
[CMD QUEUE backup CORRUPTED] backup repaired
[SEU] addr=20003188 bit=00000006
[SEU] addr=20003185 bit=00000004
[SEU] addr=20003171 bit=00000003
[SEU] addr=200031B8 bit=00000004
[SEU] addr=200031A6 bit=00000006
[SEU] addr=200031A6 bit=00000006
[SEU] addr=20003172 bit=00000004
[SEU] addr=200031C1 bit=00000005
[SEU] addr=2000319B bit=00000002
[ERR] seq=3486 err=2492
[ERR] seq=3487 err=192
[ERR] seq=3488 err=200
[ERR] seq=3489 err=24
[ERR] seq=3490 err=16
[SEU] addr=200031AB bit=00000006
[SEU] addr=20003170 bit=00000001
[SEU] addr=200031C6 bit=00000005
[SEU] addr=2000314F bit=00000002
[SAMPLE QUEUE backup CORRUPTED] backup repaired
[SEU] addr=2000316A bit=00000007
[SEU] addr=20003167 bit=00000006
[SEU] addr=2000316A bit=00000007
[SEU] addr=20003176 bit=00000001
[SEU] addr=200031E7 bit=00000007
[SEU] addr=20003196 bit=00000003
[ERR] seq=3542 err=2484
[ERR] seq=3543 err=192
[ERR] seq=3544 err=200
[ERR] seq=3545 err=24
[ERR] seq=3546 err=16
[SEU] addr=200031C9 bit=00000006
[SEU] addr=200031D4 bit=00000007
[SEU] addr=200031AB bit=00000004
[SEU] addr=200031D8 bit=00000004
[SEU] addr=2000315A bit=00000005
[SEU] addr=20003173 bit=00000006
[SEU] addr=200031D9 bit=00000000
[SEU] addr=20003145 bit=00000005
[SAMPLE QUEUE CORRUPTED] primary repaired
[SEU] addr=20003159 bit=00000004
[SEU] addr=2000316D bit=00000006
[SEU] addr=200031AE bit=00000006
[SEU] addr=20003185 bit=00000005
[SEU] addr=2000317B bit=00000000
[SEU] addr=200031AD bit=00000003
[SEU] addr=2000316A bit=00000005
[SEU] addr=200031D1 bit=00000006
[SEU] addr=200031B9 bit=00000006
[SEU] addr=20003172 bit=00000007
[SEU] addr=200031AA bit=00000003
[SEU] addr=200031E7 bit=00000006
[SEU] addr=20003167 bit=00000007
[SEU] addr=20003144 bit=00000000
[SAMPLE QUEUE CORRUPTED] primary repaired
[SEU] addr=20003144 bit=00000005
[SAMPLE QUEUE CORRUPTED] primary repaired
[SEU] addr=20003159 bit=00000005
[SEU] addr=20003174 bit=00000006
[SEU] addr=2000316C bit=00000002
[SEU] addr=200031A0 bit=00000003
[SEU] addr=20003159 bit=00000000
[SEU] addr=20003174 bit=00000001
[SEU] addr=2000314B bit=00000005
[SEU] addr=2000317F bit=00000005
[SEU] addr=20003172 bit=00000002
[SEU] addr=20003163 bit=00000006
[SEU] addr=20003184 bit=00000000
[SEU] addr=20003191 bit=00000007
[ERR] seq=3717 err=2476
[ERR] seq=3718 err=192
[ERR] seq=3719 err=200
[ERR] seq=3720 err=24
[ERR] seq=3721 err=16
[SEU] addr=200031C0 bit=00000001
[SEU] addr=200031C5 bit=00000007
[SEU] addr=2000318C bit=00000001
[ERR] seq=3741 err=136
[SEU] addr=20003173 bit=00000004
[SEU] addr=200031D9 bit=00000004
[SEU] addr=200031C5 bit=00000004
[SEU] addr=200031EB bit=00000003
[SEU] addr=200031E1 bit=00000007
[SEU] addr=2000316E bit=00000000
[SEU] addr=2000315B bit=00000004
[SEU] addr=200031D0 bit=00000006
[SEU] addr=2000316C bit=00000000
[SEU] addr=20003144 bit=00000002
[SAMPLE QUEUE CORRUPTED] primary repaired
[SEU] addr=200031E7 bit=00000000
[SEU] addr=2000315D bit=00000002
[CMD QUEUE backup CORRUPTED] backup repaired
[SEU] addr=200031A2 bit=00000003
[SEU] addr=20003192 bit=00000000
[ERR] seq=3811 err=2452
[ERR] seq=3812 err=192
[ERR] seq=3813 err=200
[ERR] seq=3814 err=24
[ERR] seq=3815 err=16
[SEU] addr=200031C3 bit=00000005
[SEU] addr=20003154 bit=00000007
[CMD QUEUE CORRUPTED] primary repaired
[SEU] addr=20003182 bit=00000007
[SEU] addr=2000319B bit=00000006
[SEU] addr=200031D9 bit=00000006
[SEU] addr=200031BA bit=00000001
[SEU] addr=20003188 bit=00000004
[SEU] addr=20003186 bit=00000006
[SEU] addr=20003184 bit=00000002
[SEU] addr=20003168 bit=00000003
[SEU] addr=2000318D bit=00000000
[ERR] seq=3869 err=6568
[ERR] seq=3870 err=512
[ERR] seq=3871 err=536
[SEU] addr=2000318C bit=00000005
[ERR] seq=3872 err=960
[ERR] seq=3873 err=40
[SEU] addr=200031C6 bit=00000002
[ERR] seq=3874 err=64
[SEU] addr=20003194 bit=00000005
[ERR] seq=3879 err=256
[ERR] seq=3880 err=16
[ERR] seq=3881 err=16
[SEU] addr=20003184 bit=00000000
[SEU] addr=200031D3 bit=00000006
[SEU] addr=2000317E bit=00000005
[SEU] addr=2000317D bit=00000002
[SEU] addr=200031CA bit=00000001
[SEU] addr=2000317F bit=00000006
[SEU] addr=200031C8 bit=00000000
[SEU] addr=200031A1 bit=00000002
[SEU] addr=20003146 bit=00000007
[SAMPLE QUEUE CORRUPTED] primary repaired
[SEU] addr=200031DD bit=00000004
[SEU] addr=200031B1 bit=00000006
[SEU] addr=2000315E bit=00000006
[CMD QUEUE backup CORRUPTED] backup repaired
[SEU] addr=20003150 bit=00000002
[SAMPLE QUEUE backup CORRUPTED] backup repaired
[SEU] addr=2000314B bit=00000001
[SEU] addr=200031E1 bit=00000004
[SEU] addr=200031C6 bit=00000007
[SEU] addr=2000316E bit=00000005
[SEU] addr=2000319B bit=00000002
[ERR] seq=3974 err=2524
[ERR] seq=3975 err=200
[ERR] seq=3976 err=216
[SEU] addr=200031D6 bit=00000003
[ERR] seq=3977 err=32
[ERR] seq=3978 err=16
[SEU] addr=20003195 bit=00000006
[ERR] seq=3981 err=2468
[ERR] seq=3982 err=192
[ERR] seq=3983 err=200
[ERR] seq=3984 err=24
[ERR] seq=3985 err=16
[SEU] addr=20003177 bit=00000005
[SEU] addr=20003149 bit=00000005
[SEU] addr=20003149 bit=00000005
[SEU] addr=200031A8 bit=00000003
[SEU] addr=2000316D bit=00000004
[SEU] addr=200031E1 bit=00000007
[SEU] addr=2000315B bit=00000003
[SEU] addr=2000315B bit=00000003
[SEU] addr=200031C7 bit=00000002
[SEU] addr=2000314E bit=00000001
[SAMPLE QUEUE backup CORRUPTED] backup repaired
[SEU] addr=20003182 bit=00000000
[SEU] addr=200031E5 bit=00000005
[SEU] addr=200031CE bit=00000007
[SEU] addr=20003195 bit=00000007
[ERR] seq=4055 err=2500
[ERR] seq=4056 err=200
[ERR] seq=4057 err=216
[SEU] addr=20003190 bit=00000006
[ERR] seq=4058 err=544
[ERR] seq=4059 err=56
[ERR] seq=4060 err=40
[SEU] addr=200031A7 bit=00000006
[SEU] addr=200031AF bit=00000002
[SEU] addr=200031AE bit=00000002
[SEU] addr=20003150 bit=00000004
[SAMPLE QUEUE backup CORRUPTED] backup repaired
[SEU] addr=200031E6 bit=00000000
[SEU] addr=200031A3 bit=00000005
[SEU] addr=2000319A bit=00000003
[ERR] seq=4097 err=2484
[ERR] seq=4098 err=192
[SEU] addr=20003192 bit=00000002
[ERR] seq=4099 err=2668
[ERR] seq=4100 err=216
[ERR] seq=4101 err=216
[ERR] seq=4102 err=24
[ERR] seq=4103 err=16
[SEU] addr=200031B3 bit=00000004
[SEU] addr=2000319D bit=00000000
[SEU] addr=20003196 bit=00000006
[ERR] seq=4121 err=2524
[ERR] seq=4122 err=200
[ERR] seq=4123 err=216
[ERR] seq=4124 err=32
[ERR] seq=4125 err=16
[SEU] addr=200031BF bit=00000006
[SEU] addr=20003196 bit=00000005
[ERR] seq=4134 err=2516
[ERR] seq=4135 err=200
[ERR] seq=4136 err=216
[ERR] seq=4137 err=32
[ERR] seq=4138 err=16
[SEU] addr=2000319E bit=00000000
[SEU] addr=20003162 bit=00000000
[SEU] addr=200031D7 bit=00000000
[SEU] addr=20003176 bit=00000000
[SEU] addr=200031B5 bit=00000007
[SEU] addr=2000318D bit=00000002
[ERR] seq=4159 err=5728
[ERR] seq=4160 err=448
[ERR] seq=4161 err=472
[ERR] seq=4162 err=48
[ERR] seq=4163 err=24
[SEU] addr=20003188 bit=00000000
[SEU] addr=20003174 bit=00000007
[SEU] addr=200031AD bit=00000001
[SEU] addr=20003191 bit=00000005
[ERR] seq=4189 err=2460
[ERR] seq=4190 err=192
[ERR] seq=4191 err=200
[ERR] seq=4192 err=24
[ERR] seq=4193 err=16
[SEU] addr=200031CE bit=00000004
[SEU] addr=20003196 bit=00000002
[ERR] seq=4205 err=2516
[ERR] seq=4206 err=200
[ERR] seq=4207 err=216
[SEU] addr=2000317C bit=00000000
[ERR] seq=4208 err=32
[ERR] seq=4209 err=16
[SEU] addr=200031A1 bit=00000005
[SEU] addr=2000314E bit=00000004
[SAMPLE QUEUE backup CORRUPTED] backup repaired
[SEU] addr=200031CC bit=00000004
[SEU] addr=200031A9 bit=00000005
[SEU] addr=2000317F bit=00000000
[SEU] addr=200031B5 bit=00000002
[SEU] addr=200031AA bit=00000004
[SEU] addr=20003154 bit=00000001
[CMD QUEUE CORRUPTED] primary repaired
[SEU] addr=200031BB bit=00000002
[SEU] addr=200031BB bit=00000001
[SEU] addr=20003189 bit=00000001
[SEU] addr=20003183 bit=00000005
[SEU] addr=20003168 bit=00000004
[SEU] addr=20003172 bit=00000004
[SEU] addr=200031BE bit=00000005
[SEU] addr=200031A2 bit=00000000
[SEU] addr=20003178 bit=00000000
[SEU] addr=20003179 bit=00000004
[SEU] addr=200031C9 bit=00000004
[SEU] addr=2000318F bit=00000001
[ERR] seq=4313 err=5128
[ERR] seq=4314 err=400
[ERR] seq=4315 err=424
[ERR] seq=4316 err=48
[ERR] seq=4317 err=24
[SEU] addr=2000316A bit=00000006
[SEU] addr=20003183 bit=00000001
[SEU] addr=200031AA bit=00000005
[SEU] addr=20003168 bit=00000004
[SEU] addr=200031E3 bit=00000005
[SEU] addr=200031E1 bit=00000007
[SEU] addr=2000315A bit=00000006
[SEU] addr=200031C7 bit=00000002
[SEU] addr=2000315A bit=00000002
[SEU] addr=2000318F bit=00000000
[ERR] seq=4360 err=3816
[ERR] seq=4361 err=288
[ERR] seq=4362 err=296
[ERR] seq=4363 err=16
[ERR] seq=4364 err=8
[SEU] addr=2000316A bit=00000003
[SEU] addr=200031EA bit=00000003
[SEU] addr=2000316C bit=00000000
[SEU] addr=200031D5 bit=00000000
[SEU] addr=20003145 bit=00000007
[SAMPLE QUEUE CORRUPTED] primary repaired
[SEU] addr=2000319D bit=00000005
[SEU] addr=200031DA bit=00000003
[SEU] addr=20003183 bit=00000007
[SEU] addr=20003185 bit=00000001
[SEU] addr=20003172 bit=00000006
[SEU] addr=20003167 bit=00000006
[SEU] addr=200031C7 bit=00000004
[SEU] addr=200031C2 bit=00000004
[SEU] addr=20003181 bit=00000000
[SEU] addr=200031AE bit=00000000
[SEU] addr=200031C8 bit=00000002
[SEU] addr=200031BF bit=00000002
[SEU] addr=200031E8 bit=00000007
[SEU] addr=20003183 bit=00000003
[SEU] addr=2000317D bit=00000003
[SEU] addr=20003156 bit=00000000
[CMD QUEUE CORRUPTED] primary repaired
[SEU] addr=200031A2 bit=00000004
[SEU] addr=20003198 bit=00000005
[ERR] seq=4514 err=256
[ERR] seq=4515 err=16
[ERR] seq=4516 err=16
[SEU] addr=2000316B bit=00000005
[SEU] addr=2000317B bit=00000002
[SEU] addr=200031C0 bit=00000000
[SEU] addr=2000316F bit=00000002
[SEU] addr=20003164 bit=00000007
[SEU] addr=2000314A bit=00000000
[SEU] addr=2000319C bit=00000007
[SEU] addr=20003179 bit=00000005
[SEU] addr=20003167 bit=00000002
[SEU] addr=20003172 bit=00000005
[SEU] addr=200031CB bit=00000007
[SEU] addr=200031BE bit=00000001
[SEU] addr=2000316B bit=00000006
[SEU] addr=200031AE bit=00000002
[SEU] addr=20003158 bit=00000003
[CMD QUEUE CORRUPTED] primary repaired
[SEU] addr=20003152 bit=00000005
[SEU] addr=20003162 bit=00000005
[SEU] addr=2000316B bit=00000001
[SEU] addr=200031C5 bit=00000006
[SEU] addr=200031BA bit=00000003
[SEU] addr=200031E9 bit=00000007
[SEU] addr=20003148 bit=00000000
[SAMPLE QUEUE CORRUPTED] primary repaired
[SEU] addr=20003157 bit=00000000
[CMD QUEUE CORRUPTED] primary repaired
[SEU] addr=20003146 bit=00000002
[SAMPLE QUEUE CORRUPTED] primary repaired
[SEU] addr=20003182 bit=00000003
[SEU] addr=2000316F bit=00000000
[SEU] addr=2000317E bit=00000004
[SEU] addr=200031D6 bit=00000003
[SEU] addr=20003147 bit=00000000
[SAMPLE QUEUE CORRUPTED] primary repaired
[SEU] addr=200031A3 bit=00000002
[SEU] addr=20003173 bit=00000006
[SEU] addr=2000319E bit=00000001
[SEU] addr=200031B0 bit=00000002
[SEU] addr=200031B1 bit=00000005
[SEU] addr=200031A7 bit=00000003
[SEU] addr=20003193 bit=00000005
[SEU] addr=2000319D bit=00000004
[SEU] addr=200031B4 bit=00000006
[SEU] addr=200031E5 bit=00000006
[SEU] addr=2000315C bit=00000000
[CMD QUEUE backup CORRUPTED] backup repaired
[SEU] addr=20003198 bit=00000005
[ERR] seq=4750 err=256
[ERR] seq=4751 err=16
[ERR] seq=4752 err=16
[SEU] addr=200031DA bit=00000004
[SEU] addr=200031BF bit=00000002
[SEU] addr=2000315B bit=00000000
[SEU] addr=20003168 bit=00000002
[SEU] addr=200031C3 bit=00000001
[SEU] addr=2000318D bit=00000000
[ERR] seq=4797 err=2808
[ERR] seq=4798 err=208
[ERR] seq=4799 err=216
[ERR] seq=4800 err=16
[ERR] seq=4801 err=8
[SEU] addr=200031C1 bit=00000004
[SEU] addr=2000316D bit=00000002
[SEU] addr=200031D0 bit=00000005
[SEU] addr=20003165 bit=00000003
[SEU] addr=200031DD bit=00000001
[SEU] addr=2000316A bit=00000004
[SEU] addr=2000315E bit=00000003
[CMD QUEUE backup CORRUPTED] backup repaired
[SEU] addr=20003183 bit=00000006
[SEU] addr=20003198 bit=00000007
[ERR] seq=4856 err=1024
[ERR] seq=4857 err=80
[SEU] addr=200031D2 bit=00000004
[ERR] seq=4858 err=80
[SEU] addr=20003189 bit=00000007
[SEU] addr=200031A1 bit=00000006
[SEU] addr=20003187 bit=00000001
[SEU] addr=200031B6 bit=00000003
[SEU] addr=2000316F bit=00000007
[SEU] addr=20003186 bit=00000007
[SEU] addr=200031A0 bit=00000001
[SEU] addr=200031C2 bit=00000001
[SEU] addr=2000318E bit=00000007
[ERR] seq=4914 err=10432
[ERR] seq=4915 err=816
[ERR] seq=4916 err=872
[ERR] seq=4917 err=112
[ERR] seq=4918 err=56
[SEU] addr=2000314C bit=00000001
[SAMPLE QUEUE backup CORRUPTED] backup repaired
[SEU] addr=20003188 bit=00000004
[SEU] addr=200031AA bit=00000004
[SEU] addr=200031C0 bit=00000004
[SEU] addr=2000315E bit=00000002
[CMD QUEUE backup CORRUPTED] backup repaired
[SEU] addr=2000318A bit=00000002
[SEU] addr=2000315C bit=00000004
[CMD QUEUE backup CORRUPTED] backup repaired
[SEU] addr=20003194 bit=00000001
[ERR] seq=4972 err=16
[SEU] addr=200031AD bit=00000001
[SEU] addr=200031E1 bit=00000005
[SEU] addr=20003157 bit=00000006
[CMD QUEUE CORRUPTED] primary repaired
[SEU] addr=20003160 bit=00000006
[CMD QUEUE backup CORRUPTED] backup repaired
[SEU] addr=200031B2 bit=00000007
[SEU] addr=200031B3 bit=00000002
[SEU] addr=20003188 bit=00000001
[SEU] addr=200031D9 bit=00000004
[SEU] addr=200031A3 bit=00000000
[SEU] addr=200031C2 bit=00000002
[SEU] addr=2000318F bit=00000005
[ERR] seq=5038 err=4304
[ERR] seq=5039 err=328
[ERR] seq=5040 err=336
[ERR] seq=5041 err=16
[ERR] seq=5042 err=8
[SEU] addr=2000315E bit=00000001
[CMD QUEUE backup CORRUPTED] backup repaired
[SEU] addr=20003166 bit=00000005
[SEU] addr=2000314D bit=00000002
[SAMPLE QUEUE backup CORRUPTED] backup repaired
[SEU] addr=200031AE bit=00000004
[SEU] addr=200031A4 bit=00000000
[SEU] addr=20003172 bit=00000006
[SEU] addr=20003191 bit=00000004
[ERR] seq=5078 err=2556
[ERR] seq=5079 err=200
[ERR] seq=5080 err=216
[ERR] seq=5081 err=32
[ERR] seq=5082 err=16
[SEU] addr=200031C5 bit=00000000
[SEU] addr=200031C9 bit=00000007
[SEU] addr=20003158 bit=00000004
[CMD QUEUE CORRUPTED] primary repaired
[SEU] addr=2000314E bit=00000000
[SAMPLE QUEUE backup CORRUPTED] backup repaired
[SEU] addr=2000319B bit=00000000
[ERR] seq=5101 err=2516
[ERR] seq=5102 err=200
[SEU] addr=200031BB bit=00000001
[ERR] seq=5103 err=216
[SEU] addr=20003191 bit=00000000
[ERR] seq=5104 err=2080
[ERR] seq=5105 err=176
[ERR] seq=5106 err=168
[ERR] seq=5107 err=16
[ERR] seq=5108 err=8
[SEU] addr=20003196 bit=00000000
[ERR] seq=5112 err=2484
[ERR] seq=5113 err=192
[ERR] seq=5114 err=200
[ERR] seq=5115 err=24
[ERR] seq=5116 err=16
[SEU] addr=200031B7 bit=00000001
[SEU] addr=200031D2 bit=00000001
[SEU] addr=20003161 bit=00000004
[SEU] addr=200031DD bit=00000002
[SEU] addr=200031CF bit=00000001
[SEU] addr=20003174 bit=00000003
[SEU] addr=200031A1 bit=00000002
[SEU] addr=20003178 bit=00000001
[SEU] addr=200031EB bit=00000002
[SEU] addr=2000317B bit=00000006
[SEU] addr=200031CD bit=00000007
[SEU] addr=2000316F bit=00000002
[SEU] addr=20003194 bit=00000004
[ERR] seq=5190 err=128
[ERR] seq=5191 err=8
[ERR] seq=5192 err=8
[SEU] addr=200031A3 bit=00000005
[SEU] addr=20003181 bit=00000000
[SEU] addr=200031D6 bit=00000006
[SEU] addr=2000319E bit=00000001
[SEU] addr=200031C5 bit=00000006
[SEU] addr=20003145 bit=00000003
[SAMPLE QUEUE CORRUPTED] primary repaired
[SEU] addr=2000315A bit=00000006
[SEU] addr=20003176 bit=00000000
[SEU] addr=20003198 bit=00000000
[ERR] seq=5238 err=8
[SEU] addr=200031DB bit=00000005
[SEU] addr=20003146 bit=00000003
[SAMPLE QUEUE CORRUPTED] primary repaired
[SEU] addr=200031C1 bit=00000003
[SEU] addr=200031B3 bit=00000004
[SEU] addr=2000314A bit=00000005
[SEU] addr=20003194 bit=00000006
[ERR] seq=5262 err=512
[ERR] seq=5263 err=40
[ERR] seq=5264 err=40
[SEU] addr=20003181 bit=00000006
[SEU] addr=20003159 bit=00000000
[SEU] addr=200031DA bit=00000005
[SEU] addr=200031B1 bit=00000000
[SEU] addr=2000317E bit=00000007
[SEU] addr=200031C3 bit=00000002
[SEU] addr=200031C7 bit=00000005
[SEU] addr=20003188 bit=00000004
[SEU] addr=20003147 bit=00000006
[SAMPLE QUEUE CORRUPTED] primary repaired
[SEU] addr=20003195 bit=00000005
[ERR] seq=5315 err=2500
[ERR] seq=5316 err=200
[ERR] seq=5317 err=216
[SEU] addr=200031B1 bit=00000005
[ERR] seq=5318 err=32
[ERR] seq=5319 err=16
[SEU] addr=200031B2 bit=00000003
[SEU] addr=20003144 bit=00000004
[SAMPLE QUEUE CORRUPTED] primary repaired
[SEU] addr=20003180 bit=00000003
[SEU] addr=200031B6 bit=00000002
[SEU] addr=200031C9 bit=00000006
[SEU] addr=2000314D bit=00000005
[SAMPLE QUEUE backup CORRUPTED] backup repaired
[SEU] addr=20003168 bit=00000005
[SEU] addr=200031C5 bit=00000006
[SEU] addr=20003191 bit=00000004
[ERR] seq=5364 err=2556
[ERR] seq=5365 err=200
[SEU] addr=20003197 bit=00000006
[ERR] seq=5366 err=216
[ERR] seq=5367 err=32
[SEU] addr=200031B1 bit=00000002
[ERR] seq=5368 err=16
[SEU] addr=20003163 bit=00000004
[SEU] addr=200031B9 bit=00000002
[SEU] addr=20003161 bit=00000000
[SEU] addr=20003147 bit=00000007
[SAMPLE QUEUE CORRUPTED] primary repaired
[SEU] addr=200031D1 bit=00000002
[SEU] addr=2000315D bit=00000000
[CMD QUEUE backup CORRUPTED] backup repaired
[SEU] addr=200031B2 bit=00000001
[SEU] addr=200031CC bit=00000005
[SEU] addr=20003166 bit=00000000
[SEU] addr=20003176 bit=00000006
[SEU] addr=2000318E bit=00000006
[ERR] seq=5425 err=7144
[ERR] seq=5426 err=560
[ERR] seq=5427 err=592
[ERR] seq=5428 err=64
[ERR] seq=5429 err=32
[SEU] addr=200031D9 bit=00000004
[SEU] addr=200031DA bit=00000002
[SEU] addr=20003163 bit=00000003
[SEU] addr=20003192 bit=00000007
[ERR] seq=5448 err=2548
[ERR] seq=5449 err=200
[ERR] seq=5450 err=216
[ERR] seq=5451 err=32
[SEU] addr=2000316A bit=00000003
[ERR] seq=5452 err=16
[SEU] addr=20003145 bit=00000005
[SAMPLE QUEUE CORRUPTED] primary repaired
[SEU] addr=20003159 bit=00000000
[SEU] addr=200031E5 bit=00000001
[SEU] addr=20003183 bit=00000003
[SEU] addr=200031A4 bit=00000006
[SEU] addr=20003160 bit=00000004
[CMD QUEUE backup CORRUPTED] backup repaired
[SEU] addr=2000319A bit=00000006
[ERR] seq=5485 err=2500
[ERR] seq=5486 err=200
[ERR] seq=5487 err=216
[ERR] seq=5488 err=32
[ERR] seq=5489 err=16
[SEU] addr=200031C5 bit=00000001
[SEU] addr=20003148 bit=00000005
[SAMPLE QUEUE CORRUPTED] primary repaired
[SEU] addr=20003182 bit=00000004
[SEU] addr=200031A9 bit=00000006
[SEU] addr=20003189 bit=00000004
[SEU] addr=200031E7 bit=00000005
[SEU] addr=20003148 bit=00000004
[SAMPLE QUEUE CORRUPTED] primary repaired
[SEU] addr=20003185 bit=00000001
[SEU] addr=2000319A bit=00000003
[ERR] seq=5527 err=2484
[ERR] seq=5528 err=192
[ERR] seq=5529 err=200
[ERR] seq=5530 err=24
[ERR] seq=5531 err=16
[SEU] addr=2000317C bit=00000007
[SEU] addr=2000319E bit=00000004
[SEU] addr=200031B4 bit=00000002
[SEU] addr=20003172 bit=00000003
[SEU] addr=200031C6 bit=00000000
[SEU] addr=2000318D bit=00000006
[ERR] seq=5554 err=6224
[ERR] seq=5555 err=488
[ERR] seq=5556 err=512
[ERR] seq=5557 err=48
[SEU] addr=20003175 bit=00000000
[ERR] seq=5558 err=24
[SEU] addr=2000315F bit=00000006
[CMD QUEUE backup CORRUPTED] backup repaired
[SEU] addr=200031D9 bit=00000006
[SEU] addr=200031CC bit=00000001
[SEU] addr=200031BF bit=00000002
[SEU] addr=200031DF bit=00000003
[SEU] addr=2000318F bit=00000000
[ERR] seq=5580 err=5656
[ERR] seq=5581 err=440
[ERR] seq=5582 err=464
[ERR] seq=5583 err=48
[ERR] seq=5584 err=24
[SEU] addr=200031A6 bit=00000006
[SEU] addr=20003172 bit=00000000
[SEU] addr=200031A1 bit=00000007
[SEU] addr=20003148 bit=00000006
[SAMPLE QUEUE CORRUPTED] primary repaired
[SEU] addr=20003163 bit=00000004
[SEU] addr=200031D3 bit=00000004
[SEU] addr=200031EB bit=00000001
[SEU] addr=200031B4 bit=00000004
[SEU] addr=200031B1 bit=00000006
[SEU] addr=200031E6 bit=00000005
[SEU] addr=20003195 bit=00000007
[ERR] seq=5641 err=2516
[ERR] seq=5642 err=200
[ERR] seq=5643 err=216
[ERR] seq=5644 err=32
[ERR] seq=5645 err=16
[SEU] addr=200031A5 bit=00000007
[SEU] addr=2000315B bit=00000006
[SEU] addr=200031DF bit=00000000
[SEU] addr=20003151 bit=00000000
[SEU] addr=2000318A bit=00000006
[SEU] addr=200031E3 bit=00000002
[SEU] addr=20003169 bit=00000005
[SEU] addr=20003166 bit=00000006
[SEU] addr=20003151 bit=00000004
[SEU] addr=200031CE bit=00000007
[SEU] addr=200031B8 bit=00000000
[SEU] addr=200031E8 bit=00000007
[SEU] addr=200031D1 bit=00000006
[SEU] addr=20003196 bit=00000004
[ERR] seq=5718 err=2476
[ERR] seq=5719 err=192
[ERR] seq=5720 err=200
[ERR] seq=5721 err=24
[ERR] seq=5722 err=16
[SEU] addr=200031D3 bit=00000000
[SEU] addr=2000319D bit=00000004
[SEU] addr=2000316A bit=00000001
[SEU] addr=2000316B bit=00000003
[SEU] addr=200031BA bit=00000002
[SEU] addr=200031E8 bit=00000003
[SEU] addr=200031B1 bit=00000007
[SEU] addr=2000316C bit=00000007
[SEU] addr=200031A8 bit=00000006
[SEU] addr=20003179 bit=00000003
[SEU] addr=2000319B bit=00000000
[ERR] seq=5785 err=2524
[SEU] addr=20003177 bit=00000007
[ERR] seq=5786 err=200
[ERR] seq=5787 err=216
[ERR] seq=5788 err=32
[ERR] seq=5789 err=16
[SEU] addr=200031C1 bit=00000000
[SEU] addr=200031DF bit=00000005
[SEU] addr=2000317E bit=00000004
[SEU] addr=20003197 bit=00000004
[ERR] seq=5810 err=2532
[ERR] seq=5811 err=200
[ERR] seq=5812 err=216
[ERR] seq=5813 err=32
[ERR] seq=5814 err=16
[SEU] addr=20003145 bit=00000004
[SAMPLE QUEUE CORRUPTED] primary repaired
[SEU] addr=200031C6 bit=00000004
[SEU] addr=2000316F bit=00000003
[SEU] addr=20003162 bit=00000004
[SEU] addr=20003165 bit=00000007
[SEU] addr=200031A2 bit=00000002
[SEU] addr=2000315A bit=00000000
[SEU] addr=2000314B bit=00000007
[SEU] addr=200031A1 bit=00000001
[SEU] addr=2000318B bit=00000007
[SEU] addr=200031D8 bit=00000005
[SEU] addr=200031BA bit=00000003
[SEU] addr=2000317C bit=00000006
[SEU] addr=20003185 bit=00000006
[SEU] addr=2000315A bit=00000005
[SEU] addr=200031CC bit=00000000
[SEU] addr=200031DD bit=00000007
[SEU] addr=20003147 bit=00000001
[SAMPLE QUEUE CORRUPTED] primary repaired
[SEU] addr=200031B7 bit=00000000
[SEU] addr=200031D5 bit=00000006
[SEU] addr=20003148 bit=00000006
[SAMPLE QUEUE CORRUPTED] primary repaired
[SEU] addr=20003162 bit=00000007
[SEU] addr=20003154 bit=00000006
[CMD QUEUE CORRUPTED] primary repaired
[SEU] addr=20003193 bit=00000000
[ERR] seq=5945 err=2452
[ERR] seq=5946 err=192
[ERR] seq=5947 err=200
[ERR] seq=5948 err=24
[SEU] addr=20003160 bit=00000003
[CMD QUEUE backup CORRUPTED] backup repaired
[ERR] seq=5949 err=16
[SEU] addr=200031BD bit=00000004
[SEU] addr=200031EA bit=00000000
[SEU] addr=20003158 bit=00000001
[CMD QUEUE CORRUPTED] primary repaired
[SEU] addr=200031C5 bit=00000006
[SEU] addr=200031E6 bit=00000002
[SEU] addr=200031B5 bit=00000004
[SEU] addr=200031AF bit=00000007
[SEU] addr=20003160 bit=00000000
[CMD QUEUE backup CORRUPTED] backup repaired
[SEU] addr=200031BA bit=00000005
[SEU] addr=200031C0 bit=00000006
[SEU] addr=20003146 bit=00000002
[SAMPLE QUEUE CORRUPTED] primary repaired
[SEU] addr=2000316E bit=00000001
[SEU] addr=200031E3 bit=00000001
[SEU] addr=2000318D bit=00000007
[ERR] seq=6040 err=56
[SEU] addr=200031BC bit=00000006
[SEU] addr=20003182 bit=00000006
[SEU] addr=200031D1 bit=00000007
[SEU] addr=20003168 bit=00000005
[SEU] addr=20003154 bit=00000001
[CMD QUEUE CORRUPTED] primary repaired
[SEU] addr=200031E4 bit=00000007
[SEU] addr=2000317C bit=00000004
[SEU] addr=2000314F bit=00000006
[SAMPLE QUEUE backup CORRUPTED] backup repaired
[SEU] addr=20003155 bit=00000001
[CMD QUEUE CORRUPTED] primary repaired
[SEU] addr=20003192 bit=00000005
[ERR] seq=6088 err=2564
[ERR] seq=6089 err=200
[ERR] seq=6090 err=216
[ERR] seq=6091 err=32
[ERR] seq=6092 err=16
[SEU] addr=20003172 bit=00000000
[SEU] addr=200031E2 bit=00000003
[SEU] addr=200031DD bit=00000006
[SEU] addr=200031A0 bit=00000007
[SEU] addr=20003183 bit=00000000
[SEU] addr=200031D7 bit=00000000
[SEU] addr=200031EA bit=00000000
[SEU] addr=200031A8 bit=00000007
[SEU] addr=200031B1 bit=00000002
[SEU] addr=2000316B bit=00000004
[SEU] addr=20003188 bit=00000004
[SEU] addr=2000315E bit=00000004
[CMD QUEUE backup CORRUPTED] backup repaired
[SEU] addr=200031B6 bit=00000007
[SEU] addr=200031B6 bit=00000002
[SEU] addr=20003155 bit=00000002
[CMD QUEUE CORRUPTED] primary repaired
[SEU] addr=2000315D bit=00000006
[CMD QUEUE backup CORRUPTED] backup repaired
[SEU] addr=20003170 bit=00000006
[SEU] addr=20003152 bit=00000000
[SEU] addr=20003153 bit=00000004
[SEU] addr=200031E8 bit=00000000
[SEU] addr=200031BC bit=00000005
[SEU] addr=200031AD bit=00000001
[SEU] addr=20003154 bit=00000007
[CMD QUEUE CORRUPTED] primary repaired
[SEU] addr=200031C2 bit=00000007
[SEU] addr=20003184 bit=00000000
[SEU] addr=20003158 bit=00000003
[CMD QUEUE CORRUPTED] primary repaired
[SEU] addr=20003189 bit=00000006
[SEU] addr=200031CF bit=00000001
[SEU] addr=200031E4 bit=00000000
[SEU] addr=200031A4 bit=00000001
[SEU] addr=20003182 bit=00000004
[SEU] addr=200031D3 bit=00000000
[SEU] addr=200031E9 bit=00000007
[SEU] addr=20003145 bit=00000007
[SAMPLE QUEUE CORRUPTED] primary repaired
[SEU] addr=2000315B bit=00000004
[SEU] addr=20003173 bit=00000002
[SEU] addr=2000314B bit=00000007
[SEU] addr=200031CF bit=00000002
[SEU] addr=200031B5 bit=00000001
[SEU] addr=200031E7 bit=00000000
[SEU] addr=200031B7 bit=00000001
[SEU] addr=2000317C bit=00000000
[SEU] addr=20003150 bit=00000002
[SAMPLE QUEUE backup CORRUPTED] backup repaired
[SEU] addr=20003189 bit=00000002
[SEU] addr=200031AE bit=00000007
[SEU] addr=2000317E bit=00000000
[SEU] addr=200031C2 bit=00000000
[SEU] addr=200031CE bit=00000005
[SEU] addr=20003192 bit=00000003
[ERR] seq=6355 err=2468
[SEU] addr=200031E3 bit=00000004
[ERR] seq=6356 err=192
[ERR] seq=6357 err=200
[ERR] seq=6358 err=24
[ERR] seq=6359 err=16
[SEU] addr=2000319D bit=00000001
[SEU] addr=200031DC bit=00000004
[SEU] addr=20003160 bit=00000001
[CMD QUEUE backup CORRUPTED] backup repaired
[SEU] addr=2000315B bit=00000006
[SEU] addr=200031A5 bit=00000003
[SEU] addr=20003192 bit=00000002
[ERR] seq=6400 err=460
[ERR] seq=6401 err=32
[ERR] seq=6402 err=32
[SEU] addr=200031B6 bit=00000002
[SEU] addr=200031E3 bit=00000003
[SEU] addr=200031CC bit=00000004
[SEU] addr=20003171 bit=00000002
[SEU] addr=2000314F bit=00000002
[SAMPLE QUEUE backup CORRUPTED] backup repaired
[SEU] addr=200031D9 bit=00000005
[SEU] addr=20003186 bit=00000004
[SEU] addr=200031A5 bit=00000007
[SEU] addr=2000314A bit=00000002
[SEU] addr=200031E0 bit=00000002
[SEU] addr=20003192 bit=00000007
[ERR] seq=6444 err=2556
[ERR] seq=6445 err=200
[ERR] seq=6446 err=216
[ERR] seq=6447 err=32
[ERR] seq=6448 err=16
[SEU] addr=200031D3 bit=00000007
[SEU] addr=200031EB bit=00000004
[SEU] addr=200031D2 bit=00000006
[SEU] addr=200031E2 bit=00000001
[SEU] addr=200031A0 bit=00000006
[SEU] addr=200031C2 bit=00000005
[SEU] addr=20003186 bit=00000005
[SEU] addr=20003169 bit=00000000
[SEU] addr=2000314C bit=00000005
[SAMPLE QUEUE backup CORRUPTED] backup repaired
[SEU] addr=200031B0 bit=00000006
[SEU] addr=2000319E bit=00000002
[SEU] addr=200031AD bit=00000007
[SEU] addr=200031D3 bit=00000003
[SEU] addr=200031D2 bit=00000003
[SEU] addr=200031AD bit=00000002
[SEU] addr=2000319A bit=00000004
[ERR] seq=6553 err=2508
[ERR] seq=6554 err=200
[ERR] seq=6555 err=216
[ERR] seq=6556 err=32
[ERR] seq=6557 err=16
[SEU] addr=20003196 bit=00000001
[ERR] seq=6561 err=2492
[ERR] seq=6562 err=192
[ERR] seq=6563 err=200
[ERR] seq=6564 err=24
[ERR] seq=6565 err=16
[SEU] addr=20003147 bit=00000002
[SAMPLE QUEUE CORRUPTED] primary repaired
[SEU] addr=200031D5 bit=00000002
[SEU] addr=20003149 bit=00000003
[SEU] addr=200031DA bit=00000001
[SEU] addr=20003190 bit=00000005
[ERR] seq=6601 err=256
[ERR] seq=6602 err=16
[ERR] seq=6603 err=16
[SEU] addr=200031D6 bit=00000001
[SEU] addr=20003191 bit=00000001
[ERR] seq=6618 err=2540
[ERR] seq=6619 err=200
[ERR] seq=6620 err=216
[ERR] seq=6621 err=32
[ERR] seq=6622 err=16
[SEU] addr=20003183 bit=00000002
[SEU] addr=200031D9 bit=00000007
[SEU] addr=2000316C bit=00000007
[SEU] addr=200031E8 bit=00000003
[SEU] addr=20003197 bit=00000001
[ERR] seq=6655 err=2532
[ERR] seq=6656 err=200
[ERR] seq=6657 err=216
[ERR] seq=6658 err=32
[ERR] seq=6659 err=16
[SEU] addr=20003144 bit=00000003
[SAMPLE QUEUE CORRUPTED] primary repaired
[SEU] addr=200031BC bit=00000003
[SEU] addr=200031CC bit=00000007
[SEU] addr=200031CB bit=00000003
[SEU] addr=200031E6 bit=00000007
[SEU] addr=200031EA bit=00000007
[SEU] addr=200031D3 bit=00000004
[SEU] addr=2000314C bit=00000001
[SAMPLE QUEUE backup CORRUPTED] backup repaired
[SEU] addr=200031C9 bit=00000002
[SEU] addr=20003199 bit=00000006
[ERR] seq=6704 err=2492
[ERR] seq=6705 err=192
[ERR] seq=6706 err=200
[SEU] addr=200031BD bit=00000001
[ERR] seq=6707 err=24
[ERR] seq=6708 err=16
[SEU] addr=200031BC bit=00000003
[SEU] addr=200031DE bit=00000005
[SEU] addr=200031C3 bit=00000001
[SEU] addr=2000317C bit=00000007
[SEU] addr=2000317D bit=00000000
[SEU] addr=2000319D bit=00000006
[SEU] addr=200031A1 bit=00000003
[SEU] addr=200031D4 bit=00000001
[SEU] addr=200031DE bit=00000007
[SEU] addr=20003180 bit=00000007
[SEU] addr=20003163 bit=00000005
[SEU] addr=2000316F bit=00000003
[SEU] addr=20003154 bit=00000001
[CMD QUEUE CORRUPTED] primary repaired
[SEU] addr=200031CC bit=00000000
[SEU] addr=200031C8 bit=00000007
[SEU] addr=20003146 bit=00000003
[SAMPLE QUEUE CORRUPTED] primary repaired
[SEU] addr=2000318E bit=00000005
[ERR] seq=6793 err=11928
[ERR] seq=6794 err=944
[ERR] seq=6795 err=1008
[ERR] seq=6796 err=128
[SEU] addr=200031C6 bit=00000007
[ERR] seq=6797 err=64
[SEU] addr=2000314D bit=00000003
[SAMPLE QUEUE backup CORRUPTED] backup repaired
[SEU] addr=2000316D bit=00000002
[SEU] addr=200031E2 bit=00000005
[SEU] addr=200031AA bit=00000003
[SEU] addr=200031BE bit=00000001
[SEU] addr=200031B0 bit=00000004
[SEU] addr=20003144 bit=00000001
[SAMPLE QUEUE CORRUPTED] primary repaired
[SEU] addr=20003159 bit=00000006
[SEU] addr=200031A6 bit=00000000
[SEU] addr=2000319B bit=00000004
[ERR] seq=6851 err=2524
[ERR] seq=6852 err=200
[ERR] seq=6853 err=216
[ERR] seq=6854 err=32
[ERR] seq=6855 err=16
[SEU] addr=20003155 bit=00000001
[CMD QUEUE CORRUPTED] primary repaired
[SEU] addr=20003187 bit=00000000
[SEU] addr=200031AD bit=00000002
[SEU] addr=2000319D bit=00000005
[SEU] addr=2000317A bit=00000002
[SEU] addr=200031B9 bit=00000006
[SEU] addr=20003184 bit=00000004
[SEU] addr=200031B3 bit=00000005
[SEU] addr=2000316D bit=00000005
[SEU] addr=2000314C bit=00000005
[SAMPLE QUEUE backup CORRUPTED] backup repaired
[SEU] addr=20003181 bit=00000004
[SEU] addr=200031B4 bit=00000002
[SEU] addr=20003174 bit=00000007
[SEU] addr=20003184 bit=00000002
[SEU] addr=200031A0 bit=00000003
[SEU] addr=20003147 bit=00000003
[SAMPLE QUEUE CORRUPTED] primary repaired
[SEU] addr=2000316F bit=00000004
[SEU] addr=2000315D bit=00000007
[CMD QUEUE backup CORRUPTED] backup repaired
[SEU] addr=20003164 bit=00000006
[SEU] addr=200031E2 bit=00000005
[SEU] addr=200031A4 bit=00000004
[SEU] addr=2000315F bit=00000001
[CMD QUEUE backup CORRUPTED] backup repaired
[SEU] addr=200031D9 bit=00000004
[SEU] addr=2000319C bit=00000004
[SEU] addr=200031E1 bit=00000004
[SEU] addr=2000314A bit=00000000
[SEU] addr=200031A2 bit=00000001
[SEU] addr=20003154 bit=00000003
[CMD QUEUE CORRUPTED] primary repaired
[SEU] addr=20003149 bit=00000004
[SEU] addr=20003155 bit=00000000
[CMD QUEUE CORRUPTED] primary repaired
[SEU] addr=200031E8 bit=00000003
[SEU] addr=20003175 bit=00000002
[SEU] addr=20003157 bit=00000004
[CMD QUEUE CORRUPTED] primary repaired
[SEU] addr=200031BD bit=00000001
[SEU] addr=20003199 bit=00000004
[ERR] seq=7050 err=2484
[ERR] seq=7051 err=192
[ERR] seq=7052 err=200
[ERR] seq=7053 err=24
[ERR] seq=7054 err=16
[SEU] addr=20003151 bit=00000002
[SEU] addr=200031DA bit=00000007
[SEU] addr=200031A9 bit=00000000
[SEU] addr=20003188 bit=00000003
[SEU] addr=200031E8 bit=00000005
[SEU] addr=20003191 bit=00000000
[ERR] seq=7084 err=2048
[SEU] addr=20003184 bit=00000006
[ERR] seq=7085 err=160
[ERR] seq=7086 err=168
[ERR] seq=7087 err=16
[ERR] seq=7088 err=8
[SEU] addr=200031DF bit=00000001
[SEU] addr=200031A9 bit=00000000
[SEU] addr=200031BD bit=00000003
[SEU] addr=20003144 bit=00000005
[SAMPLE QUEUE CORRUPTED] primary repaired
[SEU] addr=20003160 bit=00000005
[CMD QUEUE backup CORRUPTED] backup repaired
[SEU] addr=2000319F bit=00000005
[SEU] addr=200031BB bit=00000003
[SEU] addr=20003167 bit=00000003
[SEU] addr=200031BF bit=00000002
[SEU] addr=200031B8 bit=00000000
[SEU] addr=200031C1 bit=00000001
[SEU] addr=2000314F bit=00000000
[SAMPLE QUEUE backup CORRUPTED] backup repaired
[SEU] addr=20003192 bit=00000006
[ERR] seq=7155 err=2548
[ERR] seq=7156 err=200
[ERR] seq=7157 err=216
[ERR] seq=7158 err=32
[SEU] addr=200031BF bit=00000001
[ERR] seq=7159 err=16
[SEU] addr=2000319C bit=00000007
[SEU] addr=2000315E bit=00000005
[CMD QUEUE backup CORRUPTED] backup repaired
[SEU] addr=2000314C bit=00000003
[SAMPLE QUEUE backup CORRUPTED] backup repaired
[SEU] addr=2000315C bit=00000004
[CMD QUEUE backup CORRUPTED] backup repaired
[SEU] addr=200031A1 bit=00000007
[SEU] addr=200031C5 bit=00000007
[SEU] addr=200031C7 bit=00000001
[SEU] addr=200031DD bit=00000002
[SEU] addr=20003198 bit=00000005
[ERR] seq=7212 err=256
[ERR] seq=7213 err=16
[ERR] seq=7214 err=16
[SEU] addr=20003161 bit=00000007
[SEU] addr=2000316F bit=00000002
[SEU] addr=2000314B bit=00000000
[SEU] addr=200031CD bit=00000003
[SEU] addr=20003179 bit=00000005
[SEU] addr=200031C9 bit=00000004
[SEU] addr=20003165 bit=00000006
[SEU] addr=2000315E bit=00000004
[CMD QUEUE backup CORRUPTED] backup repaired
[SEU] addr=200031AA bit=00000005
[SEU] addr=200031E3 bit=00000001
[SEU] addr=2000318B bit=00000001
[SEU] addr=200031EB bit=00000007
[SEU] addr=2000317F bit=00000003
[SEU] addr=200031E0 bit=00000007
[SEU] addr=2000315E bit=00000004
[CMD QUEUE backup CORRUPTED] backup repaired
[SEU] addr=20003176 bit=00000006
[SEU] addr=20003159 bit=00000001
[SEU] addr=200031BC bit=00000004
[SEU] addr=20003164 bit=00000001
[SEU] addr=200031BD bit=00000006
[SEU] addr=200031D9 bit=00000005
[SEU] addr=20003184 bit=00000007
[SEU] addr=200031DF bit=00000002
[SEU] addr=2000315A bit=00000001
[SEU] addr=20003176 bit=00000002
[SEU] addr=200031AF bit=00000007
[SEU] addr=20003150 bit=00000004
[SAMPLE QUEUE backup CORRUPTED] backup repaired
[SEU] addr=2000318A bit=00000004
[SEU] addr=200031EB bit=00000001
[SEU] addr=20003159 bit=00000006
[SEU] addr=200031AF bit=00000001
[SEU] addr=2000317D bit=00000005
[SEU] addr=200031C0 bit=00000003
[SEU] addr=20003176 bit=00000007
[SEU] addr=200031B6 bit=00000006
[SEU] addr=2000318E bit=00000005
[ERR] seq=7447 err=10192
[ERR] seq=7448 err=800
[ERR] seq=7449 err=856
[ERR] seq=7450 err=112
[ERR] seq=7451 err=56
[SEU] addr=200031CB bit=00000000
[SEU] addr=20003181 bit=00000004
[SEU] addr=20003196 bit=00000007
[ERR] seq=7468 err=2500
[ERR] seq=7469 err=200
[ERR] seq=7470 err=216
[ERR] seq=7471 err=32
[ERR] seq=7472 err=16
[SEU] addr=20003171 bit=00000003
[SEU] addr=200031E7 bit=00000005
[SEU] addr=200031AB bit=00000002
[SEU] addr=200031B3 bit=00000007
[SEU] addr=200031A6 bit=00000000
[SEU] addr=20003167 bit=00000002
[SEU] addr=20003164 bit=00000004
[SEU] addr=200031D0 bit=00000004
[SEU] addr=200031D5 bit=00000007
[SEU] addr=200031D1 bit=00000004
[SEU] addr=20003164 bit=00000005
[SEU] addr=200031B1 bit=00000001
[SEU] addr=20003195 bit=00000002
[ERR] seq=7534 err=2468
[ERR] seq=7535 err=192
[ERR] seq=7536 err=200
[ERR] seq=7537 err=24
[ERR] seq=7538 err=16
[SEU] addr=20003151 bit=00000007
[SEU] addr=20003163 bit=00000000
[SEU] addr=20003157 bit=00000006
[CMD QUEUE CORRUPTED] primary repaired
[SEU] addr=200031A0 bit=00000003
[SEU] addr=200031D2 bit=00000001
[SEU] addr=2000315C bit=00000005
[CMD QUEUE backup CORRUPTED] backup repaired
[SEU] addr=200031A9 bit=00000002
[SEU] addr=200031A5 bit=00000004
[SEU] addr=20003186 bit=00000007
[SEU] addr=2000317A bit=00000003
[SEU] addr=200031A1 bit=00000002
[SEU] addr=200031E0 bit=00000004
[SEU] addr=200031BD bit=00000007
[SEU] addr=200031DE bit=00000000
[SEU] addr=200031A2 bit=00000005
[SEU] addr=20003175 bit=00000006
[SEU] addr=20003195 bit=00000000
[ERR] seq=7623 err=2048
[ERR] seq=7624 err=160
[ERR] seq=7625 err=168
[ERR] seq=7626 err=16
[ERR] seq=7627 err=8
[SEU] addr=20003159 bit=00000006
[SEU] addr=20003151 bit=00000002
[SEU] addr=20003158 bit=00000001
[CMD QUEUE CORRUPTED] primary repaired
[SEU] addr=200031E9 bit=00000001
[SEU] addr=20003168 bit=00000004
[SEU] addr=20003199 bit=00000006
[ERR] seq=7664 err=2500
[ERR] seq=7665 err=200
[ERR] seq=7666 err=216
[ERR] seq=7667 err=32
[ERR] seq=7668 err=16
[SEU] addr=200031A9 bit=00000003
[SEU] addr=2000314B bit=00000007
[SEU] addr=200031A2 bit=00000007
[SEU] addr=200031B3 bit=00000004
[SEU] addr=2000318F bit=00000001
[ERR] seq=7694 err=376
[ERR] seq=7695 err=24
[ERR] seq=7696 err=24
[SEU] addr=20003186 bit=00000006
[SEU] addr=200031B9 bit=00000007
[SEU] addr=2000319D bit=00000007
[SEU] addr=20003159 bit=00000006
[SEU] addr=200031AF bit=00000006
[SEU] addr=20003170 bit=00000005
[SEU] addr=200031D4 bit=00000006
[SEU] addr=2000314E bit=00000000
[SAMPLE QUEUE backup CORRUPTED] backup repaired
[SEU] addr=200031A2 bit=00000002
[SEU] addr=200031B9 bit=00000002
[SEU] addr=200031A2 bit=00000002
[SEU] addr=20003182 bit=00000000
[SEU] addr=20003164 bit=00000002
[SEU] addr=2000314B bit=00000004
[SEU] addr=20003187 bit=00000000
[SEU] addr=20003189 bit=00000002
[SEU] addr=200031EA bit=00000005
[SEU] addr=200031A9 bit=00000001
[SEU] addr=200031BC bit=00000000
[SEU] addr=2000318E bit=00000007
[ERR] seq=7787 err=10288
[ERR] seq=7788 err=816
[ERR] seq=7789 err=872
[ERR] seq=7790 err=112
[ERR] seq=7791 err=56
[SEU] addr=2000316B bit=00000005
[SEU] addr=200031C5 bit=00000006
[SEU] addr=20003199 bit=00000005
[ERR] seq=7809 err=2508
[ERR] seq=7810 err=200
[ERR] seq=7811 err=216
[ERR] seq=7812 err=32
[ERR] seq=7813 err=16
[SEU] addr=200031C9 bit=00000001
[SEU] addr=20003166 bit=00000002
[SEU] addr=2000317A bit=00000004
[SEU] addr=20003189 bit=00000006
[SEU] addr=20003173 bit=00000007
[SEU] addr=200031D9 bit=00000003
[SEU] addr=200031A8 bit=00000005
[SEU] addr=200031C3 bit=00000002
[SEU] addr=20003163 bit=00000005
[SEU] addr=20003188 bit=00000004
[SEU] addr=20003158 bit=00000006
[CMD QUEUE CORRUPTED] primary repaired
[SEU] addr=20003157 bit=00000007
[CMD QUEUE CORRUPTED] primary repaired
[SEU] addr=200031A0 bit=00000003
[SEU] addr=200031AC bit=00000000
[SEU] addr=200031BB bit=00000005
[SEU] addr=200031B9 bit=00000000
[SEU] addr=200031A4 bit=00000007
[SEU] addr=2000314A bit=00000004
[SEU] addr=20003197 bit=00000001
[ERR] seq=7906 err=2460
[ERR] seq=7907 err=192
[ERR] seq=7908 err=200
[ERR] seq=7909 err=24
[ERR] seq=7910 err=16
[SEU] addr=2000314D bit=00000005
[SAMPLE QUEUE backup CORRUPTED] backup repaired
[SEU] addr=20003184 bit=00000007
[SEU] addr=2000317D bit=00000003
[SEU] addr=20003197 bit=00000000
[ERR] seq=7929 err=2460
[ERR] seq=7930 err=192
[ERR] seq=7931 err=200
[ERR] seq=7932 err=24
[ERR] seq=7933 err=16
[SEU] addr=20003164 bit=00000003
[SEU] addr=2000317F bit=00000004
[SEU] addr=20003179 bit=00000000
[SEU] addr=200031A0 bit=00000005
[SEU] addr=200031DE bit=00000004
[SEU] addr=200031DE bit=00000006
[SEU] addr=200031E3 bit=00000004
[SEU] addr=200031B0 bit=00000000
[SEU] addr=20003184 bit=00000005
[SEU] addr=200031B0 bit=00000004
[SEU] addr=200031CA bit=00000000
[SEU] addr=200031A9 bit=00000000
[SEU] addr=20003192 bit=00000000
[ERR] seq=8001 err=2516
[ERR] seq=8002 err=200
[ERR] seq=8003 err=216
[ERR] seq=8004 err=32
[ERR] seq=8005 err=16
[SEU] addr=200031C9 bit=00000001
[SEU] addr=200031D2 bit=00000002
[SEU] addr=200031CB bit=00000001
[SEU] addr=200031DE bit=00000005
[SEU] addr=200031B9 bit=00000001
[SEU] addr=200031E4 bit=00000001
[SEU] addr=20003161 bit=00000006
[SEU] addr=2000317C bit=00000000
[SEU] addr=2000314A bit=00000001
[SEU] addr=2000318E bit=00000002
[ERR] seq=8063 err=6544
[ERR] seq=8064 err=504
[ERR] seq=8065 err=528
[ERR] seq=8066 err=48
[ERR] seq=8067 err=24
[SEU] addr=20003157 bit=00000006
[CMD QUEUE CORRUPTED] primary repaired
[SEU] addr=200031EB bit=00000005
[SEU] addr=2000319B bit=00000003
[ERR] seq=8071 err=2484
[ERR] seq=8072 err=192
[ERR] seq=8073 err=200
[ERR] seq=8074 err=24
[SEU] addr=200031E2 bit=00000001
[ERR] seq=8075 err=16
[SEU] addr=20003185 bit=00000005
[SEU] addr=2000318A bit=00000006
[SEU] addr=200031DE bit=00000001
[SEU] addr=200031EA bit=00000005
[SEU] addr=20003159 bit=00000007
[SEU] addr=200031C2 bit=00000004
[SEU] addr=200031B9 bit=00000002
[SEU] addr=20003191 bit=00000004
[ERR] seq=8105 err=2452
[ERR] seq=8106 err=192
[ERR] seq=8107 err=200
[ERR] seq=8108 err=24
[ERR] seq=8109 err=16
[SEU] addr=20003152 bit=00000007
[SEU] addr=2000314A bit=00000005
[SEU] addr=20003173 bit=00000007
[SEU] addr=200031A0 bit=00000005
[SEU] addr=20003159 bit=00000005
[SEU] addr=20003186 bit=00000001
[SEU] addr=200031EB bit=00000006
[SEU] addr=20003184 bit=00000002
[SEU] addr=20003194 bit=00000003
[ERR] seq=8157 err=64
[SEU] addr=20003151 bit=00000002
[SEU] addr=20003174 bit=00000004
[SEU] addr=20003148 bit=00000003
[SAMPLE QUEUE CORRUPTED] primary repaired
[SEU] addr=200031C4 bit=00000005
[SEU] addr=20003158 bit=00000002
[CMD QUEUE CORRUPTED] primary repaired
[SEU] addr=200031BE bit=00000003
[SEU] addr=200031BD bit=00000004
[SEU] addr=200031C8 bit=00000007
[SEU] addr=200031B4 bit=00000003
[SEU] addr=20003188 bit=00000004
[SEU] addr=20003190 bit=00000000
[ERR] seq=8223 err=8
[SEU] addr=200031DC bit=00000006
[SEU] addr=20003148 bit=00000006
[SAMPLE QUEUE CORRUPTED] primary repaired
[SEU] addr=200031D4 bit=00000005
[SEU] addr=200031D2 bit=00000001
[SEU] addr=20003176 bit=00000006
[SEU] addr=2000319E bit=00000000
[SEU] addr=20003144 bit=00000004
[SAMPLE QUEUE CORRUPTED] primary repaired
[SEU] addr=20003183 bit=00000003
[SEU] addr=2000317E bit=00000004
[SEU] addr=200031CE bit=00000006
[SEU] addr=20003154 bit=00000003
[CMD QUEUE CORRUPTED] primary repaired
[SEU] addr=200031B4 bit=00000007
[SEU] addr=20003145 bit=00000001
[SAMPLE QUEUE CORRUPTED] primary repaired
[SEU] addr=200031EB bit=00000002
[SEU] addr=20003177 bit=00000005
[SEU] addr=200031AC bit=00000004
[SEU] addr=2000317E bit=00000006
[SEU] addr=20003147 bit=00000001
[SAMPLE QUEUE CORRUPTED] primary repaired
[SEU] addr=200031D0 bit=00000003
[SEU] addr=20003183 bit=00000006
[SEU] addr=20003154 bit=00000002
[CMD QUEUE CORRUPTED] primary repaired
[SEU] addr=200031A6 bit=00000004
[SEU] addr=20003158 bit=00000000
[CMD QUEUE CORRUPTED] primary repaired
[SEU] addr=20003145 bit=00000003
[SAMPLE QUEUE CORRUPTED] primary repaired
[SEU] addr=20003189 bit=00000003
[SEU] addr=2000316C bit=00000002
[SEU] addr=200031B1 bit=00000001
[SEU] addr=2000319E bit=00000001
[SEU] addr=20003170 bit=00000000
[SEU] addr=20003159 bit=00000004
[SEU] addr=2000315E bit=00000003
[CMD QUEUE backup CORRUPTED] backup repaired
[SEU] addr=20003193 bit=00000000
[ERR] seq=8421 err=2460
[ERR] seq=8422 err=192
[ERR] seq=8423 err=200
[ERR] seq=8424 err=24
[ERR] seq=8425 err=16
[SEU] addr=200031BF bit=00000000
[SEU] addr=20003154 bit=00000000
[CMD QUEUE CORRUPTED] primary repaired
[SEU] addr=2000316C bit=00000002
[SEU] addr=200031B6 bit=00000000
[SEU] addr=20003199 bit=00000004
[ERR] seq=8455 err=2476
[ERR] seq=8456 err=192
[ERR] seq=8457 err=200
[ERR] seq=8458 err=24
[ERR] seq=8459 err=16
[SEU] addr=20003157 bit=00000005
[CMD QUEUE CORRUPTED] primary repaired
[SEU] addr=20003177 bit=00000006
[SEU] addr=2000317B bit=00000003
[SEU] addr=20003160 bit=00000004
[CMD QUEUE backup CORRUPTED] backup repaired
[SEU] addr=20003155 bit=00000007
[CMD QUEUE CORRUPTED] primary repaired
[SEU] addr=200031D7 bit=00000000
[SEU] addr=2000316A bit=00000007
[SEU] addr=20003196 bit=00000000
[ERR] seq=8506 err=2516
[SEU] addr=200031AE bit=00000007
[ERR] seq=8507 err=200
[ERR] seq=8508 err=216
[ERR] seq=8509 err=32
[ERR] seq=8510 err=16
[SEU] addr=200031B8 bit=00000007
[SEU] addr=20003146 bit=00000003
[SAMPLE QUEUE CORRUPTED] primary repaired
[SEU] addr=200031AD bit=00000001
[SEU] addr=20003180 bit=00000001
[SEU] addr=200031A1 bit=00000007
[SEU] addr=2000315B bit=00000006
[SEU] addr=20003168 bit=00000004
[SEU] addr=200031A4 bit=00000000
[SEU] addr=2000314B bit=00000000
[SEU] addr=200031BD bit=00000000
[SEU] addr=20003173 bit=00000000
[SEU] addr=200031E9 bit=00000004
[SEU] addr=200031C5 bit=00000003
[SEU] addr=20003198 bit=00000005
[ERR] seq=8603 err=256
[ERR] seq=8604 err=16
[ERR] seq=8605 err=16
[SEU] addr=200031E2 bit=00000003
[SEU] addr=2000315F bit=00000000
[CMD QUEUE backup CORRUPTED] backup repaired
[SEU] addr=200031D7 bit=00000007
[SEU] addr=200031C5 bit=00000006
[SEU] addr=20003179 bit=00000004
[SEU] addr=2000315C bit=00000004
[CMD QUEUE backup CORRUPTED] backup repaired
[SEU] addr=200031AC bit=00000003
[SEU] addr=200031C2 bit=00000003
[SEU] addr=200031B1 bit=00000004
[SEU] addr=2000316E bit=00000004
[SEU] addr=200031A6 bit=00000001
[SEU] addr=20003166 bit=00000006
[SEU] addr=20003187 bit=00000004
[SEU] addr=200031D8 bit=00000006
[SEU] addr=2000315F bit=00000000
[CMD QUEUE backup CORRUPTED] backup repaired
[SEU] addr=200031DC bit=00000003
[SEU] addr=20003192 bit=00000007
[ERR] seq=8697 err=2540
[ERR] seq=8698 err=200
[ERR] seq=8699 err=216
[SEU] addr=200031B0 bit=00000007
[ERR] seq=8700 err=32
[ERR] seq=8701 err=16
[SEU] addr=2000314D bit=00000001
[SAMPLE QUEUE backup CORRUPTED] backup repaired
[SEU] addr=20003197 bit=00000007
[SEU] addr=200031EB bit=00000005
[SEU] addr=200031C6 bit=00000003
[SEU] addr=200031E8 bit=00000007
[SEU] addr=2000317B bit=00000001
[SEU] addr=20003186 bit=00000006
[SEU] addr=200031A9 bit=00000004
[SEU] addr=2000315E bit=00000007
[CMD QUEUE backup CORRUPTED] backup repaired
[SEU] addr=200031B7 bit=00000005
[SEU] addr=20003167 bit=00000000
[SEU] addr=20003189 bit=00000006
[SEU] addr=200031D3 bit=00000004
[SEU] addr=2000314C bit=00000005
[SAMPLE QUEUE backup CORRUPTED] backup repaired
[SEU] addr=20003186 bit=00000005
[SEU] addr=2000317D bit=00000007
[SEU] addr=2000316B bit=00000000
[SEU] addr=2000317E bit=00000007
[SEU] addr=2000315F bit=00000005
[CMD QUEUE backup CORRUPTED] backup repaired
[SEU] addr=200031D2 bit=00000006
[SEU] addr=20003190 bit=00000002
[ERR] seq=8814 err=32
[SEU] addr=200031E3 bit=00000004
[SEU] addr=20003195 bit=00000007
[ERR] seq=8826 err=2524
[ERR] seq=8827 err=200
[ERR] seq=8828 err=216
[ERR] seq=8829 err=32
[ERR] seq=8830 err=16
[SEU] addr=200031D0 bit=00000002
[SEU] addr=200031A9 bit=00000003
[SEU] addr=2000318F bit=00000004
[ERR] seq=8844 err=1528
[ERR] seq=8845 err=112
[SEU] addr=200031C8 bit=00000007
[ERR] seq=8846 err=112
[SEU] addr=200031AA bit=00000001
[SEU] addr=200031D5 bit=00000003
[SEU] addr=200031C2 bit=00000000
[SEU] addr=2000316C bit=00000005
[SEU] addr=200031A7 bit=00000000
[SEU] addr=200031A5 bit=00000004
[SEU] addr=20003166 bit=00000003
[SEU] addr=200031A3 bit=00000001
[SEU] addr=200031D4 bit=00000005
[SEU] addr=20003197 bit=00000006
[SEU] addr=2000317E bit=00000003
[SEU] addr=200031A2 bit=00000004
[SEU] addr=2000317C bit=00000003
[SEU] addr=200031DC bit=00000002
[SEU] addr=20003182 bit=00000001
[SEU] addr=20003198 bit=00000003
[ERR] seq=8944 err=64
[SEU] addr=20003167 bit=00000003
[SEU] addr=200031CC bit=00000005
[SEU] addr=200031B9 bit=00000006
[SEU] addr=20003149 bit=00000007
[SEU] addr=2000318D bit=00000006
[ERR] seq=8976 err=5864
[ERR] seq=8977 err=464
[ERR] seq=8978 err=488
[ERR] seq=8979 err=48
[ERR] seq=8980 err=24
[SEU] addr=20003158 bit=00000000
[CMD QUEUE CORRUPTED] primary repaired
[SEU] addr=20003168 bit=00000003
[SEU] addr=200031D7 bit=00000001
[SEU] addr=20003175 bit=00000001
[SEU] addr=20003195 bit=00000001
[ERR] seq=9003 err=2540
[ERR] seq=9004 err=200
[ERR] seq=9005 err=216
[ERR] seq=9006 err=32
[SEU] addr=200031A2 bit=00000004
[ERR] seq=9007 err=16
[SEU] addr=200031E4 bit=00000000
[SEU] addr=2000319A bit=00000006
[ERR] seq=9017 err=2524
[ERR] seq=9018 err=200
[ERR] seq=9019 err=216
[ERR] seq=9020 err=32
[SEU] addr=200031A9 bit=00000003
[ERR] seq=9021 err=16
[SEU] addr=20003192 bit=00000004
[ERR] seq=9027 err=2572
[ERR] seq=9028 err=200
[ERR] seq=9029 err=216
[ERR] seq=9030 err=32
[ERR] seq=9031 err=16
[SEU] addr=200031BF bit=00000006
[SEU] addr=2000315B bit=00000007
[SEU] addr=20003170 bit=00000002
[SEU] addr=20003176 bit=00000001
[SEU] addr=2000319F bit=00000006
[SEU] addr=200031A2 bit=00000007
[SEU] addr=20003176 bit=00000003
[SEU] addr=2000318A bit=00000005
[SEU] addr=200031DF bit=00000005
[SEU] addr=200031A9 bit=00000006
[SEU] addr=20003173 bit=00000002
[SEU] addr=20003190 bit=00000007
[ERR] seq=9096 err=1024
[SEU] addr=2000317C bit=00000002
[ERR] seq=9097 err=80
[ERR] seq=9098 err=80
[SEU] addr=200031EA bit=00000002
[SEU] addr=20003170 bit=00000007
[SEU] addr=20003144 bit=00000004
[SAMPLE QUEUE CORRUPTED] primary repaired
[SEU] addr=2000315E bit=00000006
[CMD QUEUE backup CORRUPTED] backup repaired
[SEU] addr=20003150 bit=00000006
[SAMPLE QUEUE backup CORRUPTED] backup repaired
[SEU] addr=2000314F bit=00000001
[SAMPLE QUEUE backup CORRUPTED] backup repaired
[SEU] addr=200031EB bit=00000007
[SEU] addr=2000314E bit=00000001
[SAMPLE QUEUE backup CORRUPTED] backup repaired
[SEU] addr=20003165 bit=00000003
[SEU] addr=20003171 bit=00000005
[SEU] addr=200031AA bit=00000006
[SEU] addr=20003167 bit=00000002
[SEU] addr=20003184 bit=00000003
[SEU] addr=200031A3 bit=00000007
[SEU] addr=2000318E bit=00000004
[ERR] seq=9180 err=6320
[ERR] seq=9181 err=496
[ERR] seq=9182 err=520
[ERR] seq=9183 err=48
[ERR] seq=9184 err=24
[SEU] addr=200031BE bit=00000002
[SEU] addr=20003161 bit=00000007
[SEU] addr=200031A4 bit=00000003
[SEU] addr=200031E9 bit=00000007
[SEU] addr=200031DC bit=00000002
[SEU] addr=200031AC bit=00000002
[SEU] addr=200031B7 bit=00000002
[SEU] addr=20003188 bit=00000000
[SEU] addr=2000314D bit=00000007
[SAMPLE QUEUE backup CORRUPTED] backup repaired
[SEU] addr=20003176 bit=00000000
[SEU] addr=200031AD bit=00000007
[SEU] addr=200031C6 bit=00000005
[SEU] addr=20003176 bit=00000005
[SEU] addr=20003173 bit=00000005
[SEU] addr=200031C2 bit=00000001
[SEU] addr=200031B4 bit=00000004
[SEU] addr=20003191 bit=00000003
[ERR] seq=9274 err=2492
[ERR] seq=9275 err=192
[SEU] addr=20003157 bit=00000004
[CMD QUEUE CORRUPTED] primary repaired
[ERR] seq=9276 err=200
[ERR] seq=9277 err=24
[ERR] seq=9278 err=16
[SEU] addr=20003161 bit=00000005
[SEU] addr=200031AD bit=00000003
[SEU] addr=200031AE bit=00000003
[SEU] addr=200031CD bit=00000000
[SEU] addr=20003177 bit=00000007
[SEU] addr=200031C2 bit=00000002
[SEU] addr=200031AA bit=00000007
[SEU] addr=200031D8 bit=00000000
[SEU] addr=2000315E bit=00000006
[CMD QUEUE backup CORRUPTED] backup repaired
[SEU] addr=200031DD bit=00000002
[SEU] addr=200031B1 bit=00000000
[SEU] addr=20003176 bit=00000006
[SEU] addr=2000317B bit=00000001
[SEU] addr=200031C5 bit=00000001
[SEU] addr=200031A4 bit=00000001
[SEU] addr=20003163 bit=00000002
[SEU] addr=200031B3 bit=00000002
[SEU] addr=20003148 bit=00000004
[SAMPLE QUEUE CORRUPTED] primary repaired
[SEU] addr=200031AD bit=00000001
[SEU] addr=200031E1 bit=00000005
[SEU] addr=20003180 bit=00000005
[SEU] addr=20003180 bit=00000002
[SEU] addr=20003175 bit=00000003
[SEU] addr=200031CC bit=00000002
[SEU] addr=20003177 bit=00000004
[SEU] addr=2000317C bit=00000001
[SEU] addr=200031A5 bit=00000003
[SEU] addr=200031C1 bit=00000007
[SEU] addr=200031E8 bit=00000007
[SEU] addr=200031E4 bit=00000002
[SEU] addr=200031AD bit=00000002
[SEU] addr=200031CA bit=00000004
[SEU] addr=2000316F bit=00000000
[SEU] addr=200031BF bit=00000001
[SEU] addr=200031D1 bit=00000000
[SEU] addr=200031E5 bit=00000004
[SEU] addr=200031A1 bit=00000007
[SEU] addr=200031BC bit=00000004
[SEU] addr=20003164 bit=00000002
[SEU] addr=200031E6 bit=00000006
[SEU] addr=20003152 bit=00000003
[SEU] addr=2000316E bit=00000003
[SEU] addr=2000316D bit=00000004
[SEU] addr=200031E9 bit=00000007
[SEU] addr=2000319D bit=00000002
[SEU] addr=200031DC bit=00000005
[SEU] addr=20003176 bit=00000000
[SEU] addr=200031B7 bit=00000005
[SEU] addr=200031AF bit=00000006
[SEU] addr=2000319F bit=00000007
[SEU] addr=20003164 bit=00000003
[SEU] addr=20003154 bit=00000003
[CMD QUEUE CORRUPTED] primary repaired
[SEU] addr=2000314C bit=00000003
[SAMPLE QUEUE backup CORRUPTED] backup repaired
[SEU] addr=200031C7 bit=00000000
[SEU] addr=2000314D bit=00000004
[SAMPLE QUEUE backup CORRUPTED] backup repaired
[SEU] addr=200031A5 bit=00000005
[SEU] addr=20003153 bit=00000002
[SEU] addr=200031CA bit=00000003
[SEU] addr=200031A1 bit=00000003
[SEU] addr=20003154 bit=00000000
[CMD QUEUE CORRUPTED] primary repaired
[SEU] addr=20003165 bit=00000003
[SEU] addr=20003156 bit=00000004
[CMD QUEUE CORRUPTED] primary repaired
[SEU] addr=200031D0 bit=00000006
[SEU] addr=200031D8 bit=00000004
[SEU] addr=20003169 bit=00000006
[SEU] addr=2000317C bit=00000001
[SEU] addr=2000314B bit=00000004
[SEU] addr=20003167 bit=00000002
[SEU] addr=2000314A bit=00000000
[SEU] addr=200031D8 bit=00000004
[SEU] addr=20003175 bit=00000005
[SEU] addr=20003153 bit=00000000
[SEU] addr=20003145 bit=00000005
[SAMPLE QUEUE CORRUPTED] primary repaired
[SEU] addr=200031D8 bit=00000007
[SEU] addr=2000316D bit=00000004
[SEU] addr=2000318B bit=00000003
[SEU] addr=200031CF bit=00000005
[SEU] addr=200031E8 bit=00000007
[SEU] addr=200031E2 bit=00000003
[SEU] addr=200031B9 bit=00000000
[SEU] addr=200031C9 bit=00000004
[SEU] addr=200031CF bit=00000005
[SEU] addr=2000316E bit=00000006
[SEU] addr=20003152 bit=00000000
[SEU] addr=200031AE bit=00000003
[SEU] addr=2000316D bit=00000000
[SEU] addr=2000315B bit=00000006
[SEU] addr=200031AE bit=00000004
[SEU] addr=20003176 bit=00000002
[SEU] addr=20003189 bit=00000000
[SEU] addr=20003156 bit=00000005
[CMD QUEUE CORRUPTED] primary repaired
[SEU] addr=2000316F bit=00000003
[SEU] addr=2000319E bit=00000003
[SEU] addr=2000315F bit=00000007
[CMD QUEUE backup CORRUPTED] backup repaired
[SEU] addr=2000317B bit=00000003
[SEU] addr=200031CA bit=00000006
[SEU] addr=20003144 bit=00000003
[SAMPLE QUEUE CORRUPTED] primary repaired
[SEU] addr=20003192 bit=00000002
[ERR] seq=9811 err=2508
[ERR] seq=9812 err=200
[ERR] seq=9813 err=216
[ERR] seq=9814 err=32
[ERR] seq=9815 err=16
[SEU] addr=20003174 bit=00000007
[SEU] addr=20003145 bit=00000006
[SAMPLE QUEUE CORRUPTED] primary repaired
[SEU] addr=200031A4 bit=00000003
[SEU] addr=20003159 bit=00000004
[SEU] addr=20003198 bit=00000003
[ERR] seq=9846 err=64
[SEU] addr=200031D6 bit=00000005
[SEU] addr=200031B4 bit=00000006
[SEU] addr=20003172 bit=00000005
[SEU] addr=20003176 bit=00000002
[SEU] addr=200031DC bit=00000005
[SEU] addr=200031DD bit=00000006
[SEU] addr=20003188 bit=00000002
[SEU] addr=20003189 bit=00000005
[SEU] addr=20003198 bit=00000005
[ERR] seq=9887 err=256
[ERR] seq=9888 err=16
[ERR] seq=9889 err=16
[SEU] addr=200031BA bit=00000004
[SEU] addr=20003192 bit=00000006
[ERR] seq=9900 err=2452
[SEU] addr=20003169 bit=00000006
[ERR] seq=9901 err=192
[ERR] seq=9902 err=200
[ERR] seq=9903 err=24
[ERR] seq=9904 err=16
[SEU] addr=200031CA bit=00000006
[SEU] addr=200031DD bit=00000001
[SEU] addr=200031C6 bit=00000002
[SEU] addr=20003144 bit=00000006
[SAMPLE QUEUE CORRUPTED] primary repaired
[SEU] addr=2000314F bit=00000004
[SAMPLE QUEUE backup CORRUPTED] backup repaired
[SEU] addr=200031D3 bit=00000000
[SEU] addr=2000318F bit=00000002
[ERR] seq=9932 err=7192
[ERR] seq=9933 err=568
[SEU] addr=200031B5 bit=00000003
[ERR] seq=9934 err=608
[ERR] seq=9935 err=80
[ERR] seq=9936 err=40
[SEU] addr=20003178 bit=00000006
[SEU] addr=200031DB bit=00000000
[SEU] addr=200031DC bit=00000006
[SEU] addr=200031CD bit=00000002
[SEU] addr=2000314B bit=00000006
[SEU] addr=20003147 bit=00000007
[SAMPLE QUEUE CORRUPTED] primary repaired
[SEU] addr=2000316F bit=00000004
[SEU] addr=20003183 bit=00000002
[SEU] addr=20003144 bit=00000005
[SAMPLE QUEUE CORRUPTED] primary repaired
[SEU] addr=200031E4 bit=00000006
[END]
samples=10000
SEUs=1816
good samples=9276
errors=724
samples omitted=0
max_error=0x0002DCD0
propagations=410
detected_errors=434
tmr_corrections=115
dmr_corrections=218
crc detections=0
clamp_activations=107
rate limit activations=0
[HARDFAULT]
