START
SEED=76893011
[SEU] addr=20003164 bit=00000007
[CMD QUEUE backup CORRUPTED] backup repaired
[SEU] addr=200031B4 bit=00000004
[SEU] addr=2000316D bit=00000005
[SEU] addr=200031D8 bit=00000000
[SEU] addr=20003172 bit=00000001
[SEU] addr=20003173 bit=00000005
[SEU] addr=20003180 bit=00000005
[SEU] addr=200031C8 bit=00000003
[SEU] addr=200031A8 bit=00000007
[SEU] addr=200031D2 bit=00000004
[SEU] addr=2000316B bit=00000006
[SEU] addr=200031D2 bit=00000000
[SEU] addr=20003153 bit=00000004
[SEU] addr=20003158 bit=00000003
[SAMPLE QUEUE backup CORRUPTED] backup repaired
[SEU] addr=2000314E bit=00000004
[SAMPLE QUEUE CORRUPTED] primary repaired
[SEU] addr=20003189 bit=00000000
[SEU] addr=200031A3 bit=00000001
[SEU] addr=20003151 bit=00000001
[SEU] addr=2000318B bit=00000003
[SEU] addr=20003188 bit=00000003
[SEU] addr=20003187 bit=00000003
[SEU] addr=20003165 bit=00000002
[CMD QUEUE backup CORRUPTED] backup repaired
[SEU] addr=20003165 bit=00000006
[CMD QUEUE backup CORRUPTED] backup repaired
[SEU] addr=20003199 bit=00000005
[ERR] seq=140 err=65536
[ERR] seq=141 err=10480
[ERR] seq=142 err=12152
[SEU] addr=200031AD bit=00000001
[ERR] seq=143 err=3616
[ERR] seq=144 err=2520
[ERR] seq=145 err=976
[ERR] seq=146 err=552
[ERR] seq=147 err=240
[ERR] seq=148 err=120
[ERR] seq=149 err=48
[ERR] seq=150 err=16
[SEU] addr=200031D6 bit=00000002
[SEU] addr=200031DF bit=00000005
[ERR] seq=536871066 err=10008
[ERR] seq=536871067 err=8272
[ERR] seq=536871068 err=9968
[ERR] seq=536871069 err=9280
[SEU] addr=200031CD bit=00000007
[ERR] seq=536871070 err=9504
[ERR] seq=536871071 err=9192
[ERR] seq=536871072 err=9080
[ERR] seq=536871073 err=8904
[SEU] addr=2000316D bit=00000003
[ERR] seq=536871074 err=8744
[ERR] seq=536871075 err=8560
[ERR] seq=536871076 err=8368
[ERR] seq=536871077 err=8192
[ERR] seq=536871078 err=8016
[ERR] seq=536871079 err=7808
[ERR] seq=536871080 err=7648
[ERR] seq=536871081 err=7448
[ERR] seq=536871082 err=7248
[ERR] seq=536871083 err=7056
[SEU] addr=2000315B bit=00000002
[ERR] seq=536871084 err=6864
[ERR] seq=536871085 err=6656
[ERR] seq=536871086 err=6448
[ERR] seq=536871087 err=6256
[ERR] seq=536871088 err=6048
[ERR] seq=536871089 err=5840
[ERR] seq=536871090 err=5632
[ERR] seq=536871091 err=5448
[ERR] seq=536871092 err=5224
[SEU] addr=20003158 bit=00000000
[SAMPLE QUEUE backup CORRUPTED] backup repaired
[ERR] seq=536871093 err=5000
[ERR] seq=536871094 err=4784
[SEU] addr=200031A0 bit=00000001
[ERR] seq=536871095 err=4576
[ERR] seq=536871096 err=4368
[ERR] seq=536871097 err=4136
[ERR] seq=536871098 err=3912
[ERR] seq=536871099 err=3704
[ERR] seq=536871100 err=3464
[ERR] seq=536871101 err=3264
[ERR] seq=536871102 err=3024
[SEU] addr=200031C4 bit=00000007
[ERR] seq=536871103 err=2800
[ERR] seq=536871104 err=2576
[ERR] seq=536871105 err=2344
[ERR] seq=536871106 err=2112
[ERR] seq=536871107 err=1880
[ERR] seq=536871108 err=1664
[SEU] addr=200031BC bit=00000004
[ERR] seq=536871109 err=1408
[ERR] seq=536871110 err=1208
[ERR] seq=536871111 err=952
[ERR] seq=536871112 err=736
[ERR] seq=536871113 err=496
[SEU] addr=2000314C bit=00000004
[SAMPLE QUEUE CORRUPTED] primary repaired
[ERR] seq=536871114 err=288
[ERR] seq=536871115 err=24
[ERR] seq=536871116 err=200
[ERR] seq=536871117 err=440
[ERR] seq=536871118 err=664
[ERR] seq=536871119 err=888
[ERR] seq=536871120 err=1128
[ERR] seq=536871121 err=1328
[SEU] addr=200031A1 bit=00000001
[ERR] seq=536871122 err=1600
[ERR] seq=536871123 err=1808
[ERR] seq=536871124 err=2032
[ERR] seq=536871125 err=2264
[ERR] seq=536871126 err=2512
[SEU] addr=200031A0 bit=00000003
[ERR] seq=536871127 err=2728
[ERR] seq=536871128 err=2968
[ERR] seq=536871129 err=3168
[ERR] seq=536871130 err=3400
[ERR] seq=536871131 err=3624
[ERR] seq=536871132 err=3856
[ERR] seq=536871133 err=4064
[ERR] seq=536871134 err=4288
[SEU] addr=200031A4 bit=00000000
[ERR] seq=536871135 err=4512
[ERR] seq=536871136 err=4712
[ERR] seq=536871137 err=4936
[ERR] seq=536871138 err=5168
[ERR] seq=536871139 err=5360
[SEU] addr=200031A3 bit=00000000
[ERR] seq=536871140 err=5576
[ERR] seq=536871141 err=5768
[ERR] seq=536871142 err=5984
[ERR] seq=536871143 err=6192
[ERR] seq=536871144 err=6392
[SEU] addr=200031BD bit=00000000
[ERR] seq=536871145 err=6584
[ERR] seq=536871146 err=6800
[ERR] seq=536871147 err=6984
[ERR] seq=536871148 err=7200
[ERR] seq=536871149 err=7376
[ERR] seq=536871150 err=7592
[ERR] seq=536871151 err=7752
[ERR] seq=536871152 err=7952
[SEU] addr=200031DF bit=00000000
[ERR] seq=553648369 err=8632
[ERR] seq=553648370 err=8712
[ERR] seq=553648371 err=9016
[ERR] seq=553648372 err=9152
[ERR] seq=553648373 err=9336
[ERR] seq=553648374 err=9496
[ERR] seq=553648375 err=9672
[SEU] addr=20003172 bit=00000000
[ERR] seq=553648376 err=9824
[ERR] seq=553648377 err=9992
[ERR] seq=553648378 err=10136
[ERR] seq=553648379 err=10312
[ERR] seq=553648380 err=10440
[SEU] addr=20003190 bit=00000005
[ERR] seq=553648381 err=10360
[ERR] seq=553648382 err=10776
[ERR] seq=553648383 err=10824
[ERR] seq=553648384 err=11040
[ERR] seq=553648385 err=11136
[ERR] seq=553648386 err=11296
[ERR] seq=553648387 err=11408
[SEU] addr=200031C8 bit=00000004
[ERR] seq=553648388 err=11552
[ERR] seq=553648389 err=11656
[SEU] addr=2000319E bit=00000006
[ERR] seq=553648390 err=11776
[ERR] seq=553648391 err=11888
[ERR] seq=553648392 err=12000
[ERR] seq=553648393 err=12096
[SEU] addr=20003180 bit=00000000
[ERR] seq=553648394 err=12208
[ERR] seq=553648395 err=12304
[ERR] seq=553648396 err=12392
[ERR] seq=553648397 err=12472
[ERR] seq=553648398 err=12544
[ERR] seq=553648399 err=12640
[SEU] addr=20003161 bit=00000007
[ERR] seq=553648400 err=12712
[ERR] seq=553648401 err=12768
[ERR] seq=553648402 err=12856
[SEU] addr=200031A8 bit=00000002
[ERR] seq=553648403 err=12912
[ERR] seq=553648404 err=12992
[SEU] addr=200031A9 bit=00000000
[ERR] seq=553648405 err=13024
[ERR] seq=553648406 err=13072
[ERR] seq=553648407 err=13128
[ERR] seq=553648408 err=13168
[ERR] seq=553648409 err=13216
[ERR] seq=553648410 err=13232
[ERR] seq=553648411 err=13280
[ERR] seq=553648412 err=13304
[SEU] addr=2000317E bit=00000002
[ERR] seq=553648413 err=13320
[ERR] seq=553648414 err=13352
[ERR] seq=553648415 err=13360
[ERR] seq=553648416 err=13360
[ERR] seq=553648417 err=13384
[SEU] addr=2000314E bit=00000004
[SAMPLE QUEUE CORRUPTED] primary repaired
[ERR] seq=553648418 err=13384
[ERR] seq=553648419 err=13384
[ERR] seq=553648420 err=13360
[ERR] seq=553648421 err=13368
[ERR] seq=553648422 err=13344
[ERR] seq=553648423 err=13336
[ERR] seq=553648424 err=13304
[SEU] addr=200031D7 bit=00000005
[ERR] seq=553648425 err=13280
[ERR] seq=553648426 err=13264
[ERR] seq=553648427 err=13216
[ERR] seq=553648428 err=13176
[ERR] seq=553648429 err=13152
[ERR] seq=553648430 err=13088
[ERR] seq=553648431 err=13048
[ERR] seq=553648432 err=12992
[SEU] addr=200031CF bit=00000000
[ERR] seq=553648433 err=12944
[ERR] seq=553648434 err=12872
[ERR] seq=553648435 err=12800
[SEU] addr=2000314C bit=00000002
[SAMPLE QUEUE CORRUPTED] primary repaired
[ERR] seq=553648436 err=12728
[ERR] seq=553648437 err=12648
[ERR] seq=553648438 err=12592
[ERR] seq=553648439 err=12488
[ERR] seq=553648440 err=12416
[ERR] seq=553648441 err=12344
[SEU] addr=20003163 bit=00000004
[ERR] seq=553648442 err=12232
[ERR] seq=553648443 err=12136
[ERR] seq=553648444 err=12024
[ERR] seq=553648445 err=11928
[ERR] seq=553648446 err=11800
[SEU] addr=200031D7 bit=00000002
[ERR] seq=553648447 err=11712
[ERR] seq=553648448 err=11584
[ERR] seq=553648449 err=11448
[ERR] seq=553648450 err=11328
[ERR] seq=553648451 err=11200
[ERR] seq=553648452 err=11064
[ERR] seq=553648453 err=10920
[SEU] addr=2000318C bit=00000005
[ERR] seq=553648454 err=9272
[SEU] addr=20003181 bit=00000001
[ERR] seq=553648455 err=10888
[ERR] seq=553648456 err=10216
[ERR] seq=553648457 err=10432
[ERR] seq=553648458 err=10144
[ERR] seq=553648459 err=10056
[ERR] seq=553648460 err=9872
[SEU] addr=20003197 bit=00000003
[ERR] seq=553648461 err=1073751552
[ERR] seq=553648462 err=171803032
[ERR] seq=553648463 err=199295864
[ERR] seq=553648464 err=59377816
[ERR] seq=553648465 err=41394664
[SEU] addr=2000315A bit=00000000
[ERR] seq=553648466 err=16125504
[SEU] addr=20003194 bit=00000001
[ERR] seq=553648467 err=9209792
[ERR] seq=553648468 err=4055488
[ERR] seq=553648469 err=2128736
[SEU] addr=2000319A bit=00000000
[ERR] seq=553648470 err=1512552
[ERR] seq=553648471 err=589080
[ERR] seq=553648472 err=335568
[ERR] seq=553648473 err=154088
[ERR] seq=553648474 err=77672
[ERR] seq=553648475 err=42912
[ERR] seq=553648476 err=18664
[SEU] addr=2000318F bit=00000007
[ERR] seq=553648477 err=28288
[ERR] seq=553648478 err=4656
[ERR] seq=553648479 err=10784
[ERR] seq=553648480 err=4448
[ERR] seq=553648481 err=6912
[ERR] seq=553648482 err=5272
[ERR] seq=553648483 err=5720
[ERR] seq=553648484 err=5184
[ERR] seq=553648485 err=5144
[SEU] addr=2000317D bit=00000006
[ERR] seq=553648486 err=4848
[ERR] seq=553648487 err=4656
[SEU] addr=20003190 bit=00000005
[ERR] seq=553648488 err=4688
[ERR] seq=553648489 err=4168
[ERR] seq=553648490 err=4024
[ERR] seq=553648491 err=3744
[ERR] seq=553648492 err=3552
[ERR] seq=553648493 err=3296
[ERR] seq=553648494 err=3072
[SEU] addr=200031B8 bit=00000004
[ERR] seq=553648495 err=2856
[ERR] seq=553648496 err=2600
[ERR] seq=553648497 err=2384
[SEU] addr=200031B5 bit=00000006
[ERR] seq=553648498 err=2152
[ERR] seq=553648499 err=1912
[ERR] seq=553648500 err=1680
[ERR] seq=553648501 err=1432
[ERR] seq=553648502 err=1224
[ERR] seq=553648503 err=968
[ERR] seq=553648504 err=744
[ERR] seq=553648505 err=504
[ERR] seq=553648506 err=280
[SEU] addr=2000314F bit=00000005
[SAMPLE QUEUE CORRUPTED] primary repaired
[ERR] seq=553648507 err=32
[ERR] seq=553648508 err=200
[ERR] seq=553648509 err=448
[SEU] addr=200031D2 bit=00000003
[ERR] seq=553648510 err=672
[SEU] addr=20003199 bit=00000001
[ERR] seq=553648511 err=4672
[ERR] seq=553648512 err=1792
[ERR] seq=553648513 err=1616
[ERR] seq=553648514 err=1832
[SEU] addr=200031A0 bit=00000007
[ERR] seq=553648515 err=1680
[ERR] seq=553648516 err=2128
[ERR] seq=553648517 err=2280
[ERR] seq=553648518 err=2544
[SEU] addr=200031D8 bit=00000000
[ERR] seq=553648519 err=2776
[ERR] seq=553648520 err=3000
[ERR] seq=553648521 err=3224
[ERR] seq=553648522 err=3472
[ERR] seq=553648523 err=3672
[SEU] addr=200031BE bit=00000005
[ERR] seq=553648524 err=3904
[ERR] seq=553648525 err=4152
[ERR] seq=553648526 err=4352
[ERR] seq=553648527 err=4592
[ERR] seq=553648528 err=4800
[SEU] addr=200031D1 bit=00000005
[ERR] seq=553648529 err=5016
[ERR] seq=553648530 err=5224
[SEU] addr=200031CC bit=00000004
[ERR] seq=553648531 err=5424
[ERR] seq=553648532 err=5640
[ERR] seq=553648533 err=5864
[ERR] seq=553648534 err=6064
[ERR] seq=553648535 err=6296
[ERR] seq=553648536 err=6496
[ERR] seq=553648537 err=6696
[ERR] seq=553648538 err=6896
[ERR] seq=553648539 err=7112
[SEU] addr=2000319E bit=00000005
[ERR] seq=553648540 err=7312
[ERR] seq=553648541 err=7488
[ERR] seq=553648542 err=7704
[ERR] seq=553648543 err=7872
[ERR] seq=553648544 err=8096
[SEU] addr=200031D5 bit=00000004
[ERR] seq=553648545 err=8240
[ERR] seq=553648546 err=8472
[ERR] seq=553648547 err=8616
[ERR] seq=553648548 err=8808
[ERR] seq=553648549 err=8992
[SEU] addr=20003177 bit=00000004
[ERR] seq=553648550 err=9176
[ERR] seq=553648551 err=9320
[ERR] seq=553648552 err=9512
[ERR] seq=553648553 err=9664
[ERR] seq=553648554 err=9824
[ERR] seq=553648555 err=9992
[SEU] addr=20003189 bit=00000004
[ERR] seq=553648556 err=10136
[ERR] seq=553648557 err=10312
[ERR] seq=553648558 err=10440
[ERR] seq=553648559 err=10616
[ERR] seq=553648560 err=10736
[ERR] seq=553648561 err=10872
[ERR] seq=553648562 err=11024
[ERR] seq=553648563 err=11144
[SEU] addr=200031C6 bit=00000003
[ERR] seq=553648564 err=11296
[ERR] seq=553648565 err=11408
[ERR] seq=553648566 err=11552
[ERR] seq=553648567 err=11656
[ERR] seq=553648568 err=11776
[ERR] seq=553648569 err=11888
[ERR] seq=553648570 err=12000
[SEU] addr=200031C7 bit=00000005
[ERR] seq=553648571 err=12096
[ERR] seq=553648572 err=12208
[ERR] seq=553648573 err=12304
[ERR] seq=553648574 err=12392
[ERR] seq=553648575 err=12472
[ERR] seq=553648576 err=12544
[SEU] addr=2000317A bit=00000003
[ERR] seq=553648577 err=12640
[ERR] seq=553648578 err=12712
[SEU] addr=200031D0 bit=00000005
[ERR] seq=553648579 err=12768
[ERR] seq=553648580 err=12856
[ERR] seq=553648581 err=12912
[ERR] seq=553648582 err=12992
[ERR] seq=553648583 err=13024
[ERR] seq=553648584 err=13072
[ERR] seq=553648585 err=13128
[ERR] seq=553648586 err=13168
[ERR] seq=553648587 err=13216
[SEU] addr=200031BA bit=00000006
[ERR] seq=553648588 err=13232
[ERR] seq=553648589 err=13280
[ERR] seq=553648590 err=13304
[ERR] seq=553648591 err=13320
[ERR] seq=553648592 err=13352
[ERR] seq=553648593 err=13360
[ERR] seq=553648594 err=13360
[ERR] seq=553648595 err=13384
[SEU] addr=2000315A bit=00000003
[ERR] seq=553648596 err=13384
[ERR] seq=553648597 err=13384
[ERR] seq=553648598 err=13360
[ERR] seq=553648599 err=13368
[ERR] seq=553648600 err=13344
[SEU] addr=20003181 bit=00000006
[ERR] seq=553648601 err=13336
[ERR] seq=553648602 err=13304
[ERR] seq=553648603 err=13280
[ERR] seq=553648604 err=13264
[ERR] seq=553648605 err=13216
[ERR] seq=553648606 err=13176
[SEU] addr=200031CA bit=00000000
[ERR] seq=553648607 err=13152
[ERR] seq=553648608 err=13088
[ERR] seq=553648609 err=13048
[ERR] seq=553648610 err=12992
[ERR] seq=553648611 err=12944
[ERR] seq=553648612 err=12872
[ERR] seq=553648613 err=12800
[ERR] seq=553648614 err=12728
[SEU] addr=200031D4 bit=00000003
[ERR] seq=553648615 err=12648
[ERR] seq=553648616 err=12592
[ERR] seq=553648617 err=12488
[ERR] seq=553648618 err=12416
[ERR] seq=553648619 err=12344
[ERR] seq=553648620 err=12232
[ERR] seq=553648621 err=12136
[ERR] seq=553648622 err=12024
[SEU] addr=2000317C bit=00000004
[ERR] seq=553648623 err=11928
[ERR] seq=553648624 err=11800
[ERR] seq=553648625 err=11712
[ERR] seq=553648626 err=11584
[ERR] seq=553648627 err=11448
[ERR] seq=553648628 err=11328
[ERR] seq=553648629 err=11200
[SEU] addr=200031B2 bit=00000005
[ERR] seq=553648630 err=11064
[SEU] addr=20003181 bit=00000001
[ERR] seq=553648631 err=10920
[ERR] seq=553648632 err=10792
[ERR] seq=553648633 err=10648
[ERR] seq=553648634 err=10488
[SEU] addr=20003162 bit=00000005
[ERR] seq=553648635 err=10352
[ERR] seq=553648636 err=10192
[ERR] seq=553648637 err=10040
[ERR] seq=553648638 err=9888
[ERR] seq=553648639 err=9720
[ERR] seq=553648640 err=9544
[ERR] seq=553648641 err=9384
[ERR] seq=553648642 err=9224
[ERR] seq=553648643 err=9056
[SEU] addr=20003183 bit=00000005
[ERR] seq=553648644 err=8864
[ERR] seq=553648645 err=8680
[ERR] seq=553648646 err=8520
[ERR] seq=553648647 err=8312
[SEU] addr=200031D5 bit=00000007
[ERR] seq=553648648 err=8144
[ERR] seq=553648649 err=7944
[ERR] seq=553648650 err=7768
[ERR] seq=553648651 err=7544
[ERR] seq=553648652 err=7376
[ERR] seq=553648653 err=7168
[ERR] seq=553648654 err=6952
[ERR] seq=553648655 err=6776
[ERR] seq=553648656 err=6576
[ERR] seq=553648657 err=6344
[SEU] addr=20003188 bit=00000001
[ERR] seq=553648658 err=6136
[ERR] seq=553648659 err=5928
[ERR] seq=553648660 err=5712
[ERR] seq=553648661 err=5488
[SEU] addr=2000314E bit=00000003
[SAMPLE QUEUE CORRUPTED] primary repaired
[ERR] seq=553648662 err=5296
[ERR] seq=553648663 err=5088
[ERR] seq=553648664 err=4872
[ERR] seq=553648665 err=4648
[ERR] seq=553648666 err=4432
[ERR] seq=553648667 err=4208
[SEU] addr=2000317D bit=00000006
[ERR] seq=553648668 err=3984
[ERR] seq=553648669 err=3752
[ERR] seq=553648670 err=3544
[ERR] seq=553648671 err=3296
[ERR] seq=553648672 err=3072
[ERR] seq=553648673 err=2856
[ERR] seq=553648674 err=2600
[SEU] addr=20003180 bit=00000000
[ERR] seq=553648675 err=2384
[ERR] seq=553648676 err=2152
[SEU] addr=20003177 bit=00000005
[ERR] seq=553648677 err=1912
[ERR] seq=553648678 err=1680
[ERR] seq=553648679 err=1432
[SEU] addr=2000318E bit=00000004
[ERR] seq=553648680 err=8008
[ERR] seq=553648681 err=2416
[ERR] seq=553648682 err=936
[ERR] seq=553648683 err=992
[SEU] addr=2000316A bit=00000001
[ERR] seq=553648684 err=56
[ERR] seq=553648685 err=144
[ERR] seq=553648686 err=240
[ERR] seq=553648687 err=440
[ERR] seq=553648688 err=672
[ERR] seq=553648689 err=896
[ERR] seq=553648690 err=1144
[ERR] seq=553648691 err=1360
[SEU] addr=20003165 bit=00000004
[CMD QUEUE backup CORRUPTED] backup repaired
[ERR] seq=553648692 err=1616
[ERR] seq=553648693 err=1832
[SEU] addr=200031A6 bit=00000006
[ERR] seq=553648694 err=2064
[ERR] seq=553648695 err=2312
[ERR] seq=553648696 err=2528
[ERR] seq=553648697 err=2784
[ERR] seq=553648698 err=2992
[ERR] seq=553648699 err=3240
[ERR] seq=553648700 err=3464
[ERR] seq=553648701 err=3672
[ERR] seq=553648702 err=3904
[SEU] addr=20003161 bit=00000001
[ERR] seq=553648703 err=4152
[ERR] seq=553648704 err=4352
[ERR] seq=553648705 err=4592
[ERR] seq=553648706 err=4800
[ERR] seq=553648707 err=5016
[ERR] seq=553648708 err=5224
[ERR] seq=553648709 err=5424
[ERR] seq=553648710 err=5640
[SEU] addr=200031DB bit=00000001
[ERR] seq=553648711 err=5864
[ERR] seq=553648712 err=6064
[ERR] seq=553648713 err=6296
[ERR] seq=553648714 err=6496
[ERR] seq=553648715 err=6696
[ERR] seq=553648716 err=6896
[ERR] seq=553648717 err=7112
[ERR] seq=553648718 err=7312
[ERR] seq=553648719 err=7488
[ERR] seq=553648720 err=7704
[SEU] addr=200031CD bit=00000005
[ERR] seq=553648721 err=7872
[ERR] seq=553648722 err=8096
[ERR] seq=553648723 err=8240
[ERR] seq=553648724 err=8472
[ERR] seq=553648725 err=8616
[ERR] seq=553648726 err=8808
[ERR] seq=553648727 err=8992
[ERR] seq=553648728 err=9176
[ERR] seq=553648729 err=9320
[SEU] addr=200031A5 bit=00000007
[ERR] seq=553648730 err=9512
[ERR] seq=553648731 err=9664
[ERR] seq=553648732 err=9824
[ERR] seq=553648733 err=9992
[ERR] seq=553648734 err=10136
[ERR] seq=553648735 err=10312
[SEU] addr=200031A9 bit=00000005
[ERR] seq=553648736 err=10440
[ERR] seq=553648737 err=10616
[ERR] seq=553648738 err=10736
[ERR] seq=553648739 err=10872
[ERR] seq=553648740 err=11024
[ERR] seq=553648741 err=11144
[ERR] seq=553648742 err=11296
[ERR] seq=553648743 err=11408
[ERR] seq=553648744 err=11552
[ERR] seq=553648745 err=11656
[SEU] addr=200031CA bit=00000004
[ERR] seq=553648746 err=11776
[ERR] seq=553648747 err=11888
[ERR] seq=553648748 err=12000
[ERR] seq=553648749 err=12096
[ERR] seq=553648750 err=12208
[ERR] seq=553648751 err=12304
[ERR] seq=553648752 err=12392
[ERR] seq=553648753 err=12472
[SEU] addr=2000319D bit=00000006
[ERR] seq=553648754 err=12544
[ERR] seq=553648755 err=12640
[ERR] seq=553648756 err=12712
[ERR] seq=553648757 err=12768
[ERR] seq=553648758 err=12856
[ERR] seq=553648759 err=12912
[ERR] seq=553648760 err=12992
[SEU] addr=200031B7 bit=00000000
[ERR] seq=553648761 err=13024
[ERR] seq=553648762 err=13072
[ERR] seq=553648763 err=13128
[ERR] seq=553648764 err=13168
[SEU] addr=200031B0 bit=00000005
[ERR] seq=553648765 err=13216
[ERR] seq=553648766 err=13232
[ERR] seq=553648767 err=13280
[ERR] seq=553648768 err=13304
[SEU] addr=2000316E bit=00000006
[ERR] seq=553648769 err=13320
[ERR] seq=553648770 err=13352
[ERR] seq=553648771 err=13360
[ERR] seq=553648772 err=13360
[ERR] seq=553648773 err=13384
[ERR] seq=553648774 err=13384
[SEU] addr=20003188 bit=00000006
[ERR] seq=553648775 err=13384
[ERR] seq=553648776 err=13360
[ERR] seq=553648777 err=13368
[ERR] seq=553648778 err=13344
[ERR] seq=553648779 err=13336
[ERR] seq=553648780 err=13304
[ERR] seq=553648781 err=13280
[ERR] seq=553648782 err=13264
[SEU] addr=20003179 bit=00000007
[ERR] seq=553648783 err=13216
[ERR] seq=553648784 err=13176
[ERR] seq=553648785 err=13152
[ERR] seq=553648786 err=13088
[ERR] seq=553648787 err=13048
[ERR] seq=553648788 err=12992
[ERR] seq=553648789 err=12944
[ERR] seq=553648790 err=12872
[SEU] addr=20003157 bit=00000000
[SAMPLE QUEUE backup CORRUPTED] backup repaired
[ERR] seq=553648791 err=12800
[ERR] seq=553648792 err=12728
[ERR] seq=553648793 err=12648
[ERR] seq=553648794 err=12592
[ERR] seq=553648795 err=12488
[SEU] addr=200031C5 bit=00000000
[ERR] seq=553648796 err=12416
[ERR] seq=553648797 err=12344
[ERR] seq=553648798 err=12232
[SEU] addr=2000316D bit=00000000
[ERR] seq=553648799 err=12136
[SEU] addr=20003171 bit=00000003
[ERR] seq=553648800 err=12024
[ERR] seq=553648801 err=11928
[ERR] seq=553648802 err=11800
[ERR] seq=553648803 err=11712
[ERR] seq=553648804 err=11584
[ERR] seq=553648805 err=11448
[ERR] seq=553648806 err=11328
[SEU] addr=20003155 bit=00000002
[SAMPLE QUEUE backup CORRUPTED] backup repaired
[ERR] seq=553648807 err=11200
[ERR] seq=553648808 err=11064
[ERR] seq=553648809 err=10920
[ERR] seq=553648810 err=10792
[ERR] seq=553648811 err=10648
[ERR] seq=553648812 err=10488
[ERR] seq=553648813 err=10352
[ERR] seq=553648814 err=10192
[ERR] seq=553648815 err=10040
[SEU] addr=200031AD bit=00000006
[ERR] seq=553648816 err=9888
[ERR] seq=553648817 err=9720
[ERR] seq=553648818 err=9544
[ERR] seq=553648819 err=9384
[ERR] seq=553648820 err=9224
[ERR] seq=553648821 err=9056
[ERR] seq=553648822 err=8864
[ERR] seq=553648823 err=8680
[SEU] addr=20003158 bit=00000002
[SAMPLE QUEUE backup CORRUPTED] backup repaired
[ERR] seq=553648824 err=8520
[SEU] addr=20003196 bit=00000001
[ERR] seq=553648825 err=1056888
[ERR] seq=553648826 err=171480
[ERR] seq=553648827 err=202552
[ERR] seq=553648828 err=61504
[ERR] seq=553648829 err=47952
[SEU] addr=200031B7 bit=00000007
[ERR] seq=553648830 err=19096
[ERR] seq=553648831 err=16144
[ERR] seq=553648832 err=7104
[ERR] seq=553648833 err=8824
[ERR] seq=553648834 err=5632
[SEU] addr=20003171 bit=00000002
[ERR] seq=553648835 err=6824
[SEU] addr=200031DF bit=00000006
[ERR] seq=1627390660 err=3728
[ERR] seq=1627390661 err=4424
[ERR] seq=1627390662 err=3792
[ERR] seq=1627390663 err=3976
[ERR] seq=1627390664 err=3840
[ERR] seq=1627390665 err=3904
[ERR] seq=1627390666 err=3832
[ERR] seq=1627390667 err=3848
[SEU] addr=200031BE bit=00000007
[ERR] seq=1627390668 err=3800
[ERR] seq=1627390669 err=3792
[ERR] seq=1627390670 err=3752
[ERR] seq=1627390671 err=3720
[ERR] seq=1627390672 err=3696
[ERR] seq=1627390673 err=3664
[SEU] addr=200031BB bit=00000001
[ERR] seq=1627390674 err=3624
[ERR] seq=1627390675 err=3624
[ERR] seq=1627390676 err=3560
[ERR] seq=1627390677 err=3544
[ERR] seq=1627390678 err=3488
[ERR] seq=1627390679 err=3456
[ERR] seq=1627390680 err=3424
[ERR] seq=1627390681 err=3384
[SEU] addr=200031AA bit=00000005
[ERR] seq=1627390682 err=3360
[ERR] seq=1627390683 err=3304
[ERR] seq=1627390684 err=3272
[ERR] seq=1627390685 err=3256
[ERR] seq=1627390686 err=3176
[ERR] seq=1627390687 err=3152
[ERR] seq=1627390688 err=3104
[ERR] seq=1627390689 err=3064
[ERR] seq=1627390690 err=3008
[SEU] addr=200031AF bit=00000005
[ERR] seq=1627390691 err=2968
[ERR] seq=1627390692 err=2912
[ERR] seq=1627390693 err=2872
[ERR] seq=1627390694 err=2800
[ERR] seq=1627390695 err=2768
[SEU] addr=200031D4 bit=00000007
[ERR] seq=1627390696 err=2696
[ERR] seq=1627390697 err=2680
[ERR] seq=1627390698 err=2608
[SEU] addr=20003161 bit=00000001
[ERR] seq=1627390699 err=2552
[ERR] seq=1627390700 err=2488
[ERR] seq=1627390701 err=2440
[ERR] seq=1627390702 err=2384
[SEU] addr=200031C7 bit=00000001
[ERR] seq=1627390703 err=2336
[ERR] seq=1627390704 err=2264
[ERR] seq=1627390705 err=2208
[ERR] seq=1627390706 err=2144
[ERR] seq=1627390707 err=2112
[SEU] addr=2000316A bit=00000006
[ERR] seq=1627390708 err=2032
[ERR] seq=1627390709 err=1968
[ERR] seq=1627390710 err=1928
[ERR] seq=1627390711 err=1856
[ERR] seq=1627390712 err=1792
[ERR] seq=1627390713 err=1736
[ERR] seq=1627390714 err=1656
[SEU] addr=2000316F bit=00000005
[ERR] seq=1627390715 err=1592
[ERR] seq=1627390716 err=1520
[ERR] seq=1627390717 err=1464
[ERR] seq=1627390718 err=1392
[SEU] addr=20003177 bit=00000003
[ERR] seq=1627390719 err=1336
[ERR] seq=1627390720 err=1272
[ERR] seq=1627390721 err=1208
[SEU] addr=20003156 bit=00000001
[SAMPLE QUEUE backup CORRUPTED] backup repaired
[ERR] seq=1627390722 err=1112
[ERR] seq=1627390723 err=1048
[ERR] seq=1627390724 err=992
[ERR] seq=1627390725 err=912
[ERR] seq=1627390726 err=832
[ERR] seq=1627390727 err=760
[ERR] seq=1627390728 err=688
[ERR] seq=1627390729 err=616
[ERR] seq=1627390730 err=528
[ERR] seq=1627390731 err=472
[SEU] addr=20003199 bit=00000004
[ERR] seq=1627390732 err=33008
[ERR] seq=1627390733 err=5536
[SEU] addr=200031C2 bit=00000005
[ERR] seq=1627390734 err=6216
[SEU] addr=2000319D bit=00000000
[ERR] seq=1627390735 err=1960
[ERR] seq=1627390736 err=1312
[ERR] seq=1627390737 err=488
[ERR] seq=1627390738 err=344
[ERR] seq=1627390739 err=200
[ERR] seq=1627390740 err=256
[SEU] addr=200031A5 bit=00000003
[ERR] seq=1627390741 err=264
[ERR] seq=1627390742 err=384
[SEU] addr=2000314F bit=00000000
[SAMPLE QUEUE CORRUPTED] primary repaired
[ERR] seq=1627390743 err=424
[ERR] seq=1627390744 err=520
[ERR] seq=1627390745 err=592
[ERR] seq=1627390746 err=656
[ERR] seq=1627390747 err=744
[SEU] addr=2000315F bit=00000006
[CMD QUEUE CORRUPTED] primary repaired
[ERR] seq=1627390748 err=800
[SEU] addr=200031C9 bit=00000000
[ERR] seq=1627390749 err=904
[ERR] seq=1627390750 err=952
[SEU] addr=200031D4 bit=00000003
[ERR] seq=1627390751 err=1024
[ERR] seq=1627390752 err=1104
[ERR] seq=1627390753 err=1168
[ERR] seq=1627390754 err=1256
[ERR] seq=1627390755 err=1312
[ERR] seq=1627390756 err=1376
[SEU] addr=20003168 bit=00000004
[CMD QUEUE backup CORRUPTED] backup repaired
[ERR] seq=1627390757 err=1440
[ERR] seq=1627390758 err=1496
[ERR] seq=1627390759 err=1576
[ERR] seq=1627390760 err=1640
[ERR] seq=1627390761 err=1712
[ERR] seq=1627390762 err=1768
[SEU] addr=2000316B bit=00000007
[ERR] seq=1627390763 err=1840
[ERR] seq=1627390764 err=1896
[ERR] seq=1627390765 err=1960
[ERR] seq=1627390766 err=2016
[ERR] seq=1627390767 err=2080
[SEU] addr=20003153 bit=00000002
[ERR] seq=1627390768 err=2136
[ERR] seq=1627390769 err=2192
[ERR] seq=1627390770 err=2240
[ERR] seq=1627390771 err=2320
[ERR] seq=1627390772 err=2368
[ERR] seq=1627390773 err=2432
[ERR] seq=1627390774 err=2456
[ERR] seq=1627390775 err=2544
[SEU] addr=20003168 bit=00000004
[CMD QUEUE backup CORRUPTED] backup repaired
[ERR] seq=1627390776 err=2592
[ERR] seq=1627390777 err=2640
[ERR] seq=1627390778 err=2696
[ERR] seq=1627390779 err=2752
[SEU] addr=20003181 bit=00000002
[ERR] seq=1627390780 err=2784
[ERR] seq=1627390781 err=2848
[ERR] seq=1627390782 err=2904
[SEU] addr=200031BD bit=00000004
[ERR] seq=1627390783 err=2952
[ERR] seq=1627390784 err=2992
[ERR] seq=1627390785 err=3048
[ERR] seq=1627390786 err=3088
[ERR] seq=1627390787 err=3136
[ERR] seq=1627390788 err=3168
[ERR] seq=1627390789 err=3232
[ERR] seq=1627390790 err=3264
[SEU] addr=20003177 bit=00000007
[ERR] seq=1627390791 err=3304
[ERR] seq=1627390792 err=3328
[ERR] seq=1627390793 err=3384
[ERR] seq=1627390794 err=3408
[ERR] seq=1627390795 err=3448
[ERR] seq=1627390796 err=3488
[ERR] seq=1627390797 err=3512
[ERR] seq=1627390798 err=3560
[ERR] seq=1627390799 err=3608
[SEU] addr=20003188 bit=00000007
[ERR] seq=1627390800 err=3608
[ERR] seq=1627390801 err=3672
[ERR] seq=1627390802 err=3672
[SEU] addr=200031C4 bit=00000006
[ERR] seq=1627390803 err=3712
[ERR] seq=1627390804 err=3752
[ERR] seq=1627390805 err=3784
[ERR] seq=1627390806 err=3800
[ERR] seq=1627390807 err=3824
[ERR] seq=1627390808 err=3848
[ERR] seq=1627390809 err=3864
[SEU] addr=20003166 bit=00000002
[CMD QUEUE backup CORRUPTED] backup repaired
[ERR] seq=1627390810 err=3872
[ERR] seq=1627390811 err=3872
[ERR] seq=1627390812 err=3904
[ERR] seq=1627390813 err=3912
[ERR] seq=1627390814 err=3944
[ERR] seq=1627390815 err=3928
[ERR] seq=1627390816 err=3968
[ERR] seq=1627390817 err=3976
[SEU] addr=20003186 bit=00000002
[ERR] seq=1627390818 err=3976
[ERR] seq=1627390819 err=4000
[ERR] seq=1627390820 err=4008
[ERR] seq=1627390821 err=4000
[ERR] seq=1627390822 err=4024
[SEU] addr=20003185 bit=00000005
[ERR] seq=1627390823 err=4016
[ERR] seq=1627390824 err=4032
[ERR] seq=1627390825 err=4016
[ERR] seq=1627390826 err=4056
[ERR] seq=1627390827 err=4008
[ERR] seq=1627390828 err=4040
[ERR] seq=1627390829 err=4008
[ERR] seq=1627390830 err=4040
[SEU] addr=200031B3 bit=00000001
[ERR] seq=1627390831 err=3984
[ERR] seq=1627390832 err=4024
[SEU] addr=2000316B bit=00000002
[ERR] seq=1627390833 err=3992
[ERR] seq=1627390834 err=3984
[ERR] seq=1627390835 err=3976
[ERR] seq=1627390836 err=3968
[ERR] seq=1627390837 err=3944
[ERR] seq=1627390838 err=3936
[ERR] seq=1627390839 err=3920
[ERR] seq=1627390840 err=3912
[ERR] seq=1627390841 err=3872
[SEU] addr=200031DC bit=00000005
[ERR] seq=1627390810 err=456
[ERR] seq=1627390811 err=992
[SEU] addr=20003174 bit=00000004
[ERR] seq=1627390812 err=360
[ERR] seq=1627390813 err=552
[ERR] seq=1627390814 err=416
[ERR] seq=1627390815 err=472
[SEU] addr=200031D5 bit=00000005
[ERR] seq=1627390816 err=440
[ERR] seq=1627390817 err=456
[SEU] addr=200031C3 bit=00000006
[ERR] seq=1627390818 err=440
[ERR] seq=1627390819 err=456
[ERR] seq=1627390820 err=440
[ERR] seq=1627390821 err=456
[ERR] seq=1627390822 err=440
[ERR] seq=1627390823 err=456
[SEU] addr=200031B9 bit=00000005
[ERR] seq=1627390824 err=440
[ERR] seq=1627390825 err=456
[ERR] seq=1627390826 err=440
[ERR] seq=1627390827 err=456
[ERR] seq=1627390828 err=440
[ERR] seq=1627390829 err=456
[ERR] seq=1627390830 err=440
[ERR] seq=1627390831 err=456
[SEU] addr=200031B1 bit=00000004
[ERR] seq=1627390832 err=440
[ERR] seq=1627390833 err=456
[ERR] seq=1627390834 err=440
[ERR] seq=1627390835 err=456
[SEU] addr=200031DE bit=00000006
[ERR] seq=1631585140 err=9232
[ERR] seq=1631585141 err=7744
[ERR] seq=1631585142 err=9560
[ERR] seq=1631585143 err=9072
[SEU] addr=20003192 bit=00000005
[ERR] seq=1631585144 err=16776368
[ERR] seq=1631585145 err=2693728
[ERR] seq=1631585146 err=3112984
[ERR] seq=1631585147 err=937224
[ERR] seq=1631585148 err=645784
[ERR] seq=1631585149 err=261464
[ERR] seq=1631585150 err=142904
[ERR] seq=1631585151 err=72944
[ERR] seq=1631585152 err=32256
[SEU] addr=200031AC bit=00000006
[ERR] seq=1631585153 err=25096
[ERR] seq=1631585154 err=6888
[ERR] seq=1631585155 err=13400
[ERR] seq=1631585156 err=7880
[ERR] seq=1631585157 err=10592
[SEU] addr=20003182 bit=00000001
[ERR] seq=1631585158 err=9280
[SEU] addr=2000316A bit=00000006
[ERR] seq=1631585159 err=9920
[ERR] seq=1631585160 err=9600
[ERR] seq=1631585161 err=9760
[ERR] seq=1631585162 err=9664
[SEU] addr=200031A6 bit=00000001
[ERR] seq=1631585163 err=9680
[ERR] seq=1631585164 err=9672
[ERR] seq=1631585165 err=9648
[ERR] seq=1631585166 err=9640
[SEU] addr=2000318D bit=00000006
[ERR] seq=1631585167 err=8728
[ERR] seq=1631585168 err=9696
[ERR] seq=1631585169 err=9384
[ERR] seq=1631585170 err=9544
[ERR] seq=1631585171 err=9424
[ERR] seq=1631585172 err=9456
[ERR] seq=1631585173 err=9360
[SEU] addr=200031C0 bit=00000004
[ERR] seq=1631585174 err=9344
[ERR] seq=1631585175 err=9280
[ERR] seq=1631585176 err=9232
[ERR] seq=1631585177 err=9160
[ERR] seq=1631585178 err=9112
[ERR] seq=1631585179 err=9056
[ERR] seq=1631585180 err=8992
[ERR] seq=1631585181 err=8928
[ERR] seq=1631585182 err=8848
[SEU] addr=20003158 bit=00000000
[SAMPLE QUEUE backup CORRUPTED] backup repaired
[ERR] seq=1631585183 err=8784
[ERR] seq=1631585184 err=8712
[ERR] seq=1631585185 err=8632
[ERR] seq=1631585186 err=8544
[ERR] seq=1631585187 err=8464
[ERR] seq=1631585188 err=8368
[ERR] seq=1631585189 err=8288
[ERR] seq=1631585190 err=8192
[SEU] addr=200031CF bit=00000005
[ERR] seq=1631585191 err=8088
[ERR] seq=1631585192 err=8008
[ERR] seq=1631585193 err=7896
[ERR] seq=1631585194 err=7800
[ERR] seq=1631585195 err=7696
[ERR] seq=1631585196 err=7576
[ERR] seq=1631585197 err=7472
[ERR] seq=1631585198 err=7352
[ERR] seq=1631585199 err=7248
[ERR] seq=1631585200 err=7128
[SEU] addr=200031AD bit=00000006
[ERR] seq=1631585201 err=6992
[ERR] seq=1631585202 err=6896
[ERR] seq=1631585203 err=6784
[ERR] seq=1631585204 err=6672
[ERR] seq=1631585205 err=6496
[ERR] seq=1631585206 err=6384
[ERR] seq=1631585207 err=6256
[ERR] seq=1631585208 err=6088
[ERR] seq=1631585209 err=5968
[SEU] addr=200031A5 bit=00000001
[ERR] seq=1631585210 err=5816
[SEU] addr=2000317C bit=00000003
[ERR] seq=1631585211 err=5672
[ERR] seq=1631585212 err=5528
[ERR] seq=1631585213 err=5368
[SEU] addr=20003188 bit=00000000
[ERR] seq=1631585214 err=5232
[ERR] seq=1631585215 err=5072
[ERR] seq=1631585216 err=4912
[ERR] seq=1631585217 err=4768
[ERR] seq=1631585218 err=4600
[ERR] seq=1631585219 err=4448
[SEU] addr=200031B6 bit=00000005
[ERR] seq=1631585220 err=4272
[ERR] seq=1631585221 err=4120
[ERR] seq=1631585222 err=3968
[ERR] seq=1631585223 err=3800
[SEU] addr=20003183 bit=00000004
[ERR] seq=1631585224 err=3624
[ERR] seq=1631585225 err=3472
[ERR] seq=1631585226 err=3312
[ERR] seq=1631585227 err=3128
[ERR] seq=1631585228 err=2952
[ERR] seq=1631585229 err=2760
[ERR] seq=1631585230 err=2632
[ERR] seq=1631585231 err=2424
[ERR] seq=1631585232 err=2264
[SEU] addr=20003165 bit=00000003
[CMD QUEUE backup CORRUPTED] backup repaired
[ERR] seq=1631585233 err=2088
[ERR] seq=1631585234 err=1912
[ERR] seq=1631585235 err=1736
[ERR] seq=1631585236 err=1568
[ERR] seq=1631585237 err=1368
[ERR] seq=1631585238 err=1192
[ERR] seq=1631585239 err=1024
[SEU] addr=200031BD bit=00000000
[ERR] seq=1631585240 err=840
[ERR] seq=1631585241 err=672
[ERR] seq=1631585242 err=480
[ERR] seq=1631585243 err=296
[SEU] addr=2000317A bit=00000004
[ERR] seq=1631585244 err=112
[ERR] seq=1631585245 err=72
[ERR] seq=1631585246 err=272
[ERR] seq=1631585247 err=416
[SEU] addr=200031B5 bit=00000000
[ERR] seq=1631585248 err=5544
[ERR] seq=1631585249 err=4408
[ERR] seq=1631585250 err=5344
[SEU] addr=200031D9 bit=00000002
[ERR] seq=1631585251 err=4840
[ERR] seq=1631585252 err=4864
[ERR] seq=1631585253 err=4616
[ERR] seq=1631585254 err=4464
[ERR] seq=1631585255 err=4280
[ERR] seq=1631585256 err=4120
[SEU] addr=200031D2 bit=00000003
[ERR] seq=1631585257 err=3928
[ERR] seq=1631585258 err=3744
[ERR] seq=1631585259 err=3576
[SEU] addr=200031B1 bit=00000003
[ERR] seq=1631585260 err=3384
[ERR] seq=1631585261 err=3216
[ERR] seq=1631585262 err=3048
[ERR] seq=1631585263 err=2856
[ERR] seq=1631585264 err=2704
[ERR] seq=1631585265 err=2512
[ERR] seq=1631585266 err=2424
[ERR] seq=1631585267 err=2432
[SEU] addr=2000318E bit=00000005
[ERR] seq=1631585268 err=6024
[ERR] seq=1631585269 err=2512
[ERR] seq=1631585270 err=2416
[ERR] seq=1631585271 err=2512
[ERR] seq=1631585272 err=2496
[ERR] seq=1631585273 err=2528
[ERR] seq=1631585274 err=2536
[ERR] seq=1631585275 err=2560
[ERR] seq=1631585276 err=2560
[ERR] seq=1631585277 err=2584
[SEU] addr=200031CE bit=00000006
[ERR] seq=1631585278 err=2600
[ERR] seq=1631585279 err=2608
[ERR] seq=1631585280 err=6072
[ERR] seq=1631585281 err=5264
[ERR] seq=1631585282 err=6520
[ERR] seq=1631585283 err=6344
[ERR] seq=1631585284 err=6720
[ERR] seq=1631585285 err=6776
[ERR] seq=1631585286 err=6952
[ERR] seq=1631585287 err=7112
[SEU] addr=20003151 bit=00000001
[ERR] seq=1631585288 err=7224
[ERR] seq=1631585289 err=7368
[ERR] seq=1631585290 err=7512
[ERR] seq=1631585291 err=7640
[ERR] seq=1631585292 err=7760
[ERR] seq=1631585293 err=7856
[ERR] seq=1631585294 err=7976
[ERR] seq=1631585295 err=8112
[ERR] seq=1631585296 err=8208
[SEU] addr=2000318E bit=00000001
[ERR] seq=1631585297 err=3552
[ERR] seq=1631585298 err=9216
[ERR] seq=1631585299 err=7664
[SEU] addr=20003161 bit=00000004
[ERR] seq=1631585300 err=8920
[SEU] addr=200031B8 bit=00000003
[ERR] seq=1631585301 err=8584
[ERR] seq=1631585302 err=8944
[ERR] seq=1631585303 err=8912
[ERR] seq=1631585304 err=9080
[ERR] seq=1631585305 err=9136
[ERR] seq=1631585306 err=9248
[ERR] seq=1631585307 err=9320
[ERR] seq=1631585308 err=9424
[SEU] addr=200031AB bit=00000007
[ERR] seq=1631585309 err=9496
[ERR] seq=1631585310 err=9576
[SEU] addr=20003189 bit=00000002
[ERR] seq=1631585311 err=9664
[ERR] seq=1631585312 err=9728
[ERR] seq=1631585313 err=9784
[ERR] seq=1631585314 err=9872
[ERR] seq=1631585315 err=9936
[SEU] addr=2000317A bit=00000004
[ERR] seq=1631585316 err=9984
[SEU] addr=20003177 bit=00000002
[ERR] seq=1631585317 err=10048
[ERR] seq=1631585318 err=10112
[ERR] seq=1631585319 err=10152
[ERR] seq=1631585320 err=10216
[ERR] seq=1631585321 err=10264
[ERR] seq=1631585322 err=10312
[ERR] seq=1631585323 err=10336
[ERR] seq=1631585324 err=10400
[ERR] seq=1631585325 err=10416
[SEU] addr=200031A0 bit=00000000
[ERR] seq=1631585326 err=10448
[ERR] seq=1631585327 err=10488
[ERR] seq=1631585328 err=10536
[ERR] seq=1631585329 err=10536
[ERR] seq=1631585330 err=10568
[ERR] seq=1631585331 err=10568
[SEU] addr=200031DF bit=00000004
[ERR] seq=1900020788 err=3128
[ERR] seq=1900020789 err=4296
[ERR] seq=1900020790 err=2904
[ERR] seq=1900020791 err=3280
[ERR] seq=1900020792 err=2968
[SEU] addr=20003168 bit=00000005
[CMD QUEUE backup CORRUPTED] backup repaired
[ERR] seq=1900020793 err=3048
[ERR] seq=1900020794 err=2960
[ERR] seq=1900020795 err=2944
[SEU] addr=2000318B bit=00000005
[ERR] seq=1900020796 err=2912
[ERR] seq=1900020797 err=2880
[ERR] seq=1900020798 err=2864
[ERR] seq=1900020799 err=2824
[ERR] seq=1900020800 err=2792
[ERR] seq=1900020801 err=2760
[SEU] addr=20003185 bit=00000006
[ERR] seq=1900020802 err=2704
[ERR] seq=1900020803 err=2696
[ERR] seq=1900020804 err=2640
[ERR] seq=1900020805 err=2608
[ERR] seq=1900020806 err=2576
[ERR] seq=1900020807 err=2528
[ERR] seq=1900020808 err=2496
[ERR] seq=1900020809 err=2440
[ERR] seq=1900020810 err=2408
[ERR] seq=1900020811 err=2368
[SEU] addr=20003165 bit=00000003
[CMD QUEUE backup CORRUPTED] backup repaired
[ERR] seq=1900020812 err=2328
[ERR] seq=1900020813 err=2288
[ERR] seq=1900020814 err=2248
[ERR] seq=1900020815 err=2216
[ERR] seq=1900020816 err=2152
[ERR] seq=1900020817 err=2136
[SEU] addr=2000317E bit=00000006
[ERR] seq=1900020818 err=2080
[ERR] seq=1900020819 err=2040
[ERR] seq=1900020820 err=1976
[ERR] seq=1900020821 err=1960
[ERR] seq=1900020822 err=1880
[ERR] seq=1900020823 err=1848
[ERR] seq=1900020824 err=1776
[ERR] seq=1900020825 err=1752
[ERR] seq=1900020826 err=1704
[ERR] seq=1900020827 err=1648
[SEU] addr=20003158 bit=00000005
[SAMPLE QUEUE backup CORRUPTED] backup repaired
[ERR] seq=1900020828 err=1600
[ERR] seq=1900020829 err=1568
[SEU] addr=20003172 bit=00000004
[ERR] seq=1900020830 err=1488
[ERR] seq=1900020831 err=1456
[ERR] seq=1900020832 err=1392
[ERR] seq=1900020833 err=1368
[ERR] seq=1900020834 err=1296
[ERR] seq=1900020835 err=1248
[SEU] addr=2000316C bit=00000002
[ERR] seq=1900020836 err=1216
[ERR] seq=1900020837 err=1136
[SEU] addr=20003156 bit=00000000
[SAMPLE QUEUE backup CORRUPTED] backup repaired
[ERR] seq=1900020838 err=1096
[ERR] seq=1900020839 err=1016
[ERR] seq=1900020840 err=992
[SEU] addr=20003186 bit=00000003
[ERR] seq=1900020841 err=912
[ERR] seq=1900020842 err=848
[ERR] seq=1900020843 err=816
[ERR] seq=1900020844 err=752
[ERR] seq=1900020845 err=680
[SEU] addr=200031CF bit=00000007
[ERR] seq=1900020846 err=640
[ERR] seq=1900020847 err=568
[ERR] seq=1900020848 err=520
[ERR] seq=1900020849 err=464
[ERR] seq=1900020850 err=384
[SEU] addr=200031C9 bit=00000006
[ERR] seq=1900020851 err=352
[ERR] seq=1900020852 err=272
[ERR] seq=1900020853 err=232
[ERR] seq=1900020854 err=160
[ERR] seq=1900020855 err=112
[ERR] seq=1900020856 err=80
[ERR] seq=1900020857 err=40
[SEU] addr=2000314E bit=00000003
[SAMPLE QUEUE CORRUPTED] primary repaired
[ERR] seq=1900020858 err=80
[ERR] seq=1900020859 err=120
[ERR] seq=1900020860 err=176
[ERR] seq=1900020861 err=240
[ERR] seq=1900020862 err=280
[ERR] seq=1900020863 err=344
[ERR] seq=1900020864 err=392
[ERR] seq=1900020865 err=440
[ERR] seq=1900020866 err=480
[ERR] seq=1900020867 err=552
[SEU] addr=2000319C bit=00000000
[ERR] seq=1900020868 err=584
[SEU] addr=200031AF bit=00000006
[ERR] seq=1900020869 err=640
[ERR] seq=1900020870 err=696
[ERR] seq=1900020871 err=744
[ERR] seq=1900020872 err=784
[ERR] seq=1900020873 err=832
[ERR] seq=1900020874 err=880
[ERR] seq=1900020875 err=936
[SEU] addr=200031AE bit=00000001
[ERR] seq=1900020876 err=984
[ERR] seq=1900020877 err=1016
[ERR] seq=1900020878 err=1080
[ERR] seq=1900020879 err=1128
[SEU] addr=20003170 bit=00000005
[ERR] seq=1900020880 err=1168
[ERR] seq=1900020881 err=1224
[ERR] seq=1900020882 err=1248
[SEU] addr=2000318A bit=00000000
[ERR] seq=1900020883 err=1304
[ERR] seq=1900020884 err=1336
[SEU] addr=200031CB bit=00000007
[ERR] seq=1900020885 err=1376
[ERR] seq=1900020886 err=1424
[ERR] seq=1900020887 err=1464
[SEU] addr=200031DE bit=00000003
[ERR] seq=1900545176 err=2936
[ERR] seq=1900545177 err=2040
[ERR] seq=1900545178 err=2648
[ERR] seq=1900545179 err=2168
[ERR] seq=1900545180 err=2112
[ERR] seq=1900545181 err=1824
[SEU] addr=2000314E bit=00000000
[SAMPLE QUEUE CORRUPTED] primary repaired
[ERR] seq=1900545182 err=1632
[ERR] seq=1900545183 err=1392
[ERR] seq=1900545184 err=1184
[SEU] addr=20003170 bit=00000000
[ERR] seq=1900545185 err=928
[ERR] seq=1900545186 err=720
[ERR] seq=1900545187 err=472
[SEU] addr=20003158 bit=00000003
[SAMPLE QUEUE backup CORRUPTED] backup repaired
[ERR] seq=1900545188 err=272
[ERR] seq=1900545189 err=40
[ERR] seq=1900545190 err=216
[ERR] seq=1900545191 err=432
[ERR] seq=1900545192 err=664
[ERR] seq=1900545193 err=888
[SEU] addr=200031BB bit=00000002
[ERR] seq=1900545194 err=1096
[ERR] seq=1900545195 err=1336
[ERR] seq=1900545196 err=1560
[ERR] seq=1900545197 err=1792
[ERR] seq=1900545198 err=2008
[SEU] addr=200031A1 bit=00000004
[ERR] seq=1900545199 err=2232
[ERR] seq=1900545200 err=2440
[ERR] seq=1900545201 err=2688
[ERR] seq=1900545202 err=2888
[ERR] seq=1900545203 err=3136
[ERR] seq=1900545204 err=3328
[SEU] addr=2000315A bit=00000006
[ERR] seq=1900545205 err=3528
[ERR] seq=1900545206 err=3768
[ERR] seq=1900545207 err=3984
[ERR] seq=1900545208 err=4184
[ERR] seq=1900545209 err=4416
[ERR] seq=1900545210 err=4608
[ERR] seq=1900545211 err=4840
[ERR] seq=1900545212 err=5056
[ERR] seq=1900545213 err=5256
[ERR] seq=1900545214 err=5432
[SEU] addr=200031AC bit=00000002
[ERR] seq=1900545215 err=5624
[ERR] seq=1900545216 err=5840
[ERR] seq=1900545217 err=6032
[ERR] seq=1900545218 err=6240
[ERR] seq=1900545219 err=6416
[ERR] seq=1900545220 err=6632
[ERR] seq=1900545221 err=6792
[ERR] seq=1900545222 err=7008
[SEU] addr=200031D3 bit=00000000
[ERR] seq=1900545223 err=7176
[ERR] seq=1900545224 err=7376
[ERR] seq=1900545225 err=7536
[ERR] seq=1900545226 err=7752
[ERR] seq=1900545227 err=7896
[ERR] seq=1900545228 err=8088
[SEU] addr=200031CF bit=00000001
[ERR] seq=1900545229 err=8240
[ERR] seq=1900545230 err=8448
[ERR] seq=1900545231 err=8576
[ERR] seq=1900545232 err=8752
[ERR] seq=1900545233 err=8912
[ERR] seq=1900545234 err=9072
[ERR] seq=1900545235 err=9224
[ERR] seq=1900545236 err=9368
[ERR] seq=1900545237 err=9520
[SEU] addr=2000316A bit=00000007
[ERR] seq=1900545238 err=9672
[ERR] seq=1900545239 err=9800
[ERR] seq=1900545240 err=9960
[ERR] seq=1900545241 err=10080
[ERR] seq=1900545242 err=10232
[SEU] addr=200031B9 bit=00000002
[ERR] seq=1900545243 err=10336
[ERR] seq=1900545244 err=10480
[ERR] seq=1900545245 err=10592
[SEU] addr=2000316C bit=00000002
[ERR] seq=1900545246 err=10728
[ERR] seq=1900545247 err=10824
[ERR] seq=1900545248 err=13000
[ERR] seq=1900545249 err=12776
[SEU] addr=20003183 bit=00000004
[ERR] seq=1900545250 err=13272
[ERR] seq=1900545251 err=13256
[ERR] seq=1900545252 err=13416
[ERR] seq=1900545253 err=13480
[SEU] addr=200031A6 bit=00000001
[ERR] seq=1900545254 err=13576
[ERR] seq=1900545255 err=13664
[ERR] seq=1900545256 err=13736
[ERR] seq=1900545257 err=13824
[ERR] seq=1900545258 err=13872
[ERR] seq=1900545259 err=13960
[SEU] addr=20003175 bit=00000001
[ERR] seq=1900545260 err=14016
[ERR] seq=1900545261 err=14064
[ERR] seq=1900545262 err=14120
[ERR] seq=1900545263 err=14200
[ERR] seq=1900545264 err=14232
[ERR] seq=1900545265 err=14296
[ERR] seq=1900545266 err=14328
[SEU] addr=2000317F bit=00000004
[ERR] seq=1900545267 err=14376
[ERR] seq=1900545268 err=14384
[ERR] seq=1900545269 err=14440
[ERR] seq=1900545270 err=14440
[ERR] seq=1900545271 err=14480
[SEU] addr=200031DF bit=00000006
[ERR] seq=826803448 err=3728
[ERR] seq=826803449 err=5384
[ERR] seq=826803450 err=3368
[ERR] seq=826803451 err=3912
[ERR] seq=826803452 err=3464
[ERR] seq=826803453 err=3600
[ERR] seq=826803454 err=3448
[ERR] seq=826803455 err=3456
[ERR] seq=826803456 err=1352
[SEU] addr=2000317B bit=00000006
[ERR] seq=826803457 err=1640
[ERR] seq=826803458 err=1208
[ERR] seq=826803459 err=1304
[ERR] seq=826803460 err=1168
[ERR] seq=826803461 err=1152
[ERR] seq=826803462 err=1080
[ERR] seq=826803463 err=1056
[ERR] seq=826803464 err=984
[ERR] seq=826803465 err=952
[SEU] addr=20003165 bit=00000006
[CMD QUEUE backup CORRUPTED] backup repaired
[ERR] seq=826803466 err=896
[ERR] seq=826803467 err=848
[ERR] seq=826803468 err=800
[ERR] seq=826803469 err=760
[ERR] seq=826803470 err=696
[ERR] seq=826803471 err=680
[SEU] addr=2000316F bit=00000007
[ERR] seq=826803472 err=592
[ERR] seq=826803473 err=560
[ERR] seq=826803474 err=504
[ERR] seq=826803475 err=456
[SEU] addr=200031C5 bit=00000002
[ERR] seq=826803476 err=408
[ERR] seq=826803477 err=352
[ERR] seq=826803478 err=320
[ERR] seq=826803479 err=240
[ERR] seq=826803480 err=192
[SEU] addr=20003156 bit=00000001
[SAMPLE QUEUE backup CORRUPTED] backup repaired
[ERR] seq=826803481 err=144
[ERR] seq=826803482 err=80
[ERR] seq=826803483 err=24
[ERR] seq=826803484 err=72
[ERR] seq=826803485 err=104
[ERR] seq=826803486 err=144
[SEU] addr=20003153 bit=00000003
[ERR] seq=826803487 err=216
[ERR] seq=826803488 err=256
[ERR] seq=826803489 err=328
[SEU] addr=20003187 bit=00000003
[ERR] seq=826803490 err=384
[ERR] seq=826803491 err=432
[ERR] seq=826803492 err=504
[ERR] seq=826803493 err=552
[ERR] seq=826803494 err=608
[ERR] seq=826803495 err=680
[SEU] addr=2000319B bit=00000001
[ERR] seq=826803496 err=268436184
[SEU] addr=2000318A bit=00000001
[ERR] seq=826803497 err=42950192
[ERR] seq=826803498 err=49822448
[ERR] seq=826803499 err=14843992
[SEU] addr=20003196 bit=00000004
[ERR] seq=826803500 err=18735432
[ERR] seq=826803501 err=5373192
[ERR] seq=826803502 err=3857640
[ERR] seq=826803503 err=1477496
[ERR] seq=826803504 err=853936
[ERR] seq=826803505 err=373624
[ERR] seq=826803506 err=196752
[ERR] seq=826803507 err=91904
[ERR] seq=826803508 err=46560
[SEU] addr=20003172 bit=00000000
[ERR] seq=826803509 err=22848
[ERR] seq=826803510 err=11520
[ERR] seq=826803511 err=6248
[ERR] seq=826803512 err=3272
[SEU] addr=20003155 bit=00000005
[SAMPLE QUEUE backup CORRUPTED] backup repaired
[ERR] seq=826803513 err=2312
[ERR] seq=826803514 err=1864
[ERR] seq=826803515 err=1648
[SEU] addr=200031D4 bit=00000005
[ERR] seq=826803516 err=1808
[ERR] seq=826803517 err=1824
[ERR] seq=826803518 err=1872
[ERR] seq=826803519 err=1928
[ERR] seq=826803520 err=1968
[ERR] seq=826803521 err=2032
[ERR] seq=826803522 err=2056
[SEU] addr=200031CF bit=00000004
[ERR] seq=826803523 err=2120
[ERR] seq=826803524 err=2144
[ERR] seq=826803525 err=2200
[SEU] addr=20003192 bit=00000001
[ERR] seq=826803526 err=1050808
[ERR] seq=826803527 err=167544
[ERR] seq=826803528 err=196920
[ERR] seq=826803529 err=57744
[SEU] addr=20003172 bit=00000007
[ERR] seq=826803530 err=42792
[ERR] seq=826803531 err=15480
[ERR] seq=826803532 err=11448
[SEU] addr=20003167 bit=00000004
[CMD QUEUE backup CORRUPTED] backup repaired
[ERR] seq=826803533 err=3696
[ERR] seq=826803534 err=4632
[ERR] seq=826803535 err=1632
[ERR] seq=826803536 err=3112
[ERR] seq=826803537 err=2448
[SEU] addr=200031D5 bit=00000002
[ERR] seq=826803538 err=2816
[ERR] seq=826803539 err=2688
[SEU] addr=20003159 bit=00000004
[ERR] seq=826803540 err=2816
[SEU] addr=20003195 bit=00000003
[ERR] seq=826803541 err=17624
[ERR] seq=826803542 err=5472
[ERR] seq=826803543 err=4328
[ERR] seq=826803544 err=3800
[ERR] seq=826803545 err=2312
[ERR] seq=826803546 err=3208
[SEU] addr=2000318C bit=00000002
[ERR] seq=826803547 err=2440
[ERR] seq=826803548 err=3144
[ERR] seq=826803549 err=2952
[ERR] seq=826803550 err=3120
[ERR] seq=826803551 err=3088
[ERR] seq=826803552 err=3136
[ERR] seq=826803553 err=3152
[ERR] seq=826803554 err=3184
[SEU] addr=20003177 bit=00000006
[ERR] seq=826803555 err=3208
[ERR] seq=826803556 err=3240
[ERR] seq=826803557 err=3264
[ERR] seq=826803558 err=3264
[ERR] seq=826803559 err=3288
[ERR] seq=826803560 err=3304
[ERR] seq=826803561 err=3320
[ERR] seq=826803562 err=3352
[ERR] seq=826803563 err=3368
[SEU] addr=200031C8 bit=00000004
[ERR] seq=826803564 err=3376
[ERR] seq=826803565 err=3384
[ERR] seq=826803566 err=3416
[ERR] seq=826803567 err=3416
[ERR] seq=826803568 err=3416
[ERR] seq=826803569 err=3416
[SEU] addr=20003198 bit=00000001
[ERR] seq=826803570 err=3408
[ERR] seq=826803571 err=3448
[ERR] seq=826803572 err=3448
[ERR] seq=826803573 err=3448
[ERR] seq=826803574 err=3472
[ERR] seq=826803575 err=3456
[ERR] seq=826803576 err=3488
[ERR] seq=826803577 err=3472
[ERR] seq=826803578 err=3496
[SEU] addr=200031B5 bit=00000001
[ERR] seq=826803579 err=3464
[ERR] seq=826803580 err=3496
[ERR] seq=826803581 err=3464
[ERR] seq=826803582 err=3496
[SEU] addr=200031D5 bit=00000000
[ERR] seq=826803583 err=3472
[ERR] seq=826803584 err=3488
[ERR] seq=826803585 err=3464
[ERR] seq=826803586 err=3472
[ERR] seq=826803587 err=3448
[ERR] seq=826803588 err=3464
[SEU] addr=2000316C bit=00000002
[ERR] seq=826803589 err=3432
[SEU] addr=20003153 bit=00000002
[ERR] seq=826803590 err=3440
[ERR] seq=826803591 err=3416
[ERR] seq=826803592 err=3416
[SEU] addr=20003162 bit=00000003
[ERR] seq=826803593 err=3424
[ERR] seq=826803594 err=3416
[ERR] seq=826803595 err=3392
[ERR] seq=826803596 err=3376
[ERR] seq=826803597 err=3376
[ERR] seq=826803598 err=3352
[ERR] seq=826803599 err=3320
[SEU] addr=2000319B bit=00000001
[ERR] seq=826803600 err=268438784
[ERR] seq=826803601 err=42951808
[ERR] seq=826803602 err=49824872
[ERR] seq=826803603 err=14845520
[ERR] seq=826803604 err=10349616
[ERR] seq=826803605 err=4032456
[ERR] seq=826803606 err=2303464
[ERR] seq=826803607 err=1014944
[ERR] seq=826803608 err=533232
[SEU] addr=200031C7 bit=00000001
[ERR] seq=826803609 err=248880
[ERR] seq=826803610 err=127392
[ERR] seq=826803611 err=61376
[ERR] seq=826803612 err=32400
[ERR] seq=826803613 err=16136
[SEU] addr=200031A8 bit=00000006
[ERR] seq=826803614 err=9944
[ERR] seq=826803615 err=5288
[ERR] seq=826803616 err=4560
[ERR] seq=826803617 err=2672
[SEU] addr=200031C6 bit=00000007
[ERR] seq=826803618 err=3248
[ERR] seq=826803619 err=2640
[ERR] seq=826803620 err=2888
[ERR] seq=826803621 err=2712
[SEU] addr=2000315F bit=00000003
[CMD QUEUE CORRUPTED] primary repaired
[ERR] seq=826803622 err=2728
[ERR] seq=826803623 err=2688
[ERR] seq=826803624 err=2640
[SEU] addr=200031A2 bit=00000007
[ERR] seq=826803625 err=2608
[ERR] seq=826803626 err=2576
[ERR] seq=826803627 err=2528
[ERR] seq=826803628 err=2496
[ERR] seq=826803629 err=2440
[ERR] seq=826803630 err=2408
[ERR] seq=826803631 err=2368
[SEU] addr=200031D0 bit=00000006
[ERR] seq=826803632 err=2328
[ERR] seq=826803633 err=2288
[ERR] seq=826803634 err=2248
[ERR] seq=826803635 err=2216
[ERR] seq=826803636 err=2152
[SEU] addr=2000317B bit=00000007
[ERR] seq=826803637 err=2136
[ERR] seq=826803638 err=2080
[ERR] seq=826803639 err=2040
[ERR] seq=826803640 err=1976
[ERR] seq=826803641 err=1960
[ERR] seq=826803642 err=1880
[ERR] seq=826803643 err=1848
[SEU] addr=200031A9 bit=00000005
[ERR] seq=826803644 err=1776
[ERR] seq=826803645 err=1752
[ERR] seq=826803646 err=1704
[ERR] seq=826803647 err=1648
[ERR] seq=826803648 err=1600
[ERR] seq=826803649 err=1568
[ERR] seq=826803650 err=1488
[ERR] seq=826803651 err=1456
[ERR] seq=826803652 err=1392
[SEU] addr=20003166 bit=00000002
[CMD QUEUE backup CORRUPTED] backup repaired
[ERR] seq=826803653 err=1368
[ERR] seq=826803654 err=1296
[ERR] seq=826803655 err=1248
[SEU] addr=2000316B bit=00000001
[ERR] seq=826803656 err=1216
[ERR] seq=826803657 err=1136
[SEU] addr=20003178 bit=00000006
[ERR] seq=826803658 err=1096
[ERR] seq=826803659 err=1016
[ERR] seq=826803660 err=992
[SEU] addr=20003192 bit=00000004
[ERR] seq=826803661 err=8389520
[ERR] seq=826803662 err=1342064
[ERR] seq=826803663 err=1557728
[ERR] seq=826803664 err=463752
[SEU] addr=200031A0 bit=00000007
[ERR] seq=826803665 err=324000
[ERR] seq=826803666 err=125864
[ERR] seq=826803667 err=72448
[ERR] seq=826803668 err=31576
[ERR] seq=826803669 err=17024
[ERR] seq=826803670 err=7640
[ERR] seq=826803671 err=4224
[SEU] addr=200031C1 bit=00000006
[ERR] seq=826803672 err=1792
[ERR] seq=826803673 err=1136
[ERR] seq=826803674 err=384
[ERR] seq=826803675 err=320
[ERR] seq=826803676 err=80
[ERR] seq=826803677 err=72
[ERR] seq=826803678 err=80
[SEU] addr=2000319B bit=00000002
[ERR] seq=826803679 err=536870952
[ERR] seq=826803680 err=85903608
[ERR] seq=826803681 err=99646800
[ERR] seq=826803682 err=29691296
[ERR] seq=826803683 err=20696952
[ERR] seq=826803684 err=8065248
[ERR] seq=826803685 err=4604872
[ERR] seq=826803686 err=2030384
[SEU] addr=200031C2 bit=00000002
[ERR] seq=826803687 err=1064616
[ERR] seq=826803688 err=498440
[SEU] addr=2000316A bit=00000000
[ERR] seq=826803689 err=253088
[ERR] seq=826803690 err=123560
[ERR] seq=826803691 err=63312
[ERR] seq=826803692 err=33296
[ERR] seq=826803693 err=18528
[ERR] seq=826803694 err=11744
[ERR] seq=826803695 err=7952
[ERR] seq=826803696 err=6680
[SEU] addr=2000319E bit=00000003
[ERR] seq=826803697 err=5488
[ERR] seq=826803698 err=5552
[ERR] seq=826803699 err=5048
[ERR] seq=826803700 err=5360
[SEU] addr=200031D9 bit=00000002
[ERR] seq=826803701 err=5264
[ERR] seq=826803702 err=5376
[ERR] seq=826803703 err=5376
[ERR] seq=826803704 err=5448
[ERR] seq=826803705 err=5464
[SEU] addr=20003154 bit=00000005
[SAMPLE QUEUE backup CORRUPTED] backup repaired
[ERR] seq=826803706 err=5520
[ERR] seq=826803707 err=5560
[ERR] seq=826803708 err=5600
[ERR] seq=826803709 err=5632
[ERR] seq=826803710 err=5672
[SEU] addr=20003178 bit=00000007
[ERR] seq=826803711 err=5704
[ERR] seq=826803712 err=1680
[ERR] seq=826803713 err=2344
[ERR] seq=826803714 err=1648
[ERR] seq=826803715 err=1896
[ERR] seq=826803716 err=1768
[ERR] seq=826803717 err=1872
[ERR] seq=826803718 err=1872
[ERR] seq=826803719 err=1920
[SEU] addr=200031D7 bit=00000002
[ERR] seq=826803720 err=1952
[ERR] seq=826803721 err=1976
[ERR] seq=826803722 err=2016
[ERR] seq=826803723 err=2040
[ERR] seq=826803724 err=2056
[ERR] seq=826803725 err=2104
[SEU] addr=20003164 bit=00000001
[CMD QUEUE backup CORRUPTED] backup repaired
[ERR] seq=826803726 err=2120
[ERR] seq=826803727 err=2160
[ERR] seq=826803728 err=2184
[ERR] seq=826803729 err=2224
[ERR] seq=826803730 err=2216
[ERR] seq=826803731 err=2272
[SEU] addr=20003176 bit=00000000
[ERR] seq=826803732 err=2288
[ERR] seq=826803733 err=2320
[SEU] addr=200031C4 bit=00000000
[ERR] seq=826803734 err=2336
[SEU] addr=20003165 bit=00000000
[CMD QUEUE backup CORRUPTED] backup repaired
[ERR] seq=826803735 err=2368
[ERR] seq=826803736 err=2368
[ERR] seq=826803737 err=2392
[SEU] addr=2000316C bit=00000005
[ERR] seq=826803738 err=2424
[ERR] seq=826803739 err=2400
[ERR] seq=826803740 err=2472
[SEU] addr=200031D8 bit=00000002
[ERR] seq=826803741 err=2456
[ERR] seq=826803742 err=2480
[ERR] seq=826803743 err=2496
[ERR] seq=826803744 err=2512
[ERR] seq=826803745 err=2528
[ERR] seq=826803746 err=2520
[ERR] seq=826803747 err=2520
[ERR] seq=826803748 err=2528
[ERR] seq=826803749 err=2544
[ERR] seq=826803750 err=2560
[SEU] addr=200031D0 bit=00000003
[ERR] seq=826803751 err=2560
[ERR] seq=826803752 err=2568
[ERR] seq=826803753 err=2576
[ERR] seq=826803754 err=2576
[ERR] seq=826803755 err=2592
[ERR] seq=826803756 err=2584
[ERR] seq=826803757 err=2576
[SEU] addr=20003197 bit=00000003
[ERR] seq=826803758 err=1073744416
[ERR] seq=826803759 err=171799880
[ERR] seq=826803760 err=199289072
[ERR] seq=826803761 err=59374816
[ERR] seq=826803762 err=41388192
[ERR] seq=826803763 err=16122656
[ERR] seq=826803764 err=9203696
[ERR] seq=826803765 err=4052800
[ERR] seq=826803766 err=2122984
[SEU] addr=20003174 bit=00000001
[ERR] seq=826803767 err=988696
[ERR] seq=826803768 err=499792
[ERR] seq=826803769 err=238712
[ERR] seq=826803770 err=120080
[ERR] seq=826803771 err=57976
[ERR] seq=826803772 err=30408
[ERR] seq=826803773 err=14696
[ERR] seq=826803774 err=9104
[ERR] seq=826803775 err=4352
[ERR] seq=826803776 err=4016
[SEU] addr=20003195 bit=00000003
[ERR] seq=826803777 err=18056
[SEU] addr=200031B1 bit=00000002
[ERR] seq=826803778 err=3360
[ERR] seq=826803779 err=5240
[ERR] seq=826803780 err=1904
[ERR] seq=826803781 err=2936
[ERR] seq=826803782 err=2136
[ERR] seq=826803783 err=2440
[SEU] addr=200031C1 bit=00000006
[ERR] seq=826803784 err=2248
[ERR] seq=826803785 err=2304
[ERR] seq=826803786 err=2224
[ERR] seq=826803787 err=2232
[ERR] seq=826803788 err=2184
[ERR] seq=826803789 err=2176
[ERR] seq=826803790 err=2128
[ERR] seq=826803791 err=2104
[ERR] seq=826803792 err=2080
[SEU] addr=200031C6 bit=00000002
[ERR] seq=826803793 err=2048
[ERR] seq=826803794 err=2016
[ERR] seq=826803795 err=2000
[ERR] seq=826803796 err=1952
[ERR] seq=826803797 err=1920
[ERR] seq=826803798 err=1904
[ERR] seq=826803799 err=1856
[ERR] seq=826803800 err=1816
[ERR] seq=826803801 err=1800
[SEU] addr=20003152 bit=00000001
[ERR] seq=826803802 err=1736
[ERR] seq=826803803 err=1720
[SEU] addr=20003172 bit=00000002
[ERR] seq=826803804 err=1680
[ERR] seq=826803805 err=1624
[ERR] seq=826803806 err=1600
[ERR] seq=826803807 err=1544
[ERR] seq=826803808 err=1520
[SEU] addr=200031B9 bit=00000006
[ERR] seq=826803809 err=1464
[ERR] seq=826803810 err=1448
[ERR] seq=826803811 err=1384
[ERR] seq=826803812 err=1360
[ERR] seq=826803813 err=1304
[ERR] seq=826803814 err=1264
[SEU] addr=20003170 bit=00000007
[ERR] seq=826803815 err=1240
[ERR] seq=826803816 err=1184
[ERR] seq=826803817 err=1144
[SEU] addr=20003174 bit=00000004
[ERR] seq=826803818 err=1080
[ERR] seq=826803819 err=1056
[SEU] addr=200031DB bit=00000007
[ERR] seq=826803820 err=984
[ERR] seq=826803821 err=952
[ERR] seq=826803822 err=896
[SEU] addr=20003176 bit=00000003
[ERR] seq=826803823 err=848
[SEU] addr=20003191 bit=00000001
[ERR] seq=826803824 err=4048
[ERR] seq=826803825 err=1408
[ERR] seq=826803826 err=712
[SEU] addr=200031B8 bit=00000004
[ERR] seq=826803827 err=896
[ERR] seq=826803828 err=448
[ERR] seq=826803829 err=616
[SEU] addr=200031DD bit=00000007
[ERR] seq=826836598 err=296
[ERR] seq=826836599 err=160
[ERR] seq=826836600 err=320
[ERR] seq=826836601 err=312
[ERR] seq=826836602 err=336
[SEU] addr=200031A4 bit=00000006
[ERR] seq=826836603 err=360
[ERR] seq=826836604 err=360
[ERR] seq=826836605 err=408
[ERR] seq=826836606 err=416
[ERR] seq=826836607 err=440
[ERR] seq=826836608 err=472
[ERR] seq=826836609 err=488
[ERR] seq=826836610 err=520
[SEU] addr=20003171 bit=00000005
[ERR] seq=826836611 err=528
[ERR] seq=826836612 err=560
[ERR] seq=826836613 err=560
[ERR] seq=826836614 err=592
[ERR] seq=826836615 err=616
[ERR] seq=826836616 err=624
[SEU] addr=200031D3 bit=00000006
[ERR] seq=826836617 err=632
[ERR] seq=826836618 err=664
[ERR] seq=826836619 err=672
[SEU] addr=20003165 bit=00000006
[CMD QUEUE backup CORRUPTED] backup repaired
[ERR] seq=826836620 err=712
[ERR] seq=826836621 err=696
[SEU] addr=20003185 bit=00000003
[ERR] seq=826836622 err=728
[ERR] seq=826836623 err=736
[ERR] seq=826836624 err=768
[ERR] seq=826836625 err=784
[SEU] addr=2000315A bit=00000007
[ERR] seq=826836626 err=792
[ERR] seq=826836627 err=816
[ERR] seq=826836628 err=824
[SEU] addr=2000318D bit=00000003
[ERR] seq=826836629 err=3848
[ERR] seq=826836630 err=1592
[ERR] seq=826836631 err=64
[ERR] seq=826836632 err=1128
[ERR] seq=826836633 err=752
[ERR] seq=826836634 err=984
[ERR] seq=826836635 err=912
[ERR] seq=826836636 err=960
[SEU] addr=20003159 bit=00000007
[ERR] seq=826836637 err=976
[ERR] seq=826836638 err=992
[ERR] seq=826836639 err=992
[ERR] seq=826836640 err=1016
[ERR] seq=826836641 err=1032
[ERR] seq=826836642 err=1056
[ERR] seq=826836643 err=1064
[ERR] seq=826836644 err=1088
[SEU] addr=2000319C bit=00000001
[ERR] seq=826836645 err=1080
[ERR] seq=826836646 err=1120
[ERR] seq=826836647 err=1120
[ERR] seq=826836648 err=1144
[ERR] seq=826836649 err=1144
[SEU] addr=2000315E bit=00000000
[CMD QUEUE CORRUPTED] primary repaired
[ERR] seq=826836650 err=1160
[ERR] seq=826836651 err=1160
[ERR] seq=826836652 err=1176
[SEU] addr=20003192 bit=00000000
[ERR] seq=826836653 err=525472
[ERR] seq=826836654 err=83736
[ERR] seq=826836655 err=98512
[ERR] seq=826836656 err=28832
[SEU] addr=200031D6 bit=00000005
[ERR] seq=826836657 err=21448
[ERR] seq=826836658 err=7720
[ERR] seq=826836659 err=5744
[ERR] seq=826836660 err=1840
[SEU] addr=20003163 bit=00000001
[ERR] seq=826836661 err=2304
[ERR] seq=826836662 err=824
[ERR] seq=826836663 err=1552
[ERR] seq=826836664 err=1208
[ERR] seq=826836665 err=1384
[SEU] addr=200031AD bit=00000001
[ERR] seq=826836666 err=1304
[ERR] seq=826836667 err=1352
[SEU] addr=2000319F bit=00000007
[ERR] seq=826836668 err=1352
[ERR] seq=826836669 err=1360
[ERR] seq=826836670 err=1368
[ERR] seq=826836671 err=1376
[SEU] addr=20003194 bit=00000007
[ERR] seq=826836672 err=1632
[ERR] seq=826836673 err=1536
[SEU] addr=200031C8 bit=00000001
[ERR] seq=826836674 err=1224
[SEU] addr=200031D0 bit=00000004
[ERR] seq=826836675 err=1448
[ERR] seq=826836676 err=1360
[SEU] addr=200031AB bit=00000006
[ERR] seq=826836677 err=1424
[ERR] seq=826836678 err=1408
[ERR] seq=826836679 err=1432
[SEU] addr=2000316A bit=00000005
[ERR] seq=826836680 err=1424
[ERR] seq=826836681 err=1456
[ERR] seq=826836682 err=1416
[SEU] addr=200031DD bit=00000001
[ERR] seq=826836171 err=1016
[ERR] seq=826836172 err=1280
[SEU] addr=20003179 bit=00000001
[ERR] seq=826836173 err=1432
[ERR] seq=826836174 err=1696
[ERR] seq=826836175 err=1952
[ERR] seq=826836176 err=2192
[ERR] seq=826836177 err=2448
[ERR] seq=826836178 err=2712
[ERR] seq=826836179 err=2952
[SEU] addr=200031D1 bit=00000005
[ERR] seq=826836180 err=3200
[ERR] seq=826836181 err=3424
[SEU] addr=200031B2 bit=00000004
[ERR] seq=826836182 err=3712
[ERR] seq=826836183 err=3944
[ERR] seq=826836184 err=4184
[ERR] seq=826836185 err=4448
[ERR] seq=826836186 err=4696
[SEU] addr=20003196 bit=00000007
[ERR] seq=826836187 err=67111664
[ERR] seq=826836188 err=10742592
[SEU] addr=20003171 bit=00000002
[ERR] seq=826836189 err=12458432
[ERR] seq=826836190 err=3716520
[ERR] seq=826836191 err=2589840
[SEU] addr=200031C0 bit=00000006
[ERR] seq=826836192 err=1011704
[ERR] seq=826836193 err=576792
[ERR] seq=826836194 err=257744
[ERR] seq=826836195 err=134192
[ERR] seq=826836196 err=66760
[SEU] addr=2000317B bit=00000005
[ERR] seq=826836197 err=32912
[SEU] addr=2000315F bit=00000004
[CMD QUEUE CORRUPTED] primary repaired
[ERR] seq=826836198 err=20360
[ERR] seq=826836199 err=9376
[ERR] seq=826836200 err=9520
[ERR] seq=826836201 err=4480
[ERR] seq=826836202 err=7272
[SEU] addr=200031A4 bit=00000003
[ERR] seq=826836203 err=6240
[ERR] seq=826836204 err=7064
[ERR] seq=826836205 err=6984
[ERR] seq=826836206 err=7352
[ERR] seq=826836207 err=7488
[ERR] seq=826836208 err=7728
[ERR] seq=826836209 err=7928
[ERR] seq=826836210 err=8136
[ERR] seq=826836211 err=8312
[SEU] addr=20003190 bit=00000005
[ERR] seq=826836212 err=8288
[ERR] seq=826836213 err=8752
[SEU] addr=200031D3 bit=00000000
[ERR] seq=826836214 err=8864
[ERR] seq=826836215 err=9128
[ERR] seq=826836216 err=9304
[ERR] seq=826836217 err=9496
[ERR] seq=826836218 err=9672
[ERR] seq=826836219 err=9848
[ERR] seq=826836220 err=10024
[SEU] addr=20003171 bit=00000007
[ERR] seq=826836221 err=10184
[ERR] seq=826836222 err=10376
[ERR] seq=826836223 err=10520
[ERR] seq=826836224 err=12744
[ERR] seq=826836225 err=12552
[SEU] addr=200031C2 bit=00000002
[ERR] seq=826836226 err=13104
[ERR] seq=826836227 err=13136
[ERR] seq=826836228 err=13352
[ERR] seq=826836229 err=13480
[ERR] seq=826836230 err=13632
[ERR] seq=826836231 err=13784
[ERR] seq=826836232 err=13920
[ERR] seq=826836233 err=14040
[ERR] seq=826836234 err=14152
[SEU] addr=20003151 bit=00000006
[ERR] seq=826836235 err=14296
[ERR] seq=826836236 err=14400
[ERR] seq=826836237 err=14520
[ERR] seq=826836238 err=14632
[ERR] seq=826836239 err=14736
[ERR] seq=826836240 err=14848
[SEU] addr=200031D4 bit=00000003
[ERR] seq=826836241 err=14920
[ERR] seq=826836242 err=15032
[ERR] seq=826836243 err=15104
[ERR] seq=826836244 err=15208
[ERR] seq=826836245 err=15288
[ERR] seq=826836246 err=15368
[ERR] seq=826836247 err=15448
[ERR] seq=826836248 err=15504
[ERR] seq=826836249 err=15568
[ERR] seq=826836250 err=15632
[SEU] addr=200031D6 bit=00000004
[ERR] seq=826836251 err=15696
[ERR] seq=826836252 err=15728
[ERR] seq=826836253 err=15792
[ERR] seq=826836254 err=15832
[ERR] seq=826836255 err=15880
[SEU] addr=200031D6 bit=00000007
[ERR] seq=826836256 err=15880
[ERR] seq=826836257 err=15928
[ERR] seq=826836258 err=15944
[ERR] seq=826836259 err=15960
[ERR] seq=826836260 err=15968
[ERR] seq=826836261 err=15984
[ERR] seq=826836262 err=15984
[ERR] seq=826836263 err=15984
[ERR] seq=826836264 err=15968
[ERR] seq=826836265 err=15968
[SEU] addr=200031A9 bit=00000000
[ERR] seq=826836266 err=15952
[SEU] addr=2000319B bit=00000005
[ERR] seq=826836267 err=15920
[ERR] seq=826836268 err=15912
[ERR] seq=826836269 err=15880
[SEU] addr=200031A9 bit=00000007
[ERR] seq=826836270 err=15840
[ERR] seq=826836271 err=15816
[ERR] seq=826836272 err=15744
[ERR] seq=826836273 err=15712
[ERR] seq=826836274 err=15640
[ERR] seq=826836275 err=15600
[SEU] addr=20003166 bit=00000000
[CMD QUEUE backup CORRUPTED] backup repaired
[ERR] seq=826836276 err=15520
[ERR] seq=826836277 err=15464
[ERR] seq=826836278 err=15400
[ERR] seq=826836279 err=15304
[ERR] seq=826836280 err=15232
[SEU] addr=2000315D bit=00000001
[CMD QUEUE CORRUPTED] primary repaired
[ERR] seq=826836281 err=15144
[ERR] seq=826836282 err=15056
[ERR] seq=826836283 err=14960
[ERR] seq=826836284 err=14872
[ERR] seq=826836285 err=14768
[ERR] seq=826836286 err=14664
[ERR] seq=826836287 err=14552
[ERR] seq=826836288 err=14448
[SEU] addr=200031DE bit=00000007
[ERR] seq=835224897 err=2488
[ERR] seq=835224898 err=4384
[SEU] addr=20003194 bit=00000003
[ERR] seq=835224899 err=2296
[ERR] seq=835224900 err=2888
[SEU] addr=2000315F bit=00000007
[CMD QUEUE CORRUPTED] primary repaired
[ERR] seq=835224901 err=2496
[ERR] seq=835224902 err=2680
[SEU] addr=200031A4 bit=00000006
[ERR] seq=835224903 err=2616
[ERR] seq=835224904 err=2704
[ERR] seq=835224905 err=2680
[ERR] seq=835224906 err=2736
[ERR] seq=835224907 err=2752
[SEU] addr=20003189 bit=00000004
[ERR] seq=835224908 err=2784
[ERR] seq=835224909 err=2800
[SEU] addr=20003190 bit=00000002
[ERR] seq=835224910 err=2872
[ERR] seq=835224911 err=2848
[ERR] seq=835224912 err=2888
[ERR] seq=835224913 err=2904
[ERR] seq=835224914 err=2928
[ERR] seq=835224915 err=2960
[ERR] seq=835224916 err=2984
[ERR] seq=835224917 err=3008
[ERR] seq=835224918 err=3024
[SEU] addr=200031CD bit=00000000
[ERR] seq=835224919 err=3040
[ERR] seq=835224920 err=3064
[ERR] seq=835224921 err=3096
[ERR] seq=835224922 err=3120
[ERR] seq=835224923 err=3136
[SEU] addr=20003168 bit=00000003
[CMD QUEUE backup CORRUPTED] backup repaired
[ERR] seq=835224924 err=3160
[ERR] seq=835224925 err=3192
[ERR] seq=835224926 err=3192
[SEU] addr=20003185 bit=00000006
[ERR] seq=835224927 err=3216
[ERR] seq=835224928 err=3240
[SEU] addr=200031D1 bit=00000000
[ERR] seq=835224929 err=3264
[ERR] seq=835224930 err=3280
[ERR] seq=835224931 err=3288
[ERR] seq=835224932 err=3304
[ERR] seq=835224933 err=3312
[ERR] seq=835224934 err=3328
[ERR] seq=835224935 err=3344
[ERR] seq=835224936 err=3368
[SEU] addr=200031AB bit=00000003
[ERR] seq=835224937 err=3376
[ERR] seq=835224938 err=3384
[ERR] seq=835224939 err=3408
[ERR] seq=835224940 err=3392
[ERR] seq=835224941 err=3424
[SEU] addr=20003164 bit=00000006
[CMD QUEUE backup CORRUPTED] backup repaired
[ERR] seq=835224942 err=3424
[ERR] seq=835224943 err=3440
[ERR] seq=835224944 err=3448
[ERR] seq=835224945 err=3464
[ERR] seq=835224946 err=3472
[ERR] seq=835224947 err=3472
[ERR] seq=835224948 err=3488
[ERR] seq=835224949 err=3496
[ERR] seq=835224950 err=3496
[SEU] addr=20003190 bit=00000002
[ERR] seq=835224951 err=3496
[ERR] seq=835224952 err=3488
[ERR] seq=835224953 err=3480
[ERR] seq=835224954 err=3504
[ERR] seq=835224955 err=3472
[ERR] seq=835224956 err=3512
[ERR] seq=835224957 err=3496
[ERR] seq=835224958 err=3496
[SEU] addr=2000316B bit=00000005
[ERR] seq=835224959 err=3496
[ERR] seq=835224960 err=3512
[ERR] seq=835224961 err=3472
[ERR] seq=835224962 err=3504
[ERR] seq=835224963 err=3480
[SEU] addr=2000318D bit=00000005
[ERR] seq=835224964 err=3984
[ERR] seq=835224965 err=3392
[SEU] addr=20003156 bit=00000002
[SAMPLE QUEUE backup CORRUPTED] backup repaired
[ERR] seq=835224966 err=3592
[ERR] seq=835224967 err=3456
[SEU] addr=200031C7 bit=00000003
[ERR] seq=835224968 err=3520
[ERR] seq=835224969 err=3464
[ERR] seq=835224970 err=3488
[ERR] seq=835224971 err=3448
[ERR] seq=835224972 err=3464
[SEU] addr=2000318D bit=00000003
[ERR] seq=835224973 err=6000
[ERR] seq=835224974 err=4928
[ERR] seq=835224975 err=1688
[ERR] seq=835224976 err=3928
[ERR] seq=835224977 err=3048
[SEU] addr=200031D2 bit=00000002
[ERR] seq=835224978 err=3520
[ERR] seq=835224979 err=3304
[ERR] seq=835224980 err=3400
[ERR] seq=835224981 err=3328
[ERR] seq=835224982 err=3344
[ERR] seq=835224983 err=3320
[ERR] seq=835224984 err=3304
[ERR] seq=835224985 err=3288
[SEU] addr=200031D2 bit=00000005
[ERR] seq=835224986 err=3288
[ERR] seq=835224987 err=3264
[ERR] seq=835224988 err=3248
[ERR] seq=835224989 err=3216
[ERR] seq=835224990 err=3208
[ERR] seq=835224991 err=3192
[ERR] seq=835224992 err=3168
[ERR] seq=835224993 err=3160
[SEU] addr=200031A1 bit=00000004
[ERR] seq=835224994 err=3112
[ERR] seq=835224995 err=3104
[ERR] seq=835224996 err=3072
[ERR] seq=835224997 err=3056
[ERR] seq=835224998 err=3024
[ERR] seq=835224999 err=3008
[SEU] addr=200031CD bit=00000006
[ERR] seq=835225000 err=3008
[ERR] seq=835225001 err=2952
[ERR] seq=835225002 err=2944
[SEU] addr=2000315E bit=00000003
[CMD QUEUE CORRUPTED] primary repaired
[ERR] seq=835225003 err=2912
[ERR] seq=835225004 err=2888
[ERR] seq=835225005 err=2872
[ERR] seq=835225006 err=2832
[ERR] seq=835225007 err=2808
[END]
samples=2000
SEUs=378
good samples=143
errors=1857
samples omitted=0
max error=0x0000000040002600
propagations=1838
detected disturbances=49
tmr corrections=0
dmr corrections=49
crc detections=0
clamp activations=0
[HARDFAULT]
qemu: fatal: Lockup: can't escalate 3 to HardFault (current priority -1)

R00=0000000a R01=00000002 R02=4000c000 R03=00000000
R04=00000000 R05=00000010 R06=00000000 R07=2000ffd8
R08=000005c0 R09=00000000 R10=fffffad8 R11=ffffffff
R12=fffffe28 R13=2000ffd8 R14=00003551 R15=00000d42
XPSR=01000003 ---- T handler
FPSCR: 00000000
