START
SEED=76893011
[SEU] addr=200031C0 bit=00000007
[SEU] addr=200031E4 bit=00000004
[SEU] addr=20003189 bit=00000005
[SEU] addr=200031B8 bit=00000000
[SEU] addr=20003176 bit=00000001
[SEU] addr=200031EF bit=00000005
[SEU] addr=2000318C bit=00000005
[SEU] addr=2000316C bit=00000003
[SEU] addr=2000314C bit=00000007
[SAMPLE QUEUE CORRUPTED] primary repaired
[SEU] addr=2000319E bit=00000004
[ERR] seq=50 err=2468
[ERR] seq=51 err=392
[ERR] seq=52 err=448
[ERR] seq=53 err=120
[ERR] seq=54 err=80
[ERR] seq=55 err=24
[ERR] seq=56 err=8
[SEU] addr=200031EB bit=00000006
[SEU] addr=20003166 bit=00000000
[CMD QUEUE backup CORRUPTED] backup repaired
[SEU] addr=200031D3 bit=00000004
[SEU] addr=20003198 bit=00000003
[ERR] seq=76 err=64
[ERR] seq=77 err=8
[ERR] seq=78 err=8
[SEU] addr=2000316A bit=00000004
[SEU] addr=20003165 bit=00000000
[CMD QUEUE backup CORRUPTED] backup repaired
[SEU] addr=200031B7 bit=00000001
[SEU] addr=200031B9 bit=00000001
[SEU] addr=2000314F bit=00000003
[SAMPLE QUEUE CORRUPTED] primary repaired
[SEU] addr=20003198 bit=00000003
[ERR] seq=117 err=64
[ERR] seq=118 err=8
[ERR] seq=119 err=8
[SEU] addr=200031D3 bit=00000003
[SEU] addr=200031D9 bit=00000002
[SEU] addr=20003175 bit=00000006
[SEU] addr=20003155 bit=00000005
[SAMPLE QUEUE backup CORRUPTED] backup repaired
[SEU] addr=20003175 bit=00000001
[SEU] addr=2000317A bit=00000002
[SEU] addr=200031AB bit=00000005
[SEU] addr=200031E9 bit=00000007
[SEU] addr=200031A9 bit=00000003
[SEU] addr=200031DF bit=00000002
[SEU] addr=200031D4 bit=00000000
[SEU] addr=200031A8 bit=00000001
[SEU] addr=20003178 bit=00000007
[SEU] addr=20003154 bit=00000004
[SAMPLE QUEUE backup CORRUPTED] backup repaired
[SEU] addr=200031A4 bit=00000004
[SEU] addr=20003165 bit=00000001
[CMD QUEUE backup CORRUPTED] backup repaired
[SEU] addr=200031E4 bit=00000003
[SEU] addr=200031F0 bit=00000000
[SEU] addr=2000314F bit=00000000
[SAMPLE QUEUE CORRUPTED] primary repaired
[SEU] addr=20003169 bit=00000000
[SEU] addr=20003193 bit=00000000
[SEU] addr=20003152 bit=00000000
[SEU] addr=200031F0 bit=00000005
[SEU] addr=200031A8 bit=00000004
[SEU] addr=20003196 bit=00000006
[ERR] seq=262 err=7896
[ERR] seq=263 err=1256
[ERR] seq=264 err=1440
[ERR] seq=265 err=400
[SEU] addr=200031AC bit=00000000
[ERR] seq=266 err=272
[ERR] seq=267 err=88
[ERR] seq=268 err=40
[ERR] seq=269 err=8
[SEU] addr=20003159 bit=00000007
[SEU] addr=20003168 bit=00000002
[CMD QUEUE backup CORRUPTED] backup repaired
[SEU] addr=20003161 bit=00000000
[SEU] addr=20003192 bit=00000002
[SEU] addr=20003156 bit=00000004
[SAMPLE QUEUE backup CORRUPTED] backup repaired
[SEU] addr=200031F3 bit=00000005
[SEU] addr=200031A3 bit=00000000
[ERR] seq=305 err=2516
[ERR] seq=306 err=400
[ERR] seq=307 err=464
[ERR] seq=308 err=136
[SEU] addr=20003160 bit=00000002
[CMD QUEUE CORRUPTED] primary repaired
[ERR] seq=309 err=88
[ERR] seq=310 err=24
[ERR] seq=311 err=8
[SEU] addr=200031D3 bit=00000004
[SEU] addr=200031AF bit=00000002
[SEU] addr=20003194 bit=00000005
[ERR] seq=326 err=4320
[SEU] addr=200031D5 bit=00000001
[ERR] seq=327 err=680
[ERR] seq=328 err=776
[ERR] seq=329 err=208
[ERR] seq=330 err=136
[ERR] seq=331 err=32
[ERR] seq=332 err=8
[SEU] addr=20003157 bit=00000003
[SAMPLE QUEUE backup CORRUPTED] backup repaired
[SEU] addr=200031DE bit=00000000
[SEU] addr=200031B0 bit=00000001
[SEU] addr=2000317A bit=00000000
[SEU] addr=200031B7 bit=00000007
[SEU] addr=20003181 bit=00000006
[SEU] addr=20003160 bit=00000005
[CMD QUEUE CORRUPTED] primary repaired
[SEU] addr=20003194 bit=00000004
[ERR] seq=367 err=2160
[ERR] seq=368 err=328
[ERR] seq=369 err=368
[SEU] addr=20003189 bit=00000006
[ERR] seq=370 err=88
[ERR] seq=371 err=56
[ERR] seq=372 err=8
[SEU] addr=200031AB bit=00000005
[SEU] addr=200031B2 bit=00000003
[SEU] addr=200031D9 bit=00000001
[SEU] addr=200031D0 bit=00000007
[SEU] addr=2000318C bit=00000000
[SEU] addr=2000316A bit=00000005
[SEU] addr=200031AD bit=00000005
[SEU] addr=2000319C bit=00000004
[ERR] seq=403 err=128
[ERR] seq=404 err=16
[ERR] seq=405 err=16
[SEU] addr=200031A2 bit=00000005
[ERR] seq=413 err=2508
[ERR] seq=414 err=400
[ERR] seq=415 err=464
[ERR] seq=416 err=136
[SEU] addr=20003179 bit=00000004
[ERR] seq=417 err=88
[ERR] seq=418 err=24
[ERR] seq=419 err=8
[SEU] addr=20003157 bit=00000004
[SAMPLE QUEUE backup CORRUPTED] backup repaired
[SEU] addr=20003181 bit=00000004
[SEU] addr=200031BE bit=00000003
[SEU] addr=2000317B bit=00000005
[SEU] addr=200031B2 bit=00000003
[SEU] addr=200031C4 bit=00000005
[SEU] addr=200031DE bit=00000006
[SEU] addr=20003192 bit=00000003
[SEU] addr=200031BD bit=00000006
[SEU] addr=200031F2 bit=00000000
[SEU] addr=200031B8 bit=00000003
[SEU] addr=20003174 bit=00000004
[SEU] addr=2000319A bit=00000005
[ERR] seq=502 err=2452
[SEU] addr=20003155 bit=00000001
[SAMPLE QUEUE backup CORRUPTED] backup repaired
[ERR] seq=503 err=392
[ERR] seq=504 err=448
[ERR] seq=505 err=120
[ERR] seq=506 err=80
[SEU] addr=200031DE bit=00000005
[ERR] seq=507 err=24
[ERR] seq=508 err=8
[SEU] addr=200031EF bit=00000005
[SEU] addr=200031F1 bit=00000007
[SEU] addr=200031B4 bit=00000001
[SEU] addr=20003156 bit=00000003
[SAMPLE QUEUE backup CORRUPTED] backup repaired
[SEU] addr=2000317D bit=00000006
[SEU] addr=200031A8 bit=00000000
[SEU] addr=200031D3 bit=00000005
[SEU] addr=20003152 bit=00000004
[SEU] addr=2000316E bit=00000001
[SEU] addr=200031BD bit=00000004
[SEU] addr=200031EE bit=00000006
[SEU] addr=200031DD bit=00000001
[SEU] addr=200031BB bit=00000001
[SEU] addr=2000316D bit=00000005
[SEU] addr=200031D5 bit=00000007
[SEU] addr=20003171 bit=00000005
[SEU] addr=200031BE bit=00000004
[SEU] addr=200031F1 bit=00000006
[SEU] addr=200031F3 bit=00000000
[SEU] addr=200031E8 bit=00000005
[SEU] addr=200031A6 bit=00000006
[SEU] addr=200031C8 bit=00000006
[SEU] addr=2000314D bit=00000007
[SAMPLE QUEUE CORRUPTED] primary repaired
[SEU] addr=2000319B bit=00000000
[ERR] seq=663 err=2556
[ERR] seq=664 err=408
[ERR] seq=665 err=472
[ERR] seq=666 err=136
[ERR] seq=667 err=88
[SEU] addr=200031ED bit=00000000
[ERR] seq=668 err=24
[ERR] seq=669 err=8
[SEU] addr=20003191 bit=00000000
[SEU] addr=20003195 bit=00000003
[ERR] seq=673 err=904
[ERR] seq=674 err=128
[ERR] seq=675 err=136
[ERR] seq=676 err=16
[ERR] seq=677 err=8
[SEU] addr=200031A1 bit=00000002
[ERR] seq=679 err=2476
[ERR] seq=680 err=392
[ERR] seq=681 err=448
[ERR] seq=682 err=120
[ERR] seq=683 err=80
[ERR] seq=684 err=24
[ERR] seq=685 err=8
[SEU] addr=20003165 bit=00000006
[CMD QUEUE backup CORRUPTED] backup repaired
[SEU] addr=20003164 bit=00000002
[CMD QUEUE backup CORRUPTED] backup repaired
[SEU] addr=2000315A bit=00000001
[SEU] addr=2000318B bit=00000007
[SEU] addr=20003195 bit=00000002
[ERR] seq=707 err=4848
[SEU] addr=2000319B bit=00000006
[ERR] seq=708 err=760
[ERR] seq=709 err=872
[ERR] seq=710 err=240
[ERR] seq=711 err=152
[ERR] seq=712 err=32
[ERR] seq=713 err=8
[SEU] addr=200031D2 bit=00000007
[SEU] addr=200031BF bit=00000001
[SEU] addr=20003166 bit=00000005
[CMD QUEUE backup CORRUPTED] backup repaired
[SEU] addr=20003167 bit=00000005
[CMD QUEUE backup CORRUPTED] backup repaired
[SEU] addr=200031C0 bit=00000007
[SEU] addr=20003161 bit=00000001
[SEU] addr=2000317B bit=00000001
[SEU] addr=200031C2 bit=00000006
[SEU] addr=200031BF bit=00000005
[SEU] addr=200031A3 bit=00000003
[ERR] seq=767 err=2516
[ERR] seq=768 err=400
[ERR] seq=769 err=464
[ERR] seq=770 err=136
[SEU] addr=200031F2 bit=00000001
[ERR] seq=771 err=88
[ERR] seq=772 err=24
[ERR] seq=773 err=8
[SEU] addr=200031B5 bit=00000004
[SEU] addr=2000316A bit=00000005
[SEU] addr=20003191 bit=00000000
[SEU] addr=2000318D bit=00000003
[SEU] addr=200031F3 bit=00000000
[SEU] addr=20003193 bit=00000006
[SEU] addr=20003179 bit=00000000
[SEU] addr=20003164 bit=00000003
[CMD QUEUE backup CORRUPTED] backup repaired
[SEU] addr=200031D4 bit=00000004
[SEU] addr=20003173 bit=00000007
[SEU] addr=200031F3 bit=00000002
[SEU] addr=2000318C bit=00000004
[SEU] addr=2000317D bit=00000002
[SEU] addr=2000319D bit=00000004
[ERR] seq=831 err=2484
[ERR] seq=832 err=392
[ERR] seq=833 err=448
[ERR] seq=834 err=120
[ERR] seq=835 err=80
[ERR] seq=836 err=24
[ERR] seq=837 err=8
[SEU] addr=200031E7 bit=00000007
[SEU] addr=20003158 bit=00000007
[SAMPLE QUEUE backup CORRUPTED] backup repaired
[SEU] addr=2000318C bit=00000006
[SEU] addr=200031A6 bit=00000002
[SEU] addr=20003186 bit=00000002
[SEU] addr=2000315D bit=00000005
[CMD QUEUE CORRUPTED] primary repaired
[SEU] addr=20003183 bit=00000001
[SEU] addr=20003153 bit=00000002
[SEU] addr=200031BC bit=00000005
[SEU] addr=200031A8 bit=00000004
[SEU] addr=20003175 bit=00000005
[SEU] addr=200031D7 bit=00000006
[SEU] addr=2000314D bit=00000005
[SAMPLE QUEUE CORRUPTED] primary repaired
[SEU] addr=2000314D bit=00000004
[SAMPLE QUEUE CORRUPTED] primary repaired
[SEU] addr=2000317A bit=00000006
[SEU] addr=20003196 bit=00000005
[ERR] seq=920 err=5432
[ERR] seq=921 err=856
[ERR] seq=922 err=984
[ERR] seq=923 err=272
[ERR] seq=924 err=176
[ERR] seq=925 err=48
[ERR] seq=926 err=16
[SEU] addr=200031C4 bit=00000006
[SEU] addr=200031C2 bit=00000001
[SEU] addr=200031BA bit=00000006
[SEU] addr=20003172 bit=00000001
[SEU] addr=2000319D bit=00000006
[ERR] seq=943 err=2516
[ERR] seq=944 err=400
[ERR] seq=945 err=464
[ERR] seq=946 err=136
[ERR] seq=947 err=88
[ERR] seq=948 err=24
[ERR] seq=949 err=8
[SEU] addr=200031DC bit=00000004
[SEU] addr=20003198 bit=00000000
[ERR] seq=960 err=8
[SEU] addr=20003197 bit=00000005
[ERR] seq=967 err=10312
[ERR] seq=968 err=1640
[ERR] seq=969 err=1880
[ERR] seq=970 err=528
[ERR] seq=971 err=352
[ERR] seq=972 err=112
[ERR] seq=973 err=56
[ERR] seq=974 err=8
[SEU] addr=2000316D bit=00000006
[SEU] addr=200031AD bit=00000001
[SEU] addr=20003178 bit=00000003
[SEU] addr=20003180 bit=00000000
[SEU] addr=2000318E bit=00000005
[SEU] addr=200031A7 bit=00000004
[SEU] addr=200031C9 bit=00000003
[SEU] addr=20003155 bit=00000000
[SAMPLE QUEUE backup CORRUPTED] backup repaired
[SEU] addr=2000314E bit=00000004
[SAMPLE QUEUE CORRUPTED] primary repaired
[SEU] addr=20003169 bit=00000000
[SEU] addr=2000318D bit=00000002
[SEU] addr=20003192 bit=00000003
[SEU] addr=200031C9 bit=00000003
[SEU] addr=2000319E bit=00000005
[ERR] seq=1044 err=2460
[ERR] seq=1045 err=392
[ERR] seq=1046 err=448
[ERR] seq=1047 err=120
[ERR] seq=1048 err=80
[ERR] seq=1049 err=24
[ERR] seq=1050 err=8
[SEU] addr=20003172 bit=00000006
[SEU] addr=20003189 bit=00000001
[SEU] addr=2000317E bit=00000001
[SEU] addr=200031C9 bit=00000004
[SEU] addr=200031A8 bit=00000003
[SEU] addr=2000315F bit=00000007
[CMD QUEUE CORRUPTED] primary repaired
[SEU] addr=200031A9 bit=00000002
[SEU] addr=200031C2 bit=00000004
[SEU] addr=200031BB bit=00000002
[SEU] addr=200031E4 bit=00000000
[SEU] addr=2000318B bit=00000004
[SEU] addr=200031A0 bit=00000005
[ERR] seq=1113 err=256
[ERR] seq=1114 err=40
[ERR] seq=1115 err=40
[SEU] addr=200031E3 bit=00000005
[SEU] addr=20003171 bit=00000006
[SEU] addr=20003179 bit=00000003
[SEU] addr=20003186 bit=00000006
[SEU] addr=200031C8 bit=00000005
[SEU] addr=2000318A bit=00000004
[SEU] addr=2000318C bit=00000002
[SEU] addr=2000315E bit=00000000
[CMD QUEUE CORRUPTED] primary repaired
[SEU] addr=2000315E bit=00000003
[CMD QUEUE CORRUPTED] primary repaired
[SEU] addr=20003153 bit=00000007
[SEU] addr=20003189 bit=00000006
[SEU] addr=200031A2 bit=00000003
[ERR] seq=1178 err=2492
[ERR] seq=1179 err=392
[ERR] seq=1180 err=448
[ERR] seq=1181 err=120
[ERR] seq=1182 err=80
[ERR] seq=1183 err=24
[ERR] seq=1184 err=8
[SEU] addr=200031F0 bit=00000000
[SEU] addr=2000318B bit=00000006
[SEU] addr=2000318E bit=00000001
[SEU] addr=200031C4 bit=00000005
[SEU] addr=200031A2 bit=00000000
[ERR] seq=1203 err=2484
[ERR] seq=1204 err=392
[ERR] seq=1205 err=448
[SEU] addr=2000315B bit=00000007
[ERR] seq=1206 err=120
[ERR] seq=1207 err=80
[SEU] addr=2000318E bit=00000003
[ERR] seq=1208 err=24
[ERR] seq=1209 err=8
[SEU] addr=200031BE bit=00000000
[SEU] addr=20003198 bit=00000000
[ERR] seq=1217 err=8
[SEU] addr=200031BC bit=00000003
[SEU] addr=2000319F bit=00000002
[ERR] seq=1226 err=2524
[ERR] seq=1227 err=400
[ERR] seq=1228 err=464
[ERR] seq=1229 err=136
[ERR] seq=1230 err=88
[SEU] addr=200031C1 bit=00000004
[ERR] seq=1231 err=24
[ERR] seq=1232 err=8
[SEU] addr=20003182 bit=00000006
[SEU] addr=200031B0 bit=00000002
[SEU] addr=20003157 bit=00000000
[SAMPLE QUEUE backup CORRUPTED] backup repaired
[SEU] addr=200031D7 bit=00000001
[SEU] addr=2000315E bit=00000007
[CMD QUEUE CORRUPTED] primary repaired
[SEU] addr=200031A9 bit=00000002
[SEU] addr=20003168 bit=00000002
[CMD QUEUE backup CORRUPTED] backup repaired
[SEU] addr=2000314F bit=00000004
[SAMPLE QUEUE CORRUPTED] primary repaired
[SEU] addr=2000315E bit=00000001
[CMD QUEUE CORRUPTED] primary repaired
[SEU] addr=20003179 bit=00000001
[SEU] addr=2000317B bit=00000004
[SEU] addr=2000316B bit=00000006
[SEU] addr=200031B7 bit=00000006
[SEU] addr=200031E5 bit=00000006
[SEU] addr=200031EB bit=00000007
[SEU] addr=2000318D bit=00000002
[SEU] addr=200031D6 bit=00000001
[SEU] addr=2000315B bit=00000003
[SEU] addr=2000316F bit=00000003
[SEU] addr=2000316F bit=00000001
[SEU] addr=2000317A bit=00000001
[SEU] addr=200031AE bit=00000004
[SEU] addr=20003162 bit=00000000
[SEU] addr=20003161 bit=00000005
[SEU] addr=20003170 bit=00000005
[SEU] addr=20003163 bit=00000004
[SEU] addr=20003186 bit=00000001
[SEU] addr=200031D2 bit=00000007
[SEU] addr=2000318F bit=00000004
[SEU] addr=200031B1 bit=00000002
[SEU] addr=200031E9 bit=00000004
[SEU] addr=200031F1 bit=00000003
[SEU] addr=20003160 bit=00000002
[CMD QUEUE CORRUPTED] primary repaired
[SEU] addr=200031A3 bit=00000006
[SEU] addr=200031D0 bit=00000004
[SEU] addr=20003188 bit=00000001
[SEU] addr=20003155 bit=00000001
[SAMPLE QUEUE backup CORRUPTED] backup repaired
[SEU] addr=20003151 bit=00000000
[SEU] addr=200031EC bit=00000002
[SEU] addr=200031DF bit=00000002
[SEU] addr=20003172 bit=00000003
[SEU] addr=200031EF bit=00000001
[SEU] addr=2000314F bit=00000001
[SAMPLE QUEUE CORRUPTED] primary repaired
[SEU] addr=2000317C bit=00000006
[SEU] addr=200031C2 bit=00000007
[SEU] addr=20003177 bit=00000003
[SEU] addr=2000314E bit=00000007
[SAMPLE QUEUE CORRUPTED] primary repaired
[SEU] addr=200031D4 bit=00000006
[SEU] addr=2000318F bit=00000007
[SEU] addr=20003199 bit=00000005
[ERR] seq=1500 err=2524
[ERR] seq=1501 err=400
[ERR] seq=1502 err=464
[ERR] seq=1503 err=136
[ERR] seq=1504 err=88
[ERR] seq=1505 err=24
[ERR] seq=1506 err=8
[SEU] addr=200031DE bit=00000002
[SEU] addr=20003153 bit=00000001
[SEU] addr=2000317C bit=00000006
[SEU] addr=200031A6 bit=00000004
[SEU] addr=200031DC bit=00000007
[SEU] addr=20003199 bit=00000006
[ERR] seq=1528 err=2516
[ERR] seq=1529 err=400
[ERR] seq=1530 err=464
[ERR] seq=1531 err=136
[ERR] seq=1532 err=88
[ERR] seq=1533 err=24
[ERR] seq=1534 err=8
[SEU] addr=200031B7 bit=00000002
[SEU] addr=2000315A bit=00000002
[SEU] addr=2000319E bit=00000000
[ERR] seq=1545 err=2524
[ERR] seq=1546 err=400
[ERR] seq=1547 err=464
[ERR] seq=1548 err=136
[ERR] seq=1549 err=88
[ERR] seq=1550 err=24
[ERR] seq=1551 err=8
[SEU] addr=2000317A bit=00000003
[SEU] addr=2000314D bit=00000002
[SAMPLE QUEUE CORRUPTED] primary repaired
[SEU] addr=200031EC bit=00000005
[SEU] addr=200031D8 bit=00000007
[SEU] addr=200031E7 bit=00000002
[SEU] addr=200031E0 bit=00000001
[SEU] addr=20003192 bit=00000000
[SEU] addr=200031E4 bit=00000000
[SEU] addr=200031DD bit=00000000
[SEU] addr=20003174 bit=00000005
[SEU] addr=20003194 bit=00000002
[ERR] seq=1597 err=456
[ERR] seq=1598 err=56
[ERR] seq=1599 err=56
[SEU] addr=20003194 bit=00000003
[ERR] seq=1607 err=904
[ERR] seq=1608 err=128
[ERR] seq=1609 err=136
[ERR] seq=1610 err=16
[ERR] seq=1611 err=8
[SEU] addr=2000319F bit=00000003
[ERR] seq=1614 err=2532
[ERR] seq=1615 err=400
[ERR] seq=1616 err=464
[ERR] seq=1617 err=136
[ERR] seq=1618 err=88
[ERR] seq=1619 err=24
[ERR] seq=1620 err=8
[SEU] addr=200031EC bit=00000001
[SEU] addr=200031A9 bit=00000003
[SEU] addr=200031A9 bit=00000002
[SEU] addr=200031D9 bit=00000006
[SEU] addr=2000314E bit=00000002
[SAMPLE QUEUE CORRUPTED] primary repaired
[SEU] addr=2000318A bit=00000001
[SEU] addr=20003156 bit=00000002
[SAMPLE QUEUE backup CORRUPTED] backup repaired
[SEU] addr=200031BD bit=00000006
[SEU] addr=2000316C bit=00000007
[SEU] addr=200031A8 bit=00000004
[SEU] addr=20003173 bit=00000007
[SEU] addr=2000316E bit=00000003
[SEU] addr=200031C5 bit=00000001
[SEU] addr=200031A0 bit=00000004
[ERR] seq=1683 err=128
[ERR] seq=1684 err=16
[ERR] seq=1685 err=16
[SEU] addr=2000314D bit=00000007
[SAMPLE QUEUE CORRUPTED] primary repaired
[SEU] addr=200031C0 bit=00000006
[SEU] addr=20003159 bit=00000005
[SEU] addr=200031F3 bit=00000006
[SEU] addr=200031E1 bit=00000006
[SEU] addr=20003189 bit=00000003
[SEU] addr=20003192 bit=00000007
[SEU] addr=20003195 bit=00000003
[ERR] seq=1717 err=3368
[ERR] seq=1718 err=528
[ERR] seq=1719 err=592
[ERR] seq=1720 err=152
[ERR] seq=1721 err=96
[ERR] seq=1722 err=16
[ERR] seq=1723 err=8
[SEU] addr=200031E9 bit=00000007
[SEU] addr=20003180 bit=00000001
[SEU] addr=200031EE bit=00000000
[SEU] addr=20003152 bit=00000000
[SEU] addr=200031CE bit=00000005
[SEU] addr=2000317B bit=00000001
[SEU] addr=200031D5 bit=00000001
[SEU] addr=20003197 bit=00000007
[ERR] seq=1756 err=217936
[ERR] seq=1757 err=7620
[ERR] seq=1758 err=7364
[ERR] seq=1759 err=2376
[SEU] addr=200031DC bit=00000007
[ERR] seq=1760 err=1528
[ERR] seq=1761 err=600
[SEU] addr=20003160 bit=00000001
[CMD QUEUE CORRUPTED] primary repaired
[ERR] seq=1762 err=336
[SEU] addr=20003158 bit=00000004
[SAMPLE QUEUE backup CORRUPTED] backup repaired
[ERR] seq=1763 err=144
[ERR] seq=1764 err=48
[SEU] addr=2000319F bit=00000006
[SEU] addr=20003156 bit=00000005
[SAMPLE QUEUE backup CORRUPTED] backup repaired
[SEU] addr=200031C1 bit=00000001
[SEU] addr=2000319D bit=00000001
[ERR] seq=1773 err=2532
[ERR] seq=1774 err=400
[ERR] seq=1775 err=464
[ERR] seq=1776 err=136
[ERR] seq=1777 err=88
[ERR] seq=1778 err=24
[ERR] seq=1779 err=8
[SEU] addr=200031D1 bit=00000005
[SEU] addr=200031EE bit=00000004
[SEU] addr=20003176 bit=00000007
[SEU] addr=2000316D bit=00000002
[SEU] addr=200031E0 bit=00000006
[SEU] addr=200031BB bit=00000005
[SEU] addr=2000319F bit=00000004
[ERR] seq=1798 err=2540
[ERR] seq=1799 err=400
[ERR] seq=1800 err=464
[ERR] seq=1801 err=136
[ERR] seq=1802 err=88
[SEU] addr=2000314C bit=00000003
[SAMPLE QUEUE CORRUPTED] primary repaired
[ERR] seq=1803 err=24
[ERR] seq=1804 err=8
[SEU] addr=20003150 bit=00000005
[SAMPLE QUEUE CORRUPTED] primary repaired
[SEU] addr=2000317F bit=00000000
[SEU] addr=2000319D bit=00000007
[ERR] seq=1821 err=2468
[ERR] seq=1822 err=392
[ERR] seq=1823 err=448
[ERR] seq=1824 err=120
[ERR] seq=1825 err=80
[SEU] addr=20003156 bit=00000002
[SAMPLE QUEUE backup CORRUPTED] backup repaired
[ERR] seq=1826 err=24
[ERR] seq=1827 err=8
[SEU] addr=20003165 bit=00000006
[CMD QUEUE backup CORRUPTED] backup repaired
[SEU] addr=200031C0 bit=00000003
[SEU] addr=2000315A bit=00000004
[SEU] addr=200031DE bit=00000007
[SEU] addr=20003171 bit=00000000
[SEU] addr=200031DF bit=00000005
[SEU] addr=2000316D bit=00000007
[SEU] addr=200031DA bit=00000000
[SEU] addr=200031D1 bit=00000001
[SEU] addr=20003166 bit=00000007
[CMD QUEUE backup CORRUPTED] backup repaired
[SEU] addr=200031CC bit=00000003
[SEU] addr=2000318F bit=00000007
[SEU] addr=20003198 bit=00000006
[ERR] seq=1895 err=512
[ERR] seq=1896 err=80
[ERR] seq=1897 err=88
[ERR] seq=1898 err=16
[ERR] seq=1899 err=8
[SEU] addr=200031C9 bit=00000004
[SEU] addr=2000317C bit=00000002
[SEU] addr=200031B9 bit=00000000
[SEU] addr=200031F0 bit=00000003
[SEU] addr=200031CD bit=00000006
[SEU] addr=200031E9 bit=00000000
[SEU] addr=20003193 bit=00000003
[SEU] addr=20003198 bit=00000006
[ERR] seq=1934 err=512
[ERR] seq=1935 err=80
[ERR] seq=1936 err=88
[ERR] seq=1937 err=16
[ERR] seq=1938 err=8
[SEU] addr=200031D0 bit=00000002
[SEU] addr=20003193 bit=00000005
[SEU] addr=20003189 bit=00000005
[SEU] addr=20003192 bit=00000002
[SEU] addr=200031AF bit=00000003
[SEU] addr=20003175 bit=00000003
[SEU] addr=2000314E bit=00000002
[SAMPLE QUEUE CORRUPTED] primary repaired
[SEU] addr=200031E6 bit=00000005
[SEU] addr=200031B9 bit=00000004
[SEU] addr=20003195 bit=00000006
[ERR] seq=1992 err=824
[ERR] seq=1993 err=120
[ERR] seq=1994 err=128
[SEU] addr=200031D6 bit=00000003
[ERR] seq=1995 err=16
[ERR] seq=1996 err=8
[END]
samples=2000
SEUs=378
good samples=1756
errors=244
samples omitted=0
max error=0x0000000000035350
propagations=164
detected disturbances=106
tmr corrections=31
dmr corrections=53
crc detections=0
clamp activations=26
[HARDFAULT]
qemu: fatal: Lockup: can't escalate 3 to HardFault (current priority -1)

R00=0000000a R01=00000002 R02=4000c000 R03=00000000
R04=00000000 R05=00000010 R06=00000000 R07=2000ffd8
R08=00000000 R09=00000000 R10=00000010 R11=00000000
R12=00000020 R13=2000ffd8 R14=000037e1 R15=00000fd2
XPSR=01000003 ---- T handler
FPSCR: 00000000
