START
SEED=76893011
[SEU] addr=20003178 bit=00000007
[SEU] addr=200031C0 bit=00000004
[SEU] addr=200031AD bit=00000005
[SEU] addr=2000314C bit=00000000
[SAMPLE QUEUE CORRUPTED] primary repaired
[SEU] addr=200031BE bit=00000001
[SEU] addr=200031D7 bit=00000005
[SEU] addr=200031B0 bit=00000005
[SEU] addr=20003154 bit=00000003
[SAMPLE QUEUE backup CORRUPTED] backup repaired
[SEU] addr=200031AC bit=00000007
[SEU] addr=2000316E bit=00000004
[SEU] addr=2000318B bit=00000006
[SEU] addr=200031D2 bit=00000000
[SEU] addr=20003197 bit=00000004
[ERR] seq=73 err=2147483648
[ERR] seq=74 err=343597376
[ERR] seq=75 err=398572952
[SEU] addr=2000318C bit=00000003
[ERR] seq=76 err=118747696
[ERR] seq=77 err=82771288
[ERR] seq=78 err=32243008
[ERR] seq=79 err=18402264
[ERR] seq=80 err=8103232
[SEU] addr=200031A6 bit=00000004
[ERR] seq=81 err=4240872
[ERR] seq=82 err=1975048
[ERR] seq=83 err=994536
[ERR] seq=84 err=475120
[ERR] seq=85 err=235136
[ERR] seq=86 err=113632
[ERR] seq=87 err=55792
[ERR] seq=88 err=27096
[SEU] addr=2000314D bit=00000000
[SAMPLE QUEUE CORRUPTED] primary repaired
[ERR] seq=89 err=13248
[ERR] seq=90 err=6440
[ERR] seq=91 err=3136
[ERR] seq=92 err=1520
[ERR] seq=93 err=736
[ERR] seq=94 err=352
[ERR] seq=95 err=168
[ERR] seq=96 err=80
[SEU] addr=2000316F bit=00000001
[ERR] seq=97 err=32
[SEU] addr=200031DD bit=00000001
[ERR] seq=98 err=8
[SEU] addr=2000318B bit=00000003
[SEU] addr=20003150 bit=00000003
[SAMPLE QUEUE CORRUPTED] primary repaired
[SEU] addr=200031DF bit=00000003
[SEU] addr=20003179 bit=00000002
[SEU] addr=200031A5 bit=00000006
[SEU] addr=2000316D bit=00000005
[SEU] addr=200031B1 bit=00000001
[SEU] addr=20003186 bit=00000002
[SEU] addr=2000316F bit=00000005
[SEU] addr=200031C5 bit=00000007
[SEU] addr=200031E5 bit=00000003
[SEU] addr=200031D3 bit=00000002
[SEU] addr=200031E0 bit=00000000
[SEU] addr=20003184 bit=00000001
[SEU] addr=20003184 bit=00000007
[SEU] addr=20003160 bit=00000004
[CMD QUEUE CORRUPTED] primary repaired
[SEU] addr=2000318C bit=00000004
[ERR] seq=202 err=1520
[ERR] seq=203 err=232
[ERR] seq=204 err=256
[ERR] seq=205 err=48
[ERR] seq=206 err=24
[SEU] addr=2000314D bit=00000001
[SAMPLE QUEUE CORRUPTED] primary repaired
[SEU] addr=20003190 bit=00000003
[ERR] seq=215 err=64
[ERR] seq=216 err=8
[ERR] seq=217 err=8
[SEU] addr=200031A8 bit=00000000
[SEU] addr=20003197 bit=00000000
[ERR] seq=228 err=134217728
[ERR] seq=229 err=21474832
[ERR] seq=230 err=24910800
[ERR] seq=231 err=7421696
[ERR] seq=232 err=5173192
[ERR] seq=233 err=2015168
[SEU] addr=20003175 bit=00000000
[ERR] seq=234 err=1150128
[ERR] seq=235 err=506440
[ERR] seq=236 err=265040
[ERR] seq=237 err=123424
[ERR] seq=238 err=62144
[ERR] seq=239 err=29680
[ERR] seq=240 err=14680
[SEU] addr=2000319F bit=00000000
[ERR] seq=241 err=7088
[ERR] seq=242 err=3472
[ERR] seq=243 err=1680
[ERR] seq=244 err=816
[ERR] seq=245 err=392
[ERR] seq=246 err=184
[ERR] seq=247 err=80
[SEU] addr=20003182 bit=00000000
[ERR] seq=248 err=32
[ERR] seq=249 err=8
[SEU] addr=20003160 bit=00000005
[CMD QUEUE CORRUPTED] primary repaired
[SEU] addr=20003160 bit=00000004
[CMD QUEUE CORRUPTED] primary repaired
[SEU] addr=200031D2 bit=00000006
[SEU] addr=20003170 bit=00000000
[SEU] addr=20003189 bit=00000007
[SEU] addr=200031A4 bit=00000002
[SEU] addr=200031C1 bit=00000000
[SEU] addr=2000319E bit=00000002
[SEU] addr=20003192 bit=00000004
[ERR] seq=290 err=8388608
[ERR] seq=291 err=1342176
[ERR] seq=292 err=1556920
[ERR] seq=293 err=463848
[ERR] seq=294 err=323312
[ERR] seq=295 err=125936
[ERR] seq=296 err=71872
[SEU] addr=2000316F bit=00000005
[ERR] seq=297 err=31640
[ERR] seq=298 err=16552
[ERR] seq=299 err=7704
[ERR] seq=300 err=3880
[ERR] seq=301 err=1848
[ERR] seq=302 err=904
[ERR] seq=303 err=432
[ERR] seq=304 err=208
[SEU] addr=2000318B bit=00000000
[ERR] seq=305 err=96
[ERR] seq=306 err=40
[ERR] seq=307 err=8
[SEU] addr=20003178 bit=00000002
[SEU] addr=200031DF bit=00000004
[SEU] addr=200031D3 bit=00000002
[SEU] addr=20003170 bit=00000005
[SEU] addr=2000315D bit=00000001
[CMD QUEUE CORRUPTED] primary repaired
[SEU] addr=200031B7 bit=00000003
[SEU] addr=200031DE bit=00000000
[SEU] addr=20003198 bit=00000001
[ERR] seq=339 err=16
[SEU] addr=200031C2 bit=00000000
[SEU] addr=20003163 bit=00000007
[SEU] addr=200031BD bit=00000006
[SEU] addr=2000319C bit=00000005
[SEU] addr=20003170 bit=00000004
[SEU] addr=2000314D bit=00000006
[SAMPLE QUEUE CORRUPTED] primary repaired
[SEU] addr=20003193 bit=00000005
[SEU] addr=20003176 bit=00000003
[SEU] addr=200031CD bit=00000001
[SEU] addr=200031DC bit=00000007
[SEU] addr=20003150 bit=00000000
[SAMPLE QUEUE CORRUPTED] primary repaired
[SEU] addr=20003182 bit=00000005
[SEU] addr=20003189 bit=00000005
[SEU] addr=2000319C bit=00000004
[SEU] addr=20003172 bit=00000005
[SEU] addr=20003179 bit=00000004
[SEU] addr=20003157 bit=00000004
[SAMPLE QUEUE backup CORRUPTED] backup repaired
[SEU] addr=200031E1 bit=00000004
[SEU] addr=2000315E bit=00000003
[CMD QUEUE CORRUPTED] primary repaired
[SEU] addr=20003187 bit=00000005
[SEU] addr=200031D6 bit=00000003
[SEU] addr=200031DC bit=00000005
[SEU] addr=200031C6 bit=00000006
[SEU] addr=200031B6 bit=00000003
[SEU] addr=20003151 bit=00000006
[SEU] addr=2000317A bit=00000000
[SEU] addr=20003194 bit=00000003
[ERR] seq=487 err=64
[ERR] seq=488 err=8
[ERR] seq=489 err=8
[SEU] addr=200031B0 bit=00000004
[SEU] addr=200031D6 bit=00000005
[SEU] addr=2000316D bit=00000001
[SEU] addr=2000317E bit=00000005
[SEU] addr=2000316B bit=00000005
[SEU] addr=200031A9 bit=00000007
[SEU] addr=2000316C bit=00000001
[SEU] addr=2000319E bit=00000003
[SEU] addr=2000314D bit=00000006
[SAMPLE QUEUE CORRUPTED] primary repaired
[SEU] addr=200031C0 bit=00000000
[SEU] addr=200031DF bit=00000005
[SEU] addr=20003182 bit=00000004
[SEU] addr=20003162 bit=00000001
[SEU] addr=200031A5 bit=00000004
[SEU] addr=2000318E bit=00000006
[ERR] seq=566 err=9896
[ERR] seq=567 err=1568
[ERR] seq=568 err=1808
[ERR] seq=569 err=520
[ERR] seq=570 err=344
[ERR] seq=571 err=112
[ERR] seq=572 err=56
[ERR] seq=573 err=8
[SEU] addr=200031C5 bit=00000001
[SEU] addr=200031C7 bit=00000001
[SEU] addr=200031A9 bit=00000005
[SEU] addr=200031BD bit=00000007
[SEU] addr=200031AD bit=00000005
[SEU] addr=200031BE bit=00000004
[SEU] addr=20003191 bit=00000006
[ERR] seq=626 err=131072
[ERR] seq=627 err=20968
[ERR] seq=628 err=24320
[ERR] seq=629 err=7240
[ERR] seq=630 err=5040
[ERR] seq=631 err=1952
[ERR] seq=632 err=1112
[SEU] addr=200031C3 bit=00000000
[ERR] seq=633 err=488
[ERR] seq=634 err=248
[ERR] seq=635 err=104
[ERR] seq=636 err=48
[SEU] addr=2000314C bit=00000005
[SAMPLE QUEUE CORRUPTED] primary repaired
[ERR] seq=637 err=16
[SEU] addr=200031CA bit=00000006
[SEU] addr=20003150 bit=00000006
[SAMPLE QUEUE CORRUPTED] primary repaired
[SEU] addr=20003171 bit=00000007
[SEU] addr=200031B3 bit=00000000
[SEU] addr=20003175 bit=00000000
[SEU] addr=200031C1 bit=00000000
[SEU] addr=20003195 bit=00000003
[ERR] seq=673 err=16384
[ERR] seq=674 err=2616
[ERR] seq=675 err=3032
[ERR] seq=676 err=896
[ERR] seq=677 err=616
[ERR] seq=678 err=232
[SEU] addr=2000314D bit=00000002
[SAMPLE QUEUE CORRUPTED] primary repaired
[ERR] seq=679 err=128
[ERR] seq=680 err=48
[ERR] seq=681 err=16
[SEU] addr=2000314D bit=00000006
[SAMPLE QUEUE CORRUPTED] primary repaired
[SEU] addr=200031DC bit=00000002
[SEU] addr=2000314E bit=00000001
[SAMPLE QUEUE CORRUPTED] primary repaired
[SEU] addr=200031A3 bit=00000007
[SEU] addr=20003159 bit=00000002
[SEU] addr=20003177 bit=00000006
[SEU] addr=20003166 bit=00000007
[CMD QUEUE backup CORRUPTED] backup repaired
[SEU] addr=200031A7 bit=00000001
[SEU] addr=2000318A bit=00000005
[SEU] addr=200031D3 bit=00000005
[SEU] addr=20003190 bit=00000007
[ERR] seq=744 err=1024
[ERR] seq=745 err=160
[ERR] seq=746 err=184
[SEU] addr=20003179 bit=00000001
[ERR] seq=747 err=48
[ERR] seq=748 err=24
[SEU] addr=200031CF bit=00000001
[SEU] addr=200031DA bit=00000006
[SEU] addr=2000319B bit=00000005
[SEU] addr=200031C7 bit=00000003
[SEU] addr=2000319E bit=00000001
[SEU] addr=200031A9 bit=00000004
[SEU] addr=200031CA bit=00000005
[SEU] addr=20003191 bit=00000000
[ERR] seq=784 err=2048
[ERR] seq=785 err=320
[ERR] seq=786 err=368
[ERR] seq=787 err=104
[ERR] seq=788 err=72
[SEU] addr=200031D5 bit=00000003
[ERR] seq=789 err=24
[ERR] seq=790 err=8
[SEU] addr=200031E7 bit=00000000
[SEU] addr=20003187 bit=00000006
[SEU] addr=20003161 bit=00000000
[SEU] addr=200031DC bit=00000003
[SEU] addr=2000318C bit=00000004
[ERR] seq=805 err=200
[ERR] seq=806 err=16
[ERR] seq=807 err=16
[SEU] addr=200031DF bit=00000007
[SEU] addr=20003193 bit=00000002
[ERR] seq=817 err=536870912
[ERR] seq=818 err=85899344
[ERR] seq=819 err=99643232
[ERR] seq=820 err=29686800
[ERR] seq=821 err=20692800
[ERR] seq=822 err=8060736
[ERR] seq=823 err=4600560
[SEU] addr=2000318C bit=00000004
[ERR] seq=824 err=2026104
[ERR] seq=825 err=1060256
[ERR] seq=826 err=493800
[ERR] seq=827 err=248632
[SEU] addr=200031AD bit=00000002
[ERR] seq=828 err=118776
[ERR] seq=829 err=58776
[ERR] seq=830 err=28400
[SEU] addr=20003191 bit=00000004
[ERR] seq=831 err=18824
[ERR] seq=832 err=1536
[ERR] seq=833 err=2768
[ERR] seq=834 err=200
[ERR] seq=835 err=472
[ERR] seq=836 err=104
[ERR] seq=837 err=88
[ERR] seq=838 err=24
[ERR] seq=839 err=8
[SEU] addr=20003193 bit=00000007
[SEU] addr=200031C4 bit=00000007
[SEU] addr=2000318C bit=00000006
[ERR] seq=852 err=1584
[ERR] seq=853 err=240
[ERR] seq=854 err=264
[ERR] seq=855 err=48
[ERR] seq=856 err=24
[SEU] addr=2000315E bit=00000002
[CMD QUEUE CORRUPTED] primary repaired
[SEU] addr=2000316E bit=00000002
[SEU] addr=200031BD bit=00000005
[SEU] addr=200031BF bit=00000001
[SEU] addr=200031E3 bit=00000002
[SEU] addr=200031A4 bit=00000005
[SEU] addr=200031B4 bit=00000004
[SEU] addr=2000318D bit=00000005
[ERR] seq=896 err=520
[ERR] seq=897 err=64
[SEU] addr=2000319B bit=00000006
[ERR] seq=898 err=64
[SEU] addr=20003189 bit=00000005
[SEU] addr=20003195 bit=00000004
[ERR] seq=912 err=32768
[ERR] seq=913 err=5240
[ERR] seq=914 err=6072
[ERR] seq=915 err=1800
[ERR] seq=916 err=1256
[SEU] addr=200031C2 bit=00000006
[ERR] seq=917 err=488
[ERR] seq=918 err=272
[ERR] seq=919 err=112
[SEU] addr=20003166 bit=00000005
[CMD QUEUE backup CORRUPTED] backup repaired
[ERR] seq=920 err=56
[ERR] seq=921 err=24
[ERR] seq=922 err=8
[SEU] addr=200031B8 bit=00000006
[SEU] addr=20003186 bit=00000001
[SEU] addr=200031AE bit=00000006
[SEU] addr=2000317E bit=00000001
[SEU] addr=20003185 bit=00000006
[SEU] addr=20003188 bit=00000004
[SEU] addr=200031B0 bit=00000000
[SEU] addr=200031BB bit=00000005
[SEU] addr=20003185 bit=00000006
[SEU] addr=20003195 bit=00000001
[ERR] seq=986 err=4096
[SEU] addr=2000319C bit=00000003
[ERR] seq=987 err=648
[ERR] seq=988 err=744
[ERR] seq=989 err=208
[SEU] addr=20003198 bit=00000000
[ERR] seq=990 err=152
[ERR] seq=991 err=48
[ERR] seq=992 err=16
[SEU] addr=200031B2 bit=00000005
[SEU] addr=20003153 bit=00000004
[SEU] addr=200031BD bit=00000003
[SEU] addr=200031B5 bit=00000000
[SEU] addr=200031DE bit=00000004
[SEU] addr=20003169 bit=00000000
[SEU] addr=200031C9 bit=00000002
[SEU] addr=200031AA bit=00000003
[SEU] addr=20003169 bit=00000003
[SEU] addr=200031E6 bit=00000005
[SEU] addr=20003172 bit=00000006
[SEU] addr=200031DD bit=00000001
[SEU] addr=200031C6 bit=00000001
[SEU] addr=200031A5 bit=00000004
[SEU] addr=200031CC bit=00000003
[SEU] addr=20003153 bit=00000007
[SEU] addr=200031C1 bit=00000002
[SEU] addr=20003192 bit=00000004
[ERR] seq=1092 err=8388608
[SEU] addr=20003197 bit=00000002
[ERR] seq=1093 err=538213088
[ERR] seq=1094 err=87456264
[ERR] seq=1095 err=100107080
[ERR] seq=1096 err=30010112
[ERR] seq=1097 err=20818736
[ERR] seq=1098 err=8132608
[ERR] seq=1099 err=4632200
[ERR] seq=1100 err=2042352
[ERR] seq=1101 err=1067920
[SEU] addr=2000319C bit=00000000
[ERR] seq=1102 err=497640
[ERR] seq=1103 err=250480
[ERR] seq=1104 err=119680
[ERR] seq=1105 err=59208
[ERR] seq=1106 err=28608
[ERR] seq=1107 err=14040
[SEU] addr=200031D3 bit=00000004
[ERR] seq=1108 err=6808
[ERR] seq=1109 err=3312
[ERR] seq=1110 err=1608
[ERR] seq=1111 err=784
[ERR] seq=1112 err=376
[SEU] addr=20003164 bit=00000005
[CMD QUEUE backup CORRUPTED] backup repaired
[ERR] seq=1113 err=176
[ERR] seq=1114 err=80
[ERR] seq=1115 err=32
[SEU] addr=200031BF bit=00000005
[ERR] seq=1116 err=8
[SEU] addr=200031AD bit=00000006
[SEU] addr=2000316D bit=00000003
[SEU] addr=20003186 bit=00000006
[SEU] addr=20003150 bit=00000005
[SAMPLE QUEUE CORRUPTED] primary repaired
[SEU] addr=200031C6 bit=00000004
[SEU] addr=200031E0 bit=00000002
[SEU] addr=200031E2 bit=00000000
[SEU] addr=2000315E bit=00000003
[CMD QUEUE CORRUPTED] primary repaired
[SEU] addr=2000318F bit=00000007
[ERR] seq=1166 err=120912
[ERR] seq=1167 err=19336
[ERR] seq=1168 err=22424
[ERR] seq=1169 err=6664
[ERR] seq=1170 err=4632
[SEU] addr=2000317D bit=00000006
[ERR] seq=1171 err=1784
[ERR] seq=1172 err=1000
[ERR] seq=1173 err=424
[ERR] seq=1174 err=208
[ERR] seq=1175 err=80
[ERR] seq=1176 err=24
[SEU] addr=20003172 bit=00000003
[SEU] addr=200031A8 bit=00000000
[SEU] addr=200031AF bit=00000006
[SEU] addr=2000315E bit=00000001
[CMD QUEUE CORRUPTED] primary repaired
[SEU] addr=200031AC bit=00000005
[SEU] addr=20003196 bit=00000000
[ERR] seq=1203 err=524288
[ERR] seq=1204 err=83880
[ERR] seq=1205 err=97296
[SEU] addr=200031C7 bit=00000007
[ERR] seq=1206 err=28976
[ERR] seq=1207 err=20192
[SEU] addr=20003152 bit=00000003
[ERR] seq=1208 err=7856
[ERR] seq=1209 err=4480
[ERR] seq=1210 err=1968
[ERR] seq=1211 err=1024
[ERR] seq=1212 err=472
[ERR] seq=1213 err=232
[SEU] addr=20003152 bit=00000000
[ERR] seq=1214 err=104
[ERR] seq=1215 err=48
[ERR] seq=1216 err=16
[SEU] addr=20003174 bit=00000000
[SEU] addr=200031A4 bit=00000003
[SEU] addr=200031CF bit=00000002
[SEU] addr=20003179 bit=00000004
[SEU] addr=2000315E bit=00000006
[CMD QUEUE CORRUPTED] primary repaired
[SEU] addr=20003198 bit=00000002
[ERR] seq=1247 err=32
[SEU] addr=20003157 bit=00000000
[SAMPLE QUEUE backup CORRUPTED] backup repaired
[SEU] addr=20003153 bit=00000001
[SEU] addr=200031CA bit=00000007
[SEU] addr=20003179 bit=00000002
[SEU] addr=20003198 bit=00000002
[ERR] seq=1278 err=32
[SEU] addr=200031AF bit=00000004
[SEU] addr=2000315E bit=00000001
[CMD QUEUE CORRUPTED] primary repaired
[SEU] addr=20003191 bit=00000001
[ERR] seq=1292 err=4096
[ERR] seq=1293 err=648
[ERR] seq=1294 err=744
[ERR] seq=1295 err=208
[ERR] seq=1296 err=144
[ERR] seq=1297 err=48
[ERR] seq=1298 err=16
[SEU] addr=200031B7 bit=00000004
[SEU] addr=2000316B bit=00000006
[SEU] addr=200031E7 bit=00000006
[SEU] addr=20003179 bit=00000006
[SEU] addr=200031BB bit=00000007
[SEU] addr=200031D5 bit=00000002
[SEU] addr=20003182 bit=00000001
[SEU] addr=2000317F bit=00000003
[SEU] addr=2000317B bit=00000003
[SEU] addr=20003187 bit=00000001
[SEU] addr=20003162 bit=00000001
[SEU] addr=20003166 bit=00000004
[CMD QUEUE backup CORRUPTED] backup repaired
[SEU] addr=200031CE bit=00000000
[SEU] addr=20003179 bit=00000005
[SEU] addr=20003170 bit=00000005
[SEU] addr=20003157 bit=00000004
[SAMPLE QUEUE backup CORRUPTED] backup repaired
[SEU] addr=200031C2 bit=00000001
[SEU] addr=200031C6 bit=00000007
[SEU] addr=200031D7 bit=00000004
[SEU] addr=200031A5 bit=00000002
[SEU] addr=2000317D bit=00000004
[SEU] addr=200031D9 bit=00000003
[SEU] addr=200031CC bit=00000002
[SEU] addr=20003173 bit=00000006
[SEU] addr=200031DC bit=00000004
[SEU] addr=200031AC bit=00000001
[SEU] addr=200031E5 bit=00000001
[SEU] addr=20003199 bit=00000000
[ERR] seq=1439 err=2048
[ERR] seq=1440 err=320
[ERR] seq=1441 err=368
[ERR] seq=1442 err=104
[ERR] seq=1443 err=72
[ERR] seq=1444 err=24
[SEU] addr=20003180 bit=00000002
[ERR] seq=1445 err=8
[SEU] addr=200031BB bit=00000002
[SEU] addr=200031D2 bit=00000003
[SEU] addr=200031BF bit=00000001
[SEU] addr=200031DF bit=00000001
[SEU] addr=20003158 bit=00000006
[SAMPLE QUEUE backup CORRUPTED] backup repaired
[SEU] addr=200031E6 bit=00000007
[SEU] addr=20003177 bit=00000003
[SEU] addr=200031AE bit=00000007
[SEU] addr=20003198 bit=00000006
[ERR] seq=1488 err=512
[ERR] seq=1489 err=80
[ERR] seq=1490 err=88
[ERR] seq=1491 err=16
[ERR] seq=1492 err=8
[SEU] addr=200031A7 bit=00000007
[SEU] addr=200031B1 bit=00000005
[SEU] addr=200031D2 bit=00000002
[SEU] addr=2000318F bit=00000001
[ERR] seq=1513 err=72
[SEU] addr=200031B8 bit=00000006
[SEU] addr=2000318E bit=00000004
[ERR] seq=1517 err=14200
[ERR] seq=1518 err=2264
[ERR] seq=1519 err=2616
[ERR] seq=1520 err=760
[SEU] addr=200031A0 bit=00000007
[ERR] seq=1521 err=520
[ERR] seq=1522 err=176
[ERR] seq=1523 err=80
[ERR] seq=1524 err=24
[ERR] seq=1525 err=8
[SEU] addr=20003169 bit=00000006
[SEU] addr=2000317B bit=00000002
[SEU] addr=200031C6 bit=00000002
[SEU] addr=20003156 bit=00000000
[SAMPLE QUEUE backup CORRUPTED] backup repaired
[SEU] addr=200031B6 bit=00000003
[SEU] addr=200031B9 bit=00000002
[SEU] addr=200031B0 bit=00000005
[SEU] addr=2000316C bit=00000007
[SEU] addr=200031C3 bit=00000002
[SEU] addr=200031E0 bit=00000001
[SEU] addr=20003192 bit=00000000
[ERR] seq=1588 err=524288
[ERR] seq=1589 err=83880
[SEU] addr=20003184 bit=00000000
[ERR] seq=1590 err=97296
[SEU] addr=200031B9 bit=00000000
[ERR] seq=1591 err=28976
[ERR] seq=1592 err=20192
[ERR] seq=1593 err=7856
[SEU] addr=200031D4 bit=00000005
[ERR] seq=1594 err=4480
[ERR] seq=1595 err=1968
[ERR] seq=1596 err=1024
[SEU] addr=200031B8 bit=00000002
[ERR] seq=1597 err=472
[ERR] seq=1598 err=232
[ERR] seq=1599 err=104
[ERR] seq=1600 err=48
[ERR] seq=1601 err=16
[SEU] addr=200031C4 bit=00000003
[SEU] addr=200031C3 bit=00000003
[SEU] addr=200031B0 bit=00000001
[SEU] addr=20003185 bit=00000003
[SEU] addr=20003179 bit=00000002
[SEU] addr=200031A9 bit=00000006
[SEU] addr=2000314E bit=00000002
[SAMPLE QUEUE CORRUPTED] primary repaired
[SEU] addr=2000314E bit=00000001
[SAMPLE QUEUE CORRUPTED] primary repaired
[SEU] addr=200031B6 bit=00000002
[SEU] addr=200031D5 bit=00000006
[SEU] addr=200031C0 bit=00000007
[SEU] addr=20003160 bit=00000004
[CMD QUEUE CORRUPTED] primary repaired
[SEU] addr=200031AF bit=00000007
[SEU] addr=200031DA bit=00000003
[SEU] addr=200031DD bit=00000001
[SEU] addr=20003194 bit=00000004
[ERR] seq=1683 err=128
[ERR] seq=1684 err=16
[ERR] seq=1685 err=16
[SEU] addr=2000317D bit=00000007
[SEU] addr=20003184 bit=00000006
[SEU] addr=200031AD bit=00000005
[SEU] addr=20003193 bit=00000006
[SEU] addr=200031B1 bit=00000006
[SEU] addr=20003159 bit=00000003
[SEU] addr=20003156 bit=00000007
[SAMPLE QUEUE backup CORRUPTED] backup repaired
[SEU] addr=20003189 bit=00000003
[SEU] addr=2000317D bit=00000007
[SEU] addr=20003180 bit=00000001
[SEU] addr=20003182 bit=00000000
[SEU] addr=20003176 bit=00000000
[SEU] addr=2000316E bit=00000005
[SEU] addr=2000319F bit=00000001
[SEU] addr=20003175 bit=00000001
[SEU] addr=20003167 bit=00000007
[CMD QUEUE backup CORRUPTED] backup repaired
[SEU] addr=20003188 bit=00000007
[SEU] addr=200031E4 bit=00000001
[SEU] addr=200031C4 bit=00000004
[SEU] addr=2000319F bit=00000006
[SEU] addr=200031C2 bit=00000005
[SEU] addr=20003155 bit=00000001
[SAMPLE QUEUE backup CORRUPTED] backup repaired
[SEU] addr=200031B5 bit=00000001
[SEU] addr=2000317D bit=00000005
[SEU] addr=2000315E bit=00000004
[CMD QUEUE CORRUPTED] primary repaired
[SEU] addr=2000315E bit=00000007
[CMD QUEUE CORRUPTED] primary repaired
[SEU] addr=20003191 bit=00000002
[ERR] seq=1789 err=8192
[ERR] seq=1790 err=1304
[ERR] seq=1791 err=1512
[SEU] addr=20003168 bit=00000006
[CMD QUEUE backup CORRUPTED] backup repaired
[ERR] seq=1792 err=448
[ERR] seq=1793 err=304
[ERR] seq=1794 err=112
[ERR] seq=1795 err=64
[ERR] seq=1796 err=24
[SEU] addr=200031A3 bit=00000005
[ERR] seq=1797 err=8
[SEU] addr=20003193 bit=00000004
[ERR] seq=1798 err=2147483648
[ERR] seq=1799 err=343597376
[ERR] seq=1800 err=398572952
[ERR] seq=1801 err=118747248
[ERR] seq=1802 err=82771224
[SEU] addr=200031C4 bit=00000003
[ERR] seq=1803 err=32242944
[ERR] seq=1804 err=18402256
[ERR] seq=1805 err=8103224
[ERR] seq=1806 err=4240872
[ERR] seq=1807 err=1975048
[ERR] seq=1808 err=994536
[ERR] seq=1809 err=475120
[ERR] seq=1810 err=235136
[ERR] seq=1811 err=113632
[SEU] addr=200031D4 bit=00000005
[ERR] seq=1812 err=55792
[ERR] seq=1813 err=27096
[SEU] addr=200031A3 bit=00000000
[ERR] seq=1814 err=13248
[ERR] seq=1815 err=6440
[ERR] seq=1816 err=3136
[ERR] seq=1817 err=1520
[ERR] seq=1818 err=736
[ERR] seq=1819 err=352
[ERR] seq=1820 err=168
[SEU] addr=200031CD bit=00000007
[ERR] seq=1821 err=80
[ERR] seq=1822 err=32
[ERR] seq=1823 err=8
[SEU] addr=200031E6 bit=00000002
[SEU] addr=200031D1 bit=00000006
[SEU] addr=20003178 bit=00000003
[SEU] addr=2000315A bit=00000004
[SEU] addr=200031C6 bit=00000007
[SEU] addr=20003195 bit=00000000
[ERR] seq=1866 err=2048
[ERR] seq=1867 err=320
[SEU] addr=2000317F bit=00000005
[ERR] seq=1868 err=368
[ERR] seq=1869 err=104
[SEU] addr=20003161 bit=00000007
[ERR] seq=1870 err=72
[ERR] seq=1871 err=24
[ERR] seq=1872 err=8
[SEU] addr=20003192 bit=00000000
[ERR] seq=1876 err=524288
[ERR] seq=1877 err=83880
[ERR] seq=1878 err=97296
[ERR] seq=1879 err=28976
[ERR] seq=1880 err=20192
[SEU] addr=20003165 bit=00000001
[CMD QUEUE backup CORRUPTED] backup repaired
[ERR] seq=1881 err=7856
[ERR] seq=1882 err=4480
[ERR] seq=1883 err=1968
[ERR] seq=1884 err=1024
[ERR] seq=1885 err=472
[ERR] seq=1886 err=232
[ERR] seq=1887 err=104
[ERR] seq=1888 err=48
[SEU] addr=200031BA bit=00000007
[ERR] seq=1889 err=16
[SEU] addr=200031CC bit=00000003
[SEU] addr=20003183 bit=00000007
[SEU] addr=2000315C bit=00000006
[CMD QUEUE CORRUPTED] primary repaired
[SEU] addr=200031BD bit=00000004
[SEU] addr=20003170 bit=00000002
[SEU] addr=20003165 bit=00000000
[CMD QUEUE backup CORRUPTED] backup repaired
[SEU] addr=20003178 bit=00000003
[SEU] addr=200031E5 bit=00000006
[SEU] addr=200031A1 bit=00000000
[SEU] addr=200031E7 bit=00000003
[SEU] addr=20003174 bit=00000006
[SEU] addr=20003170 bit=00000002
[SEU] addr=2000317B bit=00000005
[SEU] addr=2000317D bit=00000005
[SEU] addr=200031B6 bit=00000002
[SEU] addr=20003167 bit=00000003
[CMD QUEUE backup CORRUPTED] backup repaired
[SEU] addr=200031C9 bit=00000003
[SEU] addr=20003166 bit=00000002
[CMD QUEUE backup CORRUPTED] backup repaired
[SEU] addr=200031CE bit=00000005
[SEU] addr=20003189 bit=00000004
[SEU] addr=2000314D bit=00000006
[SAMPLE QUEUE CORRUPTED] primary repaired
[SEU] addr=200031E2 bit=00000003
[END]
samples=2000
SEUs=378
good samples=1675
errors=325
samples omitted=0
max error=0x0000000080000000
propagations=261
detected disturbances=80
tmr corrections=32
dmr corrections=48
crc detections=0
clamp activations=0
[HARDFAULT]
qemu: fatal: Lockup: can't escalate 3 to HardFault (current priority -1)

R00=0000000a R01=00000002 R02=4000c000 R03=00000000
R04=00000000 R05=00000010 R06=00000000 R07=2000ffd8
R08=00000000 R09=00000000 R10=00000010 R11=00000000
R12=00000020 R13=2000ffd8 R14=00003621 R15=00000e16
XPSR=01000003 ---- T handler
FPSCR: 00000000
