START
SEED=99763333
[SEU] addr=200031B7 bit=00000001
[SEU] addr=200031C2 bit=00000000
[SEU] addr=200031AD bit=00000002
[SEU] addr=200031AE bit=00000006
[SEU] addr=2000315C bit=00000002
[CMD QUEUE CORRUPTED] primary repaired
[SEU] addr=20003176 bit=00000000
[SEU] addr=2000317A bit=00000002
[SEU] addr=200031D2 bit=00000002
[SEU] addr=2000315A bit=00000002
[SEU] addr=2000317E bit=00000005
[SEU] addr=200031B0 bit=00000002
[SEU] addr=200031BF bit=00000000
[SEU] addr=2000318B bit=00000001
[SEU] addr=2000317E bit=00000002
[SEU] addr=200031E2 bit=00000003
[SEU] addr=200031AE bit=00000007
[SEU] addr=2000318F bit=00000002
[ERR] seq=88 err=232
[ERR] seq=89 err=24
[ERR] seq=90 err=24
[SEU] addr=200031A1 bit=00000004
[SEU] addr=2000314C bit=00000000
[SAMPLE QUEUE CORRUPTED] primary repaired
[SEU] addr=20003183 bit=00000001
[SEU] addr=200031D2 bit=00000005
[SEU] addr=20003172 bit=00000002
[SEU] addr=20003153 bit=00000007
[SEU] addr=200031C2 bit=00000005
[SEU] addr=200031D2 bit=00000000
[SEU] addr=200031D5 bit=00000004
[SEU] addr=200031C2 bit=00000000
[SEU] addr=200031D1 bit=00000002
[SEU] addr=20003190 bit=00000004
[ERR] seq=169 err=128
[ERR] seq=170 err=16
[ERR] seq=171 err=16
[SEU] addr=200031B4 bit=00000000
[SEU] addr=20003184 bit=00000005
[SEU] addr=200031D9 bit=00000001
[SEU] addr=200031D6 bit=00000002
[SEU] addr=200031D2 bit=00000003
[SEU] addr=200031E4 bit=00000000
[SEU] addr=2000319E bit=00000005
[SEU] addr=200031C7 bit=00000007
[SEU] addr=20003174 bit=00000004
[SEU] addr=20003165 bit=00000004
[CMD QUEUE backup CORRUPTED] backup repaired
[SEU] addr=20003198 bit=00000001
[ERR] seq=228 err=16
[SEU] addr=2000315B bit=00000000
[SEU] addr=200031AA bit=00000003
[SEU] addr=200031E7 bit=00000003
[SEU] addr=200031BA bit=00000001
[SEU] addr=2000315B bit=00000001
[SEU] addr=200031A2 bit=00000007
[SEU] addr=200031D8 bit=00000005
[SEU] addr=200031D9 bit=00000000
[SEU] addr=20003170 bit=00000002
[SEU] addr=20003187 bit=00000003
[SEU] addr=20003165 bit=00000000
[CMD QUEUE backup CORRUPTED] backup repaired
[SEU] addr=20003165 bit=00000002
[CMD QUEUE backup CORRUPTED] backup repaired
[SEU] addr=200031C3 bit=00000003
[SEU] addr=20003199 bit=00000005
[ERR] seq=304 err=2476
[ERR] seq=305 err=392
[SEU] addr=200031A5 bit=00000006
[ERR] seq=306 err=448
[ERR] seq=307 err=120
[ERR] seq=308 err=80
[ERR] seq=309 err=24
[ERR] seq=310 err=8
[SEU] addr=200031B2 bit=00000001
[SEU] addr=200031AF bit=00000004
[SEU] addr=200031AA bit=00000005
[SEU] addr=200031E5 bit=00000005
[SEU] addr=200031A3 bit=00000002
[SEU] addr=2000319A bit=00000002
[ERR] seq=347 err=2524
[ERR] seq=348 err=400
[ERR] seq=349 err=464
[SEU] addr=200031E7 bit=00000006
[ERR] seq=350 err=136
[ERR] seq=351 err=88
[ERR] seq=352 err=24
[ERR] seq=353 err=8
[SEU] addr=200031D4 bit=00000007
[SEU] addr=200031BD bit=00000003
[SEU] addr=20003168 bit=00000007
[CMD QUEUE backup CORRUPTED] backup repaired
[SEU] addr=20003171 bit=00000002
[SEU] addr=20003167 bit=00000005
[CMD QUEUE backup CORRUPTED] backup repaired
[SEU] addr=20003162 bit=00000007
[SEU] addr=20003166 bit=00000005
[CMD QUEUE backup CORRUPTED] backup repaired
[SEU] addr=200031BB bit=00000006
[SEU] addr=200031CC bit=00000001
[SEU] addr=200031E1 bit=00000003
[SEU] addr=200031C3 bit=00000001
[SEU] addr=200031DA bit=00000001
[SEU] addr=200031C3 bit=00000006
[SEU] addr=200031CF bit=00000006
[SEU] addr=20003194 bit=00000004
[ERR] seq=434 err=128
[ERR] seq=435 err=16
[ERR] seq=436 err=16
[SEU] addr=200031D7 bit=00000004
[SEU] addr=20003172 bit=00000001
[SEU] addr=200031D5 bit=00000002
[SEU] addr=20003151 bit=00000003
[SEU] addr=200031C7 bit=00000003
[SEU] addr=20003177 bit=00000000
[SEU] addr=200031A8 bit=00000004
[SEU] addr=200031C8 bit=00000000
[SEU] addr=2000314E bit=00000000
[SAMPLE QUEUE CORRUPTED] primary repaired
[SEU] addr=200031DD bit=00000002
[SEU] addr=2000317B bit=00000005
[SEU] addr=200031BF bit=00000003
[SEU] addr=200031E5 bit=00000002
[SEU] addr=20003187 bit=00000001
[SEU] addr=2000319A bit=00000007
[ERR] seq=526 err=2476
[ERR] seq=527 err=392
[ERR] seq=528 err=448
[ERR] seq=529 err=120
[ERR] seq=530 err=80
[ERR] seq=531 err=24
[ERR] seq=532 err=8
[SEU] addr=200031B7 bit=00000006
[SEU] addr=200031E7 bit=00000002
[SEU] addr=200031AD bit=00000000
[SEU] addr=200031C0 bit=00000001
[SEU] addr=2000315B bit=00000001
[SEU] addr=2000318C bit=00000002
[ERR] seq=560 err=416
[ERR] seq=561 err=56
[ERR] seq=562 err=56
[SEU] addr=2000319A bit=00000002
[ERR] seq=569 err=2484
[ERR] seq=570 err=392
[ERR] seq=571 err=448
[ERR] seq=572 err=120
[ERR] seq=573 err=80
[ERR] seq=574 err=24
[ERR] seq=575 err=8
[SEU] addr=20003194 bit=00000001
[ERR] seq=577 err=16
[SEU] addr=200031A0 bit=00000000
[SEU] addr=200031A1 bit=00000000
[SEU] addr=200031C3 bit=00000005
[SEU] addr=2000319B bit=00000000
[ERR] seq=592 err=2492
[ERR] seq=593 err=392
[ERR] seq=594 err=448
[ERR] seq=595 err=120
[ERR] seq=596 err=80
[ERR] seq=597 err=24
[SEU] addr=20003184 bit=00000003
[ERR] seq=598 err=8
[SEU] addr=20003156 bit=00000004
[SAMPLE QUEUE backup CORRUPTED] backup repaired
[SEU] addr=20003197 bit=00000004
[ERR] seq=611 err=2508
[ERR] seq=612 err=400
[ERR] seq=613 err=464
[ERR] seq=614 err=136
[ERR] seq=615 err=88
[ERR] seq=616 err=24
[ERR] seq=617 err=8
[SEU] addr=200031A4 bit=00000005
[SEU] addr=20003194 bit=00000003
[ERR] seq=628 err=64
[ERR] seq=629 err=8
[SEU] addr=20003196 bit=00000006
[ERR] seq=630 err=2484
[ERR] seq=631 err=392
[ERR] seq=632 err=448
[SEU] addr=200031C1 bit=00000002
[ERR] seq=633 err=120
[ERR] seq=634 err=80
[ERR] seq=635 err=24
[ERR] seq=636 err=8
[SEU] addr=200031A6 bit=00000001
[SEU] addr=2000315C bit=00000001
[CMD QUEUE CORRUPTED] primary repaired
[SEU] addr=2000318C bit=00000000
[ERR] seq=644 err=56
[SEU] addr=20003187 bit=00000003
[SEU] addr=20003175 bit=00000002
[SEU] addr=20003195 bit=00000003
[ERR] seq=654 err=2476
[ERR] seq=655 err=392
[ERR] seq=656 err=448
[ERR] seq=657 err=120
[ERR] seq=658 err=80
[ERR] seq=659 err=24
[ERR] seq=660 err=8
[SEU] addr=20003162 bit=00000005
[SEU] addr=20003156 bit=00000000
[SAMPLE QUEUE backup CORRUPTED] backup repaired
[SEU] addr=20003157 bit=00000001
[SAMPLE QUEUE backup CORRUPTED] backup repaired
[SEU] addr=20003185 bit=00000003
[SEU] addr=200031BF bit=00000007
[SEU] addr=2000314C bit=00000006
[SAMPLE QUEUE CORRUPTED] primary repaired
[SEU] addr=2000315A bit=00000005
[SEU] addr=200031A2 bit=00000001
[SEU] addr=20003185 bit=00000000
[SEU] addr=200031AB bit=00000003
[SEU] addr=2000315C bit=00000007
[CMD QUEUE CORRUPTED] primary repaired
[SEU] addr=200031C9 bit=00000005
[SEU] addr=2000315F bit=00000003
[CMD QUEUE CORRUPTED] primary repaired
[SEU] addr=200031DB bit=00000004
[SEU] addr=2000317A bit=00000004
[SEU] addr=2000317A bit=00000001
[SEU] addr=2000319D bit=00000002
[SEU] addr=200031C2 bit=00000003
[SEU] addr=20003171 bit=00000006
[SEU] addr=200031C5 bit=00000002
[SEU] addr=200031A8 bit=00000000
[SEU] addr=2000314F bit=00000003
[SAMPLE QUEUE CORRUPTED] primary repaired
[SEU] addr=20003158 bit=00000001
[SAMPLE QUEUE backup CORRUPTED] backup repaired
[SEU] addr=2000319B bit=00000001
[ERR] seq=790 err=2508
[ERR] seq=791 err=400
[ERR] seq=792 err=464
[ERR] seq=793 err=136
[ERR] seq=794 err=88
[SEU] addr=20003159 bit=00000001
[ERR] seq=795 err=24
[ERR] seq=796 err=8
[SEU] addr=200031D9 bit=00000000
[SEU] addr=200031AD bit=00000007
[SEU] addr=20003198 bit=00000005
[ERR] seq=817 err=256
[ERR] seq=818 err=40
[ERR] seq=819 err=40
[SEU] addr=2000317A bit=00000006
[SEU] addr=2000316C bit=00000004
[SEU] addr=20003153 bit=00000000
[SEU] addr=2000316C bit=00000003
[SEU] addr=2000318D bit=00000004
[ERR] seq=848 err=9800
[ERR] seq=849 err=1560
[ERR] seq=850 err=1800
[ERR] seq=851 err=512
[SEU] addr=20003192 bit=00000007
[ERR] seq=852 err=2604
[SEU] addr=20003154 bit=00000005
[SAMPLE QUEUE backup CORRUPTED] backup repaired
[ERR] seq=853 err=472
[ERR] seq=854 err=472
[ERR] seq=855 err=136
[SEU] addr=20003197 bit=00000007
[ERR] seq=856 err=88
[ERR] seq=857 err=24
[ERR] seq=858 err=8
[SEU] addr=200031CE bit=00000000
[SEU] addr=2000317A bit=00000003
[SEU] addr=20003191 bit=00000002
[ERR] seq=875 err=2564
[ERR] seq=876 err=408
[ERR] seq=877 err=472
[ERR] seq=878 err=136
[ERR] seq=879 err=88
[ERR] seq=880 err=24
[SEU] addr=20003168 bit=00000002
[CMD QUEUE backup CORRUPTED] backup repaired
[ERR] seq=881 err=8
[SEU] addr=20003187 bit=00000007
[SEU] addr=200031A4 bit=00000002
[SEU] addr=200031C7 bit=00000007
[SEU] addr=200031A3 bit=00000006
[SEU] addr=200031E5 bit=00000006
[SEU] addr=2000317B bit=00000000
[SEU] addr=2000314D bit=00000005
[SAMPLE QUEUE CORRUPTED] primary repaired
[SEU] addr=200031D7 bit=00000000
[SEU] addr=200031E0 bit=00000005
[SEU] addr=200031DE bit=00000000
[SEU] addr=200031CD bit=00000001
[SEU] addr=20003186 bit=00000002
[SEU] addr=200031B3 bit=00000003
[SEU] addr=20003194 bit=00000005
[ERR] seq=974 err=256
[ERR] seq=975 err=40
[ERR] seq=976 err=40
[SEU] addr=200031A2 bit=00000005
[SEU] addr=200031CC bit=00000000
[SEU] addr=20003184 bit=00000000
[SEU] addr=20003186 bit=00000003
[SEU] addr=2000314D bit=00000001
[SAMPLE QUEUE CORRUPTED] primary repaired
[SEU] addr=200031AD bit=00000006
[SEU] addr=200031AE bit=00000002
[SEU] addr=2000318C bit=00000003
[ERR] seq=1004 err=480
[ERR] seq=1005 err=64
[ERR] seq=1006 err=64
[SEU] addr=200031E7 bit=00000003
[SEU] addr=200031A4 bit=00000001
[SEU] addr=200031D0 bit=00000002
[SEU] addr=20003191 bit=00000007
[ERR] seq=1029 err=2564
[ERR] seq=1030 err=408
[ERR] seq=1031 err=472
[ERR] seq=1032 err=136
[ERR] seq=1033 err=88
[ERR] seq=1034 err=24
[ERR] seq=1035 err=8
[SEU] addr=20003173 bit=00000000
[SEU] addr=20003155 bit=00000005
[SAMPLE QUEUE backup CORRUPTED] backup repaired
[SEU] addr=2000319A bit=00000007
[ERR] seq=1045 err=2516
[ERR] seq=1046 err=400
[ERR] seq=1047 err=464
[ERR] seq=1048 err=136
[ERR] seq=1049 err=88
[ERR] seq=1050 err=24
[ERR] seq=1051 err=8
[SEU] addr=200031D5 bit=00000000
[SEU] addr=2000319B bit=00000001
[ERR] seq=1061 err=2524
[ERR] seq=1062 err=400
[ERR] seq=1063 err=464
[ERR] seq=1064 err=136
[ERR] seq=1065 err=88
[SEU] addr=2000317C bit=00000002
[ERR] seq=1066 err=24
[ERR] seq=1067 err=8
[SEU] addr=200031BD bit=00000000
[SEU] addr=20003194 bit=00000007
[ERR] seq=1085 err=1024
[ERR] seq=1086 err=160
[ERR] seq=1087 err=184
[ERR] seq=1088 err=48
[SEU] addr=20003163 bit=00000000
[ERR] seq=1089 err=24
[SEU] addr=2000317B bit=00000002
[SEU] addr=200031C9 bit=00000002
[SEU] addr=200031A4 bit=00000003
[SEU] addr=200031E5 bit=00000003
[SEU] addr=20003178 bit=00000000
[SEU] addr=2000317A bit=00000006
[SEU] addr=20003191 bit=00000006
[ERR] seq=1138 err=2468
[ERR] seq=1139 err=392
[ERR] seq=1140 err=448
[ERR] seq=1141 err=120
[ERR] seq=1142 err=80
[ERR] seq=1143 err=24
[ERR] seq=1144 err=8
[SEU] addr=200031AB bit=00000006
[SEU] addr=2000316C bit=00000007
[SEU] addr=200031DA bit=00000000
[SEU] addr=200031A2 bit=00000006
[SEU] addr=2000316F bit=00000002
[SEU] addr=200031D6 bit=00000001
[SEU] addr=200031C0 bit=00000004
[SEU] addr=200031D1 bit=00000001
[SEU] addr=2000317B bit=00000007
[SEU] addr=200031B8 bit=00000005
[SEU] addr=200031AB bit=00000001
[SEU] addr=20003165 bit=00000003
[CMD QUEUE backup CORRUPTED] backup repaired
[SEU] addr=200031CA bit=00000000
[SEU] addr=200031A8 bit=00000000
[SEU] addr=20003156 bit=00000005
[SAMPLE QUEUE backup CORRUPTED] backup repaired
[SEU] addr=20003181 bit=00000004
[SEU] addr=20003168 bit=00000006
[CMD QUEUE backup CORRUPTED] backup repaired
[SEU] addr=200031E5 bit=00000003
[SEU] addr=20003160 bit=00000002
[CMD QUEUE CORRUPTED] primary repaired
[SEU] addr=20003155 bit=00000005
[SAMPLE QUEUE backup CORRUPTED] backup repaired
[SEU] addr=200031A9 bit=00000003
[SEU] addr=200031D5 bit=00000002
[SEU] addr=20003184 bit=00000003
[SEU] addr=20003167 bit=00000000
[CMD QUEUE backup CORRUPTED] backup repaired
[SEU] addr=2000318F bit=00000007
[ERR] seq=1292 err=10896
[ERR] seq=1293 err=1736
[ERR] seq=1294 err=2008
[ERR] seq=1295 err=584
[ERR] seq=1296 err=400
[ERR] seq=1297 err=144
[ERR] seq=1298 err=64
[ERR] seq=1299 err=8
[SEU] addr=20003182 bit=00000007
[SEU] addr=20003198 bit=00000007
[ERR] seq=1308 err=1024
[SEU] addr=200031B6 bit=00000000
[ERR] seq=1309 err=160
[ERR] seq=1310 err=184
[ERR] seq=1311 err=48
[ERR] seq=1312 err=24
[SEU] addr=2000316E bit=00000003
[SEU] addr=20003174 bit=00000005
[SEU] addr=200031C1 bit=00000007
[SEU] addr=20003170 bit=00000000
[SEU] addr=200031A0 bit=00000001
[SEU] addr=200031CE bit=00000001
[SEU] addr=200031E5 bit=00000007
[SEU] addr=20003160 bit=00000005
[CMD QUEUE CORRUPTED] primary repaired
[SEU] addr=200031B0 bit=00000003
[SEU] addr=20003197 bit=00000007
[SEU] addr=20003154 bit=00000001
[SAMPLE QUEUE backup CORRUPTED] backup repaired
[SEU] addr=2000317C bit=00000006
[SEU] addr=200031B8 bit=00000000
[SEU] addr=20003190 bit=00000006
[ERR] seq=1388 err=512
[ERR] seq=1389 err=80
[ERR] seq=1390 err=88
[ERR] seq=1391 err=16
[ERR] seq=1392 err=8
[SEU] addr=200031B4 bit=00000000
[SEU] addr=200031B9 bit=00000003
[SEU] addr=200031B2 bit=00000005
[SEU] addr=20003195 bit=00000003
[ERR] seq=1405 err=2468
[ERR] seq=1406 err=392
[ERR] seq=1407 err=448
[ERR] seq=1408 err=120
[ERR] seq=1409 err=80
[ERR] seq=1410 err=24
[ERR] seq=1411 err=8
[SEU] addr=20003197 bit=00000004
[ERR] seq=1415 err=2532
[ERR] seq=1416 err=400
[ERR] seq=1417 err=464
[ERR] seq=1418 err=136
[ERR] seq=1419 err=88
[ERR] seq=1420 err=24
[SEU] addr=2000316F bit=00000000
[ERR] seq=1421 err=8
[SEU] addr=200031A3 bit=00000003
[SEU] addr=2000317F bit=00000006
[SEU] addr=200031AD bit=00000004
[SEU] addr=20003167 bit=00000006
[CMD QUEUE backup CORRUPTED] backup repaired
[SEU] addr=20003175 bit=00000005
[SEU] addr=200031A0 bit=00000000
[SEU] addr=200031B8 bit=00000004
[SEU] addr=200031B6 bit=00000001
[SEU] addr=200031A8 bit=00000006
[SEU] addr=200031D0 bit=00000000
[SEU] addr=200031B7 bit=00000002
[SEU] addr=200031D7 bit=00000003
[SEU] addr=20003192 bit=00000006
[ERR] seq=1505 err=2524
[ERR] seq=1506 err=400
[SEU] addr=2000315A bit=00000001
[ERR] seq=1507 err=464
[SEU] addr=20003160 bit=00000007
[CMD QUEUE CORRUPTED] primary repaired
[ERR] seq=1508 err=136
[ERR] seq=1509 err=88
[ERR] seq=1510 err=24
[ERR] seq=1511 err=8
[SEU] addr=200031DA bit=00000007
[SEU] addr=2000319A bit=00000002
[ERR] seq=1520 err=2508
[ERR] seq=1521 err=400
[ERR] seq=1522 err=464
[ERR] seq=1523 err=136
[ERR] seq=1524 err=88
[ERR] seq=1525 err=24
[ERR] seq=1526 err=8
[SEU] addr=200031B8 bit=00000000
[SEU] addr=2000317A bit=00000001
[SEU] addr=200031B7 bit=00000003
[SEU] addr=20003176 bit=00000003
[SEU] addr=200031D3 bit=00000004
[SEU] addr=2000316A bit=00000004
[SEU] addr=200031B3 bit=00000001
[SEU] addr=2000315D bit=00000003
[CMD QUEUE CORRUPTED] primary repaired
[SEU] addr=2000316D bit=00000007
[SEU] addr=200031C5 bit=00000002
[SEU] addr=200031BA bit=00000005
[SEU] addr=200031CD bit=00000004
[SEU] addr=200031A0 bit=00000005
[SEU] addr=200031A5 bit=00000002
[SEU] addr=20003175 bit=00000003
[SEU] addr=2000319A bit=00000003
[ERR] seq=1610 err=2476
[ERR] seq=1611 err=392
[ERR] seq=1612 err=448
[SEU] addr=2000316A bit=00000006
[ERR] seq=1613 err=120
[ERR] seq=1614 err=80
[ERR] seq=1615 err=24
[ERR] seq=1616 err=8
[SEU] addr=20003195 bit=00000005
[ERR] seq=1619 err=2532
[ERR] seq=1620 err=400
[ERR] seq=1621 err=464
[ERR] seq=1622 err=136
[ERR] seq=1623 err=88
[SEU] addr=200031CF bit=00000003
[ERR] seq=1624 err=24
[ERR] seq=1625 err=8
[SEU] addr=200031C1 bit=00000001
[SEU] addr=200031A0 bit=00000005
[SEU] addr=200031E3 bit=00000001
[SEU] addr=200031A1 bit=00000003
[SEU] addr=200031C8 bit=00000004
[SEU] addr=20003154 bit=00000000
[SAMPLE QUEUE backup CORRUPTED] backup repaired
[SEU] addr=200031A8 bit=00000004
[SEU] addr=200031BC bit=00000006
[SEU] addr=20003152 bit=00000006
[SEU] addr=200031CE bit=00000004
[SEU] addr=20003152 bit=00000000
[SEU] addr=200031A3 bit=00000001
[SEU] addr=20003198 bit=00000002
[ERR] seq=1700 err=32
[SEU] addr=2000318F bit=00000002
[ERR] seq=1701 err=640
[ERR] seq=1702 err=88
[SEU] addr=20003179 bit=00000004
[ERR] seq=1703 err=88
[SEU] addr=200031A9 bit=00000004
[SEU] addr=20003158 bit=00000006
[SAMPLE QUEUE backup CORRUPTED] backup repaired
[SEU] addr=200031C6 bit=00000004
[SEU] addr=2000317F bit=00000002
[SEU] addr=2000315C bit=00000000
[CMD QUEUE CORRUPTED] primary repaired
[SEU] addr=2000317A bit=00000006
[SEU] addr=20003165 bit=00000000
[CMD QUEUE backup CORRUPTED] backup repaired
[SEU] addr=200031A6 bit=00000004
[SEU] addr=20003195 bit=00000005
[ERR] seq=1748 err=2460
[ERR] seq=1749 err=392
[ERR] seq=1750 err=448
[ERR] seq=1751 err=120
[ERR] seq=1752 err=80
[ERR] seq=1753 err=24
[SEU] addr=200031E2 bit=00000000
[ERR] seq=1754 err=8
[SEU] addr=200031AE bit=00000000
[SEU] addr=200031B6 bit=00000006
[SEU] addr=20003184 bit=00000003
[SEU] addr=200031BA bit=00000006
[SEU] addr=200031C0 bit=00000001
[SEU] addr=20003190 bit=00000003
[ERR] seq=1789 err=64
[ERR] seq=1790 err=8
[ERR] seq=1791 err=8
[SEU] addr=200031BE bit=00000003
[SEU] addr=2000315A bit=00000000
[SEU] addr=200031B0 bit=00000000
[SEU] addr=20003188 bit=00000004
[SEU] addr=200031C1 bit=00000000
[SEU] addr=20003158 bit=00000006
[SAMPLE QUEUE backup CORRUPTED] backup repaired
[SEU] addr=20003172 bit=00000000
[SEU] addr=20003162 bit=00000006
[SEU] addr=200031D6 bit=00000005
[SEU] addr=2000318D bit=00000001
[ERR] seq=1850 err=15176
[ERR] seq=1851 err=2416
[ERR] seq=1852 err=2792
[ERR] seq=1853 err=816
[ERR] seq=1854 err=560
[ERR] seq=1855 err=192
[ERR] seq=1856 err=88
[ERR] seq=1857 err=24
[SEU] addr=200031E4 bit=00000006
[ERR] seq=1858 err=8
[SEU] addr=200031E5 bit=00000006
[SEU] addr=20003174 bit=00000002
[SEU] addr=200031CC bit=00000004
[SEU] addr=2000315B bit=00000000
[SEU] addr=200031D1 bit=00000007
[SEU] addr=200031DC bit=00000003
[SEU] addr=2000318E bit=00000006
[ERR] seq=1893 err=3728
[ERR] seq=1894 err=584
[ERR] seq=1895 err=672
[ERR] seq=1896 err=184
[ERR] seq=1897 err=112
[ERR] seq=1898 err=24
[SEU] addr=20003188 bit=00000005
[ERR] seq=1899 err=8
[SEU] addr=200031C0 bit=00000004
[SEU] addr=20003160 bit=00000003
[CMD QUEUE CORRUPTED] primary repaired
[SEU] addr=20003178 bit=00000002
[SEU] addr=200031C9 bit=00000004
[SEU] addr=20003192 bit=00000002
[ERR] seq=1922 err=2452
[ERR] seq=1923 err=392
[ERR] seq=1924 err=448
[ERR] seq=1925 err=120
[SEU] addr=20003158 bit=00000002
[SAMPLE QUEUE backup CORRUPTED] backup repaired
[ERR] seq=1926 err=80
[ERR] seq=1927 err=24
[ERR] seq=1928 err=8
[SEU] addr=2000317A bit=00000004
[SEU] addr=200031BD bit=00000000
[SEU] addr=2000319A bit=00000005
[ERR] seq=1942 err=2484
[ERR] seq=1943 err=392
[ERR] seq=1944 err=448
[ERR] seq=1945 err=120
[ERR] seq=1946 err=80
[ERR] seq=1947 err=24
[SEU] addr=20003166 bit=00000002
[CMD QUEUE backup CORRUPTED] backup repaired
[ERR] seq=1948 err=8
[SEU] addr=2000316C bit=00000002
[SEU] addr=200031DE bit=00000005
[SEU] addr=200031C6 bit=00000001
[SEU] addr=200031C1 bit=00000003
[SEU] addr=20003172 bit=00000004
[SEU] addr=2000315C bit=00000003
[CMD QUEUE CORRUPTED] primary repaired
[SEU] addr=20003195 bit=00000004
[ERR] seq=1997 err=2476
[ERR] seq=1998 err=392
[ERR] seq=1999 err=448
[END]
samples=2000
SEUs=350
good samples=1753
errors=247
samples omitted=0
max error=0x0000000000003B48
propagations=163
detected disturbances=90
tmr corrections=22
dmr corrections=43
crc detections=0
clamp activations=25
[HARDFAULT]
qemu: fatal: Lockup: can't escalate 3 to HardFault (current priority -1)

R00=0000000a R01=00000002 R02=4000c000 R03=00000000
R04=00000000 R05=00000010 R06=00000000 R07=2000ffd8
R08=000001c0 R09=00000000 R10=00000010 R11=00000000
R12=00000020 R13=2000ffd8 R14=00003711 R15=00000f0e
XPSR=01000003 ---- T handler
FPSCR: 00000000
