START
SEED=99763333
[SEU] addr=20003183 bit=00000001
[SEU] addr=2000317E bit=00000000
[SEU] addr=20003169 bit=00000002
[SEU] addr=200031DE bit=00000006
[ERR] seq=4194331 err=9720
[ERR] seq=4194332 err=8232
[ERR] seq=4194333 err=10064
[ERR] seq=4194334 err=9584
[SEU] addr=20003168 bit=00000002
[CMD QUEUE backup CORRUPTED] backup repaired
[ERR] seq=4194335 err=9968
[ERR] seq=4194336 err=9888
[ERR] seq=4194337 err=9992
[ERR] seq=4194338 err=9992
[ERR] seq=4194339 err=10040
[SEU] addr=20003196 bit=00000000
[ERR] seq=4194340 err=528872
[ERR] seq=4194341 err=93960
[ERR] seq=4194342 err=101896
[ERR] seq=4194343 err=39096
[ERR] seq=4194344 err=24808
[ERR] seq=4194345 err=18008
[ERR] seq=4194346 err=9096
[ERR] seq=4194347 err=12128
[SEU] addr=20003186 bit=00000002
[ERR] seq=4194348 err=9128
[ERR] seq=4194349 err=10648
[SEU] addr=2000316E bit=00000002
[ERR] seq=4194350 err=9904
[ERR] seq=4194351 err=10272
[ERR] seq=4194352 err=10072
[ERR] seq=4194353 err=10152
[ERR] seq=4194354 err=10112
[ERR] seq=4194355 err=10096
[SEU] addr=20003172 bit=00000002
[ERR] seq=4194356 err=10088
[SEU] addr=200031CE bit=00000005
[ERR] seq=4194357 err=10048
[ERR] seq=4194358 err=10024
[SEU] addr=200031C0 bit=00000002
[ERR] seq=4194359 err=9976
[ERR] seq=4194360 err=9960
[ERR] seq=4194361 err=9896
[ERR] seq=4194362 err=9896
[ERR] seq=4194363 err=9808
[ERR] seq=4194364 err=9792
[SEU] addr=20003167 bit=00000000
[CMD QUEUE backup CORRUPTED] backup repaired
[ERR] seq=4194365 err=9728
[ERR] seq=4194366 err=9680
[ERR] seq=4194367 err=9616
[ERR] seq=4194368 err=9552
[ERR] seq=4194369 err=9504
[ERR] seq=4194370 err=9448
[ERR] seq=4194371 err=9360
[ERR] seq=4194372 err=9304
[SEU] addr=2000317F bit=00000001
[ERR] seq=4194373 err=9240
[ERR] seq=4194374 err=9152
[ERR] seq=4194375 err=9072
[ERR] seq=4194376 err=9000
[ERR] seq=4194377 err=8912
[ERR] seq=4194378 err=8816
[ERR] seq=4194379 err=8728
[ERR] seq=4194380 err=8648
[SEU] addr=20003156 bit=00000002
[SAMPLE QUEUE backup CORRUPTED] backup repaired
[ERR] seq=4194381 err=8528
[ERR] seq=4194382 err=8464
[ERR] seq=4194383 err=8344
[SEU] addr=200031BA bit=00000003
[ERR] seq=4194384 err=8240
[ERR] seq=4194385 err=8160
[ERR] seq=4194386 err=8016
[ERR] seq=4194387 err=7920
[ERR] seq=4194388 err=7800
[ERR] seq=4194389 err=7696
[SEU] addr=200031DA bit=00000007
[ERR] seq=4194390 err=7568
[ERR] seq=4194391 err=7448
[SEU] addr=2000315B bit=00000002
[ERR] seq=4194392 err=7352
[ERR] seq=4194393 err=7224
[ERR] seq=4194394 err=7112
[ERR] seq=4194395 err=6960
[ERR] seq=4194396 err=6832
[ERR] seq=4194397 err=6696
[ERR] seq=4194398 err=6544
[ERR] seq=4194399 err=6408
[ERR] seq=4194400 err=6264
[SEU] addr=2000319D bit=00000004
[ERR] seq=4194401 err=6120
[ERR] seq=4194402 err=5968
[ERR] seq=4194403 err=5832
[ERR] seq=4194404 err=5672
[ERR] seq=4194405 err=5528
[ERR] seq=4194406 err=5344
[ERR] seq=4194407 err=5224
[SEU] addr=20003190 bit=00000000
[ERR] seq=4194408 err=5048
[ERR] seq=4194409 err=4896
[ERR] seq=4194410 err=4736
[ERR] seq=4194411 err=4568
[ERR] seq=4194412 err=4416
[ERR] seq=4194413 err=4232
[SEU] addr=2000318B bit=00000001
[ERR] seq=4194414 err=4080
[ERR] seq=4194415 err=3920
[ERR] seq=4194416 err=3752
[ERR] seq=4194417 err=3584
[ERR] seq=4194418 err=3384
[SEU] addr=200031BE bit=00000005
[ERR] seq=4194419 err=3240
[ERR] seq=4194420 err=3056
[SEU] addr=2000317A bit=00000002
[ERR] seq=4194421 err=2880
[ERR] seq=4194422 err=2712
[ERR] seq=4194423 err=2544
[ERR] seq=4194424 err=2360
[ERR] seq=4194425 err=2184
[ERR] seq=4194426 err=2008
[SEU] addr=2000316F bit=00000007
[ERR] seq=4194427 err=1816
[ERR] seq=4194428 err=1648
[ERR] seq=4194429 err=1464
[ERR] seq=4194430 err=1288
[ERR] seq=4194431 err=1120
[ERR] seq=4194432 err=928
[ERR] seq=4194433 err=736
[ERR] seq=4194434 err=576
[SEU] addr=20003152 bit=00000005
[ERR] seq=4194435 err=368
[ERR] seq=4194436 err=216
[ERR] seq=4194437 err=24
[ERR] seq=4194438 err=152
[ERR] seq=4194439 err=344
[SEU] addr=2000314E bit=00000000
[SAMPLE QUEUE CORRUPTED] primary repaired
[ERR] seq=4194440 err=504
[ERR] seq=4194441 err=688
[ERR] seq=4194442 err=872
[ERR] seq=4194443 err=1056
[ERR] seq=4194444 err=1240
[ERR] seq=4194445 err=1408
[ERR] seq=4194446 err=1576
[ERR] seq=4194447 err=1768
[SEU] addr=20003155 bit=00000004
[SAMPLE QUEUE backup CORRUPTED] backup repaired
[ERR] seq=4194448 err=1952
[ERR] seq=4194449 err=2120
[ERR] seq=4194450 err=2312
[ERR] seq=4194451 err=2480
[ERR] seq=4194452 err=2656
[ERR] seq=4194453 err=2832
[ERR] seq=4194454 err=2992
[ERR] seq=4194455 err=3184
[ERR] seq=4194456 err=3336
[ERR] seq=4194457 err=3520
[SEU] addr=2000314E bit=00000000
[SAMPLE QUEUE CORRUPTED] primary repaired
[ERR] seq=4194458 err=3704
[ERR] seq=4194459 err=3856
[ERR] seq=4194460 err=4024
[ERR] seq=4194461 err=4208
[ERR] seq=4194462 err=4344
[ERR] seq=4194463 err=4528
[ERR] seq=4194464 err=4672
[ERR] seq=4194465 err=4848
[ERR] seq=4194466 err=4992
[SEU] addr=200031A1 bit=00000002
[ERR] seq=4194467 err=5160
[ERR] seq=4194468 err=5312
[ERR] seq=4194469 err=5480
[ERR] seq=4194470 err=5624
[ERR] seq=4194471 err=5776
[ERR] seq=4194472 err=5920
[SEU] addr=20003180 bit=00000004
[ERR] seq=4194473 err=6072
[ERR] seq=4194474 err=6224
[ERR] seq=4194475 err=6368
[ERR] seq=4194476 err=6488
[ERR] seq=4194477 err=6664
[ERR] seq=4194478 err=6776
[ERR] seq=4194479 err=6928
[SEU] addr=200031C0 bit=00000000
[ERR] seq=4194480 err=7056
[ERR] seq=4194481 err=7200
[ERR] seq=4194482 err=7296
[ERR] seq=4194483 err=7416
[ERR] seq=4194484 err=7536
[SEU] addr=2000316C bit=00000005
[ERR] seq=4194485 err=7656
[ERR] seq=4194486 err=7768
[ERR] seq=4194487 err=7872
[ERR] seq=4194488 err=8000
[ERR] seq=4194489 err=8104
[SEU] addr=20003169 bit=00000001
[ERR] seq=4194490 err=8208
[ERR] seq=4194491 err=8328
[ERR] seq=4194492 err=8416
[ERR] seq=4194493 err=8504
[ERR] seq=4194494 err=8616
[ERR] seq=4194495 err=8696
[ERR] seq=4194496 err=8800
[SEU] addr=200031AA bit=00000002
[ERR] seq=4194497 err=8872
[ERR] seq=4194498 err=8976
[ERR] seq=4194499 err=9048
[SEU] addr=200031DA bit=00000003
[ERR] seq=4194500 err=9136
[ERR] seq=4194501 err=9208
[ERR] seq=4194502 err=9272
[ERR] seq=4194503 err=9352
[ERR] seq=4194504 err=9416
[ERR] seq=4194505 err=9488
[SEU] addr=20003154 bit=00000000
[SAMPLE QUEUE backup CORRUPTED] backup repaired
[ERR] seq=4194506 err=9536
[ERR] seq=4194507 err=9592
[ERR] seq=4194508 err=9672
[ERR] seq=4194509 err=9704
[ERR] seq=4194510 err=9768
[SEU] addr=20003176 bit=00000005
[ERR] seq=4194511 err=9808
[ERR] seq=4194512 err=9872
[ERR] seq=4194513 err=9896
[ERR] seq=4194514 err=9944
[ERR] seq=4194515 err=9960
[SEU] addr=200031A7 bit=00000007
[ERR] seq=4194516 err=10008
[ERR] seq=4194517 err=10040
[ERR] seq=4194518 err=10088
[ERR] seq=4194519 err=10080
[ERR] seq=4194520 err=10128
[SEU] addr=2000319C bit=00000004
[ERR] seq=4194521 err=10112
[ERR] seq=4194522 err=10136
[ERR] seq=4194523 err=10152
[ERR] seq=4194524 err=10152
[SEU] addr=20003189 bit=00000004
[ERR] seq=4194525 err=10160
[ERR] seq=4194526 err=10152
[ERR] seq=4194527 err=10168
[ERR] seq=4194528 err=10144
[ERR] seq=4194529 err=10160
[ERR] seq=4194530 err=10128
[ERR] seq=4194531 err=10128
[SEU] addr=200031B4 bit=00000001
[ERR] seq=4194532 err=10120
[ERR] seq=4194533 err=10096
[ERR] seq=4194534 err=10088
[ERR] seq=4194535 err=10048
[ERR] seq=4194536 err=10024
[ERR] seq=4194537 err=9976
[ERR] seq=4194538 err=9960
[ERR] seq=4194539 err=9896
[ERR] seq=4194540 err=9896
[SEU] addr=20003173 bit=00000000
[ERR] seq=4194541 err=9808
[ERR] seq=4194542 err=9792
[ERR] seq=4194543 err=9728
[SEU] addr=200031CA bit=00000003
[ERR] seq=4194544 err=9680
[ERR] seq=4194545 err=9616
[ERR] seq=4194546 err=9552
[ERR] seq=4194547 err=9504
[ERR] seq=4194548 err=9448
[ERR] seq=4194549 err=9360
[ERR] seq=4194550 err=9304
[ERR] seq=4194551 err=9240
[ERR] seq=4194552 err=9152
[ERR] seq=4194553 err=9072
[SEU] addr=200031B7 bit=00000003
[ERR] seq=4194554 err=9000
[SEU] addr=2000314E bit=00000001
[SAMPLE QUEUE CORRUPTED] primary repaired
[ERR] seq=4194555 err=8912
[ERR] seq=4194556 err=8816
[ERR] seq=4194557 err=8728
[ERR] seq=4194558 err=8648
[ERR] seq=4194559 err=8528
[ERR] seq=4194560 err=8464
[ERR] seq=4194561 err=8344
[ERR] seq=4194562 err=8240
[SEU] addr=20003167 bit=00000001
[CMD QUEUE backup CORRUPTED] backup repaired
[ERR] seq=4194563 err=8160
[ERR] seq=4194564 err=8016
[ERR] seq=4194565 err=7920
[ERR] seq=4194566 err=7800
[ERR] seq=4194567 err=7696
[SEU] addr=200031CA bit=00000007
[ERR] seq=4194568 err=7568
[SEU] addr=20003194 bit=00000005
[ERR] seq=4194569 err=7192
[ERR] seq=4194570 err=7392
[SEU] addr=2000314D bit=00000000
[SAMPLE QUEUE CORRUPTED] primary repaired
[ERR] seq=4194571 err=7184
[ERR] seq=4194572 err=7120
[ERR] seq=4194573 err=6944
[ERR] seq=4194574 err=6840
[ERR] seq=4194575 err=6696
[ERR] seq=4194576 err=6544
[ERR] seq=4194577 err=6408
[ERR] seq=4194578 err=6264
[SEU] addr=2000318C bit=00000002
[ERR] seq=4194579 err=5664
[ERR] seq=4194580 err=6048
[ERR] seq=4194581 err=5744
[ERR] seq=4194582 err=5696
[ERR] seq=4194583 err=5496
[SEU] addr=200031D3 bit=00000003
[ERR] seq=4194584 err=5368
[ERR] seq=4194585 err=5216
[ERR] seq=4194586 err=5040
[ERR] seq=4194587 err=4896
[ERR] seq=4194588 err=4736
[ERR] seq=4194589 err=4568
[ERR] seq=4194590 err=4416
[ERR] seq=4194591 err=4232
[SEU] addr=2000315D bit=00000000
[CMD QUEUE CORRUPTED] primary repaired
[ERR] seq=4194592 err=4080
[ERR] seq=4194593 err=3920
[ERR] seq=4194594 err=3752
[ERR] seq=4194595 err=3584
[SEU] addr=20003175 bit=00000002
[ERR] seq=4194596 err=3384
[ERR] seq=4194597 err=3240
[ERR] seq=4194598 err=3056
[ERR] seq=4194599 err=2880
[ERR] seq=4194600 err=2712
[ERR] seq=4194601 err=2544
[SEU] addr=200031D7 bit=00000003
[ERR] seq=4194602 err=2360
[ERR] seq=4194603 err=2184
[ERR] seq=4194604 err=2008
[ERR] seq=4194605 err=1816
[ERR] seq=4194606 err=1648
[ERR] seq=4194607 err=1464
[SEU] addr=200031DD bit=00000005
[ERR] seq=4202800 err=904
[ERR] seq=4202801 err=784
[SEU] addr=20003199 bit=00000006
[ERR] seq=4202802 err=131416
[ERR] seq=4202803 err=21352
[ERR] seq=4202804 err=24440
[ERR] seq=4202805 err=7264
[ERR] seq=4202806 err=5184
[ERR] seq=4202807 err=2176
[ERR] seq=4202808 err=1608
[SEU] addr=200031DA bit=00000001
[ERR] seq=4202809 err=904
[ERR] seq=4202810 err=1104
[ERR] seq=4202811 err=896
[ERR] seq=4202812 err=1248
[ERR] seq=4202813 err=1344
[SEU] addr=2000318F bit=00000004
[ERR] seq=4202814 err=1816
[ERR] seq=4202815 err=1664
[ERR] seq=4202816 err=1920
[ERR] seq=4202817 err=2032
[SEU] addr=20003156 bit=00000005
[SAMPLE QUEUE backup CORRUPTED] backup repaired
[ERR] seq=4202818 err=2232
[ERR] seq=4202819 err=2384
[ERR] seq=4202820 err=2568
[ERR] seq=4202821 err=2728
[ERR] seq=4202822 err=2896
[ERR] seq=4202823 err=3064
[ERR] seq=4202824 err=3232
[ERR] seq=4202825 err=3400
[ERR] seq=4202826 err=3552
[ERR] seq=4202827 err=3728
[SEU] addr=200031A5 bit=00000005
[ERR] seq=4202828 err=3888
[ERR] seq=4202829 err=4040
[ERR] seq=4202830 err=4200
[ERR] seq=4202831 err=4376
[ERR] seq=4202832 err=4504
[SEU] addr=2000319F bit=00000002
[ERR] seq=4202833 err=4672
[ERR] seq=4202834 err=4832
[ERR] seq=4202835 err=4968
[ERR] seq=4202836 err=5112
[ERR] seq=4202837 err=5296
[ERR] seq=4202838 err=5416
[ERR] seq=4202839 err=5576
[ERR] seq=4202840 err=5712
[ERR] seq=4202841 err=5864
[ERR] seq=4202842 err=5984
[SEU] addr=200031D2 bit=00000002
[ERR] seq=4202843 err=6144
[ERR] seq=4202844 err=6280
[ERR] seq=4202845 err=6400
[SEU] addr=20003187 bit=00000006
[ERR] seq=4202846 err=6552
[ERR] seq=4202847 err=6680
[ERR] seq=4202848 err=6800
[ERR] seq=4202849 err=6912
[SEU] addr=20003188 bit=00000007
[ERR] seq=4202850 err=7056
[ERR] seq=4202851 err=7176
[ERR] seq=4202852 err=7248
[SEU] addr=20003151 bit=00000003
[ERR] seq=4202853 err=7376
[SEU] addr=200031BC bit=00000007
[ERR] seq=4202854 err=7480
[ERR] seq=4202855 err=7600
[ERR] seq=4202856 err=7696
[ERR] seq=4202857 err=7800
[ERR] seq=4202858 err=7912
[ERR] seq=4202859 err=8008
[ERR] seq=4202860 err=8096
[ERR] seq=4202861 err=8208
[SEU] addr=20003155 bit=00000002
[SAMPLE QUEUE backup CORRUPTED] backup repaired
[ERR] seq=4202862 err=8304
[ERR] seq=4202863 err=8368
[ERR] seq=4202864 err=8472
[SEU] addr=200031AB bit=00000005
[ERR] seq=4202865 err=8552
[ERR] seq=4202866 err=8640
[ERR] seq=4202867 err=8712
[ERR] seq=4202868 err=8800
[ERR] seq=4202869 err=8856
[ERR] seq=4202870 err=8952
[ERR] seq=4202871 err=9016
[ERR] seq=4202872 err=9064
[ERR] seq=4202873 err=9128
[SEU] addr=200031D2 bit=00000007
[ERR] seq=4202874 err=9192
[ERR] seq=4202875 err=9240
[ERR] seq=4202876 err=9312
[ERR] seq=4202877 err=9352
[SEU] addr=2000315A bit=00000005
[ERR] seq=4202878 err=9408
[ERR] seq=4202879 err=9448
[ERR] seq=4202880 err=9496
[ERR] seq=4202881 err=9536
[ERR] seq=4202882 err=9568
[ERR] seq=4202883 err=9608
[ERR] seq=4202884 err=9656
[SEU] addr=2000316F bit=00000006
[ERR] seq=4202885 err=9656
[ERR] seq=4202886 err=9704
[ERR] seq=4202887 err=9712
[ERR] seq=4202888 err=9736
[ERR] seq=4202889 err=9744
[ERR] seq=4202890 err=9776
[ERR] seq=4202891 err=9760
[ERR] seq=4202892 err=9784
[ERR] seq=4202893 err=9800
[ERR] seq=4202894 err=9784
[SEU] addr=200031D8 bit=00000001
[ERR] seq=4202895 err=9808
[ERR] seq=4202896 err=9776
[ERR] seq=4202897 err=9776
[ERR] seq=4202898 err=9768
[ERR] seq=4202899 err=9752
[ERR] seq=4202900 err=9744
[ERR] seq=4202901 err=9720
[ERR] seq=4202902 err=9704
[ERR] seq=4202903 err=9680
[SEU] addr=200031C1 bit=00000003
[ERR] seq=4202904 err=9656
[ERR] seq=4202905 err=9608
[SEU] addr=20003193 bit=00000001
[ERR] seq=4202906 err=268445056
[ERR] seq=4202907 err=42948792
[ERR] seq=4202908 err=49831120
[ERR] seq=4202909 err=14842528
[ERR] seq=4202910 err=10355824
[ERR] seq=4202911 err=4029488
[ERR] seq=4202912 err=2309592
[SEU] addr=20003172 bit=00000001
[ERR] seq=4202913 err=1012040
[ERR] seq=4202914 err=539304
[ERR] seq=4202915 err=246016
[ERR] seq=4202916 err=133400
[ERR] seq=4202917 err=58552
[ERR] seq=4202918 err=38336
[ERR] seq=4202919 err=13376
[ERR] seq=4202920 err=15776
[ERR] seq=4202921 err=5360
[SEU] addr=200031B3 bit=00000006
[ERR] seq=4202922 err=10328
[ERR] seq=4202923 err=7776
[ERR] seq=4202924 err=8888
[ERR] seq=4202925 err=8216
[SEU] addr=2000317F bit=00000006
[ERR] seq=4202926 err=8416
[ERR] seq=4202927 err=8192
[ERR] seq=4202928 err=8152
[ERR] seq=4202929 err=8024
[SEU] addr=2000318C bit=00000004
[ERR] seq=4202930 err=10144
[ERR] seq=4202931 err=7480
[ERR] seq=4202932 err=8144
[ERR] seq=4202933 err=7512
[SEU] addr=20003167 bit=00000004
[CMD QUEUE backup CORRUPTED] backup repaired
[ERR] seq=4202934 err=7592
[ERR] seq=4202935 err=7376
[ERR] seq=4202936 err=7312
[ERR] seq=4202937 err=7208
[ERR] seq=4202938 err=7080
[ERR] seq=4202939 err=6960
[SEU] addr=200031DE bit=00000001
[ERR] seq=4334012 err=568
[ERR] seq=4334013 err=1504
[ERR] seq=4334014 err=288
[ERR] seq=4334015 err=584
[ERR] seq=4334016 err=296
[ERR] seq=4334017 err=352
[ERR] seq=4334018 err=232
[ERR] seq=4334019 err=208
[ERR] seq=4334020 err=152
[SEU] addr=200031BD bit=00000002
[ERR] seq=4334021 err=120
[ERR] seq=4334022 err=48
[ERR] seq=4334023 err=8
[ERR] seq=4334024 err=48
[ERR] seq=4334025 err=104
[SEU] addr=20003199 bit=00000003
[ERR] seq=4334026 err=16528
[ERR] seq=4334027 err=2752
[ERR] seq=4334028 err=3256
[ERR] seq=4334029 err=1080
[ERR] seq=4334030 err=960
[ERR] seq=4334031 err=472
[ERR] seq=4334032 err=552
[ERR] seq=4334033 err=432
[ERR] seq=4334034 err=568
[SEU] addr=2000316B bit=00000003
[ERR] seq=4334035 err=544
[ERR] seq=4334036 err=624
[ERR] seq=4334037 err=648
[ERR] seq=4334038 err=696
[ERR] seq=4334039 err=752
[ERR] seq=4334040 err=776
[SEU] addr=20003183 bit=00000000
[ERR] seq=4334041 err=840
[ERR] seq=4334042 err=856
[ERR] seq=4334043 err=920
[ERR] seq=4334044 err=944
[ERR] seq=4334045 err=992
[ERR] seq=4334046 err=1032
[ERR] seq=4334047 err=1080
[SEU] addr=20003178 bit=00000004
[ERR] seq=4334048 err=1112
[ERR] seq=4334049 err=1144
[ERR] seq=4334050 err=1184
[ERR] seq=4334051 err=1240
[ERR] seq=4334052 err=1272
[ERR] seq=4334053 err=1312
[ERR] seq=4334054 err=1344
[ERR] seq=4334055 err=1400
[SEU] addr=200031C8 bit=00000000
[ERR] seq=4334056 err=1424
[ERR] seq=4334057 err=1472
[ERR] seq=4334058 err=1480
[ERR] seq=4334059 err=1528
[ERR] seq=4334060 err=1568
[ERR] seq=4334061 err=1584
[ERR] seq=4334062 err=1640
[SEU] addr=2000318E bit=00000000
[ERR] seq=4334063 err=1240
[ERR] seq=4334064 err=2128
[ERR] seq=4334065 err=1216
[ERR] seq=4334066 err=1904
[ERR] seq=4334067 err=1688
[ERR] seq=4334068 err=1856
[ERR] seq=4334069 err=1840
[ERR] seq=4334070 err=1904
[ERR] seq=4334071 err=1920
[SEU] addr=20003151 bit=00000002
[ERR] seq=4334072 err=1936
[ERR] seq=4334073 err=1976
[ERR] seq=4334074 err=1992
[ERR] seq=4334075 err=2024
[SEU] addr=200031DB bit=00000005
[ERR] seq=4334076 err=2032
[ERR] seq=4334077 err=2080
[SEU] addr=200031D3 bit=00000003
[ERR] seq=4334078 err=2112
[ERR] seq=4334079 err=2128
[ERR] seq=4334080 err=2160
[ERR] seq=4334081 err=2192
[ERR] seq=4334082 err=2184
[ERR] seq=4334083 err=2224
[SEU] addr=200031B1 bit=00000002
[ERR] seq=4334084 err=2240
[ERR] seq=4334085 err=2272
[ERR] seq=4334086 err=2288
[ERR] seq=4334087 err=2312
[ERR] seq=4334088 err=2312
[ERR] seq=4334089 err=2344
[ERR] seq=4334090 err=2360
[ERR] seq=4334091 err=2376
[ERR] seq=4334092 err=2392
[SEU] addr=20003187 bit=00000001
[ERR] seq=4334093 err=2384
[SEU] addr=200031AA bit=00000007
[ERR] seq=4334094 err=2432
[ERR] seq=4334095 err=2424
[ERR] seq=4334096 err=2448
[ERR] seq=4334097 err=2464
[ERR] seq=4334098 err=2464
[ERR] seq=4334099 err=2480
[ERR] seq=4334100 err=2480
[ERR] seq=4334101 err=2512
[ERR] seq=4334102 err=2496
[ERR] seq=4334103 err=2504
[SEU] addr=200031D3 bit=00000006
[ERR] seq=4334104 err=2488
[ERR] seq=4334105 err=2520
[ERR] seq=4334106 err=2520
[ERR] seq=4334107 err=2520
[ERR] seq=4334108 err=2520
[ERR] seq=4334109 err=2536
[ERR] seq=4334110 err=2520
[ERR] seq=4334111 err=2536
[ERR] seq=4334112 err=2536
[SEU] addr=20003163 bit=00000002
[ERR] seq=4334113 err=2528
[ERR] seq=4334114 err=2528
[ERR] seq=4334115 err=2528
[SEU] addr=200031A1 bit=00000000
[ERR] seq=4334116 err=2528
[ERR] seq=4334117 err=2512
[ERR] seq=4334118 err=2528
[ERR] seq=4334119 err=2512
[ERR] seq=4334120 err=2504
[ERR] seq=4334121 err=2488
[SEU] addr=200031D0 bit=00000001
[ERR] seq=4334122 err=2512
[ERR] seq=4334123 err=2496
[ERR] seq=4334124 err=2504
[ERR] seq=4334125 err=2472
[SEU] addr=20003153 bit=00000001
[ERR] seq=4334126 err=2472
[ERR] seq=4334127 err=2464
[SEU] addr=20003194 bit=00000002
[ERR] seq=4334128 err=2480
[ERR] seq=4334129 err=2432
[ERR] seq=4334130 err=2432
[ERR] seq=4334131 err=2400
[ERR] seq=4334132 err=2392
[ERR] seq=4334133 err=2376
[ERR] seq=4334134 err=2376
[ERR] seq=4334135 err=2344
[ERR] seq=4334136 err=2320
[SEU] addr=2000315A bit=00000002
[ERR] seq=4334137 err=2312
[ERR] seq=4334138 err=2288
[ERR] seq=4334139 err=2280
[ERR] seq=4334140 err=2256
[ERR] seq=4334141 err=2216
[ERR] seq=4334142 err=2200
[ERR] seq=4334143 err=2192
[ERR] seq=4334144 err=2168
[SEU] addr=200031A4 bit=00000001
[ERR] seq=4334145 err=2152
[ERR] seq=4334146 err=2112
[ERR] seq=4334147 err=2080
[ERR] seq=4334148 err=2056
[ERR] seq=4334149 err=2024
[SEU] addr=20003180 bit=00000000
[ERR] seq=4334150 err=2000
[ERR] seq=4334151 err=1992
[SEU] addr=20003155 bit=00000000
[SAMPLE QUEUE backup CORRUPTED] backup repaired
[ERR] seq=4334152 err=1944
[ERR] seq=4334153 err=1928
[ERR] seq=4334154 err=1904
[ERR] seq=4334155 err=1872
[ERR] seq=4334156 err=1824
[SEU] addr=200031CB bit=00000005
[ERR] seq=4334157 err=1800
[ERR] seq=4334158 err=1776
[ERR] seq=4334159 err=1728
[SEU] addr=200031A7 bit=00000000
[ERR] seq=4334160 err=1712
[ERR] seq=4334161 err=1672
[ERR] seq=4334162 err=1640
[ERR] seq=4334163 err=1616
[ERR] seq=4334164 err=1568
[ERR] seq=4334165 err=1528
[SEU] addr=2000318C bit=00000003
[ERR] seq=4334166 err=920
[ERR] seq=4334167 err=1568
[ERR] seq=4334168 err=1344
[SEU] addr=2000318A bit=00000004
[ERR] seq=4334169 err=1432
[ERR] seq=4334170 err=1336
[ERR] seq=4334171 err=1336
[ERR] seq=4334172 err=1280
[ERR] seq=4334173 err=1248
[ERR] seq=4334174 err=1192
[ERR] seq=4334175 err=1168
[ERR] seq=4334176 err=1120
[ERR] seq=4334177 err=1088
[ERR] seq=4334178 err=1048
[SEU] addr=200031BF bit=00000004
[ERR] seq=4334179 err=1008
[ERR] seq=4334180 err=960
[ERR] seq=4334181 err=920
[ERR] seq=4334182 err=880
[ERR] seq=4334183 err=848
[ERR] seq=4334184 err=792
[ERR] seq=4334185 err=768
[ERR] seq=4334186 err=704
[ERR] seq=4334187 err=680
[SEU] addr=200031A0 bit=00000005
[ERR] seq=4334188 err=616
[ERR] seq=4334189 err=576
[ERR] seq=4334190 err=544
[ERR] seq=4334191 err=504
[ERR] seq=4334192 err=448
[ERR] seq=4334193 err=392
[ERR] seq=4334194 err=352
[ERR] seq=4334195 err=312
[SEU] addr=200031CC bit=00000003
[ERR] seq=4334196 err=240
[ERR] seq=4334197 err=208
[SEU] addr=200031A6 bit=00000006
[ERR] seq=4334198 err=152
[ERR] seq=4334199 err=120
[ERR] seq=4334200 err=48
[SEU] addr=20003189 bit=00000002
[ERR] seq=4334201 err=8
[ERR] seq=4334202 err=48
[ERR] seq=4334203 err=104
[ERR] seq=4334204 err=144
[ERR] seq=4334205 err=192
[SEU] addr=20003152 bit=00000001
[ERR] seq=4334206 err=224
[ERR] seq=4334207 err=296
[ERR] seq=4334208 err=336
[ERR] seq=4334209 err=384
[ERR] seq=4334210 err=424
[SEU] addr=200031D8 bit=00000001
[ERR] seq=4334211 err=488
[SEU] addr=200031A0 bit=00000000
[ERR] seq=4334212 err=536
[ERR] seq=4334213 err=560
[ERR] seq=4334214 err=608
[SEU] addr=200031D3 bit=00000003
[ERR] seq=4334215 err=656
[ERR] seq=4334216 err=696
[ERR] seq=4334217 err=752
[SEU] addr=20003169 bit=00000002
[ERR] seq=4334218 err=776
[ERR] seq=4334219 err=840
[ERR] seq=4334220 err=856
[ERR] seq=4334221 err=920
[SEU] addr=200031D9 bit=00000003
[ERR] seq=4334222 err=944
[ERR] seq=4334223 err=992
[ERR] seq=4334224 err=1032
[ERR] seq=4334225 err=1080
[ERR] seq=4334226 err=1112
[ERR] seq=4334227 err=1144
[ERR] seq=4334228 err=1184
[ERR] seq=4334229 err=1240
[ERR] seq=4334230 err=1272
[SEU] addr=20003166 bit=00000005
[CMD QUEUE backup CORRUPTED] backup repaired
[ERR] seq=4334231 err=1312
[SEU] addr=20003162 bit=00000000
[ERR] seq=4334232 err=1344
[ERR] seq=4334233 err=1400
[ERR] seq=4334234 err=1424
[ERR] seq=4334235 err=1472
[ERR] seq=4334236 err=1480
[ERR] seq=4334237 err=1528
[SEU] addr=2000315B bit=00000001
[ERR] seq=4334238 err=1568
[ERR] seq=4334239 err=1584
[ERR] seq=4334240 err=1640
[ERR] seq=4334241 err=1672
[SEU] addr=20003181 bit=00000003
[ERR] seq=4334242 err=1680
[ERR] seq=4334243 err=1728
[ERR] seq=4334244 err=1760
[ERR] seq=4334245 err=1784
[ERR] seq=4334246 err=1832
[ERR] seq=4334247 err=1848
[SEU] addr=2000319F bit=00000007
[ERR] seq=4334248 err=1904
[ERR] seq=4334249 err=1920
[ERR] seq=4334250 err=1936
[ERR] seq=4334251 err=1976
[ERR] seq=4334252 err=1992
[ERR] seq=4334253 err=2024
[ERR] seq=4334254 err=2032
[ERR] seq=4334255 err=2080
[ERR] seq=4334256 err=2112
[ERR] seq=4334257 err=2128
[SEU] addr=20003188 bit=00000006
[ERR] seq=4334258 err=2160
[SEU] addr=2000319A bit=00000005
[ERR] seq=4334259 err=16779408
[ERR] seq=4334260 err=2685752
[ERR] seq=4334261 err=3116064
[ERR] seq=4334262 err=929136
[ERR] seq=4334263 err=648904
[SEU] addr=200031CA bit=00000001
[ERR] seq=4334264 err=253336
[ERR] seq=4334265 err=146064
[ERR] seq=4334266 err=64760
[ERR] seq=4334267 err=35464
[ERR] seq=4334268 err=16912
[ERR] seq=4334269 err=10128
[ERR] seq=4334270 err=5224
[ERR] seq=4334271 err=4208
[ERR] seq=4334272 err=2432
[ERR] seq=4334273 err=2848
[SEU] addr=200031AD bit=00000000
[ERR] seq=4334274 err=2248
[ERR] seq=4334275 err=2568
[ERR] seq=4334276 err=2408
[ERR] seq=4334277 err=2512
[ERR] seq=4334278 err=2472
[ERR] seq=4334279 err=2512
[ERR] seq=4334280 err=2496
[ERR] seq=4334281 err=2504
[ERR] seq=4334282 err=2488
[ERR] seq=4334283 err=2520
[SEU] addr=20003163 bit=00000003
[ERR] seq=4334284 err=2520
[ERR] seq=4334285 err=2520
[ERR] seq=4334286 err=2520
[ERR] seq=4334287 err=2536
[ERR] seq=4334288 err=2520
[ERR] seq=4334289 err=2536
[ERR] seq=4334290 err=2536
[SEU] addr=2000316C bit=00000007
[ERR] seq=4334291 err=2528
[ERR] seq=4334292 err=2528
[ERR] seq=4334293 err=2528
[ERR] seq=4334294 err=2528
[ERR] seq=4334295 err=2512
[SEU] addr=20003159 bit=00000005
[ERR] seq=4334296 err=2528
[ERR] seq=4334297 err=2512
[ERR] seq=4334298 err=2504
[ERR] seq=4334299 err=2488
[ERR] seq=4334300 err=2512
[SEU] addr=2000316B bit=00000003
[ERR] seq=4334301 err=2496
[ERR] seq=4334302 err=2504
[ERR] seq=4334303 err=2472
[ERR] seq=4334304 err=2472
[ERR] seq=4334305 err=2464
[ERR] seq=4334306 err=2448
[ERR] seq=4334307 err=2432
[SEU] addr=20003157 bit=00000004
[SAMPLE QUEUE backup CORRUPTED] backup repaired
[ERR] seq=4334308 err=2432
[ERR] seq=4334309 err=2400
[ERR] seq=4334310 err=2392
[ERR] seq=4334311 err=2376
[SEU] addr=2000317A bit=00000004
[ERR] seq=4334312 err=2376
[ERR] seq=4334313 err=2344
[ERR] seq=4334314 err=2320
[ERR] seq=4334315 err=2312
[ERR] seq=4334316 err=2288
[SEU] addr=2000318E bit=00000001
[ERR] seq=4334317 err=9736
[ERR] seq=4334318 err=1064
[ERR] seq=4334319 err=3608
[ERR] seq=4334320 err=1784
[ERR] seq=4334321 err=2488
[SEU] addr=20003155 bit=00000002
[SAMPLE QUEUE backup CORRUPTED] backup repaired
[ERR] seq=4334322 err=2040
[ERR] seq=4334323 err=2208
[ERR] seq=4334324 err=2080
[ERR] seq=4334325 err=2112
[ERR] seq=4334326 err=2040
[ERR] seq=4334327 err=2032
[ERR] seq=4334328 err=2000
[ERR] seq=4334329 err=1992
[ERR] seq=4334330 err=1944
[SEU] addr=20003186 bit=00000003
[ERR] seq=4334331 err=1928
[ERR] seq=4334332 err=1904
[ERR] seq=4334333 err=1872
[ERR] seq=4334334 err=1824
[ERR] seq=4334335 err=1800
[SEU] addr=20003185 bit=00000006
[ERR] seq=4334336 err=1776
[ERR] seq=4334337 err=1728
[ERR] seq=4334338 err=1712
[ERR] seq=4334339 err=1672
[ERR] seq=4334340 err=1640
[SEU] addr=20003189 bit=00000002
[ERR] seq=4334341 err=1616
[ERR] seq=4334342 err=1568
[SEU] addr=2000315C bit=00000000
[CMD QUEUE CORRUPTED] primary repaired
[ERR] seq=4334343 err=1528
[ERR] seq=4334344 err=1504
[ERR] seq=4334345 err=1472
[ERR] seq=4334346 err=1440
[SEU] addr=2000318B bit=00000003
[ERR] seq=4334347 err=1416
[ERR] seq=4334348 err=1352
[SEU] addr=20003188 bit=00000001
[ERR] seq=4334349 err=1336
[ERR] seq=4334350 err=1280
[ERR] seq=4334351 err=1248
[ERR] seq=4334352 err=1192
[ERR] seq=4334353 err=1168
[ERR] seq=4334354 err=1120
[ERR] seq=4334355 err=1088
[ERR] seq=4334356 err=1048
[ERR] seq=4334357 err=1008
[SEU] addr=200031B7 bit=00000001
[ERR] seq=4334358 err=960
[ERR] seq=4334359 err=920
[ERR] seq=4334360 err=880
[ERR] seq=4334361 err=848
[ERR] seq=4334362 err=792
[SEU] addr=200031D1 bit=00000001
[ERR] seq=4334363 err=768
[ERR] seq=4334364 err=704
[ERR] seq=4334365 err=680
[ERR] seq=4334366 err=616
[ERR] seq=4334367 err=576
[ERR] seq=4334368 err=544
[SEU] addr=200031BD bit=00000000
[ERR] seq=4334369 err=504
[ERR] seq=4334370 err=448
[ERR] seq=4334371 err=392
[ERR] seq=4334372 err=352
[ERR] seq=4334373 err=312
[ERR] seq=4334374 err=240
[SEU] addr=20003189 bit=00000007
[ERR] seq=4334375 err=208
[ERR] seq=4334376 err=152
[ERR] seq=4334377 err=120
[ERR] seq=4334378 err=48
[ERR] seq=4334379 err=8
[ERR] seq=4334380 err=48
[ERR] seq=4334381 err=104
[ERR] seq=4334382 err=144
[ERR] seq=4334383 err=192
[ERR] seq=4334384 err=224
[SEU] addr=20003170 bit=00000005
[ERR] seq=4334385 err=296
[ERR] seq=4334386 err=336
[ERR] seq=4334387 err=384
[ERR] seq=4334388 err=424
[SEU] addr=200031BA bit=00000006
[ERR] seq=4334389 err=488
[ERR] seq=4334390 err=536
[ERR] seq=4334391 err=560
[ERR] seq=4334392 err=608
[SEU] addr=20003188 bit=00000004
[ERR] seq=4334393 err=656
[ERR] seq=4334394 err=696
[ERR] seq=4334395 err=752
[ERR] seq=4334396 err=776
[ERR] seq=4334397 err=840
[ERR] seq=4334398 err=856
[ERR] seq=4334399 err=920
[SEU] addr=2000319B bit=00000000
[ERR] seq=4334400 err=134218320
[ERR] seq=4334401 err=21475824
[ERR] seq=4334402 err=24911472
[ERR] seq=4334403 err=7422776
[ERR] seq=4334404 err=5173896
[ERR] seq=4334405 err=2016312
[ERR] seq=4334406 err=1150880
[ERR] seq=4334407 err=507680
[ERR] seq=4334408 err=265856
[SEU] addr=20003168 bit=00000003
[CMD QUEUE backup CORRUPTED] backup repaired
[ERR] seq=4334409 err=124744
[ERR] seq=4334410 err=63000
[ERR] seq=4334411 err=31088
[ERR] seq=4334412 err=15592
[ERR] seq=4334413 err=8560
[ERR] seq=4334414 err=4416
[ERR] seq=4334415 err=3216
[SEU] addr=20003175 bit=00000004
[ERR] seq=4334416 err=1816
[ERR] seq=4334417 err=1976
[ERR] seq=4334418 err=1456
[ERR] seq=4334419 err=1760
[SEU] addr=2000317A bit=00000007
[ERR] seq=4334420 err=1648
[SEU] addr=200031D0 bit=00000005
[ERR] seq=4334421 err=1744
[ERR] seq=4334422 err=1752
[ERR] seq=4334423 err=1784
[SEU] addr=200031CF bit=00000007
[ERR] seq=4334424 err=1832
[ERR] seq=4334425 err=1848
[ERR] seq=4334426 err=1904
[ERR] seq=4334427 err=1920
[ERR] seq=4334428 err=1936
[SEU] addr=200031C6 bit=00000000
[ERR] seq=4334429 err=1976
[ERR] seq=4334430 err=1992
[ERR] seq=4334431 err=2024
[ERR] seq=4334432 err=2032
[ERR] seq=4334433 err=2080
[ERR] seq=4334434 err=2112
[SEU] addr=2000318A bit=00000003
[ERR] seq=4334435 err=2128
[ERR] seq=4334436 err=2160
[ERR] seq=4334437 err=2192
[ERR] seq=4334438 err=2184
[ERR] seq=4334439 err=2224
[ERR] seq=4334440 err=2240
[ERR] seq=4334441 err=2272
[SEU] addr=20003161 bit=00000002
[ERR] seq=4334442 err=2288
[ERR] seq=4334443 err=2312
[ERR] seq=4334444 err=2312
[ERR] seq=4334445 err=2344
[ERR] seq=4334446 err=2360
[ERR] seq=4334447 err=2376
[ERR] seq=4334448 err=2392
[SEU] addr=2000314C bit=00000002
[SAMPLE QUEUE CORRUPTED] primary repaired
[ERR] seq=4334449 err=2384
[ERR] seq=4334450 err=2432
[ERR] seq=4334451 err=2424
[ERR] seq=4334452 err=2448
[ERR] seq=4334453 err=2464
[ERR] seq=4334454 err=2464
[ERR] seq=4334455 err=2480
[ERR] seq=4334456 err=2480
[SEU] addr=20003153 bit=00000007
[ERR] seq=4334457 err=2512
[ERR] seq=4334458 err=2496
[ERR] seq=4334459 err=2504
[ERR] seq=4334460 err=2488
[ERR] seq=4334461 err=2520
[ERR] seq=4334462 err=2520
[ERR] seq=4334463 err=2520
[ERR] seq=4334464 err=2520
[ERR] seq=4334465 err=2536
[SEU] addr=200031C0 bit=00000002
[ERR] seq=4334466 err=2520
[ERR] seq=4334467 err=2536
[ERR] seq=4334468 err=2536
[ERR] seq=4334469 err=2528
[ERR] seq=4334470 err=2528
[ERR] seq=4334471 err=2528
[ERR] seq=4334472 err=2528
[ERR] seq=4334473 err=2512
[SEU] addr=20003183 bit=00000007
[ERR] seq=4334474 err=2528
[ERR] seq=4334475 err=2512
[ERR] seq=4334476 err=2504
[ERR] seq=4334477 err=2488
[ERR] seq=4334478 err=2512
[ERR] seq=4334479 err=2496
[ERR] seq=4334480 err=2504
[ERR] seq=4334481 err=2472
[ERR] seq=4334482 err=2472
[SEU] addr=20003177 bit=00000006
[ERR] seq=4334483 err=2464
[ERR] seq=4334484 err=2448
[ERR] seq=4334485 err=2432
[ERR] seq=4334486 err=2432
[ERR] seq=4334487 err=2400
[SEU] addr=20003199 bit=00000006
[ERR] seq=4334488 err=132600
[ERR] seq=4334489 err=23336
[ERR] seq=4334490 err=25824
[ERR] seq=4334491 err=9576
[ERR] seq=4334492 err=6512
[ERR] seq=4334493 err=4272
[ERR] seq=4334494 err=2568
[ERR] seq=4334495 err=2760
[ERR] seq=4334496 err=2016
[ERR] seq=4334497 err=2328
[SEU] addr=200031B7 bit=00000000
[ERR] seq=4334498 err=2144
[ERR] seq=4334499 err=2224
[ERR] seq=4334500 err=2152
[ERR] seq=4334501 err=2152
[ERR] seq=4334502 err=2112
[SEU] addr=20003169 bit=00000005
[ERR] seq=4334503 err=2080
[SEU] addr=20003197 bit=00000000
[ERR] seq=4334504 err=134219784
[ERR] seq=4334505 err=21475752
[ERR] seq=4334506 err=24912800
[ERR] seq=4334507 err=7422600
[ERR] seq=4334508 err=5175136
[ERR] seq=4334509 err=2016048
[ERR] seq=4334510 err=1152032
[ERR] seq=4334511 err=507296
[ERR] seq=4334512 err=266864
[SEU] addr=20003154 bit=00000005
[SAMPLE QUEUE backup CORRUPTED] backup repaired
[ERR] seq=4334513 err=124248
[ERR] seq=4334514 err=63912
[ERR] seq=4334515 err=30464
[ERR] seq=4334516 err=16400
[ERR] seq=4334517 err=7856
[SEU] addr=200031DA bit=00000000
[ERR] seq=4334518 err=5120
[ERR] seq=4334519 err=2424
[SEU] addr=200031D5 bit=00000001
[ERR] seq=4334520 err=2384
[ERR] seq=4334521 err=1144
[ERR] seq=4334522 err=1696
[ERR] seq=4334523 err=1376
[ERR] seq=4334524 err=1488
[ERR] seq=4334525 err=1392
[SEU] addr=20003182 bit=00000002
[ERR] seq=4334526 err=1360
[ERR] seq=4334527 err=1336
[ERR] seq=4334528 err=1280
[ERR] seq=4334529 err=1248
[ERR] seq=4334530 err=1192
[ERR] seq=4334531 err=1168
[ERR] seq=4334532 err=1120
[ERR] seq=4334533 err=1088
[ERR] seq=4334534 err=1048
[SEU] addr=200031CF bit=00000003
[ERR] seq=4334535 err=1008
[ERR] seq=4334536 err=960
[ERR] seq=4334537 err=920
[ERR] seq=4334538 err=880
[ERR] seq=4334539 err=848
[ERR] seq=4334540 err=792
[ERR] seq=4334541 err=768
[SEU] addr=2000319C bit=00000005
[ERR] seq=4334542 err=704
[ERR] seq=4334543 err=680
[ERR] seq=4334544 err=616
[ERR] seq=4334545 err=576
[SEU] addr=2000318A bit=00000005
[ERR] seq=4334546 err=544
[ERR] seq=4334547 err=504
[ERR] seq=4334548 err=448
[ERR] seq=4334549 err=392
[ERR] seq=4334550 err=352
[ERR] seq=4334551 err=312
[ERR] seq=4334552 err=240
[ERR] seq=4334553 err=208
[ERR] seq=4334554 err=152
[ERR] seq=4334555 err=120
[SEU] addr=200031C8 bit=00000000
[ERR] seq=4334556 err=48
[SEU] addr=2000314C bit=00000000
[SAMPLE QUEUE CORRUPTED] primary repaired
[ERR] seq=4334557 err=8
[ERR] seq=4334558 err=48
[ERR] seq=4334559 err=104
[ERR] seq=4334560 err=144
[SEU] addr=20003176 bit=00000003
[ERR] seq=4334561 err=192
[ERR] seq=4334562 err=224
[SEU] addr=2000317D bit=00000001
[ERR] seq=4334563 err=296
[ERR] seq=4334564 err=336
[ERR] seq=4334565 err=384
[SEU] addr=2000319D bit=00000006
[ERR] seq=4334566 err=424
[ERR] seq=4334567 err=488
[ERR] seq=4334568 err=536
[SEU] addr=20003192 bit=00000002
[ERR] seq=4334569 err=2097712
[ERR] seq=4334570 err=335496
[ERR] seq=4334571 err=389880
[SEU] addr=20003184 bit=00000003
[ERR] seq=4334572 err=115896
[ERR] seq=4334573 err=81568
[ERR] seq=4334574 err=31400
[SEU] addr=20003157 bit=00000003
[SAMPLE QUEUE backup CORRUPTED] backup repaired
[ERR] seq=4334575 err=18792
[ERR] seq=4334576 err=7824
[ERR] seq=4334577 err=5048
[ERR] seq=4334578 err=1832
[ERR] seq=4334579 err=1952
[ERR] seq=4334580 err=568
[ERR] seq=4334581 err=1312
[ERR] seq=4334582 err=1000
[ERR] seq=4334583 err=1208
[ERR] seq=4334584 err=1152
[SEU] addr=200031D0 bit=00000001
[ERR] seq=4334585 err=1248
[ERR] seq=4334586 err=1272
[ERR] seq=4334587 err=1312
[ERR] seq=4334588 err=1344
[ERR] seq=4334589 err=1400
[ERR] seq=4334590 err=1424
[ERR] seq=4334591 err=1472
[ERR] seq=4334592 err=1480
[ERR] seq=4334593 err=1528
[SEU] addr=200031C8 bit=00000002
[ERR] seq=4334594 err=1568
[ERR] seq=4334595 err=1584
[ERR] seq=4334596 err=1640
[SEU] addr=200031C1 bit=00000007
[ERR] seq=4334597 err=1672
[ERR] seq=4334598 err=1680
[ERR] seq=4334599 err=1728
[ERR] seq=4334600 err=1760
[ERR] seq=4334601 err=1784
[ERR] seq=4334602 err=1832
[ERR] seq=4334603 err=1848
[ERR] seq=4334604 err=1904
[SEU] addr=200031D3 bit=00000000
[ERR] seq=4334605 err=1920
[ERR] seq=4334606 err=1936
[ERR] seq=4334607 err=1976
[ERR] seq=4334608 err=1992
[ERR] seq=4334609 err=2024
[SEU] addr=20003189 bit=00000005
[ERR] seq=4334610 err=2032
[ERR] seq=4334611 err=2080
[ERR] seq=4334612 err=2112
[SEU] addr=20003186 bit=00000007
[ERR] seq=4334613 err=2128
[ERR] seq=4334614 err=2160
[ERR] seq=4334615 err=2192
[ERR] seq=4334616 err=2184
[ERR] seq=4334617 err=2224
[ERR] seq=4334618 err=2240
[ERR] seq=4334619 err=2272
[SEU] addr=20003179 bit=00000000
[ERR] seq=4334620 err=2288
[ERR] seq=4334621 err=2312
[ERR] seq=4334622 err=2312
[ERR] seq=4334623 err=2344
[ERR] seq=4334624 err=2360
[ERR] seq=4334625 err=2376
[ERR] seq=4334626 err=2392
[ERR] seq=4334627 err=2384
[ERR] seq=4334628 err=2432
[SEU] addr=2000315F bit=00000001
[CMD QUEUE CORRUPTED] primary repaired
[ERR] seq=4334629 err=2424
[ERR] seq=4334630 err=2448
[ERR] seq=4334631 err=2464
[ERR] seq=4334632 err=2464
[ERR] seq=4334633 err=2480
[SEU] addr=200031C0 bit=00000002
[ERR] seq=4334634 err=2480
[ERR] seq=4334635 err=2512
[ERR] seq=4334636 err=2496
[ERR] seq=4334637 err=2504
[ERR] seq=4334638 err=2488
[ERR] seq=4334639 err=2520
[ERR] seq=4334640 err=2520
[ERR] seq=4334641 err=2520
[ERR] seq=4334642 err=2520
[ERR] seq=4334643 err=2536
[SEU] addr=200031A5 bit=00000000
[ERR] seq=4334644 err=2520
[ERR] seq=4334645 err=2536
[ERR] seq=4334646 err=2536
[ERR] seq=4334647 err=2528
[ERR] seq=4334648 err=2528
[ERR] seq=4334649 err=2528
[ERR] seq=4334650 err=2528
[ERR] seq=4334651 err=2512
[ERR] seq=4334652 err=2528
[SEU] addr=200031D8 bit=00000007
[ERR] seq=4334653 err=2512
[ERR] seq=4334654 err=2504
[ERR] seq=4334655 err=2488
[ERR] seq=4334656 err=2512
[SEU] addr=200031AB bit=00000000
[ERR] seq=4334657 err=2496
[ERR] seq=4334658 err=2504
[ERR] seq=4334659 err=2472
[ERR] seq=4334660 err=2472
[ERR] seq=4334661 err=2464
[ERR] seq=4334662 err=2448
[ERR] seq=4334663 err=2432
[ERR] seq=4334664 err=2432
[ERR] seq=4334665 err=2400
[SEU] addr=200031A7 bit=00000002
[ERR] seq=4334666 err=2392
[ERR] seq=4334667 err=2376
[ERR] seq=4334668 err=2376
[ERR] seq=4334669 err=2344
[SEU] addr=200031D1 bit=00000002
[ERR] seq=4334670 err=2320
[ERR] seq=4334671 err=2312
[ERR] seq=4334672 err=2288
[ERR] seq=4334673 err=2280
[ERR] seq=4334674 err=2256
[ERR] seq=4334675 err=2216
[ERR] seq=4334676 err=2200
[ERR] seq=4334677 err=2192
[ERR] seq=4334678 err=2168
[ERR] seq=4334679 err=2152
[SEU] addr=200031A8 bit=00000003
[ERR] seq=4334680 err=2112
[ERR] seq=4334681 err=2080
[ERR] seq=4334682 err=2056
[ERR] seq=4334683 err=2024
[ERR] seq=4334684 err=2000
[ERR] seq=4334685 err=1992
[ERR] seq=4334686 err=1944
[ERR] seq=4334687 err=1928
[SEU] addr=20003151 bit=00000003
[ERR] seq=4334688 err=1904
[ERR] seq=4334689 err=1872
[ERR] seq=4334690 err=1824
[ERR] seq=4334691 err=1800
[ERR] seq=4334692 err=1776
[ERR] seq=4334693 err=1728
[ERR] seq=4334694 err=1712
[SEU] addr=200031C8 bit=00000000
[ERR] seq=4334695 err=1672
[ERR] seq=4334696 err=1640
[SEU] addr=2000316E bit=00000006
[ERR] seq=4334697 err=1616
[ERR] seq=4334698 err=1568
[ERR] seq=4334699 err=1528
[ERR] seq=4334700 err=1504
[ERR] seq=4334701 err=1472
[ERR] seq=4334702 err=1440
[ERR] seq=4334703 err=1416
[ERR] seq=4334704 err=1352
[ERR] seq=4334705 err=1336
[SEU] addr=200031B1 bit=00000006
[ERR] seq=4334706 err=1280
[ERR] seq=4334707 err=1248
[ERR] seq=4334708 err=1192
[ERR] seq=4334709 err=1168
[ERR] seq=4334710 err=1120
[ERR] seq=4334711 err=1088
[ERR] seq=4334712 err=1048
[ERR] seq=4334713 err=1008
[ERR] seq=4334714 err=960
[SEU] addr=200031D3 bit=00000006
[ERR] seq=4334715 err=920
[ERR] seq=4334716 err=880
[ERR] seq=4334717 err=848
[ERR] seq=4334718 err=792
[ERR] seq=4334719 err=768
[ERR] seq=4334720 err=704
[ERR] seq=4334721 err=680
[SEU] addr=200031B4 bit=00000007
[ERR] seq=4334722 err=616
[ERR] seq=4334723 err=576
[ERR] seq=4334724 err=544
[ERR] seq=4334725 err=504
[ERR] seq=4334726 err=448
[ERR] seq=4334727 err=392
[ERR] seq=4334728 err=352
[SEU] addr=200031DA bit=00000000
[ERR] seq=4334729 err=312
[ERR] seq=4334730 err=240
[ERR] seq=4334731 err=208
[ERR] seq=4334732 err=152
[ERR] seq=4334733 err=120
[ERR] seq=4334734 err=48
[ERR] seq=4334735 err=8
[ERR] seq=4334736 err=48
[ERR] seq=4334737 err=104
[SEU] addr=200031BE bit=00000006
[ERR] seq=4334738 err=144
[ERR] seq=4334739 err=192
[SEU] addr=20003183 bit=00000002
[ERR] seq=4334740 err=224
[ERR] seq=4334741 err=296
[ERR] seq=4334742 err=336
[ERR] seq=4334743 err=384
[ERR] seq=4334744 err=424
[SEU] addr=2000318E bit=00000001
[ERR] seq=4334745 err=3872
[ERR] seq=4334746 err=1216
[ERR] seq=4334747 err=232
[ERR] seq=4334748 err=824
[ERR] seq=4334749 err=520
[ERR] seq=4334750 err=752
[ERR] seq=4334751 err=712
[ERR] seq=4334752 err=808
[ERR] seq=4334753 err=824
[SEU] addr=20003190 bit=00000004
[ERR] seq=4334754 err=736
[ERR] seq=4334755 err=936
[ERR] seq=4334756 err=920
[ERR] seq=4334757 err=1000
[ERR] seq=4334758 err=1016
[ERR] seq=4334759 err=1088
[ERR] seq=4334760 err=1112
[ERR] seq=4334761 err=1144
[SEU] addr=2000319D bit=00000001
[ERR] seq=4334762 err=1184
[ERR] seq=4334763 err=1240
[ERR] seq=4334764 err=1272
[ERR] seq=4334765 err=1312
[ERR] seq=4334766 err=1344
[SEU] addr=20003177 bit=00000007
[ERR] seq=4334767 err=1400
[ERR] seq=4334768 err=1424
[ERR] seq=4334769 err=1472
[ERR] seq=4334770 err=1480
[ERR] seq=4334771 err=1528
[ERR] seq=4334772 err=1568
[ERR] seq=4334773 err=1584
[SEU] addr=20003188 bit=00000005
[ERR] seq=4334774 err=1640
[ERR] seq=4334775 err=1672
[SEU] addr=2000317B bit=00000001
[ERR] seq=4334776 err=1680
[ERR] seq=4334777 err=1728
[ERR] seq=4334778 err=1760
[ERR] seq=4334779 err=1784
[ERR] seq=4334780 err=1832
[ERR] seq=4334781 err=1848
[SEU] addr=200031B9 bit=00000003
[ERR] seq=4334782 err=1904
[ERR] seq=4334783 err=1920
[ERR] seq=4334784 err=1936
[ERR] seq=4334785 err=1976
[ERR] seq=4334786 err=1992
[ERR] seq=4334787 err=2024
[ERR] seq=4334788 err=2032
[SEU] addr=200031DE bit=00000000
[ERR] seq=4400325 err=1448
[ERR] seq=4400326 err=912
[ERR] seq=4400327 err=1560
[ERR] seq=4400328 err=1360
[ERR] seq=4400329 err=1504
[SEU] addr=20003170 bit=00000000
[ERR] seq=4400330 err=1464
[SEU] addr=2000318A bit=00000005
[ERR] seq=4400331 err=1496
[ERR] seq=4400332 err=1496
[ERR] seq=4400333 err=1512
[ERR] seq=4400334 err=1520
[ERR] seq=4400335 err=1512
[ERR] seq=4400336 err=1528
[ERR] seq=4400337 err=1528
[ERR] seq=4400338 err=1520
[ERR] seq=4400339 err=1496
[ERR] seq=4400340 err=1512
[SEU] addr=20003171 bit=00000004
[ERR] seq=4400341 err=1520
[ERR] seq=4400342 err=1512
[ERR] seq=4400343 err=1512
[ERR] seq=4400344 err=1520
[SEU] addr=200031D8 bit=00000006
[ERR] seq=4400345 err=1512
[ERR] seq=4400346 err=1512
[ERR] seq=4400347 err=1520
[ERR] seq=4400348 err=1512
[ERR] seq=4400349 err=1496
[ERR] seq=4400350 err=1520
[ERR] seq=4400351 err=1528
[ERR] seq=4400352 err=1528
[ERR] seq=4400353 err=1512
[SEU] addr=2000314D bit=00000003
[SAMPLE QUEUE CORRUPTED] primary repaired
[ERR] seq=4400354 err=1520
[ERR] seq=4400355 err=1512
[ERR] seq=4400356 err=1496
[ERR] seq=4400357 err=1496
[ERR] seq=4400358 err=1496
[ERR] seq=4400359 err=1472
[SEU] addr=20003194 bit=00000002
[ERR] seq=4400360 err=1496
[ERR] seq=4400361 err=1472
[ERR] seq=4400362 err=1448
[ERR] seq=4400363 err=1464
[SEU] addr=2000316D bit=00000005
[ERR] seq=4400364 err=1424
[ERR] seq=4400365 err=1448
[ERR] seq=4400366 err=1400
[ERR] seq=4400367 err=1416
[ERR] seq=4400368 err=1408
[SEU] addr=20003181 bit=00000003
[ERR] seq=4400369 err=1376
[ERR] seq=4400370 err=1384
[SEU] addr=200031B5 bit=00000002
[ERR] seq=4400371 err=1360
[ERR] seq=4400372 err=1368
[ERR] seq=4400373 err=1336
[ERR] seq=4400374 err=1352
[ERR] seq=4400375 err=1312
[ERR] seq=4400376 err=1312
[ERR] seq=4400377 err=1280
[ERR] seq=4400378 err=1280
[ERR] seq=4400379 err=1264
[SEU] addr=200031B4 bit=00000003
[ERR] seq=4400380 err=1232
[ERR] seq=4400381 err=1240
[ERR] seq=4400382 err=1200
[ERR] seq=4400383 err=1184
[ERR] seq=4400384 err=1176
[ERR] seq=4400385 err=1144
[ERR] seq=4400386 err=1120
[ERR] seq=4400387 err=1112
[ERR] seq=4400388 err=1096
[SEU] addr=200031A3 bit=00000000
[ERR] seq=4400389 err=1096
[ERR] seq=4400390 err=1072
[ERR] seq=4400391 err=1056
[ERR] seq=4400392 err=1016
[ERR] seq=4400393 err=1008
[ERR] seq=4400394 err=1000
[ERR] seq=4400395 err=968
[SEU] addr=2000318B bit=00000007
[ERR] seq=4400396 err=960
[ERR] seq=4400397 err=928
[ERR] seq=4400398 err=912
[ERR] seq=4400399 err=896
[ERR] seq=4400400 err=856
[ERR] seq=4400401 err=832
[ERR] seq=4400402 err=800
[ERR] seq=4400403 err=808
[ERR] seq=4400404 err=768
[ERR] seq=4400405 err=760
[SEU] addr=200031C6 bit=00000007
[ERR] seq=4400406 err=712
[ERR] seq=4400407 err=720
[ERR] seq=4400408 err=664
[ERR] seq=4400409 err=664
[ERR] seq=4400410 err=616
[ERR] seq=4400411 err=616
[SEU] addr=200031A8 bit=00000007
[ERR] seq=4400412 err=576
[SEU] addr=2000319A bit=00000000
[ERR] seq=4400413 err=524848
[ERR] seq=4400414 err=84216
[ERR] seq=4400415 err=97808
[ERR] seq=4400416 err=29272
[ERR] seq=4400417 err=20640
[ERR] seq=4400418 err=8136
[ERR] seq=4400419 err=4880
[ERR] seq=4400420 err=2192
[SEU] addr=2000315A bit=00000003
[ERR] seq=4400421 err=1376
[ERR] seq=4400422 err=672
[ERR] seq=4400423 err=536
[ERR] seq=4400424 err=280
[SEU] addr=20003198 bit=00000005
[ERR] seq=4400425 err=536
[ERR] seq=4400426 err=208
[ERR] seq=4400427 err=240
[ERR] seq=4400428 err=152
[ERR] seq=4400429 err=144
[ERR] seq=4400430 err=96
[ERR] seq=4400431 err=64
[SEU] addr=200031A9 bit=00000007
[ERR] seq=4400432 err=32
[ERR] seq=4400434 err=24
[SEU] addr=200031A8 bit=00000000
[ERR] seq=4400435 err=64
[ERR] seq=4400436 err=96
[ERR] seq=4400437 err=112
[ERR] seq=4400438 err=160
[ERR] seq=4400439 err=192
[ERR] seq=4400440 err=208
[SEU] addr=20003170 bit=00000001
[ERR] seq=4400441 err=232
[ERR] seq=4400442 err=272
[ERR] seq=4400443 err=288
[ERR] seq=4400444 err=312
[SEU] addr=20003196 bit=00000001
[ERR] seq=4400445 err=1048928
[ERR] seq=4400446 err=167944
[ERR] seq=4400447 err=195000
[ERR] seq=4400448 err=58168
[ERR] seq=4400449 err=40856
[ERR] seq=4400450 err=15952
[ERR] seq=4400451 err=9464
[ERR] seq=4400452 err=4192
[ERR] seq=4400453 err=2624
[ERR] seq=4400454 err=1200
[SEU] addr=200031B9 bit=00000007
[ERR] seq=4400455 err=1096
[ERR] seq=4400456 err=496
[ERR] seq=4400457 err=760
[ERR] seq=4400458 err=616
[ERR] seq=4400459 err=728
[SEU] addr=200031CC bit=00000005
[ERR] seq=4400460 err=696
[ERR] seq=4400461 err=760
[ERR] seq=4400462 err=760
[ERR] seq=4400463 err=792
[ERR] seq=4400464 err=800
[ERR] seq=4400465 err=832
[SEU] addr=2000318C bit=00000003
[ERR] seq=4400466 err=1648
[ERR] seq=4400467 err=760
[ERR] seq=4400468 err=1048
[ERR] seq=4400469 err=888
[ERR] seq=4400470 err=984
[ERR] seq=4400471 err=952
[ERR] seq=4400472 err=992
[ERR] seq=4400473 err=1000
[SEU] addr=200031B3 bit=00000007
[ERR] seq=4400474 err=1024
[ERR] seq=4400475 err=1032
[SEU] addr=200031D8 bit=00000001
[ERR] seq=4400476 err=1072
[ERR] seq=4400477 err=1088
[ERR] seq=4400478 err=1088
[ERR] seq=4400479 err=1112
[ERR] seq=4400480 err=1104
[ERR] seq=4400481 err=1160
[ERR] seq=4400482 err=1152
[ERR] seq=4400483 err=1184
[ERR] seq=4400484 err=1200
[SEU] addr=20003178 bit=00000006
[ERR] seq=4400485 err=1224
[ERR] seq=4400486 err=1232
[ERR] seq=4400487 err=1264
[ERR] seq=4400488 err=1272
[SEU] addr=20003154 bit=00000000
[SAMPLE QUEUE backup CORRUPTED] backup repaired
[ERR] seq=4400489 err=1280
[ERR] seq=4400490 err=1296
[SEU] addr=200031B0 bit=00000006
[ERR] seq=4400491 err=1312
[ERR] seq=4400492 err=1344
[ERR] seq=4400493 err=1344
[ERR] seq=4400494 err=1352
[ERR] seq=4400495 err=1368
[ERR] seq=4400496 err=1376
[ERR] seq=4400497 err=1368
[ERR] seq=4400498 err=1416
[ERR] seq=4400499 err=1392
[SEU] addr=20003164 bit=00000000
[CMD QUEUE backup CORRUPTED] backup repaired
[ERR] seq=4400500 err=1416
[ERR] seq=4400501 err=1424
[ERR] seq=4400502 err=1448
[ERR] seq=4400503 err=1440
[SEU] addr=20003169 bit=00000003
[ERR] seq=4400504 err=1448
[ERR] seq=4400505 err=1472
[ERR] seq=4400506 err=1448
[SEU] addr=20003176 bit=00000005
[ERR] seq=4400507 err=1488
[ERR] seq=4400508 err=1480
[SEU] addr=200031C5 bit=00000003
[ERR] seq=4400509 err=1496
[ERR] seq=4400510 err=1496
[ERR] seq=4400511 err=1512
[ERR] seq=4400512 err=1520
[ERR] seq=4400513 err=1512
[ERR] seq=4400514 err=1528
[ERR] seq=4400515 err=1528
[ERR] seq=4400516 err=1520
[ERR] seq=4400517 err=1496
[ERR] seq=4400518 err=1512
[SEU] addr=20003183 bit=00000004
[ERR] seq=4400519 err=1520
[ERR] seq=4400520 err=1512
[ERR] seq=4400521 err=1512
[ERR] seq=4400522 err=1520
[ERR] seq=4400523 err=1512
[ERR] seq=4400524 err=1512
[SEU] addr=2000318F bit=00000000
[ERR] seq=4400525 err=2032
[ERR] seq=4400526 err=1424
[ERR] seq=4400527 err=1600
[ERR] seq=4400528 err=1496
[ERR] seq=4400529 err=1536
[ERR] seq=4400530 err=1528
[ERR] seq=4400531 err=1512
[ERR] seq=4400532 err=1520
[ERR] seq=4400533 err=1512
[ERR] seq=4400534 err=1496
[SEU] addr=2000319B bit=00000003
[ERR] seq=4400535 err=1073742776
[ERR] seq=4400536 err=171800184
[ERR] seq=4400537 err=199287424
[ERR] seq=4400538 err=59375088
[ERR] seq=4400539 err=41386536
[ERR] seq=4400540 err=16122912
[SEU] addr=20003173 bit=00000006
[ERR] seq=4400541 err=9202056
[ERR] seq=4400542 err=4053032
[ERR] seq=4400543 err=2121368
[ERR] seq=4400544 err=988920
[ERR] seq=4400545 err=498168
[ERR] seq=4400546 err=238968
[ERR] seq=4400547 err=118448
[ERR] seq=4400548 err=58192
[ERR] seq=4400549 err=28768
[ERR] seq=4400550 err=14904
[SEU] addr=20003159 bit=00000004
[ERR] seq=4400551 err=7480
[SEU] addr=200031D7 bit=00000006
[ERR] seq=4400552 err=4560
[ERR] seq=4400553 err=2408
[ERR] seq=4400554 err=2064
[ERR] seq=4400555 err=1176
[ERR] seq=4400556 err=1448
[ERR] seq=4400557 err=1184
[ERR] seq=4400558 err=1272
[SEU] addr=20003181 bit=00000005
[ERR] seq=4400559 err=1224
[ERR] seq=4400560 err=1208
[ERR] seq=4400561 err=1184
[ERR] seq=4400562 err=1176
[ERR] seq=4400563 err=1144
[ERR] seq=4400564 err=1120
[ERR] seq=4400565 err=1112
[SEU] addr=20003158 bit=00000000
[SAMPLE QUEUE backup CORRUPTED] backup repaired
[ERR] seq=4400566 err=1096
[ERR] seq=4400567 err=1096
[ERR] seq=4400568 err=1072
[ERR] seq=4400569 err=1056
[ERR] seq=4400570 err=1016
[ERR] seq=4400571 err=1008
[ERR] seq=4400572 err=1000
[ERR] seq=4400573 err=968
[ERR] seq=4400574 err=960
[ERR] seq=4400575 err=928
[SEU] addr=20003170 bit=00000004
[ERR] seq=4400576 err=912
[ERR] seq=4400577 err=896
[ERR] seq=4400578 err=856
[ERR] seq=4400579 err=832
[ERR] seq=4400580 err=800
[SEU] addr=200031D2 bit=00000001
[ERR] seq=4400581 err=808
[ERR] seq=4400582 err=768
[SEU] addr=20003164 bit=00000006
[CMD QUEUE backup CORRUPTED] backup repaired
[ERR] seq=4400583 err=760
[ERR] seq=4400584 err=712
[ERR] seq=4400585 err=720
[ERR] seq=4400586 err=664
[ERR] seq=4400587 err=664
[ERR] seq=4400588 err=616
[ERR] seq=4400589 err=616
[ERR] seq=4400590 err=576
[SEU] addr=200031D4 bit=00000000
[ERR] seq=4400591 err=560
[ERR] seq=4400592 err=528
[ERR] seq=4400593 err=520
[ERR] seq=4400594 err=472
[ERR] seq=4400595 err=448
[SEU] addr=2000319F bit=00000002
[ERR] seq=4400596 err=440
[ERR] seq=4400597 err=400
[ERR] seq=4400598 err=368
[ERR] seq=4400599 err=352
[ERR] seq=4400600 err=320
[ERR] seq=4400601 err=304
[ERR] seq=4400602 err=272
[SEU] addr=2000318F bit=00000003
[ERR] seq=4400603 err=728
[ERR] seq=4400604 err=368
[ERR] seq=4400605 err=24
[ERR] seq=4400606 err=216
[ERR] seq=4400607 err=96
[ERR] seq=4400608 err=120
[SEU] addr=20003166 bit=00000006
[CMD QUEUE backup CORRUPTED] backup repaired
[ERR] seq=4400609 err=56
[ERR] seq=4400610 err=32
[SEU] addr=20003192 bit=00000001
[ERR] seq=4400611 err=1048576
[SEU] addr=200031A4 bit=00000007
[ERR] seq=4400612 err=167760
[ERR] seq=4400613 err=194672
[ERR] seq=4400614 err=57960
[ERR] seq=4400615 err=40520
[ERR] seq=4400616 err=15720
[ERR] seq=4400617 err=9160
[SEU] addr=200031D6 bit=00000007
[ERR] seq=4400618 err=3920
[ERR] seq=4400619 err=2288
[ERR] seq=4400620 err=920
[ERR] seq=4400621 err=768
[ERR] seq=4400622 err=184
[ERR] seq=4400623 err=448
[SEU] addr=2000317A bit=00000002
[ERR] seq=4400624 err=320
[ERR] seq=4400625 err=416
[ERR] seq=4400626 err=416
[ERR] seq=4400627 err=448
[ERR] seq=4400628 err=472
[ERR] seq=4400629 err=488
[ERR] seq=4400630 err=528
[ERR] seq=4400631 err=560
[ERR] seq=4400632 err=552
[ERR] seq=4400633 err=616
[SEU] addr=20003170 bit=00000000
[ERR] seq=4400634 err=608
[ERR] seq=4400635 err=656
[ERR] seq=4400636 err=664
[ERR] seq=4400637 err=704
[ERR] seq=4400638 err=712
[ERR] seq=4400639 err=752
[ERR] seq=4400640 err=760
[ERR] seq=4400641 err=792
[ERR] seq=4400642 err=800
[SEU] addr=200031A2 bit=00000001
[ERR] seq=4400643 err=832
[ERR] seq=4400644 err=840
[ERR] seq=4400645 err=880
[ERR] seq=4400646 err=912
[ERR] seq=4400647 err=928
[ERR] seq=4400648 err=944
[ERR] seq=4400649 err=968
[SEU] addr=20003193 bit=00000003
[ERR] seq=4400650 err=1073742816
[ERR] seq=4400651 err=171798608
[ERR] seq=4400652 err=199287504
[SEU] addr=200031BA bit=00000003
[ERR] seq=4400653 err=59373528
[ERR] seq=4400654 err=41386680
[ERR] seq=4400655 err=16121376
[ERR] seq=4400656 err=9202208
[SEU] addr=2000315B bit=00000004
[ERR] seq=4400657 err=4051512
[ERR] seq=4400658 err=2121536
[ERR] seq=4400659 err=987432
[ERR] seq=4400660 err=498408
[ERR] seq=4400661 err=237440
[SEU] addr=20003176 bit=00000004
[ERR] seq=4400662 err=118760
[SEU] addr=2000317F bit=00000001
[ERR] seq=4400663 err=56704
[ERR] seq=4400664 err=29120
[SEU] addr=2000318D bit=00000003
[ERR] seq=4400665 err=14960
[ERR] seq=4400666 err=8304
[ERR] seq=4400667 err=3176
[ERR] seq=4400668 err=3024
[SEU] addr=2000314D bit=00000007
[SAMPLE QUEUE CORRUPTED] primary repaired
[ERR] seq=4400669 err=656
[ERR] seq=4400670 err=1752
[ERR] seq=4400671 err=1136
[ERR] seq=4400672 err=1456
[ERR] seq=4400673 err=1312
[SEU] addr=20003161 bit=00000002
[ERR] seq=4400674 err=1408
[SEU] addr=20003196 bit=00000005
[ERR] seq=4400675 err=16777816
[ERR] seq=4400676 err=2685768
[ERR] seq=4400677 err=3114464
[ERR] seq=4400678 err=929120
[ERR] seq=4400679 err=647280
[ERR] seq=4400680 err=253328
[ERR] seq=4400681 err=144408
[ERR] seq=4400682 err=64744
[SEU] addr=200031C1 bit=00000004
[ERR] seq=4400683 err=33792
[ERR] seq=4400684 err=16872
[ERR] seq=4400685 err=8440
[ERR] seq=4400686 err=5192
[ERR] seq=4400687 err=2512
[SEU] addr=2000319C bit=00000005
[ERR] seq=4400688 err=2376
[ERR] seq=4400689 err=1104
[ERR] seq=4400690 err=1720
[ERR] seq=4400691 err=1416
[ERR] seq=4400692 err=1576
[ERR] seq=4400693 err=1504
[ERR] seq=4400694 err=1536
[ERR] seq=4400695 err=1488
[SEU] addr=200031B9 bit=00000002
[ERR] seq=4400696 err=1512
[ERR] seq=4400697 err=1520
[ERR] seq=4400698 err=1512
[ERR] seq=4400699 err=1512
[ERR] seq=4400700 err=1520
[ERR] seq=4400701 err=1512
[ERR] seq=4400702 err=1512
[ERR] seq=4400703 err=1520
[ERR] seq=4400704 err=1512
[SEU] addr=200031B5 bit=00000003
[ERR] seq=4400705 err=1496
[ERR] seq=4400706 err=1520
[ERR] seq=4400707 err=1528
[ERR] seq=4400708 err=1528
[ERR] seq=4400709 err=1512
[ERR] seq=4400710 err=1520
[ERR] seq=4400711 err=1512
[ERR] seq=4400712 err=1496
[ERR] seq=4400713 err=1496
[SEU] addr=2000319A bit=00000003
[ERR] seq=4400714 err=4195800
[ERR] seq=4400715 err=672032
[ERR] seq=4400716 err=779920
[SEU] addr=200031DA bit=00000006
[ERR] seq=4400717 err=232848
[ERR] seq=4400718 err=163096
[ERR] seq=4400719 err=63896
[ERR] seq=4400720 err=37352
[ERR] seq=4400721 err=16744
[SEU] addr=20003181 bit=00000005
[ERR] seq=4400722 err=9672
[ERR] seq=4400723 err=4752
[ERR] seq=4400724 err=3336
[ERR] seq=4400725 err=1792
[ERR] seq=4400726 err=1824
[ERR] seq=4400727 err=1160
[SEU] addr=2000315B bit=00000003
[ERR] seq=4400728 err=1464
[ERR] seq=4400729 err=1288
[ERR] seq=4400730 err=1376
[ERR] seq=4400731 err=1304
[ERR] seq=4400732 err=1312
[ERR] seq=4400733 err=1280
[ERR] seq=4400734 err=1280
[ERR] seq=4400735 err=1264
[ERR] seq=4400736 err=1232
[ERR] seq=4400737 err=1240
[SEU] addr=2000314D bit=00000001
[SAMPLE QUEUE CORRUPTED] primary repaired
[ERR] seq=4400738 err=1200
[ERR] seq=4400739 err=1184
[ERR] seq=4400740 err=1176
[ERR] seq=4400741 err=1144
[ERR] seq=4400742 err=1120
[ERR] seq=4400743 err=1112
[ERR] seq=4400744 err=1096
[ERR] seq=4400745 err=1096
[ERR] seq=4400746 err=1072
[SEU] addr=200031C4 bit=00000005
[ERR] seq=4400747 err=1056
[ERR] seq=4400748 err=1016
[ERR] seq=4400749 err=1008
[ERR] seq=4400750 err=1000
[ERR] seq=4400751 err=968
[ERR] seq=4400752 err=960
[ERR] seq=4400753 err=928
[ERR] seq=4400754 err=912
[ERR] seq=4400755 err=896
[SEU] addr=20003183 bit=00000001
[ERR] seq=4400756 err=856
[ERR] seq=4400757 err=832
[ERR] seq=4400758 err=800
[ERR] seq=4400759 err=808
[ERR] seq=4400760 err=768
[ERR] seq=4400761 err=760
[SEU] addr=200031B9 bit=00000003
[ERR] seq=4400762 err=712
[ERR] seq=4400763 err=720
[ERR] seq=4400764 err=664
[ERR] seq=4400765 err=664
[SEU] addr=2000319C bit=00000004
[ERR] seq=4400766 err=616
[ERR] seq=4400767 err=616
[ERR] seq=4400768 err=576
[SEU] addr=200031CC bit=00000000
[ERR] seq=4400769 err=560
[ERR] seq=4400770 err=528
[ERR] seq=4400771 err=520
[SEU] addr=200031C0 bit=00000004
[ERR] seq=4400772 err=472
[ERR] seq=4400773 err=448
[ERR] seq=4400774 err=440
[ERR] seq=4400775 err=400
[ERR] seq=4400776 err=368
[ERR] seq=4400777 err=352
[SEU] addr=20003184 bit=00000006
[ERR] seq=4400778 err=320
[ERR] seq=4400779 err=304
[SEU] addr=2000316A bit=00000006
[ERR] seq=4400780 err=272
[ERR] seq=4400781 err=240
[ERR] seq=4400782 err=232
[ERR] seq=4400783 err=192
[ERR] seq=4400784 err=160
[ERR] seq=4400785 err=136
[ERR] seq=4400786 err=96
[SEU] addr=2000319E bit=00000004
[ERR] seq=4400787 err=64
[ERR] seq=4400788 err=32
[SEU] addr=20003186 bit=00000000
[ERR] seq=4400790 err=24
[ERR] seq=4400791 err=64
[ERR] seq=4400792 err=96
[ERR] seq=4400793 err=112
[SEU] addr=20003167 bit=00000001
[CMD QUEUE backup CORRUPTED] backup repaired
[ERR] seq=4400794 err=160
[ERR] seq=4400795 err=192
[ERR] seq=4400796 err=208
[ERR] seq=4400797 err=232
[ERR] seq=4400798 err=272
[ERR] seq=4400799 err=288
[ERR] seq=4400800 err=312
[ERR] seq=4400801 err=352
[ERR] seq=4400802 err=360
[ERR] seq=4400803 err=392
[SEU] addr=200031B8 bit=00000002
[ERR] seq=4400804 err=424
[SEU] addr=20003163 bit=00000002
[ERR] seq=4400805 err=448
[ERR] seq=4400806 err=472
[SEU] addr=2000318D bit=00000004
[ERR] seq=4400807 err=13760
[ERR] seq=4400808 err=1600
[ERR] seq=4400809 err=2992
[ERR] seq=4400810 err=128
[ERR] seq=4400811 err=1080
[ERR] seq=4400812 err=456
[ERR] seq=4400813 err=752
[SEU] addr=200031A9 bit=00000004
[ERR] seq=4400814 err=616
[ERR] seq=4400815 err=728
[SEU] addr=20003178 bit=00000006
[ERR] seq=4400816 err=688
[ERR] seq=4400817 err=768
[ERR] seq=4400818 err=760
[ERR] seq=4400819 err=792
[ERR] seq=4400820 err=800
[ERR] seq=4400821 err=832
[SEU] addr=200031C2 bit=00000004
[ERR] seq=4400822 err=840
[ERR] seq=4400823 err=880
[ERR] seq=4400824 err=912
[SEU] addr=2000314F bit=00000002
[SAMPLE QUEUE CORRUPTED] primary repaired
[ERR] seq=4400825 err=928
[ERR] seq=4400826 err=944
[ERR] seq=4400827 err=968
[ERR] seq=4400828 err=992
[ERR] seq=4400829 err=1000
[ERR] seq=4400830 err=1024
[ERR] seq=4400831 err=1032
[SEU] addr=200031A8 bit=00000000
[ERR] seq=4400832 err=1072
[ERR] seq=4400833 err=1088
[ERR] seq=4400834 err=1088
[ERR] seq=4400835 err=1112
[ERR] seq=4400836 err=1104
[ERR] seq=4400837 err=1160
[ERR] seq=4400838 err=1152
[ERR] seq=4400839 err=1184
[SEU] addr=200031D6 bit=00000006
[ERR] seq=4400840 err=1200
[ERR] seq=4400841 err=1224
[ERR] seq=4400842 err=1232
[SEU] addr=200031AD bit=00000000
[ERR] seq=4400843 err=1264
[ERR] seq=4400844 err=1272
[SEU] addr=2000315E bit=00000004
[CMD QUEUE CORRUPTED] primary repaired
[ERR] seq=4400845 err=1280
[ERR] seq=4400846 err=1296
[ERR] seq=4400847 err=1312
[ERR] seq=4400848 err=1344
[ERR] seq=4400849 err=1344
[ERR] seq=4400850 err=1352
[ERR] seq=4400851 err=1368
[SEU] addr=20003185 bit=00000005
[ERR] seq=4400852 err=1376
[ERR] seq=4400853 err=1368
[ERR] seq=4400854 err=1416
[ERR] seq=4400855 err=1392
[ERR] seq=4400856 err=1416
[ERR] seq=4400857 err=1424
[SEU] addr=200031CA bit=00000000
[ERR] seq=4400858 err=1448
[ERR] seq=4400859 err=1440
[SEU] addr=200031C6 bit=00000000
[ERR] seq=4400860 err=1448
[ERR] seq=4400861 err=1472
[ERR] seq=4400862 err=1448
[ERR] seq=4400863 err=1488
[SEU] addr=200031DA bit=00000006
[ERR] seq=4400864 err=1480
[ERR] seq=4400865 err=1496
[ERR] seq=4400866 err=1496
[ERR] seq=4400867 err=1512
[ERR] seq=4400868 err=1520
[SEU] addr=2000317C bit=00000003
[ERR] seq=4400869 err=1512
[ERR] seq=4400870 err=1528
[ERR] seq=4400871 err=1528
[ERR] seq=4400872 err=1520
[ERR] seq=4400873 err=1496
[ERR] seq=4400874 err=1512
[ERR] seq=4400875 err=1520
[ERR] seq=4400876 err=1512
[ERR] seq=4400877 err=1512
[SEU] addr=200031C6 bit=00000006
[ERR] seq=4400878 err=1520
[ERR] seq=4400879 err=1512
[ERR] seq=4400880 err=1512
[ERR] seq=4400881 err=1520
[ERR] seq=4400882 err=1512
[ERR] seq=4400883 err=1496
[SEU] addr=2000314C bit=00000001
[SAMPLE QUEUE CORRUPTED] primary repaired
[ERR] seq=4400884 err=1520
[ERR] seq=4400885 err=1528
[ERR] seq=4400886 err=1528
[ERR] seq=4400887 err=1512
[ERR] seq=4400888 err=1520
[ERR] seq=4400889 err=1512
[ERR] seq=4400890 err=1496
[ERR] seq=4400891 err=1496
[ERR] seq=4400892 err=1496
[SEU] addr=200031BC bit=00000003
[ERR] seq=4400893 err=1472
[ERR] seq=4400894 err=1464
[ERR] seq=4400895 err=1472
[ERR] seq=4400896 err=1448
[SEU] addr=200031CE bit=00000003
[ERR] seq=4400897 err=1464
[ERR] seq=4400898 err=1424
[ERR] seq=4400899 err=1448
[ERR] seq=4400900 err=1400
[SEU] addr=200031DE bit=00000000
[ERR] seq=4335365 err=2504
[ERR] seq=4335366 err=1896
[ERR] seq=4335367 err=2592
[ERR] seq=4335368 err=2384
[ERR] seq=4335369 err=2544
[ERR] seq=4335370 err=2472
[ERR] seq=4335371 err=2488
[ERR] seq=4335372 err=2456
[ERR] seq=4335373 err=2480
[SEU] addr=20003198 bit=00000000
[ERR] seq=4335374 err=2424
[ERR] seq=4335375 err=2448
[ERR] seq=4335376 err=2424
[ERR] seq=4335377 err=2400
[ERR] seq=4335378 err=2392
[ERR] seq=4335379 err=2376
[ERR] seq=4335380 err=2376
[ERR] seq=4335381 err=2344
[SEU] addr=2000314C bit=00000004
[SAMPLE QUEUE CORRUPTED] primary repaired
[ERR] seq=4335382 err=2320
[ERR] seq=4335383 err=2312
[SEU] addr=200031C1 bit=00000000
[ERR] seq=4335384 err=2288
[ERR] seq=4335385 err=2280
[ERR] seq=4335386 err=2256
[ERR] seq=4335387 err=2216
[ERR] seq=4335388 err=2200
[ERR] seq=4335389 err=2192
[ERR] seq=4335390 err=2168
[ERR] seq=4335391 err=2152
[ERR] seq=4335392 err=2112
[SEU] addr=20003184 bit=00000006
[ERR] seq=4335393 err=2080
[ERR] seq=4335394 err=2056
[ERR] seq=4335395 err=2024
[ERR] seq=4335396 err=2000
[ERR] seq=4335397 err=1992
[ERR] seq=4335398 err=1944
[SEU] addr=20003186 bit=00000000
[ERR] seq=4335399 err=1928
[ERR] seq=4335400 err=1904
[ERR] seq=4335401 err=1872
[ERR] seq=4335402 err=1824
[ERR] seq=4335403 err=1800
[ERR] seq=4335404 err=1776
[ERR] seq=4335405 err=1728
[SEU] addr=20003152 bit=00000006
[ERR] seq=4335406 err=1712
[ERR] seq=4335407 err=1672
[ERR] seq=4335408 err=1640
[ERR] seq=4335409 err=1616
[ERR] seq=4335410 err=1568
[ERR] seq=4335411 err=1528
[SEU] addr=200031C6 bit=00000005
[ERR] seq=4335412 err=1504
[ERR] seq=4335413 err=1472
[ERR] seq=4335414 err=1440
[ERR] seq=4335415 err=1416
[ERR] seq=4335416 err=1352
[ERR] seq=4335417 err=1336
[SEU] addr=20003179 bit=00000001
[ERR] seq=4335418 err=1280
[ERR] seq=4335419 err=1248
[ERR] seq=4335420 err=1192
[ERR] seq=4335421 err=1168
[ERR] seq=4335422 err=1120
[ERR] seq=4335423 err=1088
[ERR] seq=4335424 err=1048
[ERR] seq=4335425 err=1008
[SEU] addr=20003160 bit=00000006
[CMD QUEUE CORRUPTED] primary repaired
[ERR] seq=4335426 err=960
[ERR] seq=4335427 err=920
[ERR] seq=4335428 err=880
[SEU] addr=200031A9 bit=00000006
[ERR] seq=4335429 err=848
[ERR] seq=4335430 err=792
[ERR] seq=4335431 err=768
[ERR] seq=4335432 err=704
[ERR] seq=4335433 err=680
[SEU] addr=200031D4 bit=00000002
[ERR] seq=4335434 err=616
[ERR] seq=4335435 err=576
[ERR] seq=4335436 err=544
[ERR] seq=4335437 err=504
[ERR] seq=4335438 err=448
[ERR] seq=4335439 err=392
[ERR] seq=4335440 err=352
[ERR] seq=4335441 err=312
[ERR] seq=4335442 err=240
[ERR] seq=4335443 err=208
[SEU] addr=200031C8 bit=00000004
[ERR] seq=4335444 err=152
[ERR] seq=4335445 err=120
[ERR] seq=4335446 err=48
[ERR] seq=4335447 err=8
[ERR] seq=4335448 err=48
[ERR] seq=4335449 err=104
[ERR] seq=4335450 err=144
[SEU] addr=200031B3 bit=00000000
[ERR] seq=4335451 err=192
[SEU] addr=20003171 bit=00000007
[ERR] seq=4335452 err=224
[ERR] seq=4335453 err=296
[ERR] seq=4335454 err=336
[ERR] seq=4335455 err=384
[SEU] addr=200031B4 bit=00000003
[ERR] seq=4335456 err=424
[ERR] seq=4335457 err=488
[ERR] seq=4335458 err=536
[ERR] seq=4335459 err=560
[ERR] seq=4335460 err=608
[SEU] addr=2000316A bit=00000006
[ERR] seq=4335461 err=656
[ERR] seq=4335462 err=696
[ERR] seq=4335463 err=752
[ERR] seq=4335464 err=776
[ERR] seq=4335465 err=840
[ERR] seq=4335466 err=856
[SEU] addr=2000314C bit=00000005
[SAMPLE QUEUE CORRUPTED] primary repaired
[ERR] seq=4335467 err=920
[ERR] seq=4335468 err=944
[ERR] seq=4335469 err=992
[ERR] seq=4335470 err=1032
[ERR] seq=4335471 err=1080
[ERR] seq=4335472 err=1112
[ERR] seq=4335473 err=1144
[ERR] seq=4335474 err=1184
[ERR] seq=4335475 err=1240
[ERR] seq=4335476 err=1272
[SEU] addr=20003158 bit=00000004
[SAMPLE QUEUE backup CORRUPTED] backup repaired
[ERR] seq=4335477 err=1312
[ERR] seq=4335478 err=1344
[SEU] addr=20003168 bit=00000003
[CMD QUEUE backup CORRUPTED] backup repaired
[ERR] seq=4335479 err=1400
[ERR] seq=4335480 err=1424
[ERR] seq=4335481 err=1472
[ERR] seq=4335482 err=1480
[SEU] addr=200031B0 bit=00000002
[ERR] seq=4335483 err=1528
[ERR] seq=4335484 err=1568
[ERR] seq=4335485 err=1584
[ERR] seq=4335486 err=1640
[SEU] addr=2000319D bit=00000004
[ERR] seq=4335487 err=1672
[ERR] seq=4335488 err=1680
[ERR] seq=4335489 err=1728
[SEU] addr=20003182 bit=00000002
[ERR] seq=4335490 err=1760
[ERR] seq=4335491 err=1784
[ERR] seq=4335492 err=1832
[ERR] seq=4335493 err=1848
[SEU] addr=200031A0 bit=00000002
[ERR] seq=4335494 err=1904
[ERR] seq=4335495 err=1920
[ERR] seq=4335496 err=1936
[ERR] seq=4335497 err=1976
[ERR] seq=4335498 err=1992
[ERR] seq=4335499 err=2024
[SEU] addr=2000316A bit=00000004
[ERR] seq=4335500 err=2032
[SEU] addr=200031A5 bit=00000000
[ERR] seq=4335501 err=2080
[ERR] seq=4335502 err=2112
[ERR] seq=4335503 err=2128
[ERR] seq=4335504 err=2160
[ERR] seq=4335505 err=2192
[ERR] seq=4335506 err=2184
[ERR] seq=4335507 err=2224
[ERR] seq=4335508 err=2240
[ERR] seq=4335509 err=2272
[SEU] addr=20003152 bit=00000005
[ERR] seq=4335510 err=2288
[ERR] seq=4335511 err=2312
[ERR] seq=4335512 err=2312
[ERR] seq=4335513 err=2344
[ERR] seq=4335514 err=2360
[ERR] seq=4335515 err=2376
[SEU] addr=200031A6 bit=00000002
[ERR] seq=4335516 err=2392
[ERR] seq=4335517 err=2384
[ERR] seq=4335518 err=2432
[ERR] seq=4335519 err=2424
[ERR] seq=4335520 err=2448
[ERR] seq=4335521 err=2464
[SEU] addr=20003158 bit=00000002
[SAMPLE QUEUE backup CORRUPTED] backup repaired
[ERR] seq=4335522 err=2464
[ERR] seq=4335523 err=2480
[ERR] seq=4335524 err=2480
[ERR] seq=4335525 err=2512
[ERR] seq=4335526 err=2496
[ERR] seq=4335527 err=2504
[ERR] seq=4335528 err=2488
[ERR] seq=4335529 err=2520
[ERR] seq=4335530 err=2520
[SEU] addr=2000319A bit=00000005
[ERR] seq=4335531 err=16778808
[ERR] seq=4335532 err=2686872
[ERR] seq=4335533 err=3115464
[ERR] seq=4335534 err=930232
[ERR] seq=4335535 err=648256
[ERR] seq=4335536 err=254432
[ERR] seq=4335537 err=145376
[ERR] seq=4335538 err=65832
[ERR] seq=4335539 err=34744
[SEU] addr=200031BE bit=00000001
[ERR] seq=4335540 err=17952
[ERR] seq=4335541 err=9360
[ERR] seq=4335542 err=6232
[ERR] seq=4335543 err=3448
[ERR] seq=4335544 err=3376
[SEU] addr=200031DD bit=00000003
[ERR] seq=4337593 err=9288
[ERR] seq=4337594 err=8888
[ERR] seq=4337595 err=9992
[ERR] seq=4337596 err=9872
[ERR] seq=4337597 err=10176
[ERR] seq=4337598 err=10200
[SEU] addr=20003166 bit=00000004
[CMD QUEUE backup CORRUPTED] backup repaired
[ERR] seq=4337599 err=10352
[ERR] seq=4337600 err=10440
[ERR] seq=4337601 err=10552
[ERR] seq=4337602 err=10624
[ERR] seq=4337603 err=10736
[ERR] seq=4337604 err=10808
[ERR] seq=4337605 err=10888
[ERR] seq=4337606 err=10960
[SEU] addr=2000319C bit=00000003
[ERR] seq=4337607 err=11064
[ERR] seq=4337608 err=11104
[ERR] seq=4337609 err=11200
[ERR] seq=4337610 err=11256
[ERR] seq=4337611 err=11336
[ERR] seq=4337612 err=11384
[SEU] addr=20003185 bit=00000004
[ERR] seq=4337613 err=11424
[ERR] seq=4337614 err=11488
[ERR] seq=4337615 err=11544
[END]
samples=2000
SEUs=350
good samples=29
errors=1971
samples omitted=0
max error=0x00000000400003E0
propagations=1939
detected disturbances=44
tmr corrections=0
dmr corrections=44
crc detections=0
clamp activations=0
[HARDFAULT]
qemu: fatal: Lockup: can't escalate 3 to HardFault (current priority -1)

R00=0000000a R01=00000002 R02=4000c000 R03=00000000
R04=00000000 R05=00000008 R06=00000000 R07=2000ffd8
R08=000024e8 R09=00000000 R10=00000838 R11=00000000
R12=00000c58 R13=2000ffd8 R14=00003551 R15=00000d42
XPSR=01000003 ---- T handler
FPSCR: 00000000
