START
SEED=99763333
[SEU] addr=20003187 bit=00000001
[SEU] addr=200031B6 bit=00000000
[SEU] addr=200031D1 bit=00000002
[SEU] addr=200031EA bit=00000006
[SEU] addr=20003180 bit=00000002
[SEU] addr=200031D6 bit=00000000
[SEU] addr=20003192 bit=00000002
[SEU] addr=200031A2 bit=00000002
[ERR] seq=46 err=2516
[ERR] seq=47 err=400
[ERR] seq=48 err=464
[ERR] seq=49 err=136
[ERR] seq=50 err=88
[ERR] seq=51 err=24
[SEU] addr=200031BA bit=00000002
[ERR] seq=52 err=8
[SEU] addr=200031AE bit=00000005
[SEU] addr=2000318C bit=00000002
[SEU] addr=200031E3 bit=00000000
[SEU] addr=2000318B bit=00000001
[SEU] addr=2000318A bit=00000002
[SEU] addr=2000316A bit=00000003
[SEU] addr=2000318A bit=00000007
[SEU] addr=20003177 bit=00000002
[SEU] addr=20003159 bit=00000004
[SEU] addr=200031E8 bit=00000000
[SEU] addr=200031CB bit=00000001
[SEU] addr=20003172 bit=00000005
[SEU] addr=20003172 bit=00000002
[SEU] addr=2000316B bit=00000007
[SEU] addr=20003192 bit=00000005
[SEU] addr=200031EA bit=00000000
[SEU] addr=200031D5 bit=00000004
[SEU] addr=200031AA bit=00000000
[SEU] addr=2000317D bit=00000002
[SEU] addr=20003184 bit=00000004
[SEU] addr=200031E4 bit=00000000
[SEU] addr=200031D8 bit=00000005
[SEU] addr=200031F1 bit=00000001
[SEU] addr=2000315E bit=00000002
[CMD QUEUE CORRUPTED] primary repaired
[SEU] addr=200031D2 bit=00000003
[SEU] addr=200031B4 bit=00000000
[SEU] addr=200031F2 bit=00000005
[SEU] addr=2000318B bit=00000007
[SEU] addr=200031C8 bit=00000004
[SEU] addr=200031E9 bit=00000004
[SEU] addr=200031B0 bit=00000001
[SEU] addr=200031EB bit=00000000
[SEU] addr=200031CE bit=00000003
[SEU] addr=20003193 bit=00000003
[SEU] addr=200031A2 bit=00000001
[ERR] seq=251 err=2492
[ERR] seq=252 err=392
[ERR] seq=253 err=448
[ERR] seq=254 err=120
[ERR] seq=255 err=80
[ERR] seq=256 err=24
[ERR] seq=257 err=8
[SEU] addr=20003197 bit=00000001
[ERR] seq=259 err=112
[ERR] seq=260 err=8
[ERR] seq=261 err=8
[SEU] addr=200031AE bit=00000007
[SEU] addr=20003154 bit=00000005
[SAMPLE QUEUE backup CORRUPTED] backup repaired
[SEU] addr=200031B5 bit=00000000
[SEU] addr=200031D0 bit=00000002
[SEU] addr=200031CF bit=00000003
[SEU] addr=200031AD bit=00000000
[SEU] addr=20003195 bit=00000002
[ERR] seq=292 err=200
[ERR] seq=293 err=24
[ERR] seq=294 err=24
[SEU] addr=200031CF bit=00000003
[SEU] addr=20003175 bit=00000005
[SEU] addr=200031B1 bit=00000006
[SEU] addr=2000315E bit=00000001
[CMD QUEUE CORRUPTED] primary repaired
[SEU] addr=2000318B bit=00000004
[SEU] addr=2000316E bit=00000005
[SEU] addr=20003191 bit=00000005
[SEU] addr=20003197 bit=00000002
[ERR] seq=337 err=2000
[ERR] seq=338 err=304
[ERR] seq=339 err=344
[ERR] seq=340 err=80
[ERR] seq=341 err=40
[SEU] addr=2000315E bit=00000002
[CMD QUEUE CORRUPTED] primary repaired
[SEU] addr=20003187 bit=00000006
[SEU] addr=200031B0 bit=00000007
[SEU] addr=2000318D bit=00000003
[SEU] addr=200031C8 bit=00000007
[SEU] addr=20003171 bit=00000002
[SEU] addr=2000318B bit=00000005
[SEU] addr=2000319E bit=00000007
[ERR] seq=378 err=2460
[ERR] seq=379 err=392
[ERR] seq=380 err=448
[ERR] seq=381 err=120
[SEU] addr=200031AE bit=00000005
[ERR] seq=382 err=80
[ERR] seq=383 err=24
[ERR] seq=384 err=8
[SEU] addr=200031EB bit=00000006
[SEU] addr=20003154 bit=00000001
[SAMPLE QUEUE backup CORRUPTED] backup repaired
[SEU] addr=200031E1 bit=00000003
[SEU] addr=20003157 bit=00000001
[SAMPLE QUEUE backup CORRUPTED] backup repaired
[SEU] addr=2000319E bit=00000001
[ERR] seq=417 err=2484
[ERR] seq=418 err=392
[ERR] seq=419 err=448
[ERR] seq=420 err=120
[ERR] seq=421 err=80
[ERR] seq=422 err=24
[ERR] seq=423 err=8
[SEU] addr=20003157 bit=00000006
[SAMPLE QUEUE backup CORRUPTED] backup repaired
[SEU] addr=20003193 bit=00000006
[SEU] addr=20003158 bit=00000004
[SAMPLE QUEUE backup CORRUPTED] backup repaired
[SEU] addr=20003183 bit=00000004
[SEU] addr=2000318A bit=00000001
[SEU] addr=20003181 bit=00000002
[SEU] addr=20003199 bit=00000003
[ERR] seq=458 err=2492
[ERR] seq=459 err=392
[ERR] seq=460 err=448
[ERR] seq=461 err=120
[ERR] seq=462 err=80
[ERR] seq=463 err=24
[ERR] seq=464 err=8
[SEU] addr=2000318B bit=00000003
[SEU] addr=2000315F bit=00000000
[CMD QUEUE CORRUPTED] primary repaired
[SEU] addr=200031A8 bit=00000004
[SEU] addr=200031EC bit=00000000
[SEU] addr=200031EA bit=00000000
[SEU] addr=200031E9 bit=00000002
[SEU] addr=200031E7 bit=00000005
[SEU] addr=200031EF bit=00000003
[SEU] addr=20003179 bit=00000002
[SEU] addr=200031E7 bit=00000001
[SEU] addr=200031E2 bit=00000007
[SEU] addr=20003187 bit=00000006
[SEU] addr=200031CF bit=00000002
[SEU] addr=20003159 bit=00000000
[SEU] addr=200031A8 bit=00000001
[SEU] addr=20003167 bit=00000001
[CMD QUEUE backup CORRUPTED] backup repaired
[SEU] addr=200031C8 bit=00000002
[SEU] addr=200031B2 bit=00000002
[SEU] addr=200031AC bit=00000001
[SEU] addr=200031D0 bit=00000000
[SEU] addr=2000317D bit=00000000
[SEU] addr=200031AB bit=00000005
[SEU] addr=2000319B bit=00000000
[ERR] seq=592 err=2468
[ERR] seq=593 err=392
[ERR] seq=594 err=448
[ERR] seq=595 err=120
[ERR] seq=596 err=80
[ERR] seq=597 err=24
[SEU] addr=200031CC bit=00000003
[ERR] seq=598 err=8
[SEU] addr=20003156 bit=00000004
[SAMPLE QUEUE backup CORRUPTED] backup repaired
[SEU] addr=200031BB bit=00000004
[SEU] addr=2000318C bit=00000005
[SEU] addr=2000317C bit=00000003
[SEU] addr=20003166 bit=00000006
[CMD QUEUE backup CORRUPTED] backup repaired
[SEU] addr=200031CD bit=00000002
[SEU] addr=2000316A bit=00000001
[SEU] addr=20003198 bit=00000001
[ERR] seq=643 err=16
[SEU] addr=200031E0 bit=00000000
[SEU] addr=200031F3 bit=00000003
[SEU] addr=20003169 bit=00000002
[SEU] addr=20003171 bit=00000003
[SEU] addr=200031F2 bit=00000005
[SEU] addr=200031F2 bit=00000000
[SEU] addr=20003163 bit=00000001
[SEU] addr=20003185 bit=00000003
[SEU] addr=200031EF bit=00000007
[SEU] addr=2000314C bit=00000006
[SAMPLE QUEUE CORRUPTED] primary repaired
[SEU] addr=20003166 bit=00000005
[CMD QUEUE backup CORRUPTED] backup repaired
[SEU] addr=2000315A bit=00000001
[SEU] addr=200031E5 bit=00000000
[SEU] addr=200031CF bit=00000003
[SEU] addr=20003198 bit=00000007
[ERR] seq=723 err=1024
[ERR] seq=724 err=160
[ERR] seq=725 err=184
[ERR] seq=726 err=48
[ERR] seq=727 err=24
[SEU] addr=200031A5 bit=00000005
[SEU] addr=200031B3 bit=00000003
[SEU] addr=200031CF bit=00000004
[SEU] addr=20003156 bit=00000004
[SAMPLE QUEUE backup CORRUPTED] backup repaired
[SEU] addr=200031E6 bit=00000001
[SEU] addr=20003179 bit=00000002
[SEU] addr=2000317A bit=00000003
[SEU] addr=200031C5 bit=00000006
[SEU] addr=200031A1 bit=00000002
[ERR] seq=773 err=2492
[ERR] seq=774 err=392
[SEU] addr=20003154 bit=00000000
[SAMPLE QUEUE backup CORRUPTED] backup repaired
[ERR] seq=775 err=448
[ERR] seq=776 err=120
[ERR] seq=777 err=80
[ERR] seq=778 err=24
[SEU] addr=200031BB bit=00000003
[ERR] seq=779 err=8
[SEU] addr=20003188 bit=00000001
[SEU] addr=200031D7 bit=00000001
[SEU] addr=200031B9 bit=00000001
[SEU] addr=200031CD bit=00000000
[SEU] addr=2000314D bit=00000007
[SAMPLE QUEUE CORRUPTED] primary repaired
[SEU] addr=200031B0 bit=00000005
[SEU] addr=200031DA bit=00000006
[SEU] addr=20003160 bit=00000004
[CMD QUEUE CORRUPTED] primary repaired
[SEU] addr=200031E3 bit=00000000
[SEU] addr=200031A8 bit=00000003
[SEU] addr=20003169 bit=00000004
[SEU] addr=200031CE bit=00000007
[SEU] addr=20003190 bit=00000005
[SEU] addr=2000315B bit=00000007
[SEU] addr=2000319E bit=00000000
[ERR] seq=861 err=2532
[ERR] seq=862 err=400
[ERR] seq=863 err=464
[ERR] seq=864 err=136
[ERR] seq=865 err=88
[ERR] seq=866 err=24
[SEU] addr=200031F2 bit=00000003
[ERR] seq=867 err=8
[SEU] addr=2000319D bit=00000002
[ERR] seq=874 err=2524
[ERR] seq=875 err=400
[ERR] seq=876 err=464
[ERR] seq=877 err=136
[ERR] seq=878 err=88
[ERR] seq=879 err=24
[ERR] seq=880 err=8
[SEU] addr=200031C8 bit=00000002
[SEU] addr=20003193 bit=00000007
[SEU] addr=20003168 bit=00000002
[CMD QUEUE backup CORRUPTED] backup repaired
[SEU] addr=200031C7 bit=00000007
[SEU] addr=200031BB bit=00000006
[SEU] addr=20003185 bit=00000006
[SEU] addr=20003193 bit=00000000
[SEU] addr=2000314D bit=00000005
[SAMPLE QUEUE CORRUPTED] primary repaired
[SEU] addr=200031BF bit=00000000
[SEU] addr=20003174 bit=00000005
[SEU] addr=2000317E bit=00000000
[SEU] addr=200031E5 bit=00000001
[SEU] addr=200031B6 bit=00000002
[SEU] addr=200031CB bit=00000003
[SEU] addr=200031AC bit=00000005
[SEU] addr=200031AE bit=00000005
[SEU] addr=200031E4 bit=00000000
[SEU] addr=20003154 bit=00000000
[SAMPLE QUEUE backup CORRUPTED] backup repaired
[SEU] addr=2000317A bit=00000003
[SEU] addr=20003165 bit=00000001
[CMD QUEUE backup CORRUPTED] backup repaired
[SEU] addr=20003159 bit=00000006
[SEU] addr=200031AE bit=00000002
[SEU] addr=200031D4 bit=00000003
[SEU] addr=20003163 bit=00000003
[SEU] addr=200031B0 bit=00000001
[SEU] addr=200031C4 bit=00000002
[SEU] addr=200031B5 bit=00000007
[SEU] addr=200031EB bit=00000000
[SEU] addr=200031A9 bit=00000005
[SEU] addr=200031CA bit=00000007
[SEU] addr=200031C9 bit=00000000
[SEU] addr=200031CB bit=00000001
[SEU] addr=20003194 bit=00000002
[ERR] seq=1066 err=544
[ERR] seq=1067 err=80
[ERR] seq=1068 err=80
[SEU] addr=20003169 bit=00000000
[SEU] addr=20003164 bit=00000007
[CMD QUEUE backup CORRUPTED] backup repaired
[SEU] addr=20003187 bit=00000000
[SEU] addr=2000319F bit=00000002
[ERR] seq=1098 err=2460
[ERR] seq=1099 err=392
[ERR] seq=1100 err=448
[ERR] seq=1101 err=120
[SEU] addr=200031D5 bit=00000002
[ERR] seq=1102 err=80
[ERR] seq=1103 err=24
[ERR] seq=1104 err=8
[SEU] addr=200031EC bit=00000003
[SEU] addr=200031A9 bit=00000003
[SEU] addr=200031E4 bit=00000000
[SEU] addr=20003192 bit=00000006
[SEU] addr=20003155 bit=00000006
[SAMPLE QUEUE backup CORRUPTED] backup repaired
[SEU] addr=2000317B bit=00000006
[SEU] addr=20003184 bit=00000007
[SEU] addr=2000317A bit=00000000
[SEU] addr=200031D2 bit=00000006
[SEU] addr=20003163 bit=00000002
[SEU] addr=20003182 bit=00000001
[SEU] addr=20003184 bit=00000004
[SEU] addr=200031AD bit=00000001
[SEU] addr=20003193 bit=00000007
[SEU] addr=20003170 bit=00000005
[SEU] addr=2000317B bit=00000001
[SEU] addr=20003165 bit=00000003
[CMD QUEUE backup CORRUPTED] backup repaired
[SEU] addr=200031D6 bit=00000000
[SEU] addr=2000319C bit=00000000
[ERR] seq=1226 err=8
[SEU] addr=200031DA bit=00000005
[SEU] addr=200031E1 bit=00000004
[SEU] addr=200031A4 bit=00000006
[SEU] addr=200031B5 bit=00000003
[SEU] addr=20003154 bit=00000002
[SAMPLE QUEUE backup CORRUPTED] backup repaired
[SEU] addr=200031F1 bit=00000005
[SEU] addr=200031B5 bit=00000003
[SEU] addr=200031C9 bit=00000002
[SEU] addr=200031C0 bit=00000003
[SEU] addr=20003173 bit=00000000
[SEU] addr=20003153 bit=00000007
[SEU] addr=200031A6 bit=00000007
[SEU] addr=20003150 bit=00000007
[SAMPLE QUEUE CORRUPTED] primary repaired
[SEU] addr=20003186 bit=00000000
[SEU] addr=200031DA bit=00000003
[SEU] addr=200031D4 bit=00000005
[SEU] addr=20003191 bit=00000007
[SEU] addr=20003158 bit=00000000
[SAMPLE QUEUE backup CORRUPTED] backup repaired
[SEU] addr=20003170 bit=00000001
[SEU] addr=20003192 bit=00000001
[SEU] addr=20003161 bit=00000007
[SEU] addr=200031D8 bit=00000005
[SEU] addr=200031EC bit=00000003
[SEU] addr=200031C7 bit=00000007
[SEU] addr=2000319C bit=00000001
[ERR] seq=1372 err=16
[SEU] addr=200031DC bit=00000006
[SEU] addr=2000314C bit=00000000
[SAMPLE QUEUE CORRUPTED] primary repaired
[SEU] addr=20003154 bit=00000006
[SAMPLE QUEUE backup CORRUPTED] backup repaired
[SEU] addr=20003184 bit=00000000
[SEU] addr=20003165 bit=00000003
[CMD QUEUE backup CORRUPTED] backup repaired
[SEU] addr=2000315E bit=00000005
[CMD QUEUE CORRUPTED] primary repaired
[SEU] addr=200031D1 bit=00000003
[SEU] addr=20003197 bit=00000004
[ERR] seq=1415 err=7192
[ERR] seq=1416 err=1144
[ERR] seq=1417 err=1320
[ERR] seq=1418 err=376
[ERR] seq=1419 err=256
[ERR] seq=1420 err=80
[SEU] addr=20003163 bit=00000000
[ERR] seq=1421 err=24
[SEU] addr=2000314F bit=00000003
[SAMPLE QUEUE CORRUPTED] primary repaired
[SEU] addr=200031EB bit=00000006
[SEU] addr=200031E9 bit=00000004
[SEU] addr=2000317F bit=00000006
[SEU] addr=200031B1 bit=00000005
[SEU] addr=2000314C bit=00000000
[SAMPLE QUEUE CORRUPTED] primary repaired
[SEU] addr=200031B8 bit=00000004
[SEU] addr=200031F2 bit=00000001
[SEU] addr=200031CC bit=00000006
[SEU] addr=200031C4 bit=00000000
[SEU] addr=20003163 bit=00000002
[SEU] addr=2000316B bit=00000003
[SEU] addr=200031DA bit=00000006
[SEU] addr=200031D2 bit=00000001
[SEU] addr=2000319C bit=00000007
[ERR] seq=1508 err=1024
[ERR] seq=1509 err=160
[ERR] seq=1510 err=184
[ERR] seq=1511 err=48
[ERR] seq=1512 err=24
[SEU] addr=200031B6 bit=00000007
[SEU] addr=20003176 bit=00000002
[SEU] addr=200031E8 bit=00000000
[SEU] addr=200031DA bit=00000001
[SEU] addr=2000316F bit=00000003
[SEU] addr=20003176 bit=00000003
[SEU] addr=2000314F bit=00000004
[SAMPLE QUEUE CORRUPTED] primary repaired
[SEU] addr=200031BE bit=00000004
[SEU] addr=20003183 bit=00000001
[SEU] addr=20003169 bit=00000003
[SEU] addr=200031CD bit=00000007
[SEU] addr=200031AD bit=00000002
[SEU] addr=2000317E bit=00000005
[SEU] addr=200031F1 bit=00000004
[SEU] addr=20003164 bit=00000005
[CMD QUEUE backup CORRUPTED] backup repaired
[SEU] addr=200031E1 bit=00000002
[SEU] addr=200031D5 bit=00000003
[SEU] addr=20003152 bit=00000003
[SEU] addr=200031A6 bit=00000006
[SEU] addr=200031DD bit=00000005
[SEU] addr=200031E7 bit=00000003
[SEU] addr=20003155 bit=00000001
[SAMPLE QUEUE backup CORRUPTED] backup repaired
[SEU] addr=20003170 bit=00000005
[SEU] addr=20003183 bit=00000001
[SEU] addr=200031D1 bit=00000003
[SEU] addr=200031EC bit=00000004
[SEU] addr=2000316C bit=00000000
[SEU] addr=2000316C bit=00000004
[SEU] addr=200031E0 bit=00000006
[SEU] addr=200031CA bit=00000006
[SEU] addr=2000316E bit=00000004
[SEU] addr=2000318E bit=00000000
[SEU] addr=200031BB bit=00000001
[SEU] addr=200031B0 bit=00000002
[SEU] addr=200031D7 bit=00000002
[SEU] addr=200031E5 bit=00000004
[SEU] addr=200031CD bit=00000004
[SEU] addr=200031AC bit=00000006
[SEU] addr=20003172 bit=00000004
[SEU] addr=200031BB bit=00000002
[SEU] addr=200031D4 bit=00000000
[SEU] addr=20003192 bit=00000006
[SEU] addr=2000317D bit=00000000
[SEU] addr=20003176 bit=00000004
[SEU] addr=2000314D bit=00000005
[SAMPLE QUEUE CORRUPTED] primary repaired
[SEU] addr=200031CA bit=00000000
[SEU] addr=20003166 bit=00000000
[CMD QUEUE backup CORRUPTED] backup repaired
[SEU] addr=200031DA bit=00000006
[SEU] addr=200031E4 bit=00000003
[SEU] addr=200031A2 bit=00000006
[ERR] seq=1774 err=2524
[ERR] seq=1775 err=400
[ERR] seq=1776 err=464
[ERR] seq=1777 err=136
[ERR] seq=1778 err=88
[ERR] seq=1779 err=24
[SEU] addr=20003154 bit=00000001
[SAMPLE QUEUE backup CORRUPTED] backup repaired
[ERR] seq=1780 err=8
[SEU] addr=200031CC bit=00000003
[SEU] addr=200031CA bit=00000003
[SEU] addr=2000317E bit=00000000
[SEU] addr=200031EC bit=00000000
[SEU] addr=200031A0 bit=00000004
[ERR] seq=1814 err=128
[ERR] seq=1815 err=16
[SEU] addr=20003155 bit=00000000
[SAMPLE QUEUE backup CORRUPTED] backup repaired
[ERR] seq=1816 err=16
[SEU] addr=20003194 bit=00000006
[ERR] seq=1825 err=2704
[ERR] seq=1826 err=424
[ERR] seq=1827 err=480
[ERR] seq=1828 err=120
[ERR] seq=1829 err=72
[ERR] seq=1830 err=8
[SEU] addr=2000317E bit=00000000
[SEU] addr=2000317A bit=00000006
[SEU] addr=2000318E bit=00000005
[SEU] addr=20003175 bit=00000001
[SEU] addr=20003190 bit=00000006
[SEU] addr=200031F1 bit=00000006
[SEU] addr=200031B0 bit=00000002
[SEU] addr=200031D8 bit=00000004
[SEU] addr=20003167 bit=00000000
[CMD QUEUE backup CORRUPTED] backup repaired
[SEU] addr=200031DD bit=00000007
[SEU] addr=200031B8 bit=00000003
[SEU] addr=20003182 bit=00000006
[SEU] addr=2000314C bit=00000005
[SAMPLE QUEUE CORRUPTED] primary repaired
[SEU] addr=200031A8 bit=00000004
[SEU] addr=20003190 bit=00000003
[SEU] addr=2000316C bit=00000002
[SEU] addr=2000315D bit=00000004
[CMD QUEUE CORRUPTED] primary repaired
[SEU] addr=200031CE bit=00000002
[SEU] addr=200031DC bit=00000002
[SEU] addr=2000316E bit=00000004
[SEU] addr=2000318D bit=00000000
[SEU] addr=20003152 bit=00000005
[SEU] addr=20003166 bit=00000002
[CMD QUEUE backup CORRUPTED] backup repaired
[SEU] addr=20003184 bit=00000002
[SEU] addr=20003166 bit=00000005
[CMD QUEUE backup CORRUPTED] backup repaired
[SEU] addr=20003166 bit=00000001
[CMD QUEUE backup CORRUPTED] backup repaired
[SEU] addr=20003161 bit=00000003
[SEU] addr=2000317E bit=00000004
[SEU] addr=200031EC bit=00000003
[SEU] addr=20003189 bit=00000004
[END]
samples=2000
SEUs=350
good samples=1880
errors=120
samples omitted=0
max error=0x0000000000001C18
propagations=77
detected disturbances=88
tmr corrections=30
dmr corrections=47
crc detections=0
clamp activations=11
[HARDFAULT]
qemu: fatal: Lockup: can't escalate 3 to HardFault (current priority -1)

R00=0000000a R01=00000002 R02=4000c000 R03=00000000
R04=00000000 R05=00000010 R06=00000000 R07=2000ffd8
R08=00000000 R09=00000000 R10=00000010 R11=00000000
R12=00000020 R13=2000ffd8 R14=000037e1 R15=00000fd2
XPSR=01000003 ---- T handler
FPSCR: 00000000
