START
SEED=12345678
[END]
samples=2000
SEUs=0
good samples=2000
errors=0
samples omitted=0
max error=0x0000000000000000
propagations=0
detected disturbances=0
tmr corrections=0
dmr corrections=0
crc detections=0
clamp activations=0
[HARDFAULT]
qemu: fatal: Lockup: can't escalate 3 to HardFault (current priority -1)

R00=0000000a R01=00000000 R02=4000c000 R03=00000000
R04=00000000 R05=00000010 R06=00000000 R07=2000ffd8
R08=00000000 R09=00000000 R10=00000010 R11=00000000
R12=00000020 R13=2000ffd8 R14=000031e1 R15=000009d6
XPSR=01000003 ---- T handler
FPSCR: 00000000
