START
SEED=12345678
[SEU] addr=200031E1 bit=00000003
[SEU] addr=200031B4 bit=00000000
[SEU] addr=200031B5 bit=00000001
[SEU] addr=2000316D bit=00000000
[SEU] addr=20003170 bit=00000005
[SEU] addr=2000314D bit=00000002
[SAMPLE QUEUE CORRUPTED] primary repaired
[SEU] addr=20003189 bit=00000004
[SEU] addr=20003166 bit=00000004
[CMD QUEUE backup CORRUPTED] backup repaired
[SEU] addr=2000315E bit=00000001
[CMD QUEUE CORRUPTED] primary repaired
[SEU] addr=200031A1 bit=00000004
[SEU] addr=20003166 bit=00000004
[CMD QUEUE backup CORRUPTED] backup repaired
[SEU] addr=200031BD bit=00000004
[SEU] addr=20003178 bit=00000002
[SEU] addr=2000316A bit=00000006
[SEU] addr=20003159 bit=00000005
[SEU] addr=2000317C bit=00000006
[SEU] addr=200031A1 bit=00000000
[SEU] addr=20003174 bit=00000005
[SEU] addr=20003188 bit=00000000
[SEU] addr=20003182 bit=00000007
[SEU] addr=200031D8 bit=00000001
[SEU] addr=200031CF bit=00000007
[SEU] addr=20003188 bit=00000005
[SEU] addr=20003193 bit=00000003
[ERR] seq=143 err=2452
[SEU] addr=20003194 bit=00000002
[ERR] seq=144 err=424
[ERR] seq=145 err=448
[ERR] seq=146 err=120
[ERR] seq=147 err=80
[ERR] seq=148 err=24
[ERR] seq=149 err=8
[SEU] addr=200031D0 bit=00000004
[SEU] addr=200031CE bit=00000005
[SEU] addr=2000314D bit=00000004
[SAMPLE QUEUE CORRUPTED] primary repaired
[SEU] addr=200031D3 bit=00000001
[SEU] addr=2000314E bit=00000006
[SAMPLE QUEUE CORRUPTED] primary repaired
[SEU] addr=2000315D bit=00000000
[CMD QUEUE CORRUPTED] primary repaired
[SEU] addr=200031BD bit=00000006
[SEU] addr=2000316D bit=00000000
[SEU] addr=20003198 bit=00000005
[ERR] seq=206 err=256
[ERR] seq=207 err=40
[ERR] seq=208 err=40
[SEU] addr=200031E6 bit=00000005
[SEU] addr=200031E3 bit=00000003
[SEU] addr=200031B0 bit=00000007
[SEU] addr=20003197 bit=00000007
[SEU] addr=200031DE bit=00000005
[SEU] addr=2000314D bit=00000001
[SAMPLE QUEUE CORRUPTED] primary repaired
[SEU] addr=200031DA bit=00000001
[SEU] addr=200031D3 bit=00000003
[SEU] addr=2000314D bit=00000006
[SAMPLE QUEUE CORRUPTED] primary repaired
[SEU] addr=2000314F bit=00000006
[SAMPLE QUEUE CORRUPTED] primary repaired
[SEU] addr=200031B0 bit=00000004
[SEU] addr=2000318E bit=00000006
[ERR] seq=278 err=5808
[ERR] seq=279 err=920
[ERR] seq=280 err=1056
[ERR] seq=281 err=288
[ERR] seq=282 err=184
[ERR] seq=283 err=48
[ERR] seq=284 err=16
[SEU] addr=200031AC bit=00000006
[SEU] addr=200031C0 bit=00000005
[SEU] addr=2000316A bit=00000007
[SEU] addr=200031CD bit=00000004
[SEU] addr=20003167 bit=00000003
[CMD QUEUE backup CORRUPTED] backup repaired
[SEU] addr=200031BA bit=00000005
[SEU] addr=200031A0 bit=00000003
[SEU] addr=200031D6 bit=00000002
[SEU] addr=2000317C bit=00000002
[SEU] addr=2000317B bit=00000001
[SEU] addr=20003181 bit=00000004
[SEU] addr=20003186 bit=00000002
[SEU] addr=20003160 bit=00000000
[CMD QUEUE CORRUPTED] primary repaired
[SEU] addr=20003171 bit=00000000
[SEU] addr=2000318A bit=00000003
[SEU] addr=200031B9 bit=00000005
[SEU] addr=2000317B bit=00000003
[SEU] addr=2000315D bit=00000000
[CMD QUEUE CORRUPTED] primary repaired
[SEU] addr=200031B9 bit=00000005
[SEU] addr=200031DC bit=00000005
[SEU] addr=2000318D bit=00000000
[ERR] seq=391 err=1632
[ERR] seq=392 err=248
[ERR] seq=393 err=272
[ERR] seq=394 err=48
[ERR] seq=395 err=24
[SEU] addr=2000317E bit=00000007
[SEU] addr=200031BA bit=00000003
[SEU] addr=2000314E bit=00000004
[SAMPLE QUEUE CORRUPTED] primary repaired
[SEU] addr=2000318B bit=00000006
[SEU] addr=200031C5 bit=00000000
[SEU] addr=200031B5 bit=00000004
[SEU] addr=200031BA bit=00000006
[SEU] addr=200031CE bit=00000005
[SEU] addr=200031CE bit=00000002
[SEU] addr=2000314E bit=00000005
[SAMPLE QUEUE CORRUPTED] primary repaired
[SEU] addr=2000318B bit=00000001
[SEU] addr=20003162 bit=00000007
[SEU] addr=2000317E bit=00000007
[SEU] addr=20003192 bit=00000002
[ERR] seq=460 err=2484
[ERR] seq=461 err=392
[ERR] seq=462 err=448
[SEU] addr=2000319E bit=00000004
[ERR] seq=463 err=120
[ERR] seq=464 err=80
[ERR] seq=465 err=24
[ERR] seq=466 err=8
[SEU] addr=20003188 bit=00000000
[SEU] addr=200031AB bit=00000001
[SEU] addr=20003168 bit=00000004
[CMD QUEUE backup CORRUPTED] backup repaired
[SEU] addr=2000315D bit=00000004
[CMD QUEUE CORRUPTED] primary repaired
[SEU] addr=200031E3 bit=00000000
[SEU] addr=2000316A bit=00000003
[SEU] addr=20003171 bit=00000007
[SEU] addr=200031E1 bit=00000000
[SEU] addr=20003159 bit=00000001
[SEU] addr=200031C2 bit=00000004
[SEU] addr=200031DD bit=00000001
[SEU] addr=2000316D bit=00000004
[SEU] addr=200031A8 bit=00000003
[SEU] addr=200031AC bit=00000004
[SEU] addr=20003162 bit=00000007
[SEU] addr=2000319D bit=00000003
[SEU] addr=200031A1 bit=00000007
[SEU] addr=20003153 bit=00000004
[SEU] addr=20003161 bit=00000005
[SEU] addr=200031DE bit=00000000
[SEU] addr=20003194 bit=00000004
[ERR] seq=564 err=128
[ERR] seq=565 err=16
[ERR] seq=566 err=16
[SEU] addr=2000319A bit=00000006
[ERR] seq=568 err=2484
[ERR] seq=569 err=392
[ERR] seq=570 err=448
[ERR] seq=571 err=120
[ERR] seq=572 err=80
[ERR] seq=573 err=24
[ERR] seq=574 err=8
[SEU] addr=200031B6 bit=00000003
[SEU] addr=2000317B bit=00000005
[SEU] addr=20003181 bit=00000005
[SEU] addr=200031AF bit=00000001
[SEU] addr=200031E2 bit=00000000
[SEU] addr=2000317D bit=00000002
[SEU] addr=200031C2 bit=00000006
[SEU] addr=20003164 bit=00000003
[CMD QUEUE backup CORRUPTED] backup repaired
[SEU] addr=200031A3 bit=00000007
[SEU] addr=20003163 bit=00000002
[SEU] addr=20003183 bit=00000002
[SEU] addr=2000317E bit=00000004
[SEU] addr=2000319C bit=00000004
[SEU] addr=200031A3 bit=00000006
[SEU] addr=20003162 bit=00000004
[SEU] addr=20003161 bit=00000001
[SEU] addr=200031A3 bit=00000002
[SEU] addr=2000318D bit=00000005
[ERR] seq=663 err=352
[ERR] seq=664 err=40
[ERR] seq=665 err=40
[SEU] addr=20003163 bit=00000007
[SEU] addr=2000314D bit=00000000
[SAMPLE QUEUE CORRUPTED] primary repaired
[SEU] addr=2000315D bit=00000005
[CMD QUEUE CORRUPTED] primary repaired
[SEU] addr=20003153 bit=00000006
[SEU] addr=20003190 bit=00000003
[ERR] seq=700 err=64
[ERR] seq=701 err=8
[ERR] seq=702 err=8
[SEU] addr=2000315F bit=00000005
[CMD QUEUE CORRUPTED] primary repaired
[SEU] addr=200031C0 bit=00000005
[SEU] addr=200031AF bit=00000004
[SEU] addr=200031C7 bit=00000003
[SEU] addr=200031A0 bit=00000003
[SEU] addr=20003196 bit=00000002
[ERR] seq=738 err=2460
[ERR] seq=739 err=392
[ERR] seq=740 err=448
[ERR] seq=741 err=120
[ERR] seq=742 err=80
[SEU] addr=200031A5 bit=00000004
[ERR] seq=743 err=24
[ERR] seq=744 err=8
[SEU] addr=2000314E bit=00000007
[SAMPLE QUEUE CORRUPTED] primary repaired
[SEU] addr=200031B2 bit=00000001
[SEU] addr=20003187 bit=00000004
[SEU] addr=2000317A bit=00000001
[SEU] addr=200031E6 bit=00000003
[SEU] addr=200031E2 bit=00000006
[SEU] addr=20003198 bit=00000003
[ERR] seq=769 err=64
[SEU] addr=2000315D bit=00000004
[CMD QUEUE CORRUPTED] primary repaired
[ERR] seq=770 err=8
[ERR] seq=771 err=8
[SEU] addr=20003177 bit=00000000
[SEU] addr=20003171 bit=00000002
[SEU] addr=2000315C bit=00000005
[CMD QUEUE CORRUPTED] primary repaired
[SEU] addr=20003194 bit=00000006
[ERR] seq=789 err=512
[ERR] seq=790 err=80
[ERR] seq=791 err=88
[ERR] seq=792 err=16
[ERR] seq=793 err=8
[SEU] addr=200031C6 bit=00000000
[SEU] addr=200031B5 bit=00000001
[SEU] addr=200031A9 bit=00000000
[SEU] addr=20003157 bit=00000006
[SAMPLE QUEUE backup CORRUPTED] backup repaired
[SEU] addr=200031E0 bit=00000002
[SEU] addr=20003184 bit=00000000
[SEU] addr=200031D1 bit=00000006
[SEU] addr=200031BA bit=00000005
[SEU] addr=200031E2 bit=00000007
[SEU] addr=20003173 bit=00000007
[SEU] addr=200031E6 bit=00000007
[SEU] addr=200031C7 bit=00000007
[SEU] addr=200031E7 bit=00000006
[SEU] addr=200031BF bit=00000002
[SEU] addr=200031E5 bit=00000002
[SEU] addr=20003170 bit=00000007
[SEU] addr=200031E2 bit=00000005
[SEU] addr=20003162 bit=00000004
[SEU] addr=200031C5 bit=00000006
[SEU] addr=20003156 bit=00000003
[SAMPLE QUEUE backup CORRUPTED] backup repaired
[SEU] addr=2000314D bit=00000006
[SAMPLE QUEUE CORRUPTED] primary repaired
[SEU] addr=20003188 bit=00000005
[SEU] addr=20003186 bit=00000007
[SEU] addr=200031AB bit=00000000
[SEU] addr=2000319D bit=00000006
[SEU] addr=200031CA bit=00000006
[SEU] addr=20003158 bit=00000002
[SAMPLE QUEUE backup CORRUPTED] backup repaired
[SEU] addr=2000319C bit=00000006
[SEU] addr=200031B3 bit=00000003
[SEU] addr=200031DB bit=00000006
[SEU] addr=2000315D bit=00000004
[CMD QUEUE CORRUPTED] primary repaired
[SEU] addr=20003189 bit=00000002
[SEU] addr=20003168 bit=00000004
[CMD QUEUE backup CORRUPTED] backup repaired
[SEU] addr=20003184 bit=00000002
[SEU] addr=20003161 bit=00000004
[SEU] addr=200031A2 bit=00000007
[SEU] addr=20003180 bit=00000003
[SEU] addr=200031BF bit=00000005
[SEU] addr=2000318F bit=00000003
[ERR] seq=981 err=1256
[ERR] seq=982 err=184
[SEU] addr=200031B7 bit=00000001
[ERR] seq=983 err=200
[ERR] seq=984 err=32
[ERR] seq=985 err=16
[SEU] addr=2000315B bit=00000007
[SEU] addr=200031B0 bit=00000003
[SEU] addr=200031E4 bit=00000001
[SEU] addr=2000317E bit=00000003
[SEU] addr=200031A6 bit=00000006
[SEU] addr=2000319A bit=00000007
[ERR] seq=1016 err=2524
[ERR] seq=1017 err=400
[ERR] seq=1018 err=464
[ERR] seq=1019 err=136
[ERR] seq=1020 err=88
[ERR] seq=1021 err=24
[ERR] seq=1022 err=8
[SEU] addr=20003175 bit=00000007
[SEU] addr=200031E7 bit=00000003
[SEU] addr=200031CD bit=00000004
[SEU] addr=2000315C bit=00000004
[CMD QUEUE CORRUPTED] primary repaired
[SEU] addr=200031A7 bit=00000003
[SEU] addr=200031C3 bit=00000001
[SEU] addr=2000316C bit=00000002
[SEU] addr=200031D5 bit=00000004
[SEU] addr=200031DD bit=00000004
[SEU] addr=200031E7 bit=00000005
[SEU] addr=20003157 bit=00000000
[SAMPLE QUEUE backup CORRUPTED] backup repaired
[SEU] addr=20003160 bit=00000000
[CMD QUEUE CORRUPTED] primary repaired
[SEU] addr=2000315F bit=00000006
[CMD QUEUE CORRUPTED] primary repaired
[SEU] addr=20003167 bit=00000006
[CMD QUEUE backup CORRUPTED] backup repaired
[SEU] addr=200031C1 bit=00000003
[SEU] addr=200031A6 bit=00000005
[SEU] addr=2000318B bit=00000004
[SEU] addr=200031E1 bit=00000005
[SEU] addr=200031D0 bit=00000007
[SEU] addr=200031D1 bit=00000002
[SEU] addr=200031CE bit=00000007
[SEU] addr=200031C8 bit=00000006
[SEU] addr=200031D2 bit=00000002
[SEU] addr=200031C1 bit=00000003
[SEU] addr=2000317E bit=00000004
[SEU] addr=200031A7 bit=00000005
[SEU] addr=20003185 bit=00000001
[SEU] addr=2000319C bit=00000002
[SEU] addr=200031BD bit=00000002
[SEU] addr=200031A7 bit=00000003
[SEU] addr=200031CF bit=00000005
[SEU] addr=200031B8 bit=00000005
[SEU] addr=2000318D bit=00000001
[ERR] seq=1195 err=11792
[ERR] seq=1196 err=1872
[ERR] seq=1197 err=2168
[ERR] seq=1198 err=624
[SEU] addr=20003187 bit=00000002
[ERR] seq=1199 err=416
[ERR] seq=1200 err=144
[ERR] seq=1201 err=64
[ERR] seq=1202 err=8
[SEU] addr=20003193 bit=00000007
[SEU] addr=2000316E bit=00000003
[SEU] addr=200031B1 bit=00000005
[SEU] addr=20003189 bit=00000005
[SEU] addr=200031CD bit=00000000
[SEU] addr=20003192 bit=00000001
[ERR] seq=1233 err=2436
[ERR] seq=1234 err=384
[ERR] seq=1235 err=440
[ERR] seq=1236 err=120
[ERR] seq=1237 err=80
[ERR] seq=1238 err=24
[ERR] seq=1239 err=8
[SEU] addr=20003187 bit=00000002
[SEU] addr=2000316F bit=00000001
[SEU] addr=200031D4 bit=00000001
[SEU] addr=20003155 bit=00000005
[SAMPLE QUEUE backup CORRUPTED] backup repaired
[SEU] addr=200031E3 bit=00000004
[SEU] addr=200031C8 bit=00000003
[SEU] addr=2000319C bit=00000002
[SEU] addr=2000316E bit=00000005
[SEU] addr=2000319E bit=00000004
[SEU] addr=20003165 bit=00000003
[CMD QUEUE backup CORRUPTED] backup repaired
[SEU] addr=200031A3 bit=00000001
[SEU] addr=20003153 bit=00000005
[SEU] addr=20003163 bit=00000004
[SEU] addr=200031E3 bit=00000007
[SEU] addr=2000318B bit=00000004
[SEU] addr=200031BA bit=00000004
[SEU] addr=200031B6 bit=00000006
[SEU] addr=200031C3 bit=00000004
[SEU] addr=2000318A bit=00000005
[SEU] addr=20003150 bit=00000000
[SAMPLE QUEUE CORRUPTED] primary repaired
[SEU] addr=200031D0 bit=00000004
[SEU] addr=20003174 bit=00000001
[SEU] addr=200031B7 bit=00000003
[SEU] addr=200031CB bit=00000003
[SEU] addr=2000315B bit=00000005
[SEU] addr=20003190 bit=00000001
[ERR] seq=1375 err=16
[SEU] addr=200031A1 bit=00000001
[SEU] addr=20003151 bit=00000007
[SEU] addr=20003194 bit=00000007
[ERR] seq=1397 err=1024
[ERR] seq=1398 err=160
[ERR] seq=1399 err=184
[ERR] seq=1400 err=48
[ERR] seq=1401 err=24
[SEU] addr=200031C4 bit=00000005
[SEU] addr=20003173 bit=00000000
[SEU] addr=20003189 bit=00000007
[SEU] addr=20003155 bit=00000001
[SAMPLE QUEUE backup CORRUPTED] backup repaired
[SEU] addr=200031CE bit=00000002
[SEU] addr=20003171 bit=00000003
[SEU] addr=2000315D bit=00000004
[CMD QUEUE CORRUPTED] primary repaired
[SEU] addr=200031DC bit=00000007
[SEU] addr=200031BB bit=00000005
[SEU] addr=20003159 bit=00000001
[SEU] addr=20003172 bit=00000003
[SEU] addr=200031DB bit=00000002
[SEU] addr=20003179 bit=00000007
[SEU] addr=2000319E bit=00000000
[SEU] addr=2000315C bit=00000006
[CMD QUEUE CORRUPTED] primary repaired
[SEU] addr=200031E5 bit=00000007
[SEU] addr=200031D9 bit=00000001
[SEU] addr=20003173 bit=00000005
[SEU] addr=20003175 bit=00000006
[SEU] addr=200031BA bit=00000006
[SEU] addr=200031C7 bit=00000003
[SEU] addr=200031AC bit=00000005
[SEU] addr=2000315F bit=00000006
[CMD QUEUE CORRUPTED] primary repaired
[SEU] addr=200031CC bit=00000006
[SEU] addr=200031E4 bit=00000007
[SEU] addr=200031E7 bit=00000005
[SEU] addr=20003182 bit=00000000
[SEU] addr=200031B4 bit=00000002
[SEU] addr=20003178 bit=00000005
[SEU] addr=20003165 bit=00000005
[CMD QUEUE backup CORRUPTED] backup repaired
[SEU] addr=2000316F bit=00000001
[SEU] addr=20003173 bit=00000001
[SEU] addr=20003183 bit=00000004
[SEU] addr=200031C0 bit=00000000
[SEU] addr=200031E6 bit=00000000
[SEU] addr=20003191 bit=00000003
[ERR] seq=1562 err=2548
[ERR] seq=1563 err=400
[ERR] seq=1564 err=464
[ERR] seq=1565 err=136
[ERR] seq=1566 err=88
[ERR] seq=1567 err=24
[ERR] seq=1568 err=8
[SEU] addr=20003188 bit=00000001
[SEU] addr=200031DE bit=00000001
[SEU] addr=2000318E bit=00000003
[ERR] seq=1575 err=2176
[ERR] seq=1576 err=328
[ERR] seq=1577 err=368
[ERR] seq=1578 err=88
[ERR] seq=1579 err=56
[SEU] addr=2000318A bit=00000000
[ERR] seq=1580 err=8
[SEU] addr=2000317B bit=00000006
[SEU] addr=200031B8 bit=00000004
[SEU] addr=200031BA bit=00000001
[SEU] addr=200031D9 bit=00000001
[SEU] addr=20003155 bit=00000005
[SAMPLE QUEUE backup CORRUPTED] backup repaired
[SEU] addr=200031E1 bit=00000000
[SEU] addr=20003174 bit=00000002
[SEU] addr=20003183 bit=00000007
[SEU] addr=200031E5 bit=00000002
[SEU] addr=200031A2 bit=00000001
[SEU] addr=20003156 bit=00000004
[SAMPLE QUEUE backup CORRUPTED] backup repaired
[SEU] addr=20003174 bit=00000002
[SEU] addr=20003151 bit=00000003
[SEU] addr=20003188 bit=00000001
[SEU] addr=20003176 bit=00000001
[SEU] addr=20003150 bit=00000004
[SAMPLE QUEUE CORRUPTED] primary repaired
[SEU] addr=20003157 bit=00000002
[SAMPLE QUEUE backup CORRUPTED] backup repaired
[SEU] addr=2000315D bit=00000004
[CMD QUEUE CORRUPTED] primary repaired
[SEU] addr=200031DD bit=00000001
[SEU] addr=200031D0 bit=00000004
[SEU] addr=200031AC bit=00000001
[SEU] addr=2000314D bit=00000004
[SAMPLE QUEUE CORRUPTED] primary repaired
[SEU] addr=20003159 bit=00000003
[SEU] addr=2000317B bit=00000006
[SEU] addr=20003163 bit=00000007
[SEU] addr=20003163 bit=00000000
[SEU] addr=200031A0 bit=00000003
[SEU] addr=20003157 bit=00000001
[SAMPLE QUEUE backup CORRUPTED] backup repaired
[SEU] addr=200031E6 bit=00000000
[SEU] addr=200031A7 bit=00000006
[SEU] addr=20003159 bit=00000000
[SEU] addr=2000317D bit=00000005
[SEU] addr=200031E5 bit=00000005
[SEU] addr=20003176 bit=00000006
[SEU] addr=200031E0 bit=00000003
[SEU] addr=20003154 bit=00000002
[SAMPLE QUEUE backup CORRUPTED] backup repaired
[SEU] addr=200031E7 bit=00000001
[SEU] addr=200031C5 bit=00000005
[SEU] addr=200031D9 bit=00000006
[SEU] addr=20003156 bit=00000002
[SAMPLE QUEUE backup CORRUPTED] backup repaired
[SEU] addr=200031B6 bit=00000006
[SEU] addr=200031DF bit=00000006
[SEU] addr=20003153 bit=00000005
[SEU] addr=200031D7 bit=00000006
[SEU] addr=20003170 bit=00000004
[SEU] addr=200031E6 bit=00000007
[SEU] addr=2000315A bit=00000004
[SEU] addr=200031D8 bit=00000005
[SEU] addr=20003154 bit=00000007
[SAMPLE QUEUE backup CORRUPTED] backup repaired
[SEU] addr=200031C3 bit=00000002
[SEU] addr=200031C8 bit=00000002
[SEU] addr=20003186 bit=00000006
[SEU] addr=2000319E bit=00000003
[SEU] addr=200031CC bit=00000000
[SEU] addr=200031AD bit=00000003
[SEU] addr=200031CE bit=00000004
[SEU] addr=20003158 bit=00000001
[SAMPLE QUEUE backup CORRUPTED] backup repaired
[SEU] addr=20003187 bit=00000001
[SEU] addr=2000315B bit=00000001
[SEU] addr=2000315B bit=00000001
[SEU] addr=2000316C bit=00000002
[SEU] addr=200031D3 bit=00000004
[SEU] addr=20003178 bit=00000002
[SEU] addr=2000318A bit=00000000
[SEU] addr=20003180 bit=00000006
[SEU] addr=20003157 bit=00000000
[SAMPLE QUEUE backup CORRUPTED] backup repaired
[SEU] addr=20003168 bit=00000006
[CMD QUEUE backup CORRUPTED] backup repaired
[SEU] addr=200031A2 bit=00000003
[SEU] addr=2000317C bit=00000004
[SEU] addr=200031A4 bit=00000007
[SEU] addr=2000316E bit=00000005
[SEU] addr=200031BF bit=00000004
[SEU] addr=20003164 bit=00000003
[CMD QUEUE backup CORRUPTED] backup repaired
[SEU] addr=200031D9 bit=00000005
[SEU] addr=200031B7 bit=00000003
[SEU] addr=200031C4 bit=00000006
[SEU] addr=2000314C bit=00000006
[SAMPLE QUEUE CORRUPTED] primary repaired
[END]
samples=2000
SEUs=378
good samples=1894
errors=106
samples omitted=0
max error=0x0000000000002E10
propagations=67
detected disturbances=105
tmr corrections=40
dmr corrections=58
crc detections=0
clamp activations=7
[HARDFAULT]
qemu: fatal: Lockup: can't escalate 3 to HardFault (current priority -1)

R00=0000000a R01=00000001 R02=4000c000 R03=00000000
R04=00000000 R05=00000010 R06=00000000 R07=2000ffd8
R08=00000000 R09=00000000 R10=00000010 R11=00000000
R12=00000020 R13=2000ffd8 R14=00003711 R15=00000f0e
XPSR=01000003 ---- T handler
FPSCR: 00000000
