START
SEED=12345678
[SEU] addr=20003149 bit=00000003
[SEU] addr=20003164 bit=00000000
[SEU] addr=200031E9 bit=00000001
[SEU] addr=2000317D bit=00000000
[SEU] addr=2000318C bit=00000005
[ERR] seq=32 err=2936
[ERR] seq=33 err=232
[ERR] seq=34 err=240
[ERR] seq=35 err=16
[ERR] seq=36 err=8
[SEU] addr=200031BD bit=00000002
[SEU] addr=20003175 bit=00000004
[SEU] addr=20003152 bit=00000004
[SEU] addr=200031AA bit=00000001
[SEU] addr=200031D5 bit=00000004
[SEU] addr=2000315E bit=00000004
[CMD QUEUE backup CORRUPTED] backup repaired
[SEU] addr=20003185 bit=00000004
[SEU] addr=200031A0 bit=00000002
[SEU] addr=20003162 bit=00000006
[SEU] addr=200031D5 bit=00000005
[SEU] addr=20003168 bit=00000006
[SEU] addr=200031C9 bit=00000000
[SEU] addr=2000319C bit=00000005
[SEU] addr=200031B0 bit=00000000
[SEU] addr=200031E6 bit=00000007
[SEU] addr=200031AC bit=00000001
[SEU] addr=200031BB bit=00000007
[SEU] addr=20003198 bit=00000005
[ERR] seq=140 err=256
[ERR] seq=141 err=16
[SEU] addr=2000317F bit=00000003
[ERR] seq=142 err=16
[SEU] addr=200031E0 bit=00000002
[SEU] addr=20003180 bit=00000004
[SEU] addr=200031C6 bit=00000005
[SEU] addr=200031B1 bit=00000004
[SEU] addr=20003153 bit=00000001
[SEU] addr=200031BE bit=00000006
[SEU] addr=20003179 bit=00000000
[SEU] addr=20003161 bit=00000006
[SEU] addr=20003159 bit=00000000
[SEU] addr=200031CC bit=00000005
[SEU] addr=2000314E bit=00000005
[SAMPLE QUEUE backup CORRUPTED] backup repaired
[SEU] addr=20003163 bit=00000003
[SEU] addr=20003184 bit=00000007
[SEU] addr=2000318F bit=00000007
[ERR] seq=220 err=3752
[ERR] seq=221 err=288
[ERR] seq=222 err=296
[ERR] seq=223 err=16
[ERR] seq=224 err=8
[SEU] addr=200031BE bit=00000005
[SEU] addr=200031D5 bit=00000001
[SEU] addr=20003196 bit=00000001
[ERR] seq=243 err=2516
[ERR] seq=244 err=200
[ERR] seq=245 err=216
[ERR] seq=246 err=32
[ERR] seq=247 err=16
[SEU] addr=20003177 bit=00000003
[SEU] addr=20003181 bit=00000006
[SEU] addr=200031B3 bit=00000006
[SEU] addr=200031E4 bit=00000004
[SEU] addr=20003156 bit=00000006
[CMD QUEUE CORRUPTED] primary repaired
[SEU] addr=2000318C bit=00000006
[ERR] seq=276 err=4624
[ERR] seq=277 err=360
[ERR] seq=278 err=376
[ERR] seq=279 err=32
[ERR] seq=280 err=16
[SEU] addr=200031C4 bit=00000005
[SEU] addr=200031DA bit=00000007
[SEU] addr=200031D1 bit=00000004
[SEU] addr=2000315F bit=00000003
[CMD QUEUE backup CORRUPTED] backup repaired
[SEU] addr=20003182 bit=00000005
[SEU] addr=20003144 bit=00000003
[SAMPLE QUEUE CORRUPTED] primary repaired
[SEU] addr=200031DA bit=00000002
[SEU] addr=200031BC bit=00000002
[SEU] addr=20003167 bit=00000001
[SEU] addr=20003185 bit=00000004
[SEU] addr=200031D2 bit=00000002
[SEU] addr=20003158 bit=00000000
[CMD QUEUE CORRUPTED] primary repaired
[SEU] addr=2000315D bit=00000000
[CMD QUEUE backup CORRUPTED] backup repaired
[SEU] addr=200031E2 bit=00000003
[SEU] addr=20003199 bit=00000005
[ERR] seq=372 err=2468
[ERR] seq=373 err=192
[ERR] seq=374 err=200
[ERR] seq=375 err=24
[ERR] seq=376 err=16
[SEU] addr=20003167 bit=00000003
[SEU] addr=20003149 bit=00000000
[SEU] addr=20003145 bit=00000005
[SAMPLE QUEUE CORRUPTED] primary repaired
[SEU] addr=200031E0 bit=00000005
[SEU] addr=2000319D bit=00000000
[SEU] addr=200031BE bit=00000007
[SEU] addr=2000319A bit=00000003
[ERR] seq=407 err=2516
[ERR] seq=408 err=200
[ERR] seq=409 err=216
[ERR] seq=410 err=32
[ERR] seq=411 err=16
[SEU] addr=20003182 bit=00000004
[SEU] addr=200031D7 bit=00000006
[SEU] addr=200031D5 bit=00000000
[SEU] addr=200031A1 bit=00000004
[SEU] addr=200031CA bit=00000006
[SEU] addr=20003172 bit=00000005
[SEU] addr=2000318A bit=00000002
[SEU] addr=200031CA bit=00000005
[SEU] addr=200031B3 bit=00000001
[SEU] addr=200031AE bit=00000007
[SEU] addr=200031CA bit=00000007
[SEU] addr=20003196 bit=00000002
[ERR] seq=481 err=2516
[ERR] seq=482 err=200
[ERR] seq=483 err=216
[ERR] seq=484 err=32
[ERR] seq=485 err=16
[SEU] addr=200031DE bit=00000004
[SEU] addr=20003144 bit=00000000
[SAMPLE QUEUE CORRUPTED] primary repaired
[SEU] addr=2000315B bit=00000001
[SEU] addr=20003190 bit=00000004
[ERR] seq=503 err=128
[ERR] seq=504 err=8
[ERR] seq=505 err=8
[SEU] addr=20003155 bit=00000004
[CMD QUEUE CORRUPTED] primary repaired
[SEU] addr=2000319F bit=00000000
[SEU] addr=2000314A bit=00000003
[SEU] addr=2000315D bit=00000007
[CMD QUEUE backup CORRUPTED] backup repaired
[SEU] addr=2000319D bit=00000000
[SEU] addr=20003169 bit=00000001
[SEU] addr=2000314E bit=00000004
[SAMPLE QUEUE backup CORRUPTED] backup repaired
[SEU] addr=20003145 bit=00000001
[SAMPLE QUEUE CORRUPTED] primary repaired
[SEU] addr=200031D1 bit=00000004
[SEU] addr=200031C4 bit=00000003
[SEU] addr=200031B0 bit=00000004
[SEU] addr=200031A2 bit=00000007
[SEU] addr=2000317D bit=00000003
[SEU] addr=20003145 bit=00000007
[SAMPLE QUEUE CORRUPTED] primary repaired
[SEU] addr=20003163 bit=00000004
[SEU] addr=2000314D bit=00000005
[SAMPLE QUEUE backup CORRUPTED] backup repaired
[SEU] addr=200031E2 bit=00000000
[SEU] addr=20003174 bit=00000004
[SEU] addr=200031B6 bit=00000006
[SEU] addr=200031DE bit=00000003
[SEU] addr=2000317F bit=00000005
[SEU] addr=20003161 bit=00000005
[SEU] addr=2000315F bit=00000001
[CMD QUEUE backup CORRUPTED] backup repaired
[SEU] addr=200031C2 bit=00000000
[SEU] addr=20003175 bit=00000002
[SEU] addr=2000318A bit=00000006
[SEU] addr=200031E0 bit=00000003
[SEU] addr=200031B3 bit=00000007
[SEU] addr=2000315B bit=00000002
[SEU] addr=2000314B bit=00000002
[SEU] addr=200031E2 bit=00000004
[SEU] addr=200031D0 bit=00000004
[SEU] addr=2000315F bit=00000006
[CMD QUEUE backup CORRUPTED] backup repaired
[SEU] addr=200031C6 bit=00000004
[SEU] addr=20003189 bit=00000001
[SEU] addr=2000316B bit=00000002
[SEU] addr=2000316D bit=00000005
[SEU] addr=2000318B bit=00000007
[SEU] addr=200031E1 bit=00000000
[SEU] addr=200031C1 bit=00000005
[SEU] addr=200031C3 bit=00000006
[SEU] addr=20003188 bit=00000003
[SEU] addr=20003163 bit=00000005
[SEU] addr=200031AC bit=00000005
[SEU] addr=2000319B bit=00000004
[ERR] seq=746 err=2524
[ERR] seq=747 err=200
[ERR] seq=748 err=216
[ERR] seq=749 err=32
[ERR] seq=750 err=16
[SEU] addr=200031B3 bit=00000003
[SEU] addr=200031A4 bit=00000003
[SEU] addr=2000315E bit=00000002
[CMD QUEUE backup CORRUPTED] backup repaired
[SEU] addr=20003155 bit=00000004
[CMD QUEUE CORRUPTED] primary repaired
[SEU] addr=20003152 bit=00000007
[SEU] addr=2000314A bit=00000001
[SEU] addr=200031D3 bit=00000004
[SEU] addr=200031D2 bit=00000001
[SEU] addr=2000315A bit=00000003
[SEU] addr=200031E6 bit=00000006
[SEU] addr=2000319C bit=00000003
[SEU] addr=200031CD bit=00000004
[SEU] addr=20003187 bit=00000000
[SEU] addr=200031B1 bit=00000002
[SEU] addr=200031D8 bit=00000005
[SEU] addr=20003168 bit=00000006
[SEU] addr=20003146 bit=00000000
[SAMPLE QUEUE CORRUPTED] primary repaired
[SEU] addr=200031DD bit=00000001
[SEU] addr=2000314D bit=00000000
[SAMPLE QUEUE backup CORRUPTED] backup repaired
[SEU] addr=20003167 bit=00000006
[SEU] addr=200031D8 bit=00000002
[SEU] addr=200031A0 bit=00000000
[SEU] addr=200031D5 bit=00000006
[SEU] addr=20003146 bit=00000005
[SAMPLE QUEUE CORRUPTED] primary repaired
[SEU] addr=20003162 bit=00000007
[SEU] addr=20003147 bit=00000007
[SAMPLE QUEUE CORRUPTED] primary repaired
[SEU] addr=2000314E bit=00000007
[SAMPLE QUEUE backup CORRUPTED] backup repaired
[SEU] addr=20003147 bit=00000007
[SAMPLE QUEUE CORRUPTED] primary repaired
[SEU] addr=20003197 bit=00000006
[SEU] addr=200031B7 bit=00000002
[SEU] addr=20003171 bit=00000002
[SEU] addr=200031B0 bit=00000007
[SEU] addr=20003162 bit=00000005
[SEU] addr=2000314E bit=00000004
[SAMPLE QUEUE backup CORRUPTED] backup repaired
[SEU] addr=20003145 bit=00000006
[SAMPLE QUEUE CORRUPTED] primary repaired
[SEU] addr=200031D2 bit=00000003
[SEU] addr=2000318D bit=00000006
[ERR] seq=937 err=8152
[ERR] seq=938 err=640
[ERR] seq=939 err=680
[ERR] seq=940 err=80
[ERR] seq=941 err=40
[SEU] addr=200031BC bit=00000005
[SEU] addr=200031AE bit=00000007
[SEU] addr=2000315B bit=00000000
[SEU] addr=200031D1 bit=00000006
[SEU] addr=2000316E bit=00000006
[SEU] addr=20003150 bit=00000002
[SAMPLE QUEUE backup CORRUPTED] backup repaired
[SEU] addr=200031D0 bit=00000006
[SEU] addr=200031E7 bit=00000003
[SEU] addr=200031C7 bit=00000006
[SEU] addr=200031E5 bit=00000004
[SEU] addr=200031BD bit=00000002
[SEU] addr=20003160 bit=00000004
[CMD QUEUE backup CORRUPTED] backup repaired
[SEU] addr=200031DC bit=00000002
[SEU] addr=200031C5 bit=00000004
[SEU] addr=20003176 bit=00000007
[SEU] addr=200031B4 bit=00000003
[SEU] addr=2000317B bit=00000005
[SEU] addr=2000319F bit=00000003
[SEU] addr=20003167 bit=00000001
[SEU] addr=20003177 bit=00000007
[SEU] addr=20003160 bit=00000003
[CMD QUEUE backup CORRUPTED] backup repaired
[SEU] addr=20003194 bit=00000001
[ERR] seq=1054 err=16
[SEU] addr=200031B2 bit=00000003
[SEU] addr=200031AA bit=00000006
[SEU] addr=2000317A bit=00000007
[SEU] addr=20003161 bit=00000007
[SEU] addr=200031D3 bit=00000003
[SEU] addr=20003171 bit=00000004
[SEU] addr=20003160 bit=00000004
[CMD QUEUE backup CORRUPTED] backup repaired
[SEU] addr=2000314B bit=00000003
[SEU] addr=200031BB bit=00000001
[SEU] addr=20003188 bit=00000002
[SEU] addr=2000319D bit=00000004
[SEU] addr=200031BD bit=00000004
[SEU] addr=200031DF bit=00000005
[SEU] addr=20003197 bit=00000000
[ERR] seq=1125 err=2476
[ERR] seq=1126 err=192
[ERR] seq=1127 err=200
[ERR] seq=1128 err=24
[SEU] addr=200031B8 bit=00000000
[ERR] seq=1129 err=16
[SEU] addr=20003187 bit=00000006
[SEU] addr=200031D7 bit=00000006
[SEU] addr=20003171 bit=00000003
[SEU] addr=200031B6 bit=00000005
[SEU] addr=2000319B bit=00000004
[ERR] seq=1149 err=2508
[ERR] seq=1150 err=200
[ERR] seq=1151 err=216
[ERR] seq=1152 err=32
[ERR] seq=1153 err=16
[SEU] addr=20003185 bit=00000005
[SEU] addr=20003180 bit=00000007
[SEU] addr=2000318D bit=00000002
[ERR] seq=1164 err=2448
[ERR] seq=1165 err=184
[ERR] seq=1166 err=192
[ERR] seq=1167 err=16
[ERR] seq=1168 err=8
[SEU] addr=200031DE bit=00000007
[SEU] addr=200031CC bit=00000006
[SEU] addr=20003146 bit=00000002
[SAMPLE QUEUE CORRUPTED] primary repaired
[SEU] addr=200031DD bit=00000003
[SEU] addr=20003146 bit=00000004
[SAMPLE QUEUE CORRUPTED] primary repaired
[SEU] addr=200031CF bit=00000005
[SEU] addr=20003165 bit=00000001
[SEU] addr=20003188 bit=00000002
[SEU] addr=200031E5 bit=00000002
[SEU] addr=20003163 bit=00000003
[SEU] addr=200031DF bit=00000005
[SEU] addr=2000315C bit=00000005
[CMD QUEUE backup CORRUPTED] backup repaired
[SEU] addr=20003191 bit=00000001
[ERR] seq=1212 err=2532
[ERR] seq=1213 err=200
[ERR] seq=1214 err=216
[ERR] seq=1215 err=32
[ERR] seq=1216 err=16
[SEU] addr=2000315B bit=00000002
[SEU] addr=20003167 bit=00000007
[SEU] addr=200031EA bit=00000003
[SEU] addr=20003179 bit=00000005
[SEU] addr=200031C9 bit=00000005
[SEU] addr=200031A1 bit=00000000
[SEU] addr=20003172 bit=00000001
[SEU] addr=20003173 bit=00000002
[SEU] addr=2000318B bit=00000001
[SEU] addr=200031C0 bit=00000001
[SEU] addr=200031D1 bit=00000005
[SEU] addr=200031C3 bit=00000004
[SEU] addr=200031A8 bit=00000003
[SEU] addr=20003164 bit=00000002
[SEU] addr=20003172 bit=00000005
[SEU] addr=20003172 bit=00000004
[SEU] addr=2000315D bit=00000003
[CMD QUEUE backup CORRUPTED] backup repaired
[SEU] addr=200031E3 bit=00000001
[SEU] addr=200031C3 bit=00000005
[SEU] addr=200031AF bit=00000004
[SEU] addr=2000319F bit=00000007
[SEU] addr=200031E3 bit=00000004
[SEU] addr=200031D6 bit=00000004
[SEU] addr=20003172 bit=00000006
[SEU] addr=200031EB bit=00000004
[SEU] addr=2000316A bit=00000005
[SEU] addr=20003190 bit=00000000
[ERR] seq=1359 err=8
[SEU] addr=2000318C bit=00000004
[ERR] seq=1368 err=224
[ERR] seq=1369 err=8
[ERR] seq=1370 err=8
[SEU] addr=200031B4 bit=00000001
[SEU] addr=2000314F bit=00000003
[SAMPLE QUEUE backup CORRUPTED] backup repaired
[SEU] addr=20003187 bit=00000003
[SEU] addr=2000316B bit=00000005
[SEU] addr=2000317C bit=00000001
[SEU] addr=200031C9 bit=00000001
[SEU] addr=200031A9 bit=00000007
[SEU] addr=200031A4 bit=00000007
[SEU] addr=20003144 bit=00000005
[SAMPLE QUEUE CORRUPTED] primary repaired
[SEU] addr=2000316B bit=00000000
[SEU] addr=2000318D bit=00000007
[ERR] seq=1434 err=1368
[ERR] seq=1435 err=96
[ERR] seq=1436 err=96
[SEU] addr=200031DD bit=00000001
[SEU] addr=2000318A bit=00000002
[SEU] addr=2000315D bit=00000003
[CMD QUEUE backup CORRUPTED] backup repaired
[SEU] addr=20003191 bit=00000004
[ERR] seq=1460 err=2580
[ERR] seq=1461 err=200
[ERR] seq=1462 err=216
[ERR] seq=1463 err=32
[ERR] seq=1464 err=16
[SEU] addr=200031E0 bit=00000007
[SEU] addr=2000318F bit=00000005
[ERR] seq=1475 err=2304
[ERR] seq=1476 err=176
[ERR] seq=1477 err=176
[SEU] addr=20003175 bit=00000001
[SEU] addr=2000318E bit=00000003
[ERR] seq=1486 err=4128
[ERR] seq=1487 err=320
[ERR] seq=1488 err=328
[ERR] seq=1489 err=16
[SEU] addr=20003173 bit=00000002
[ERR] seq=1490 err=8
[SEU] addr=2000317D bit=00000007
[SEU] addr=2000318A bit=00000000
[SEU] addr=200031A8 bit=00000006
[SEU] addr=200031B9 bit=00000007
[SEU] addr=2000314D bit=00000001
[SAMPLE QUEUE backup CORRUPTED] backup repaired
[SEU] addr=2000316B bit=00000005
[SEU] addr=20003149 bit=00000006
[SEU] addr=20003176 bit=00000006
[SEU] addr=20003177 bit=00000003
[SEU] addr=200031B0 bit=00000005
[SEU] addr=2000316F bit=00000006
[SEU] addr=200031B8 bit=00000006
[SEU] addr=20003188 bit=00000007
[SEU] addr=200031D3 bit=00000005
[SEU] addr=200031B6 bit=00000000
[SEU] addr=200031DC bit=00000002
[SEU] addr=2000317C bit=00000005
[SEU] addr=200031B1 bit=00000005
[SEU] addr=2000318B bit=00000001
[SEU] addr=2000316B bit=00000001
[SEU] addr=200031B7 bit=00000004
[SEU] addr=200031D0 bit=00000000
[SEU] addr=2000314E bit=00000000
[SAMPLE QUEUE backup CORRUPTED] backup repaired
[SEU] addr=200031A1 bit=00000003
[SEU] addr=20003180 bit=00000001
[SEU] addr=2000316A bit=00000001
[SEU] addr=2000314A bit=00000003
[SEU] addr=20003146 bit=00000000
[SAMPLE QUEUE CORRUPTED] primary repaired
[SEU] addr=2000315B bit=00000006
[SEU] addr=20003174 bit=00000004
[SEU] addr=20003176 bit=00000001
[SEU] addr=20003195 bit=00000001
[ERR] seq=1673 err=2516
[ERR] seq=1674 err=200
[ERR] seq=1675 err=216
[ERR] seq=1676 err=32
[ERR] seq=1677 err=16
[SEU] addr=200031A1 bit=00000005
[SEU] addr=2000319D bit=00000000
[SEU] addr=20003154 bit=00000002
[CMD QUEUE CORRUPTED] primary repaired
[SEU] addr=2000319F bit=00000007
[SEU] addr=2000314D bit=00000002
[SAMPLE QUEUE backup CORRUPTED] backup repaired
[SEU] addr=20003146 bit=00000001
[SAMPLE QUEUE CORRUPTED] primary repaired
[SEU] addr=20003196 bit=00000004
[ERR] seq=1711 err=2508
[ERR] seq=1712 err=200
[ERR] seq=1713 err=216
[ERR] seq=1714 err=32
[ERR] seq=1715 err=16
[SEU] addr=20003160 bit=00000002
[CMD QUEUE backup CORRUPTED] backup repaired
[SEU] addr=20003149 bit=00000003
[SEU] addr=20003144 bit=00000001
[SAMPLE QUEUE CORRUPTED] primary repaired
[SEU] addr=200031CE bit=00000001
[SEU] addr=200031A8 bit=00000004
[SEU] addr=200031C7 bit=00000002
[SEU] addr=200031E5 bit=00000004
[SEU] addr=200031BD bit=00000001
[SEU] addr=200031BC bit=00000004
[SEU] addr=20003174 bit=00000001
[SEU] addr=20003199 bit=00000004
[ERR] seq=1781 err=2524
[ERR] seq=1782 err=200
[ERR] seq=1783 err=216
[ERR] seq=1784 err=32
[ERR] seq=1785 err=16
[SEU] addr=200031B1 bit=00000003
[SEU] addr=200031BB bit=00000006
[SEU] addr=200031AF bit=00000007
[SEU] addr=20003197 bit=00000000
[ERR] seq=1799 err=2468
[ERR] seq=1800 err=192
[ERR] seq=1801 err=200
[ERR] seq=1802 err=24
[ERR] seq=1803 err=16
[SEU] addr=20003144 bit=00000003
[SAMPLE QUEUE CORRUPTED] primary repaired
[SEU] addr=200031BB bit=00000001
[SEU] addr=200031AE bit=00000000
[SEU] addr=2000314B bit=00000006
[SEU] addr=2000315D bit=00000000
[CMD QUEUE backup CORRUPTED] backup repaired
[SEU] addr=200031B1 bit=00000005
[SEU] addr=20003171 bit=00000005
[SEU] addr=200031DA bit=00000006
[SEU] addr=200031A8 bit=00000003
[SEU] addr=200031A0 bit=00000002
[SEU] addr=200031DF bit=00000001
[SEU] addr=20003169 bit=00000005
[SEU] addr=200031A1 bit=00000006
[SEU] addr=2000315A bit=00000002
[SEU] addr=200031D2 bit=00000006
[SEU] addr=2000315F bit=00000006
[CMD QUEUE backup CORRUPTED] backup repaired
[SEU] addr=20003193 bit=00000005
[SEU] addr=2000314B bit=00000006
[SEU] addr=200031A4 bit=00000004
[SEU] addr=2000314E bit=00000007
[SAMPLE QUEUE backup CORRUPTED] backup repaired
[SEU] addr=200031B2 bit=00000004
[SEU] addr=2000317C bit=00000005
[SEU] addr=200031DC bit=00000007
[SEU] addr=2000314F bit=00000002
[SAMPLE QUEUE backup CORRUPTED] backup repaired
[SEU] addr=20003190 bit=00000002
[ERR] seq=1939 err=32
[SEU] addr=200031A2 bit=00000006
[SEU] addr=2000314E bit=00000003
[SAMPLE QUEUE backup CORRUPTED] backup repaired
[SEU] addr=20003188 bit=00000000
[SEU] addr=2000318D bit=00000003
[ERR] seq=1965 err=3720
[ERR] seq=1966 err=288
[ERR] seq=1967 err=296
[ERR] seq=1968 err=16
[SEU] addr=20003172 bit=00000004
[ERR] seq=1969 err=8
[SEU] addr=20003180 bit=00000001
[SEU] addr=200031AF bit=00000001
[SEU] addr=20003153 bit=00000001
[SEU] addr=20003147 bit=00000001
[SAMPLE QUEUE CORRUPTED] primary repaired
[SEU] addr=200031C4 bit=00000002
[SEU] addr=200031CB bit=00000004
[SEU] addr=2000317C bit=00000002
[SEU] addr=20003182 bit=00000000
[SEU] addr=20003184 bit=00000006
[SEU] addr=2000318B bit=00000000
[SEU] addr=2000319C bit=00000006
[SEU] addr=20003182 bit=00000003
[SEU] addr=200031D4 bit=00000004
[SEU] addr=2000319C bit=00000007
[SEU] addr=200031AE bit=00000005
[SEU] addr=20003193 bit=00000004
[ERR] seq=2073 err=2500
[ERR] seq=2074 err=200
[ERR] seq=2075 err=216
[ERR] seq=2076 err=32
[ERR] seq=2077 err=16
[SEU] addr=20003150 bit=00000003
[SAMPLE QUEUE backup CORRUPTED] backup repaired
[SEU] addr=20003171 bit=00000005
[SEU] addr=2000317F bit=00000003
[SEU] addr=20003144 bit=00000006
[SAMPLE QUEUE CORRUPTED] primary repaired
[SEU] addr=200031A4 bit=00000006
[SEU] addr=200031B5 bit=00000005
[SEU] addr=200031B9 bit=00000005
[SEU] addr=2000318F bit=00000001
[ERR] seq=2123 err=200
[ERR] seq=2124 err=8
[ERR] seq=2125 err=8
[SEU] addr=20003195 bit=00000006
[ERR] seq=2127 err=2476
[ERR] seq=2128 err=192
[ERR] seq=2129 err=200
[ERR] seq=2130 err=24
[ERR] seq=2131 err=16
[SEU] addr=200031BA bit=00000003
[SEU] addr=20003150 bit=00000002
[SAMPLE QUEUE backup CORRUPTED] backup repaired
[SEU] addr=20003167 bit=00000000
[SEU] addr=200031B0 bit=00000003
[SEU] addr=20003178 bit=00000003
[SEU] addr=200031D2 bit=00000006
[SEU] addr=200031BD bit=00000003
[SEU] addr=2000316C bit=00000001
[SEU] addr=200031A4 bit=00000004
[SEU] addr=200031E4 bit=00000006
[SEU] addr=200031CB bit=00000001
[SEU] addr=200031E0 bit=00000000
[SEU] addr=2000318B bit=00000004
[SEU] addr=200031AD bit=00000006
[SEU] addr=20003160 bit=00000003
[CMD QUEUE backup CORRUPTED] backup repaired
[SEU] addr=20003155 bit=00000003
[CMD QUEUE CORRUPTED] primary repaired
[SEU] addr=200031E9 bit=00000005
[SEU] addr=200031EA bit=00000004
[SEU] addr=200031C0 bit=00000001
[SEU] addr=20003179 bit=00000007
[SEU] addr=2000318C bit=00000000
[ERR] seq=2236 err=40
[SEU] addr=200031DC bit=00000000
[SEU] addr=2000318C bit=00000001
[ERR] seq=2247 err=24
[SEU] addr=2000319D bit=00000003
[SEU] addr=2000319F bit=00000007
[SEU] addr=20003194 bit=00000004
[ERR] seq=2266 err=128
[ERR] seq=2267 err=8
[ERR] seq=2268 err=8
[SEU] addr=200031A7 bit=00000005
[SEU] addr=200031D1 bit=00000000
[SEU] addr=200031DD bit=00000006
[SEU] addr=200031E1 bit=00000004
[SEU] addr=200031AF bit=00000000
[SEU] addr=2000318C bit=00000004
[ERR] seq=2305 err=1288
[ERR] seq=2306 err=88
[ERR] seq=2307 err=88
[SEU] addr=2000317A bit=00000001
[SEU] addr=2000315A bit=00000007
[SEU] addr=200031A2 bit=00000006
[SEU] addr=20003162 bit=00000003
[SEU] addr=200031AB bit=00000006
[SEU] addr=200031B1 bit=00000003
[SEU] addr=20003157 bit=00000005
[CMD QUEUE CORRUPTED] primary repaired
[SEU] addr=2000318D bit=00000001
[ERR] seq=2348 err=2576
[ERR] seq=2349 err=192
[ERR] seq=2350 err=200
[ERR] seq=2351 err=16
[ERR] seq=2352 err=8
[SEU] addr=200031DA bit=00000005
[SEU] addr=200031C1 bit=00000004
[SEU] addr=2000317E bit=00000003
[SEU] addr=2000316C bit=00000002
[SEU] addr=200031B9 bit=00000006
[SEU] addr=20003151 bit=00000005
[SEU] addr=200031A4 bit=00000004
[SEU] addr=20003163 bit=00000001
[SEU] addr=20003169 bit=00000006
[SEU] addr=20003148 bit=00000004
[SAMPLE QUEUE CORRUPTED] primary repaired
[SEU] addr=200031E8 bit=00000004
[SEU] addr=200031E6 bit=00000003
[SEU] addr=20003191 bit=00000001
[ERR] seq=2419 err=2484
[ERR] seq=2420 err=192
[ERR] seq=2421 err=200
[ERR] seq=2422 err=24
[ERR] seq=2423 err=16
[SEU] addr=200031C3 bit=00000007
[SEU] addr=20003169 bit=00000004
[SEU] addr=200031BC bit=00000001
[SEU] addr=20003195 bit=00000004
[ERR] seq=2436 err=2508
[ERR] seq=2437 err=200
[ERR] seq=2438 err=216
[ERR] seq=2439 err=32
[SEU] addr=200031AF bit=00000000
[ERR] seq=2440 err=16
[SEU] addr=200031C7 bit=00000002
[SEU] addr=200031BC bit=00000004
[SEU] addr=20003199 bit=00000000
[ERR] seq=2457 err=2048
[ERR] seq=2458 err=160
[ERR] seq=2459 err=168
[ERR] seq=2460 err=16
[SEU] addr=2000318D bit=00000007
[ERR] seq=2461 err=424
[ERR] seq=2462 err=24
[ERR] seq=2463 err=24
[SEU] addr=200031DD bit=00000004
[SEU] addr=20003155 bit=00000002
[CMD QUEUE CORRUPTED] primary repaired
[SEU] addr=200031D0 bit=00000000
[SEU] addr=200031A8 bit=00000001
[SEU] addr=200031B4 bit=00000004
[SEU] addr=2000315D bit=00000000
[CMD QUEUE backup CORRUPTED] backup repaired
[SEU] addr=2000317D bit=00000000
[SEU] addr=200031BE bit=00000002
[SEU] addr=200031B4 bit=00000000
[SEU] addr=200031E8 bit=00000002
[SEU] addr=2000318C bit=00000006
[ERR] seq=2523 err=7472
[ERR] seq=2524 err=592
[SEU] addr=200031E6 bit=00000003
[ERR] seq=2525 err=632
[ERR] seq=2526 err=80
[ERR] seq=2527 err=40
[SEU] addr=2000319B bit=00000002
[ERR] seq=2530 err=2516
[SEU] addr=2000314F bit=00000007
[SAMPLE QUEUE backup CORRUPTED] backup repaired
[ERR] seq=2531 err=200
[ERR] seq=2532 err=216
[ERR] seq=2533 err=32
[ERR] seq=2534 err=16
[SEU] addr=200031C0 bit=00000003
[SEU] addr=200031BC bit=00000000
[SEU] addr=200031B7 bit=00000001
[SEU] addr=2000317A bit=00000006
[SEU] addr=200031C3 bit=00000002
[SEU] addr=20003162 bit=00000002
[SEU] addr=2000319E bit=00000006
[SEU] addr=20003194 bit=00000001
[ERR] seq=2580 err=16
[SEU] addr=200031A5 bit=00000003
[SEU] addr=20003179 bit=00000001
[SEU] addr=200031D2 bit=00000003
[SEU] addr=2000319C bit=00000000
[SEU] addr=20003162 bit=00000006
[SEU] addr=200031B1 bit=00000001
[SEU] addr=200031E5 bit=00000003
[SEU] addr=200031E6 bit=00000007
[SEU] addr=2000317F bit=00000006
[SEU] addr=2000317A bit=00000003
[SEU] addr=200031AE bit=00000007
[SEU] addr=200031A7 bit=00000004
[SEU] addr=200031C6 bit=00000003
[SEU] addr=20003158 bit=00000006
[CMD QUEUE CORRUPTED] primary repaired
[SEU] addr=20003184 bit=00000000
[SEU] addr=20003152 bit=00000002
[SEU] addr=2000316B bit=00000006
[SEU] addr=20003150 bit=00000000
[SAMPLE QUEUE backup CORRUPTED] backup repaired
[SEU] addr=200031B9 bit=00000001
[SEU] addr=2000317B bit=00000002
[SEU] addr=20003156 bit=00000002
[CMD QUEUE CORRUPTED] primary repaired
[SEU] addr=200031E4 bit=00000001
[SEU] addr=200031BE bit=00000002
[SEU] addr=200031AF bit=00000005
[SEU] addr=20003151 bit=00000004
[SEU] addr=2000317D bit=00000002
[SEU] addr=200031B6 bit=00000003
[SEU] addr=200031B0 bit=00000006
[SEU] addr=200031BC bit=00000005
[SEU] addr=200031D4 bit=00000004
[SEU] addr=20003165 bit=00000001
[SEU] addr=2000316A bit=00000000
[SEU] addr=2000319B bit=00000000
[ERR] seq=2771 err=2492
[ERR] seq=2772 err=192
[ERR] seq=2773 err=200
[ERR] seq=2774 err=24
[SEU] addr=20003150 bit=00000005
[SAMPLE QUEUE backup CORRUPTED] backup repaired
[ERR] seq=2775 err=16
[SEU] addr=200031B2 bit=00000007
[SEU] addr=20003186 bit=00000002
[SEU] addr=2000319B bit=00000007
[SEU] addr=20003160 bit=00000007
[CMD QUEUE backup CORRUPTED] backup repaired
[SEU] addr=2000314C bit=00000001
[SAMPLE QUEUE backup CORRUPTED] backup repaired
[SEU] addr=20003154 bit=00000007
[CMD QUEUE CORRUPTED] primary repaired
[SEU] addr=200031D9 bit=00000004
[SEU] addr=200031E4 bit=00000002
[SEU] addr=200031B4 bit=00000007
[SEU] addr=2000316A bit=00000005
[SEU] addr=2000317B bit=00000005
[SEU] addr=200031A8 bit=00000002
[SEU] addr=200031B3 bit=00000000
[SEU] addr=20003174 bit=00000002
[SEU] addr=2000315B bit=00000000
[SEU] addr=200031C1 bit=00000001
[SEU] addr=200031A4 bit=00000005
[SEU] addr=200031B0 bit=00000005
[SEU] addr=2000319C bit=00000001
[SEU] addr=200031E7 bit=00000000
[SEU] addr=200031DA bit=00000001
[SEU] addr=2000315E bit=00000000
[CMD QUEUE backup CORRUPTED] backup repaired
[SEU] addr=200031DA bit=00000006
[SEU] addr=2000315C bit=00000001
[CMD QUEUE backup CORRUPTED] backup repaired
[SEU] addr=200031CC bit=00000001
[SEU] addr=200031A6 bit=00000003
[SEU] addr=200031DF bit=00000007
[SEU] addr=20003154 bit=00000005
[CMD QUEUE CORRUPTED] primary repaired
[SEU] addr=20003172 bit=00000007
[SEU] addr=20003195 bit=00000001
[ERR] seq=2929 err=2516
[ERR] seq=2930 err=200
[ERR] seq=2931 err=216
[ERR] seq=2932 err=32
[ERR] seq=2933 err=16
[SEU] addr=200031A9 bit=00000007
[SEU] addr=20003173 bit=00000006
[SEU] addr=200031CC bit=00000001
[SEU] addr=2000315E bit=00000000
[CMD QUEUE backup CORRUPTED] backup repaired
[SEU] addr=200031B2 bit=00000002
[SEU] addr=200031DC bit=00000002
[SEU] addr=20003153 bit=00000006
[SEU] addr=20003160 bit=00000005
[CMD QUEUE backup CORRUPTED] backup repaired
[SEU] addr=200031A8 bit=00000007
[SEU] addr=200031CB bit=00000007
[SEU] addr=20003199 bit=00000000
[ERR] seq=2982 err=2048
[ERR] seq=2983 err=160
[ERR] seq=2984 err=168
[ERR] seq=2985 err=16
[ERR] seq=2986 err=8
[SEU] addr=200031AB bit=00000006
[SEU] addr=200031D0 bit=00000001
[SEU] addr=2000315F bit=00000003
[CMD QUEUE backup CORRUPTED] backup repaired
[SEU] addr=20003182 bit=00000006
[SEU] addr=200031C1 bit=00000002
[SEU] addr=200031D8 bit=00000007
[SEU] addr=20003168 bit=00000000
[SEU] addr=20003158 bit=00000004
[CMD QUEUE CORRUPTED] primary repaired
[SEU] addr=20003186 bit=00000001
[SEU] addr=20003191 bit=00000003
[ERR] seq=3036 err=2548
[ERR] seq=3037 err=200
[ERR] seq=3038 err=216
[ERR] seq=3039 err=32
[ERR] seq=3040 err=16
[SEU] addr=200031A8 bit=00000007
[SEU] addr=20003194 bit=00000006
[ERR] seq=3052 err=512
[ERR] seq=3053 err=40
[ERR] seq=3054 err=40
[SEU] addr=2000317F bit=00000006
[SEU] addr=200031A0 bit=00000002
[SEU] addr=200031B8 bit=00000006
[SEU] addr=200031E4 bit=00000002
[SEU] addr=200031BC bit=00000001
[SEU] addr=20003191 bit=00000005
[ERR] seq=3084 err=2452
[ERR] seq=3085 err=192
[ERR] seq=3086 err=200
[SEU] addr=2000319E bit=00000002
[ERR] seq=3087 err=24
[ERR] seq=3088 err=16
[SEU] addr=200031D0 bit=00000000
[SEU] addr=200031A9 bit=00000004
[SEU] addr=200031CB bit=00000000
[SEU] addr=200031A0 bit=00000004
[SEU] addr=200031A9 bit=00000006
[SEU] addr=2000319E bit=00000000
[SEU] addr=200031C1 bit=00000007
[SEU] addr=2000318A bit=00000002
[SEU] addr=2000316E bit=00000000
[SEU] addr=20003159 bit=00000007
[SEU] addr=200031D2 bit=00000006
[SEU] addr=20003173 bit=00000000
[SEU] addr=20003197 bit=00000000
[ERR] seq=3154 err=2492
[ERR] seq=3155 err=192
[ERR] seq=3156 err=200
[ERR] seq=3157 err=24
[ERR] seq=3158 err=16
[SEU] addr=200031B2 bit=00000007
[SEU] addr=200031BE bit=00000003
[SEU] addr=200031BA bit=00000006
[SEU] addr=200031A8 bit=00000002
[SEU] addr=200031BA bit=00000003
[SEU] addr=20003165 bit=00000005
[SEU] addr=2000315B bit=00000005
[SEU] addr=200031AB bit=00000004
[SEU] addr=200031A7 bit=00000000
[SEU] addr=200031AA bit=00000002
[SEU] addr=200031E3 bit=00000005
[SEU] addr=2000318A bit=00000007
[SEU] addr=20003166 bit=00000005
[SEU] addr=20003148 bit=00000006
[SAMPLE QUEUE CORRUPTED] primary repaired
[SEU] addr=20003174 bit=00000003
[SEU] addr=2000318D bit=00000006
[ERR] seq=3233 err=2040
[ERR] seq=3234 err=152
[ERR] seq=3235 err=152
[SEU] addr=20003155 bit=00000007
[CMD QUEUE CORRUPTED] primary repaired
[SEU] addr=2000315E bit=00000005
[CMD QUEUE backup CORRUPTED] backup repaired
[SEU] addr=200031D6 bit=00000000
[SEU] addr=200031DF bit=00000004
[SEU] addr=20003150 bit=00000006
[SAMPLE QUEUE backup CORRUPTED] backup repaired
[SEU] addr=2000318A bit=00000000
[SEU] addr=20003171 bit=00000003
[SEU] addr=200031C3 bit=00000001
[SEU] addr=200031DE bit=00000005
[SEU] addr=200031CD bit=00000002
[SEU] addr=200031A7 bit=00000001
[SEU] addr=2000318E bit=00000007
[ERR] seq=3303 err=11888
[ERR] seq=3304 err=936
[ERR] seq=3305 err=1000
[ERR] seq=3306 err=128
[ERR] seq=3307 err=64
[SEU] addr=20003172 bit=00000001
[SEU] addr=20003150 bit=00000000
[SAMPLE QUEUE backup CORRUPTED] backup repaired
[SEU] addr=20003158 bit=00000006
[CMD QUEUE CORRUPTED] primary repaired
[SEU] addr=200031D5 bit=00000007
[SEU] addr=20003147 bit=00000003
[SAMPLE QUEUE CORRUPTED] primary repaired
[SEU] addr=20003196 bit=00000006
[ERR] seq=3338 err=2500
[ERR] seq=3339 err=200
[ERR] seq=3340 err=216
[ERR] seq=3341 err=32
[ERR] seq=3342 err=16
[SEU] addr=200031B6 bit=00000003
[SEU] addr=200031CC bit=00000004
[SEU] addr=2000317C bit=00000001
[SEU] addr=2000319F bit=00000004
[SEU] addr=200031CD bit=00000003
[SEU] addr=200031B3 bit=00000007
[SEU] addr=200031DA bit=00000006
[SEU] addr=200031DD bit=00000000
[SEU] addr=20003159 bit=00000005
[SEU] addr=2000317F bit=00000002
[SEU] addr=200031B8 bit=00000007
[SEU] addr=200031DC bit=00000005
[SEU] addr=200031B4 bit=00000002
[SEU] addr=2000317F bit=00000006
[SEU] addr=20003192 bit=00000005
[ERR] seq=3434 err=2444
[ERR] seq=3435 err=192
[ERR] seq=3436 err=200
[ERR] seq=3437 err=24
[SEU] addr=200031D1 bit=00000001
[ERR] seq=3438 err=16
[SEU] addr=20003172 bit=00000001
[SEU] addr=20003158 bit=00000002
[CMD QUEUE CORRUPTED] primary repaired
[SEU] addr=200031DA bit=00000005
[SEU] addr=2000314F bit=00000003
[SAMPLE QUEUE backup CORRUPTED] backup repaired
[SEU] addr=200031B5 bit=00000006
[SEU] addr=200031DB bit=00000001
[SEU] addr=2000319D bit=00000007
[SEU] addr=2000314D bit=00000007
[SAMPLE QUEUE backup CORRUPTED] backup repaired
[SEU] addr=200031E4 bit=00000001
[SEU] addr=200031A1 bit=00000002
[SEU] addr=2000316E bit=00000002
[SEU] addr=200031AC bit=00000001
[SEU] addr=200031B0 bit=00000002
[SEU] addr=200031DB bit=00000007
[SEU] addr=20003155 bit=00000007
[CMD QUEUE CORRUPTED] primary repaired
[SEU] addr=200031B7 bit=00000000
[SEU] addr=200031E5 bit=00000000
[SEU] addr=200031CC bit=00000002
[SEU] addr=20003166 bit=00000006
[SEU] addr=20003163 bit=00000000
[SEU] addr=20003150 bit=00000003
[SAMPLE QUEUE backup CORRUPTED] backup repaired
[SEU] addr=200031B7 bit=00000006
[SEU] addr=20003146 bit=00000004
[SAMPLE QUEUE CORRUPTED] primary repaired
[SEU] addr=20003176 bit=00000005
[SEU] addr=200031E1 bit=00000007
[SEU] addr=2000315A bit=00000000
[SEU] addr=200031D2 bit=00000003
[SEU] addr=200031A5 bit=00000004
[SEU] addr=20003156 bit=00000001
[CMD QUEUE CORRUPTED] primary repaired
[SEU] addr=200031C1 bit=00000003
[SEU] addr=20003183 bit=00000000
[SEU] addr=200031D0 bit=00000001
[SEU] addr=20003145 bit=00000004
[SAMPLE QUEUE CORRUPTED] primary repaired
[SEU] addr=2000315A bit=00000000
[SEU] addr=20003182 bit=00000001
[SEU] addr=2000319F bit=00000007
[SEU] addr=20003171 bit=00000006
[SEU] addr=20003176 bit=00000006
[SEU] addr=200031CF bit=00000001
[SEU] addr=2000315D bit=00000000
[CMD QUEUE backup CORRUPTED] backup repaired
[SEU] addr=20003146 bit=00000006
[SAMPLE QUEUE CORRUPTED] primary repaired
[SEU] addr=20003180 bit=00000000
[SEU] addr=20003151 bit=00000000
[SEU] addr=200031A3 bit=00000006
[SEU] addr=20003185 bit=00000006
[SEU] addr=20003175 bit=00000002
[SEU] addr=20003178 bit=00000001
[SEU] addr=200031A7 bit=00000007
[SEU] addr=200031CA bit=00000002
[SEU] addr=2000317A bit=00000006
[SEU] addr=200031BB bit=00000004
[SEU] addr=200031C3 bit=00000000
[SEU] addr=200031C5 bit=00000002
[SEU] addr=20003149 bit=00000007
[SEU] addr=20003177 bit=00000001
[SEU] addr=20003150 bit=00000002
[SAMPLE QUEUE backup CORRUPTED] backup repaired
[SEU] addr=20003197 bit=00000003
[ERR] seq=3751 err=2524
[ERR] seq=3752 err=200
[ERR] seq=3753 err=216
[ERR] seq=3754 err=32
[SEU] addr=200031E3 bit=00000005
[ERR] seq=3755 err=16
[SEU] addr=200031C5 bit=00000005
[SEU] addr=20003190 bit=00000006
[ERR] seq=3760 err=512
[ERR] seq=3761 err=40
[ERR] seq=3762 err=40
[SEU] addr=200031E3 bit=00000004
[SEU] addr=200031EB bit=00000007
[SEU] addr=20003146 bit=00000000
[SAMPLE QUEUE CORRUPTED] primary repaired
[SEU] addr=200031AB bit=00000007
[SEU] addr=2000316D bit=00000003
[SEU] addr=20003153 bit=00000003
[SEU] addr=200031E1 bit=00000002
[SEU] addr=20003165 bit=00000004
[SEU] addr=200031D7 bit=00000005
[SEU] addr=200031D2 bit=00000005
[SEU] addr=20003196 bit=00000004
[ERR] seq=3824 err=2516
[ERR] seq=3825 err=200
[ERR] seq=3826 err=216
[ERR] seq=3827 err=32
[ERR] seq=3828 err=16
[SEU] addr=200031A9 bit=00000006
[SEU] addr=2000314D bit=00000000
[SAMPLE QUEUE backup CORRUPTED] backup repaired
[SEU] addr=2000316E bit=00000000
[SEU] addr=200031D0 bit=00000004
[SEU] addr=20003160 bit=00000002
[CMD QUEUE backup CORRUPTED] backup repaired
[SEU] addr=2000318C bit=00000005
[ERR] seq=3853 err=208
[ERR] seq=3854 err=8
[ERR] seq=3855 err=8
[SEU] addr=200031D7 bit=00000002
[SEU] addr=20003188 bit=00000007
[SEU] addr=200031DB bit=00000002
[SEU] addr=200031A9 bit=00000002
[SEU] addr=200031C4 bit=00000006
[SEU] addr=200031DE bit=00000000
[SEU] addr=200031B8 bit=00000001
[SEU] addr=200031E9 bit=00000001
[SEU] addr=2000319F bit=00000006
[SEU] addr=20003182 bit=00000005
[SEU] addr=20003197 bit=00000000
[ERR] seq=3914 err=2468
[ERR] seq=3915 err=192
[ERR] seq=3916 err=200
[ERR] seq=3917 err=24
[ERR] seq=3918 err=16
[SEU] addr=2000318E bit=00000001
[ERR] seq=3919 err=3464
[SEU] addr=200031BE bit=00000007
[ERR] seq=3920 err=264
[ERR] seq=3921 err=272
[ERR] seq=3922 err=16
[ERR] seq=3923 err=8
[SEU] addr=20003185 bit=00000004
[SEU] addr=20003183 bit=00000003
[SEU] addr=20003181 bit=00000005
[SEU] addr=20003148 bit=00000000
[SAMPLE QUEUE CORRUPTED] primary repaired
[SEU] addr=2000316F bit=00000001
[SEU] addr=200031E7 bit=00000002
[SEU] addr=200031DA bit=00000004
[SEU] addr=200031DE bit=00000005
[SEU] addr=20003162 bit=00000003
[SEU] addr=2000318A bit=00000002
[SEU] addr=200031E7 bit=00000001
[SEU] addr=20003196 bit=00000004
[ERR] seq=3979 err=2460
[ERR] seq=3980 err=192
[SEU] addr=20003196 bit=00000003
[ERR] seq=3981 err=2468
[ERR] seq=3982 err=200
[ERR] seq=3983 err=208
[SEU] addr=20003170 bit=00000000
[ERR] seq=3984 err=32
[ERR] seq=3985 err=16
[SEU] addr=200031EA bit=00000003
[SEU] addr=20003154 bit=00000005
[CMD QUEUE CORRUPTED] primary repaired
[SEU] addr=200031C6 bit=00000007
[SEU] addr=20003145 bit=00000000
[SAMPLE QUEUE CORRUPTED] primary repaired
[SEU] addr=200031B5 bit=00000003
[SEU] addr=20003198 bit=00000000
[ERR] seq=4012 err=8
[SEU] addr=200031B4 bit=00000007
[SEU] addr=200031D2 bit=00000002
[SEU] addr=200031E9 bit=00000006
[SEU] addr=200031AE bit=00000004
[SEU] addr=20003199 bit=00000002
[ERR] seq=4038 err=2492
[ERR] seq=4039 err=192
[SEU] addr=20003155 bit=00000003
[CMD QUEUE CORRUPTED] primary repaired
[ERR] seq=4040 err=200
[ERR] seq=4041 err=24
[ERR] seq=4042 err=16
[SEU] addr=20003181 bit=00000001
[SEU] addr=200031DB bit=00000001
[SEU] addr=200031B0 bit=00000002
[SEU] addr=200031E5 bit=00000006
[SEU] addr=2000317F bit=00000003
[SEU] addr=2000317A bit=00000003
[SEU] addr=200031E7 bit=00000004
[SEU] addr=200031B8 bit=00000005
[SEU] addr=200031C5 bit=00000006
[SEU] addr=200031C0 bit=00000006
[SEU] addr=20003166 bit=00000007
[SEU] addr=20003157 bit=00000005
[CMD QUEUE CORRUPTED] primary repaired
[SEU] addr=20003196 bit=00000003
[ERR] seq=4133 err=2532
[SEU] addr=20003174 bit=00000005
[ERR] seq=4134 err=200
[ERR] seq=4135 err=216
[ERR] seq=4136 err=32
[ERR] seq=4137 err=16
[SEU] addr=200031E0 bit=00000001
[SEU] addr=2000315B bit=00000004
[SEU] addr=2000319A bit=00000000
[ERR] seq=4157 err=2484
[ERR] seq=4158 err=192
[SEU] addr=200031D0 bit=00000002
[ERR] seq=4159 err=200
[ERR] seq=4160 err=24
[ERR] seq=4161 err=16
[SEU] addr=20003150 bit=00000007
[SAMPLE QUEUE backup CORRUPTED] backup repaired
[SEU] addr=200031BA bit=00000001
[SEU] addr=200031B4 bit=00000007
[SEU] addr=20003150 bit=00000005
[SAMPLE QUEUE backup CORRUPTED] backup repaired
[SEU] addr=20003198 bit=00000005
[ERR] seq=4179 err=256
[ERR] seq=4180 err=16
[ERR] seq=4181 err=16
[SEU] addr=200031A8 bit=00000003
[SEU] addr=20003192 bit=00000000
[ERR] seq=4190 err=2468
[ERR] seq=4191 err=192
[ERR] seq=4192 err=200
[ERR] seq=4193 err=24
[ERR] seq=4194 err=16
[SEU] addr=200031A4 bit=00000003
[SEU] addr=200031B1 bit=00000004
[SEU] addr=200031CD bit=00000006
[SEU] addr=200031E8 bit=00000005
[SEU] addr=200031BE bit=00000003
[SEU] addr=200031B6 bit=00000003
[SEU] addr=200031C4 bit=00000005
[SEU] addr=20003169 bit=00000002
[SEU] addr=20003192 bit=00000007
[ERR] seq=4232 err=2500
[ERR] seq=4233 err=200
[ERR] seq=4234 err=216
[ERR] seq=4235 err=32
[ERR] seq=4236 err=16
[SEU] addr=2000318D bit=00000001
[ERR] seq=4239 err=14248
[ERR] seq=4240 err=1136
[ERR] seq=4241 err=1208
[ERR] seq=4242 err=160
[ERR] seq=4243 err=88
[SEU] addr=2000318D bit=00000005
[ERR] seq=4248 err=4840
[ERR] seq=4249 err=376
[ERR] seq=4250 err=400
[ERR] seq=4251 err=48
[ERR] seq=4252 err=24
[SEU] addr=20003160 bit=00000003
[CMD QUEUE backup CORRUPTED] backup repaired
[SEU] addr=2000314A bit=00000000
[SEU] addr=200031A5 bit=00000001
[SEU] addr=200031D6 bit=00000003
[SEU] addr=200031C1 bit=00000005
[SEU] addr=200031CB bit=00000003
[SEU] addr=20003163 bit=00000003
[SEU] addr=20003166 bit=00000006
[SEU] addr=200031A5 bit=00000004
[SEU] addr=200031E0 bit=00000002
[SEU] addr=20003187 bit=00000001
[SEU] addr=2000315A bit=00000007
[SEU] addr=200031A6 bit=00000002
[SEU] addr=200031AB bit=00000000
[SEU] addr=20003163 bit=00000002
[SEU] addr=200031D8 bit=00000001
[SEU] addr=20003168 bit=00000005
[SEU] addr=2000314A bit=00000005
[SEU] addr=2000316E bit=00000001
[SEU] addr=200031CA bit=00000007
[SEU] addr=200031CC bit=00000000
[SEU] addr=200031A9 bit=00000000
[SEU] addr=200031B1 bit=00000002
[SEU] addr=20003145 bit=00000003
[SAMPLE QUEUE CORRUPTED] primary repaired
[SEU] addr=200031B4 bit=00000002
[SEU] addr=2000316B bit=00000003
[SEU] addr=20003166 bit=00000006
[SEU] addr=200031B4 bit=00000002
[SEU] addr=2000317B bit=00000004
[SEU] addr=20003159 bit=00000000
[SEU] addr=20003149 bit=00000003
[SEU] addr=200031CB bit=00000002
[SEU] addr=2000319B bit=00000005
[SEU] addr=200031A9 bit=00000003
[SEU] addr=20003172 bit=00000005
[SEU] addr=20003185 bit=00000006
[SEU] addr=200031CE bit=00000006
[SEU] addr=200031E6 bit=00000002
[SEU] addr=20003198 bit=00000001
[ERR] seq=4465 err=16
[SEU] addr=200031CE bit=00000003
[SEU] addr=2000315B bit=00000003
[SEU] addr=2000316C bit=00000006
[SEU] addr=200031CB bit=00000000
[SEU] addr=20003192 bit=00000001
[ERR] seq=4497 err=2444
[ERR] seq=4498 err=192
[ERR] seq=4499 err=200
[ERR] seq=4500 err=24
[ERR] seq=4501 err=16
[SEU] addr=200031C6 bit=00000004
[SEU] addr=2000318D bit=00000003
[ERR] seq=4514 err=7896
[ERR] seq=4515 err=624
[ERR] seq=4516 err=664
[ERR] seq=4517 err=80
[ERR] seq=4518 err=40
[SEU] addr=2000319A bit=00000004
[ERR] seq=4522 err=2484
[ERR] seq=4523 err=192
[ERR] seq=4524 err=200
[ERR] seq=4525 err=24
[ERR] seq=4526 err=16
[SEU] addr=20003153 bit=00000002
[SEU] addr=2000318B bit=00000007
[SEU] addr=2000317D bit=00000006
[SEU] addr=2000317A bit=00000001
[SEU] addr=200031CE bit=00000002
[SEU] addr=200031E5 bit=00000007
[SEU] addr=200031BB bit=00000000
[SEU] addr=20003159 bit=00000000
[SEU] addr=200031A2 bit=00000003
[SEU] addr=200031D6 bit=00000006
[SEU] addr=20003180 bit=00000000
[SEU] addr=200031A6 bit=00000001
[SEU] addr=200031D5 bit=00000003
[SEU] addr=200031AF bit=00000005
[SEU] addr=200031D5 bit=00000005
[SEU] addr=20003190 bit=00000000
[ERR] seq=4610 err=8
[SEU] addr=20003163 bit=00000003
[SEU] addr=200031A3 bit=00000000
[SEU] addr=20003158 bit=00000007
[CMD QUEUE CORRUPTED] primary repaired
[SEU] addr=20003167 bit=00000003
[SEU] addr=20003169 bit=00000004
[SEU] addr=2000315B bit=00000001
[SEU] addr=200031B1 bit=00000002
[SEU] addr=200031DD bit=00000004
[SEU] addr=200031AB bit=00000001
[SEU] addr=200031B0 bit=00000001
[SEU] addr=200031B8 bit=00000004
[SEU] addr=200031B5 bit=00000004
[SEU] addr=200031AA bit=00000004
[SEU] addr=200031A9 bit=00000005
[SEU] addr=200031BB bit=00000002
[SEU] addr=200031EB bit=00000001
[SEU] addr=2000318D bit=00000001
[ERR] seq=4680 err=3136
[ERR] seq=4681 err=240
[ERR] seq=4682 err=248
[ERR] seq=4683 err=16
[SEU] addr=2000314A bit=00000001
[ERR] seq=4684 err=8
[SEU] addr=200031A5 bit=00000000
[SEU] addr=200031EA bit=00000001
[SEU] addr=200031CB bit=00000003
[SEU] addr=200031DC bit=00000001
[SEU] addr=200031C7 bit=00000007
[SEU] addr=20003177 bit=00000002
[SEU] addr=2000319E bit=00000000
[SEU] addr=20003197 bit=00000000
[ERR] seq=4723 err=2476
[ERR] seq=4724 err=192
[ERR] seq=4725 err=200
[ERR] seq=4726 err=24
[ERR] seq=4727 err=16
[SEU] addr=2000316E bit=00000000
[SEU] addr=20003188 bit=00000004
[SEU] addr=200031DC bit=00000002
[SEU] addr=200031D7 bit=00000001
[SEU] addr=20003150 bit=00000004
[SAMPLE QUEUE backup CORRUPTED] backup repaired
[SEU] addr=20003152 bit=00000006
[SEU] addr=20003167 bit=00000000
[SEU] addr=20003152 bit=00000007
[SEU] addr=200031DD bit=00000006
[SEU] addr=20003150 bit=00000006
[SAMPLE QUEUE backup CORRUPTED] backup repaired
[SEU] addr=200031EB bit=00000007
[SEU] addr=200031C2 bit=00000007
[SEU] addr=200031B6 bit=00000001
[SEU] addr=20003161 bit=00000006
[SEU] addr=2000317D bit=00000001
[SEU] addr=200031D1 bit=00000006
[SEU] addr=2000318A bit=00000007
[SEU] addr=2000316A bit=00000002
[SEU] addr=2000314C bit=00000002
[SAMPLE QUEUE backup CORRUPTED] backup repaired
[SEU] addr=20003166 bit=00000001
[SEU] addr=20003196 bit=00000002
[ERR] seq=4836 err=2516
[ERR] seq=4837 err=200
[ERR] seq=4838 err=216
[ERR] seq=4839 err=32
[ERR] seq=4840 err=16
[SEU] addr=200031E5 bit=00000001
[SEU] addr=200031A4 bit=00000003
[SEU] addr=2000319A bit=00000004
[ERR] seq=4853 err=2484
[ERR] seq=4854 err=192
[ERR] seq=4855 err=200
[ERR] seq=4856 err=24
[ERR] seq=4857 err=16
[SEU] addr=200031BC bit=00000000
[SEU] addr=200031B2 bit=00000000
[SEU] addr=20003159 bit=00000006
[SEU] addr=200031A4 bit=00000002
[SEU] addr=200031D7 bit=00000001
[SEU] addr=20003159 bit=00000003
[SEU] addr=2000314C bit=00000002
[SAMPLE QUEUE backup CORRUPTED] backup repaired
[SEU] addr=2000318A bit=00000003
[SEU] addr=20003150 bit=00000006
[SAMPLE QUEUE backup CORRUPTED] backup repaired
[SEU] addr=200031AC bit=00000004
[SEU] addr=2000318D bit=00000002
[ERR] seq=4922 err=5112
[ERR] seq=4923 err=392
[ERR] seq=4924 err=416
[ERR] seq=4925 err=48
[ERR] seq=4926 err=24
[SEU] addr=200031E2 bit=00000007
[SEU] addr=200031E1 bit=00000000
[SEU] addr=200031C9 bit=00000006
[SEU] addr=20003168 bit=00000002
[SEU] addr=20003185 bit=00000006
[SEU] addr=20003154 bit=00000007
[CMD QUEUE CORRUPTED] primary repaired
[SEU] addr=20003146 bit=00000004
[SAMPLE QUEUE CORRUPTED] primary repaired
[SEU] addr=2000318E bit=00000003
[ERR] seq=4965 err=12328
[ERR] seq=4966 err=976
[ERR] seq=4967 err=1040
[SEU] addr=200031EA bit=00000001
[ERR] seq=4968 err=128
[ERR] seq=4969 err=64
[SEU] addr=20003177 bit=00000005
[SEU] addr=200031E7 bit=00000003
[SEU] addr=200031E9 bit=00000000
[SEU] addr=2000319C bit=00000000
[SEU] addr=20003195 bit=00000003
[ERR] seq=4994 err=2468
[ERR] seq=4995 err=192
[ERR] seq=4996 err=200
[ERR] seq=4997 err=24
[ERR] seq=4998 err=16
[SEU] addr=200031A9 bit=00000005
[SEU] addr=200031C4 bit=00000006
[SEU] addr=200031C2 bit=00000002
[SEU] addr=20003175 bit=00000005
[SEU] addr=200031C9 bit=00000002
[SEU] addr=2000319C bit=00000005
[SEU] addr=20003168 bit=00000006
[SEU] addr=2000315B bit=00000003
[SEU] addr=200031B2 bit=00000007
[SEU] addr=200031DA bit=00000001
[SEU] addr=200031AF bit=00000001
[SEU] addr=2000316E bit=00000003
[SEU] addr=20003191 bit=00000005
[ERR] seq=5073 err=2564
[ERR] seq=5074 err=200
[ERR] seq=5075 err=216
[ERR] seq=5076 err=32
[SEU] addr=2000314D bit=00000003
[SAMPLE QUEUE backup CORRUPTED] backup repaired
[ERR] seq=5077 err=16
[SEU] addr=200031AD bit=00000002
[SEU] addr=2000314C bit=00000004
[SAMPLE QUEUE backup CORRUPTED] backup repaired
[SEU] addr=200031D0 bit=00000003
[SEU] addr=20003152 bit=00000000
[SEU] addr=2000318F bit=00000004
[ERR] seq=5111 err=200
[ERR] seq=5112 err=8
[ERR] seq=5113 err=8
[SEU] addr=200031BA bit=00000001
[SEU] addr=20003173 bit=00000000
[SEU] addr=200031E9 bit=00000007
[SEU] addr=200031D6 bit=00000003
[SEU] addr=2000317E bit=00000006
[SEU] addr=200031C8 bit=00000003
[SEU] addr=200031C0 bit=00000006
[SEU] addr=20003172 bit=00000007
[SEU] addr=20003158 bit=00000000
[CMD QUEUE CORRUPTED] primary repaired
[SEU] addr=200031B7 bit=00000001
[SEU] addr=20003166 bit=00000005
[SEU] addr=2000317D bit=00000003
[SEU] addr=20003171 bit=00000002
[SEU] addr=200031C3 bit=00000007
[SEU] addr=200031CE bit=00000005
[SEU] addr=20003155 bit=00000004
[CMD QUEUE CORRUPTED] primary repaired
[SEU] addr=20003153 bit=00000003
[SEU] addr=20003191 bit=00000006
[ERR] seq=5229 err=2548
[ERR] seq=5230 err=200
[ERR] seq=5231 err=216
[ERR] seq=5232 err=32
[ERR] seq=5233 err=16
[SEU] addr=200031A1 bit=00000003
[SEU] addr=200031A3 bit=00000006
[SEU] addr=20003164 bit=00000006
[SEU] addr=20003163 bit=00000007
[SEU] addr=200031AC bit=00000006
[SEU] addr=20003167 bit=00000006
[SEU] addr=200031C1 bit=00000006
[SEU] addr=2000318B bit=00000004
[SEU] addr=200031DB bit=00000000
[SEU] addr=2000319A bit=00000001
[ERR] seq=5291 err=2492
[ERR] seq=5292 err=192
[ERR] seq=5293 err=200
[ERR] seq=5294 err=24
[SEU] addr=20003177 bit=00000007
[ERR] seq=5295 err=16
[SEU] addr=200031BD bit=00000001
[SEU] addr=200031BF bit=00000003
[SEU] addr=200031BB bit=00000006
[SEU] addr=2000315D bit=00000005
[CMD QUEUE backup CORRUPTED] backup repaired
[SEU] addr=20003186 bit=00000006
[SEU] addr=200031CB bit=00000004
[SEU] addr=200031A8 bit=00000007
[SEU] addr=200031D2 bit=00000002
[SEU] addr=200031A7 bit=00000001
[SEU] addr=20003169 bit=00000004
[SEU] addr=20003196 bit=00000005
[ERR] seq=5358 err=2476
[ERR] seq=5359 err=192
[ERR] seq=5360 err=200
[ERR] seq=5361 err=24
[SEU] addr=200031D9 bit=00000007
[ERR] seq=5362 err=16
[SEU] addr=20003152 bit=00000002
[SEU] addr=20003191 bit=00000000
[ERR] seq=5367 err=2048
[ERR] seq=5368 err=160
[SEU] addr=20003149 bit=00000007
[ERR] seq=5369 err=168
[ERR] seq=5370 err=16
[ERR] seq=5371 err=8
[SEU] addr=2000314C bit=00000001
[SAMPLE QUEUE backup CORRUPTED] backup repaired
[SEU] addr=2000319D bit=00000002
[SEU] addr=200031A8 bit=00000000
[SEU] addr=2000316C bit=00000007
[SEU] addr=20003158 bit=00000002
[CMD QUEUE CORRUPTED] primary repaired
[SEU] addr=200031E6 bit=00000001
[SEU] addr=2000315E bit=00000000
[CMD QUEUE backup CORRUPTED] backup repaired
[SEU] addr=200031E1 bit=00000002
[SEU] addr=200031DA bit=00000005
[SEU] addr=200031D4 bit=00000007
[SEU] addr=200031B9 bit=00000005
[SEU] addr=200031E9 bit=00000000
[SEU] addr=20003160 bit=00000007
[CMD QUEUE backup CORRUPTED] backup repaired
[SEU] addr=20003147 bit=00000001
[SAMPLE QUEUE CORRUPTED] primary repaired
[SEU] addr=2000315A bit=00000002
[SEU] addr=2000317C bit=00000001
[SEU] addr=200031D5 bit=00000003
[SEU] addr=200031E5 bit=00000007
[SEU] addr=2000316F bit=00000003
[SEU] addr=20003160 bit=00000005
[CMD QUEUE backup CORRUPTED] backup repaired
[SEU] addr=20003191 bit=00000007
[ERR] seq=5479 err=2516
[ERR] seq=5480 err=200
[ERR] seq=5481 err=216
[ERR] seq=5482 err=32
[ERR] seq=5483 err=16
[SEU] addr=2000314F bit=00000000
[SAMPLE QUEUE backup CORRUPTED] backup repaired
[SEU] addr=200031AB bit=00000006
[SEU] addr=2000314C bit=00000000
[SAMPLE QUEUE backup CORRUPTED] backup repaired
[SEU] addr=200031B4 bit=00000003
[SEU] addr=20003147 bit=00000001
[SAMPLE QUEUE CORRUPTED] primary repaired
[SEU] addr=20003172 bit=00000000
[SEU] addr=200031D2 bit=00000004
[SEU] addr=200031D5 bit=00000002
[SEU] addr=20003174 bit=00000002
[SEU] addr=2000314D bit=00000005
[SAMPLE QUEUE backup CORRUPTED] backup repaired
[SEU] addr=200031C8 bit=00000004
[SEU] addr=2000314B bit=00000000
[SEU] addr=200031AC bit=00000003
[SEU] addr=200031D2 bit=00000003
[SEU] addr=200031CF bit=00000001
[SEU] addr=2000316B bit=00000000
[SEU] addr=2000314E bit=00000005
[SAMPLE QUEUE backup CORRUPTED] backup repaired
[SEU] addr=2000317F bit=00000005
[SEU] addr=20003184 bit=00000003
[SEU] addr=2000316B bit=00000007
[SEU] addr=2000317B bit=00000000
[SEU] addr=20003177 bit=00000006
[SEU] addr=200031E6 bit=00000007
[SEU] addr=20003194 bit=00000005
[ERR] seq=5629 err=256
[ERR] seq=5630 err=16
[ERR] seq=5631 err=16
[SEU] addr=2000314B bit=00000006
[SEU] addr=20003165 bit=00000001
[SEU] addr=20003193 bit=00000006
[SEU] addr=200031C7 bit=00000002
[SEU] addr=200031DB bit=00000004
[SEU] addr=2000317C bit=00000000
[SEU] addr=20003177 bit=00000006
[SEU] addr=200031CE bit=00000004
[SEU] addr=200031CC bit=00000004
[SEU] addr=200031C0 bit=00000003
[SEU] addr=200031E6 bit=00000002
[SEU] addr=2000317F bit=00000005
[SEU] addr=20003152 bit=00000003
[SEU] addr=200031DF bit=00000001
[SEU] addr=200031DF bit=00000003
[SEU] addr=200031B5 bit=00000005
[SEU] addr=20003185 bit=00000000
[SEU] addr=200031DE bit=00000005
[SEU] addr=20003165 bit=00000000
[SEU] addr=20003186 bit=00000002
[SEU] addr=200031E4 bit=00000000
[SEU] addr=200031C2 bit=00000001
[SEU] addr=2000318C bit=00000003
[ERR] seq=5768 err=1112
[SEU] addr=200031E2 bit=00000006
[ERR] seq=5769 err=88
[ERR] seq=5770 err=88
[SEU] addr=200031C2 bit=00000005
[SEU] addr=200031BB bit=00000003
[SEU] addr=20003160 bit=00000005
[CMD QUEUE backup CORRUPTED] backup repaired
[SEU] addr=200031C6 bit=00000000
[SEU] addr=2000317F bit=00000007
[SEU] addr=200031E6 bit=00000004
[SEU] addr=2000317A bit=00000007
[SEU] addr=20003145 bit=00000007
[SAMPLE QUEUE CORRUPTED] primary repaired
[SEU] addr=20003157 bit=00000005
[CMD QUEUE CORRUPTED] primary repaired
[SEU] addr=200031A8 bit=00000004
[SEU] addr=200031E5 bit=00000003
[SEU] addr=20003168 bit=00000005
[SEU] addr=2000318F bit=00000003
[ERR] seq=5840 err=16
[SEU] addr=200031B3 bit=00000006
[SEU] addr=200031A8 bit=00000004
[SEU] addr=20003164 bit=00000007
[SEU] addr=20003175 bit=00000007
[SEU] addr=2000314E bit=00000000
[SAMPLE QUEUE backup CORRUPTED] backup repaired
[SEU] addr=2000319D bit=00000000
[SEU] addr=20003161 bit=00000004
[SEU] addr=20003177 bit=00000000
[SEU] addr=20003167 bit=00000006
[SEU] addr=2000316C bit=00000003
[SEU] addr=200031AB bit=00000003
[SEU] addr=200031D0 bit=00000002
[SEU] addr=200031D7 bit=00000002
[SEU] addr=200031A7 bit=00000004
[SEU] addr=200031DD bit=00000001
[SEU] addr=200031AA bit=00000000
[SEU] addr=20003180 bit=00000003
[SEU] addr=200031DF bit=00000000
[SEU] addr=2000316E bit=00000002
[SEU] addr=200031BC bit=00000003
[SEU] addr=200031AF bit=00000002
[SEU] addr=20003183 bit=00000002
[SEU] addr=20003179 bit=00000003
[SEU] addr=20003172 bit=00000000
[SEU] addr=2000317E bit=00000005
[SEU] addr=200031A3 bit=00000005
[SEU] addr=200031A0 bit=00000006
[SEU] addr=2000314F bit=00000002
[SAMPLE QUEUE backup CORRUPTED] backup repaired
[SEU] addr=200031C5 bit=00000004
[SEU] addr=200031DD bit=00000006
[SEU] addr=200031C4 bit=00000003
[SEU] addr=200031BF bit=00000003
[SEU] addr=200031A3 bit=00000004
[SEU] addr=200031D7 bit=00000001
[SEU] addr=2000314A bit=00000007
[SEU] addr=200031E1 bit=00000003
[SEU] addr=20003188 bit=00000005
[SEU] addr=20003188 bit=00000005
[SEU] addr=200031C1 bit=00000006
[SEU] addr=200031AE bit=00000004
[SEU] addr=200031D2 bit=00000004
[SEU] addr=200031AD bit=00000001
[SEU] addr=2000316F bit=00000004
[SEU] addr=20003175 bit=00000007
[SEU] addr=200031C5 bit=00000001
[SEU] addr=200031D0 bit=00000002
[SEU] addr=200031E2 bit=00000007
[SEU] addr=20003182 bit=00000003
[SEU] addr=200031D6 bit=00000002
[SEU] addr=20003163 bit=00000007
[SEU] addr=2000314E bit=00000000
[SAMPLE QUEUE backup CORRUPTED] backup repaired
[SEU] addr=200031B9 bit=00000004
[SEU] addr=200031A6 bit=00000001
[SEU] addr=200031E3 bit=00000002
[SEU] addr=200031CB bit=00000000
[SEU] addr=200031E5 bit=00000006
[SEU] addr=200031D2 bit=00000006
[SEU] addr=200031C2 bit=00000004
[SEU] addr=200031A9 bit=00000002
[SEU] addr=20003173 bit=00000002
[SEU] addr=200031D2 bit=00000004
[SEU] addr=200031B9 bit=00000004
[SEU] addr=20003152 bit=00000001
[SEU] addr=200031E0 bit=00000000
[SEU] addr=200031C0 bit=00000003
[SEU] addr=20003163 bit=00000006
[SEU] addr=200031A6 bit=00000007
[SEU] addr=2000315F bit=00000000
[CMD QUEUE backup CORRUPTED] backup repaired
[SEU] addr=200031A4 bit=00000006
[SEU] addr=200031B5 bit=00000003
[SEU] addr=200031E8 bit=00000006
[SEU] addr=2000316E bit=00000006
[SEU] addr=20003185 bit=00000004
[SEU] addr=200031AD bit=00000002
[SEU] addr=200031BF bit=00000003
[SEU] addr=20003170 bit=00000004
[SEU] addr=20003165 bit=00000002
[SEU] addr=200031D1 bit=00000007
[SEU] addr=20003180 bit=00000004
[SEU] addr=20003147 bit=00000003
[SAMPLE QUEUE CORRUPTED] primary repaired
[SEU] addr=20003151 bit=00000000
[SEU] addr=200031BB bit=00000004
[SEU] addr=200031C5 bit=00000000
[SEU] addr=2000317A bit=00000001
[SEU] addr=20003173 bit=00000004
[SEU] addr=200031A5 bit=00000001
[SEU] addr=2000317D bit=00000004
[SEU] addr=20003152 bit=00000000
[SEU] addr=2000314E bit=00000001
[SAMPLE QUEUE backup CORRUPTED] backup repaired
[SEU] addr=20003146 bit=00000003
[SAMPLE QUEUE CORRUPTED] primary repaired
[SEU] addr=20003171 bit=00000003
[SEU] addr=2000316E bit=00000005
[SEU] addr=20003173 bit=00000004
[SEU] addr=200031C4 bit=00000001
[SEU] addr=2000316E bit=00000002
[SEU] addr=200031D6 bit=00000006
[SEU] addr=20003177 bit=00000002
[SEU] addr=20003198 bit=00000000
[ERR] seq=6394 err=8
[SEU] addr=200031A3 bit=00000006
[SEU] addr=20003181 bit=00000006
[SEU] addr=2000317A bit=00000003
[SEU] addr=2000316F bit=00000003
[SEU] addr=200031D8 bit=00000000
[SEU] addr=20003170 bit=00000001
[SEU] addr=200031DF bit=00000001
[SEU] addr=20003185 bit=00000005
[SEU] addr=2000314E bit=00000002
[SAMPLE QUEUE backup CORRUPTED] backup repaired
[SEU] addr=200031A0 bit=00000003
[SEU] addr=20003194 bit=00000000
[ERR] seq=6460 err=8
[SEU] addr=2000318B bit=00000000
[SEU] addr=200031A9 bit=00000004
[SEU] addr=20003144 bit=00000006
[SAMPLE QUEUE CORRUPTED] primary repaired
[SEU] addr=200031D7 bit=00000006
[SEU] addr=20003156 bit=00000003
[CMD QUEUE CORRUPTED] primary repaired
[SEU] addr=200031A1 bit=00000005
[SEU] addr=2000316A bit=00000004
[SEU] addr=20003149 bit=00000002
[SEU] addr=20003199 bit=00000006
[ERR] seq=6508 err=2532
[ERR] seq=6509 err=200
[ERR] seq=6510 err=216
[ERR] seq=6511 err=32
[SEU] addr=2000315E bit=00000003
[CMD QUEUE backup CORRUPTED] backup repaired
[ERR] seq=6512 err=16
[SEU] addr=20003193 bit=00000005
[SEU] addr=200031AE bit=00000006
[SEU] addr=20003183 bit=00000004
[SEU] addr=2000314D bit=00000004
[SAMPLE QUEUE backup CORRUPTED] backup repaired
[SEU] addr=200031E8 bit=00000002
[SEU] addr=200031D0 bit=00000000
[SEU] addr=20003181 bit=00000005
[SEU] addr=200031BF bit=00000002
[SEU] addr=20003184 bit=00000005
[SEU] addr=200031C4 bit=00000002
[SEU] addr=20003162 bit=00000001
[SEU] addr=20003182 bit=00000006
[SEU] addr=2000319B bit=00000005
[SEU] addr=20003169 bit=00000005
[SEU] addr=200031CC bit=00000004
[SEU] addr=200031B3 bit=00000001
[SEU] addr=200031CD bit=00000003
[SEU] addr=2000314D bit=00000000
[SAMPLE QUEUE backup CORRUPTED] backup repaired
[SEU] addr=20003148 bit=00000003
[SAMPLE QUEUE CORRUPTED] primary repaired
[SEU] addr=200031BC bit=00000006
[SEU] addr=200031C6 bit=00000006
[SEU] addr=200031C9 bit=00000007
[SEU] addr=200031A4 bit=00000002
[SEU] addr=200031E0 bit=00000006
[SEU] addr=200031D0 bit=00000000
[SEU] addr=200031C1 bit=00000002
[SEU] addr=200031DC bit=00000003
[SEU] addr=200031D8 bit=00000000
[SEU] addr=20003162 bit=00000004
[SEU] addr=20003146 bit=00000002
[SAMPLE QUEUE CORRUPTED] primary repaired
[SEU] addr=2000316F bit=00000002
[SEU] addr=20003144 bit=00000006
[SAMPLE QUEUE CORRUPTED] primary repaired
[SEU] addr=20003179 bit=00000002
[SEU] addr=200031CF bit=00000004
[SEU] addr=2000316D bit=00000000
[SEU] addr=20003167 bit=00000002
[SEU] addr=20003146 bit=00000007
[SAMPLE QUEUE CORRUPTED] primary repaired
[SEU] addr=200031AC bit=00000003
[SEU] addr=200031E8 bit=00000006
[SEU] addr=200031BF bit=00000003
[SEU] addr=2000317E bit=00000000
[SEU] addr=200031E7 bit=00000002
[SEU] addr=20003176 bit=00000001
[SEU] addr=200031BB bit=00000004
[SEU] addr=20003178 bit=00000006
[SEU] addr=2000316D bit=00000003
[SEU] addr=20003169 bit=00000002
[SEU] addr=2000318B bit=00000006
[SEU] addr=20003185 bit=00000003
[SEU] addr=2000318F bit=00000002
[ERR] seq=6770 err=12600
[ERR] seq=6771 err=992
[SEU] addr=2000315C bit=00000000
[CMD QUEUE backup CORRUPTED] backup repaired
[ERR] seq=6772 err=1056
[ERR] seq=6773 err=128
[ERR] seq=6774 err=64
[SEU] addr=2000316F bit=00000005
[SEU] addr=20003171 bit=00000002
[SEU] addr=200031B8 bit=00000001
[SEU] addr=200031BB bit=00000003
[SEU] addr=200031CE bit=00000004
[SEU] addr=200031EA bit=00000000
[SEU] addr=200031BB bit=00000003
[SEU] addr=2000315F bit=00000003
[CMD QUEUE backup CORRUPTED] backup repaired
[SEU] addr=200031D7 bit=00000000
[SEU] addr=200031DE bit=00000001
[SEU] addr=200031AA bit=00000007
[SEU] addr=200031E2 bit=00000000
[SEU] addr=20003165 bit=00000000
[SEU] addr=2000314B bit=00000000
[SEU] addr=20003177 bit=00000000
[SEU] addr=200031D4 bit=00000004
[SEU] addr=2000314C bit=00000003
[SAMPLE QUEUE backup CORRUPTED] backup repaired
[SEU] addr=200031D6 bit=00000002
[SEU] addr=20003197 bit=00000002
[ERR] seq=6887 err=2476
[ERR] seq=6888 err=192
[ERR] seq=6889 err=200
[ERR] seq=6890 err=24
[ERR] seq=6891 err=16
[SEU] addr=20003160 bit=00000003
[CMD QUEUE backup CORRUPTED] backup repaired
[SEU] addr=20003199 bit=00000000
[ERR] seq=6903 err=2048
[ERR] seq=6904 err=160
[ERR] seq=6905 err=168
[ERR] seq=6906 err=16
[ERR] seq=6907 err=8
[SEU] addr=20003167 bit=00000003
[SEU] addr=200031D2 bit=00000005
[SEU] addr=200031B9 bit=00000005
[SEU] addr=200031A2 bit=00000000
[SEU] addr=20003156 bit=00000002
[CMD QUEUE CORRUPTED] primary repaired
[SEU] addr=20003178 bit=00000001
[SEU] addr=200031C8 bit=00000004
[SEU] addr=20003177 bit=00000004
[SEU] addr=2000319C bit=00000002
[SEU] addr=2000319D bit=00000006
[SEU] addr=20003149 bit=00000000
[SEU] addr=2000317F bit=00000002
[SEU] addr=2000315F bit=00000005
[CMD QUEUE backup CORRUPTED] backup repaired
[SEU] addr=2000319C bit=00000001
[SEU] addr=200031B4 bit=00000007
[SEU] addr=2000316A bit=00000003
[SEU] addr=2000318E bit=00000000
[ERR] seq=6988 err=1552
[ERR] seq=6989 err=112
[ERR] seq=6990 err=112
[SEU] addr=2000319B bit=00000002
[ERR] seq=6995 err=2484
[ERR] seq=6996 err=192
[SEU] addr=200031A2 bit=00000001
[ERR] seq=6997 err=200
[ERR] seq=6998 err=24
[ERR] seq=6999 err=16
[SEU] addr=200031D3 bit=00000002
[SEU] addr=200031C8 bit=00000005
[SEU] addr=2000317B bit=00000007
[SEU] addr=2000317F bit=00000002
[SEU] addr=2000314C bit=00000004
[SAMPLE QUEUE backup CORRUPTED] backup repaired
[SEU] addr=20003186 bit=00000002
[SEU] addr=20003178 bit=00000002
[SEU] addr=200031B5 bit=00000001
[SEU] addr=200031D0 bit=00000007
[SEU] addr=2000317D bit=00000000
[SEU] addr=20003149 bit=00000000
[SEU] addr=20003152 bit=00000000
[SEU] addr=20003149 bit=00000001
[SEU] addr=20003144 bit=00000005
[SAMPLE QUEUE CORRUPTED] primary repaired
[SEU] addr=20003197 bit=00000002
[ERR] seq=7069 err=2524
[ERR] seq=7070 err=200
[ERR] seq=7071 err=216
[ERR] seq=7072 err=32
[SEU] addr=2000318D bit=00000006
[ERR] seq=7073 err=10696
[ERR] seq=7074 err=848
[ERR] seq=7075 err=904
[ERR] seq=7076 err=112
[SEU] addr=20003160 bit=00000002
[CMD QUEUE backup CORRUPTED] backup repaired
[ERR] seq=7077 err=56
[SEU] addr=200031A7 bit=00000003
[SEU] addr=200031BE bit=00000000
[SEU] addr=200031BE bit=00000001
[SEU] addr=20003151 bit=00000001
[SEU] addr=200031C0 bit=00000004
[SEU] addr=200031DC bit=00000000
[SEU] addr=200031AB bit=00000000
[SEU] addr=200031D3 bit=00000004
[SEU] addr=2000319F bit=00000005
[SEU] addr=20003198 bit=00000006
[ERR] seq=7138 err=512
[SEU] addr=200031D5 bit=00000000
[ERR] seq=7139 err=40
[ERR] seq=7140 err=40
[SEU] addr=20003199 bit=00000002
[ERR] seq=7142 err=2492
[SEU] addr=2000316A bit=00000004
[ERR] seq=7143 err=192
[ERR] seq=7144 err=200
[ERR] seq=7145 err=24
[ERR] seq=7146 err=16
[SEU] addr=2000316A bit=00000005
[SEU] addr=20003198 bit=00000000
[ERR] seq=7154 err=8
[SEU] addr=200031DE bit=00000003
[SEU] addr=2000319B bit=00000000
[ERR] seq=7164 err=2524
[ERR] seq=7165 err=200
[ERR] seq=7166 err=216
[ERR] seq=7167 err=32
[ERR] seq=7168 err=16
[SEU] addr=20003145 bit=00000002
[SAMPLE QUEUE CORRUPTED] primary repaired
[SEU] addr=20003194 bit=00000007
[ERR] seq=7171 err=1024
[ERR] seq=7172 err=80
[ERR] seq=7173 err=80
[SEU] addr=200031C3 bit=00000005
[SEU] addr=2000317E bit=00000005
[SEU] addr=20003161 bit=00000006
[SEU] addr=200031E2 bit=00000007
[SEU] addr=2000318F bit=00000001
[ERR] seq=7197 err=5712
[ERR] seq=7198 err=448
[ERR] seq=7199 err=472
[ERR] seq=7200 err=48
[ERR] seq=7201 err=24
[SEU] addr=200031AC bit=00000007
[SEU] addr=20003172 bit=00000000
[SEU] addr=20003147 bit=00000000
[SAMPLE QUEUE CORRUPTED] primary repaired
[SEU] addr=2000318E bit=00000003
[ERR] seq=7229 err=704
[ERR] seq=7230 err=40
[ERR] seq=7231 err=40
[SEU] addr=20003175 bit=00000001
[SEU] addr=20003178 bit=00000006
[SEU] addr=20003170 bit=00000004
[SEU] addr=20003186 bit=00000004
[SEU] addr=20003181 bit=00000004
[SEU] addr=2000315E bit=00000000
[CMD QUEUE backup CORRUPTED] backup repaired
[SEU] addr=20003148 bit=00000005
[SAMPLE QUEUE CORRUPTED] primary repaired
[SEU] addr=200031E0 bit=00000003
[SEU] addr=20003154 bit=00000001
[CMD QUEUE CORRUPTED] primary repaired
[SEU] addr=200031A3 bit=00000001
[SEU] addr=2000319F bit=00000001
[SEU] addr=200031CC bit=00000003
[SEU] addr=200031A9 bit=00000002
[SEU] addr=200031C7 bit=00000003
[SEU] addr=20003159 bit=00000000
[SEU] addr=20003149 bit=00000007
[SEU] addr=20003159 bit=00000000
[SEU] addr=200031B6 bit=00000003
[SEU] addr=2000315A bit=00000007
[SEU] addr=200031DA bit=00000005
[SEU] addr=20003145 bit=00000005
[SAMPLE QUEUE CORRUPTED] primary repaired
[SEU] addr=200031B7 bit=00000001
[SEU] addr=200031A4 bit=00000000
[SEU] addr=200031DC bit=00000000
[SEU] addr=20003190 bit=00000004
[ERR] seq=7385 err=128
[ERR] seq=7386 err=8
[ERR] seq=7387 err=8
[SEU] addr=200031E1 bit=00000002
[SEU] addr=200031AE bit=00000006
[SEU] addr=2000318A bit=00000007
[SEU] addr=200031B5 bit=00000004
[SEU] addr=200031B0 bit=00000003
[SEU] addr=2000318B bit=00000001
[SEU] addr=2000315F bit=00000004
[CMD QUEUE backup CORRUPTED] backup repaired
[SEU] addr=2000319B bit=00000002
[ERR] seq=7443 err=2492
[ERR] seq=7444 err=192
[ERR] seq=7445 err=200
[SEU] addr=200031DC bit=00000003
[ERR] seq=7446 err=24
[ERR] seq=7447 err=16
[SEU] addr=2000315A bit=00000006
[SEU] addr=2000316D bit=00000004
[SEU] addr=200031A2 bit=00000003
[SEU] addr=20003191 bit=00000003
[ERR] seq=7469 err=2508
[ERR] seq=7470 err=200
[ERR] seq=7471 err=216
[ERR] seq=7472 err=32
[SEU] addr=20003180 bit=00000005
[ERR] seq=7473 err=16
[SEU] addr=2000319B bit=00000001
[ERR] seq=7475 err=2500
[ERR] seq=7476 err=200
[ERR] seq=7477 err=216
[ERR] seq=7478 err=32
[ERR] seq=7479 err=16
[SEU] addr=200031A3 bit=00000000
[SEU] addr=200031CF bit=00000000
[SEU] addr=200031B9 bit=00000000
[SEU] addr=200031D3 bit=00000007
[SEU] addr=200031D0 bit=00000003
[SEU] addr=20003166 bit=00000007
[SEU] addr=2000316F bit=00000007
[SEU] addr=200031AB bit=00000007
[SEU] addr=20003146 bit=00000002
[SAMPLE QUEUE CORRUPTED] primary repaired
[SEU] addr=200031BD bit=00000002
[SEU] addr=2000315C bit=00000003
[CMD QUEUE backup CORRUPTED] backup repaired
[SEU] addr=2000319E bit=00000001
[SEU] addr=20003164 bit=00000000
[SEU] addr=200031EB bit=00000001
[SEU] addr=200031AB bit=00000003
[SEU] addr=200031B5 bit=00000003
[SEU] addr=2000318C bit=00000007
[ERR] seq=7554 err=4800
[ERR] seq=7555 err=376
[ERR] seq=7556 err=400
[ERR] seq=7557 err=48
[SEU] addr=2000314F bit=00000007
[SAMPLE QUEUE backup CORRUPTED] backup repaired
[ERR] seq=7558 err=24
[SEU] addr=20003187 bit=00000003
[SEU] addr=200031CD bit=00000002
[SEU] addr=20003149 bit=00000005
[SEU] addr=200031D8 bit=00000004
[SEU] addr=200031AF bit=00000005
[SEU] addr=200031C6 bit=00000001
[SEU] addr=200031DD bit=00000007
[SEU] addr=2000318F bit=00000000
[ERR] seq=7597 err=3200
[ERR] seq=7598 err=240
[ERR] seq=7599 err=248
[ERR] seq=7600 err=16
[ERR] seq=7601 err=8
[SEU] addr=200031AB bit=00000006
[SEU] addr=200031C2 bit=00000006
[SEU] addr=200031C5 bit=00000002
[SEU] addr=20003148 bit=00000002
[SAMPLE QUEUE CORRUPTED] primary repaired
[SEU] addr=20003196 bit=00000005
[ERR] seq=7625 err=2484
[ERR] seq=7626 err=192
[ERR] seq=7627 err=200
[ERR] seq=7628 err=24
[ERR] seq=7629 err=16
[SEU] addr=20003155 bit=00000002
[CMD QUEUE CORRUPTED] primary repaired
[SEU] addr=200031D3 bit=00000000
[SEU] addr=20003169 bit=00000003
[SEU] addr=200031CD bit=00000003
[SEU] addr=200031B6 bit=00000003
[SEU] addr=200031DA bit=00000001
[SEU] addr=2000314F bit=00000004
[SAMPLE QUEUE backup CORRUPTED] backup repaired
[SEU] addr=20003144 bit=00000003
[SAMPLE QUEUE CORRUPTED] primary repaired
[SEU] addr=200031DF bit=00000004
[SEU] addr=20003180 bit=00000006
[SEU] addr=200031EB bit=00000003
[SEU] addr=200031A1 bit=00000003
[SEU] addr=200031BE bit=00000004
[SEU] addr=200031A6 bit=00000006
[SEU] addr=20003166 bit=00000001
[SEU] addr=20003178 bit=00000001
[SEU] addr=20003184 bit=00000002
[SEU] addr=2000319C bit=00000004
[SEU] addr=200031C8 bit=00000000
[SEU] addr=200031CE bit=00000003
[SEU] addr=200031B8 bit=00000007
[SEU] addr=2000315B bit=00000006
[SEU] addr=2000319E bit=00000007
[SEU] addr=20003198 bit=00000005
[ERR] seq=7733 err=256
[ERR] seq=7734 err=16
[SEU] addr=20003155 bit=00000005
[CMD QUEUE CORRUPTED] primary repaired
[ERR] seq=7735 err=16
[SEU] addr=20003181 bit=00000006
[SEU] addr=2000315B bit=00000006
[SEU] addr=200031E2 bit=00000001
[SEU] addr=2000316C bit=00000005
[SEU] addr=20003195 bit=00000001
[ERR] seq=7769 err=2524
[ERR] seq=7770 err=200
[ERR] seq=7771 err=216
[ERR] seq=7772 err=32
[ERR] seq=7773 err=16
[SEU] addr=200031E1 bit=00000006
[SEU] addr=200031B2 bit=00000000
[SEU] addr=2000314A bit=00000002
[SEU] addr=2000314C bit=00000001
[SAMPLE QUEUE backup CORRUPTED] backup repaired
[SEU] addr=200031DA bit=00000002
[SEU] addr=20003192 bit=00000000
[ERR] seq=7807 err=2476
[ERR] seq=7808 err=192
[ERR] seq=7809 err=200
[ERR] seq=7810 err=24
[ERR] seq=7811 err=16
[SEU] addr=200031B1 bit=00000006
[SEU] addr=200031DA bit=00000004
[SEU] addr=200031A0 bit=00000002
[SEU] addr=2000318A bit=00000005
[SEU] addr=200031EA bit=00000003
[SEU] addr=200031A2 bit=00000000
[SEU] addr=20003171 bit=00000001
[SEU] addr=200031E0 bit=00000007
[SEU] addr=20003186 bit=00000001
[SEU] addr=200031CA bit=00000002
[SEU] addr=200031A7 bit=00000003
[SEU] addr=2000316A bit=00000001
[SEU] addr=20003197 bit=00000004
[ERR] seq=7867 err=2516
[ERR] seq=7868 err=200
[ERR] seq=7869 err=216
[ERR] seq=7870 err=32
[ERR] seq=7871 err=16
[SEU] addr=200031A9 bit=00000000
[SEU] addr=200031CF bit=00000001
[SEU] addr=200031C1 bit=00000003
[SEU] addr=200031E9 bit=00000004
[SEU] addr=2000316D bit=00000006
[SEU] addr=2000317F bit=00000007
[SEU] addr=200031BA bit=00000001
[SEU] addr=20003199 bit=00000006
[ERR] seq=7912 err=2532
[ERR] seq=7913 err=200
[ERR] seq=7914 err=216
[ERR] seq=7915 err=32
[SEU] addr=200031A0 bit=00000000
[ERR] seq=7916 err=16
[SEU] addr=20003152 bit=00000001
[SEU] addr=20003164 bit=00000000
[SEU] addr=2000316E bit=00000003
[SEU] addr=200031D7 bit=00000004
[SEU] addr=2000316F bit=00000002
[SEU] addr=200031E6 bit=00000000
[SEU] addr=200031DC bit=00000004
[SEU] addr=200031DA bit=00000005
[SEU] addr=2000318F bit=00000005
[ERR] seq=7969 err=1360
[ERR] seq=7970 err=96
[ERR] seq=7971 err=96
[SEU] addr=200031A6 bit=00000006
[SEU] addr=200031D3 bit=00000006
[SEU] addr=200031A2 bit=00000007
[SEU] addr=200031AB bit=00000007
[SEU] addr=20003183 bit=00000001
[SEU] addr=2000314E bit=00000006
[SAMPLE QUEUE backup CORRUPTED] backup repaired
[SEU] addr=200031C3 bit=00000002
[SEU] addr=200031D2 bit=00000000
[SEU] addr=200031AF bit=00000007
[SEU] addr=20003194 bit=00000001
[ERR] seq=8034 err=16
[SEU] addr=20003199 bit=00000003
[ERR] seq=8039 err=2508
[ERR] seq=8040 err=200
[ERR] seq=8041 err=216
[ERR] seq=8042 err=32
[ERR] seq=8043 err=16
[SEU] addr=200031D4 bit=00000004
[SEU] addr=200031DE bit=00000004
[SEU] addr=200031C5 bit=00000002
[SEU] addr=200031E8 bit=00000000
[SEU] addr=2000318E bit=00000004
[ERR] seq=8064 err=648
[ERR] seq=8065 err=40
[ERR] seq=8066 err=40
[SEU] addr=2000316E bit=00000002
[SEU] addr=20003166 bit=00000002
[SEU] addr=20003199 bit=00000004
[ERR] seq=8078 err=2484
[ERR] seq=8079 err=192
[ERR] seq=8080 err=200
[ERR] seq=8081 err=24
[ERR] seq=8082 err=16
[SEU] addr=200031A1 bit=00000004
[SEU] addr=20003172 bit=00000000
[SEU] addr=2000316E bit=00000001
[SEU] addr=20003193 bit=00000001
[ERR] seq=8103 err=2452
[SEU] addr=20003150 bit=00000000
[SAMPLE QUEUE backup CORRUPTED] backup repaired
[ERR] seq=8104 err=192
[ERR] seq=8105 err=200
[ERR] seq=8106 err=24
[ERR] seq=8107 err=16
[SEU] addr=20003163 bit=00000003
[SEU] addr=2000317E bit=00000007
[SEU] addr=20003193 bit=00000001
[ERR] seq=8116 err=2452
[ERR] seq=8117 err=192
[ERR] seq=8118 err=200
[ERR] seq=8119 err=24
[ERR] seq=8120 err=16
[SEU] addr=20003158 bit=00000007
[CMD QUEUE CORRUPTED] primary repaired
[SEU] addr=2000316E bit=00000001
[SEU] addr=2000318E bit=00000000
[ERR] seq=8134 err=1376
[ERR] seq=8135 err=96
[ERR] seq=8136 err=96
[SEU] addr=200031B5 bit=00000003
[SEU] addr=20003168 bit=00000007
[SEU] addr=200031A6 bit=00000004
[SEU] addr=20003177 bit=00000006
[SEU] addr=2000316E bit=00000005
[SEU] addr=200031BA bit=00000000
[SEU] addr=2000314C bit=00000004
[SAMPLE QUEUE backup CORRUPTED] backup repaired
[SEU] addr=2000314C bit=00000003
[SAMPLE QUEUE backup CORRUPTED] backup repaired
[SEU] addr=20003189 bit=00000002
[SEU] addr=20003146 bit=00000004
[SAMPLE QUEUE CORRUPTED] primary repaired
[SEU] addr=200031BF bit=00000006
[SEU] addr=200031A4 bit=00000006
[SEU] addr=20003189 bit=00000002
[SEU] addr=200031DC bit=00000000
[SEU] addr=200031C1 bit=00000007
[SEU] addr=2000316F bit=00000006
[SEU] addr=200031E6 bit=00000002
[SEU] addr=20003186 bit=00000006
[SEU] addr=2000317C bit=00000002
[SEU] addr=20003150 bit=00000004
[SAMPLE QUEUE backup CORRUPTED] backup repaired
[SEU] addr=20003168 bit=00000004
[SEU] addr=2000314B bit=00000003
[SEU] addr=200031B0 bit=00000006
[SEU] addr=2000317A bit=00000004
[SEU] addr=20003169 bit=00000004
[SEU] addr=2000316C bit=00000001
[SEU] addr=200031B1 bit=00000005
[SEU] addr=200031A1 bit=00000007
[SEU] addr=200031C5 bit=00000006
[SEU] addr=20003192 bit=00000003
[ERR] seq=8293 err=2580
[ERR] seq=8294 err=200
[ERR] seq=8295 err=216
[ERR] seq=8296 err=32
[ERR] seq=8297 err=16
[SEU] addr=20003185 bit=00000005
[SEU] addr=20003147 bit=00000007
[SAMPLE QUEUE CORRUPTED] primary repaired
[SEU] addr=20003161 bit=00000000
[SEU] addr=200031C1 bit=00000004
[SEU] addr=200031AB bit=00000002
[SEU] addr=200031DB bit=00000004
[SEU] addr=2000315E bit=00000007
[CMD QUEUE backup CORRUPTED] backup repaired
[SEU] addr=20003182 bit=00000004
[SEU] addr=20003186 bit=00000004
[SEU] addr=200031A8 bit=00000003
[SEU] addr=200031CD bit=00000006
[SEU] addr=200031E5 bit=00000001
[SEU] addr=2000319E bit=00000006
[SEU] addr=200031B6 bit=00000000
[SEU] addr=20003190 bit=00000002
[ERR] seq=8380 err=32
[SEU] addr=2000318D bit=00000002
[ERR] seq=8385 err=1040
[ERR] seq=8386 err=64
[ERR] seq=8387 err=64
[SEU] addr=20003180 bit=00000003
[SEU] addr=200031A2 bit=00000004
[SEU] addr=20003191 bit=00000000
[ERR] seq=8399 err=2048
[ERR] seq=8400 err=160
[ERR] seq=8401 err=168
[ERR] seq=8402 err=16
[ERR] seq=8403 err=8
[SEU] addr=200031BB bit=00000004
[SEU] addr=2000315C bit=00000004
[CMD QUEUE backup CORRUPTED] backup repaired
[SEU] addr=200031A2 bit=00000001
[SEU] addr=200031A7 bit=00000006
[SEU] addr=200031D6 bit=00000007
[SEU] addr=20003152 bit=00000003
[SEU] addr=200031A5 bit=00000007
[SEU] addr=200031B6 bit=00000003
[SEU] addr=200031C7 bit=00000002
[SEU] addr=200031E1 bit=00000000
[SEU] addr=200031E5 bit=00000007
[SEU] addr=200031C8 bit=00000004
[SEU] addr=200031B5 bit=00000005
[SEU] addr=20003190 bit=00000006
[ERR] seq=8484 err=512
[ERR] seq=8485 err=40
[ERR] seq=8486 err=40
[SEU] addr=200031C4 bit=00000007
[SEU] addr=200031AF bit=00000000
[SEU] addr=200031EB bit=00000000
[SEU] addr=200031B0 bit=00000007
[SEU] addr=200031BC bit=00000006
[SEU] addr=200031E2 bit=00000005
[SEU] addr=20003165 bit=00000002
[SEU] addr=20003187 bit=00000001
[SEU] addr=20003173 bit=00000007
[SEU] addr=2000315D bit=00000001
[CMD QUEUE backup CORRUPTED] backup repaired
[SEU] addr=2000317F bit=00000006
[SEU] addr=20003168 bit=00000006
[SEU] addr=200031BB bit=00000007
[SEU] addr=200031DE bit=00000000
[SEU] addr=200031CD bit=00000004
[SEU] addr=2000317B bit=00000001
[SEU] addr=20003171 bit=00000002
[SEU] addr=20003151 bit=00000005
[SEU] addr=200031BA bit=00000002
[SEU] addr=20003152 bit=00000006
[SEU] addr=2000319C bit=00000006
[SEU] addr=20003158 bit=00000002
[CMD QUEUE CORRUPTED] primary repaired
[SEU] addr=20003147 bit=00000005
[SAMPLE QUEUE CORRUPTED] primary repaired
[SEU] addr=20003164 bit=00000005
[SEU] addr=20003176 bit=00000003
[SEU] addr=20003184 bit=00000006
[SEU] addr=20003172 bit=00000001
[SEU] addr=20003169 bit=00000002
[SEU] addr=200031A2 bit=00000007
[SEU] addr=2000316B bit=00000006
[SEU] addr=20003192 bit=00000001
[ERR] seq=8674 err=2564
[ERR] seq=8675 err=200
[ERR] seq=8676 err=216
[SEU] addr=20003148 bit=00000001
[SAMPLE QUEUE CORRUPTED] primary repaired
[ERR] seq=8677 err=32
[ERR] seq=8678 err=16
[SEU] addr=2000317F bit=00000003
[SEU] addr=200031D4 bit=00000001
[SEU] addr=200031AF bit=00000004
[SEU] addr=200031BE bit=00000000
[SEU] addr=200031C9 bit=00000004
[SEU] addr=2000316F bit=00000005
[SEU] addr=200031D7 bit=00000006
[SEU] addr=200031A2 bit=00000000
[SEU] addr=200031BC bit=00000004
[SEU] addr=200031D3 bit=00000003
[SEU] addr=200031B4 bit=00000001
[SEU] addr=2000317D bit=00000003
[SEU] addr=200031A7 bit=00000000
[SEU] addr=2000317E bit=00000002
[SEU] addr=200031D6 bit=00000004
[SEU] addr=2000314F bit=00000003
[SAMPLE QUEUE backup CORRUPTED] backup repaired
[SEU] addr=2000315B bit=00000004
[SEU] addr=20003187 bit=00000002
[SEU] addr=200031B5 bit=00000006
[SEU] addr=200031BC bit=00000005
[SEU] addr=20003145 bit=00000002
[SAMPLE QUEUE CORRUPTED] primary repaired
[SEU] addr=2000314A bit=00000005
[SEU] addr=2000318F bit=00000006
[ERR] seq=8820 err=5872
[ERR] seq=8821 err=464
[ERR] seq=8822 err=488
[ERR] seq=8823 err=48
[ERR] seq=8824 err=24
[SEU] addr=200031AB bit=00000004
[SEU] addr=200031C2 bit=00000005
[SEU] addr=2000315A bit=00000005
[SEU] addr=20003160 bit=00000000
[CMD QUEUE backup CORRUPTED] backup repaired
[SEU] addr=2000318F bit=00000000
[ERR] seq=8854 err=1448
[ERR] seq=8855 err=96
[ERR] seq=8856 err=96
[SEU] addr=20003155 bit=00000002
[CMD QUEUE CORRUPTED] primary repaired
[SEU] addr=2000316D bit=00000001
[SEU] addr=200031EB bit=00000003
[SEU] addr=20003164 bit=00000004
[SEU] addr=200031DE bit=00000006
[SEU] addr=200031A5 bit=00000003
[SEU] addr=20003199 bit=00000005
[ERR] seq=8896 err=2500
[ERR] seq=8897 err=200
[ERR] seq=8898 err=216
[ERR] seq=8899 err=32
[SEU] addr=200031E7 bit=00000004
[ERR] seq=8900 err=16
[SEU] addr=200031E5 bit=00000004
[SEU] addr=2000317E bit=00000004
[SEU] addr=20003195 bit=00000002
[ERR] seq=8916 err=2508
[ERR] seq=8917 err=200
[ERR] seq=8918 err=216
[ERR] seq=8919 err=32
[ERR] seq=8920 err=16
[SEU] addr=20003172 bit=00000003
[SEU] addr=20003197 bit=00000004
[ERR] seq=8929 err=2508
[ERR] seq=8930 err=200
[ERR] seq=8931 err=216
[ERR] seq=8932 err=32
[ERR] seq=8933 err=16
[SEU] addr=20003198 bit=00000006
[ERR] seq=8938 err=512
[ERR] seq=8939 err=40
[ERR] seq=8940 err=40
[SEU] addr=200031B2 bit=00000004
[SEU] addr=200031A7 bit=00000005
[SEU] addr=200031C7 bit=00000000
[SEU] addr=2000315B bit=00000000
[SEU] addr=2000317B bit=00000007
[SEU] addr=20003172 bit=00000005
[SEU] addr=2000316D bit=00000001
[SEU] addr=200031A2 bit=00000001
[SEU] addr=20003157 bit=00000002
[CMD QUEUE CORRUPTED] primary repaired
[SEU] addr=200031A3 bit=00000000
[SEU] addr=20003172 bit=00000004
[SEU] addr=200031C1 bit=00000007
[SEU] addr=20003178 bit=00000002
[SEU] addr=2000318C bit=00000004
[ERR] seq=9035 err=1632
[ERR] seq=9036 err=112
[ERR] seq=9037 err=112
[SEU] addr=20003193 bit=00000006
[SEU] addr=2000318B bit=00000000
[SEU] addr=200031E1 bit=00000006
[SEU] addr=20003173 bit=00000007
[SEU] addr=200031DC bit=00000006
[SEU] addr=2000314C bit=00000007
[SAMPLE QUEUE backup CORRUPTED] backup repaired
[SEU] addr=200031D2 bit=00000006
[SEU] addr=20003162 bit=00000002
[SEU] addr=20003153 bit=00000007
[SEU] addr=2000316E bit=00000007
[SEU] addr=20003197 bit=00000002
[ERR] seq=9080 err=2492
[ERR] seq=9081 err=192
[ERR] seq=9082 err=200
[ERR] seq=9083 err=24
[SEU] addr=200031D4 bit=00000003
[ERR] seq=9084 err=16
[SEU] addr=20003157 bit=00000005
[CMD QUEUE CORRUPTED] primary repaired
[SEU] addr=200031AF bit=00000007
[SEU] addr=2000314D bit=00000004
[SAMPLE QUEUE backup CORRUPTED] backup repaired
[SEU] addr=20003149 bit=00000007
[SEU] addr=2000314D bit=00000005
[SAMPLE QUEUE backup CORRUPTED] backup repaired
[SEU] addr=20003185 bit=00000001
[SEU] addr=200031A4 bit=00000001
[SEU] addr=200031B4 bit=00000000
[SEU] addr=20003158 bit=00000001
[CMD QUEUE CORRUPTED] primary repaired
[SEU] addr=200031CD bit=00000005
[SEU] addr=200031B9 bit=00000004
[SEU] addr=200031CF bit=00000001
[SEU] addr=200031C5 bit=00000006
[SEU] addr=200031E2 bit=00000002
[SEU] addr=200031B9 bit=00000006
[SEU] addr=200031D3 bit=00000001
[SEU] addr=20003197 bit=00000000
[ERR] seq=9171 err=2532
[ERR] seq=9172 err=200
[ERR] seq=9173 err=216
[ERR] seq=9174 err=32
[ERR] seq=9175 err=16
[SEU] addr=200031CE bit=00000007
[SEU] addr=20003171 bit=00000000
[SEU] addr=200031C2 bit=00000003
[SEU] addr=200031CA bit=00000004
[SEU] addr=20003166 bit=00000003
[SEU] addr=2000318B bit=00000000
[SEU] addr=20003169 bit=00000003
[SEU] addr=20003153 bit=00000005
[SEU] addr=200031D4 bit=00000005
[SEU] addr=20003154 bit=00000007
[CMD QUEUE CORRUPTED] primary repaired
[SEU] addr=200031A7 bit=00000000
[SEU] addr=2000316D bit=00000001
[SEU] addr=200031E0 bit=00000004
[SEU] addr=200031CF bit=00000007
[SEU] addr=200031B7 bit=00000006
[SEU] addr=20003189 bit=00000002
[SEU] addr=20003159 bit=00000000
[SEU] addr=2000314B bit=00000005
[SEU] addr=2000319B bit=00000003
[ERR] seq=9279 err=2500
[ERR] seq=9280 err=200
[SEU] addr=200031CE bit=00000003
[ERR] seq=9281 err=216
[ERR] seq=9282 err=32
[SEU] addr=20003191 bit=00000007
[ERR] seq=9283 err=2532
[ERR] seq=9284 err=200
[ERR] seq=9285 err=216
[SEU] addr=20003168 bit=00000002
[ERR] seq=9286 err=32
[SEU] addr=20003198 bit=00000004
[ERR] seq=9287 err=144
[ERR] seq=9288 err=8
[SEU] addr=200031E4 bit=00000005
[ERR] seq=9289 err=8
[SEU] addr=2000317E bit=00000002
[SEU] addr=200031D6 bit=00000007
[SEU] addr=20003155 bit=00000004
[CMD QUEUE CORRUPTED] primary repaired
[SEU] addr=2000319B bit=00000006
[SEU] addr=200031E0 bit=00000000
[SEU] addr=200031CC bit=00000001
[SEU] addr=2000316E bit=00000001
[SEU] addr=200031D6 bit=00000006
[SEU] addr=2000316F bit=00000004
[SEU] addr=200031A7 bit=00000007
[SEU] addr=200031D9 bit=00000006
[SEU] addr=200031DF bit=00000007
[SEU] addr=200031BB bit=00000006
[SEU] addr=20003184 bit=00000005
[SEU] addr=2000316B bit=00000006
[SEU] addr=200031DB bit=00000000
[SEU] addr=2000315B bit=00000002
[SEU] addr=2000319C bit=00000000
[SEU] addr=200031A4 bit=00000001
[SEU] addr=2000316D bit=00000005
[SEU] addr=200031D6 bit=00000001
[SEU] addr=20003168 bit=00000006
[SEU] addr=20003197 bit=00000000
[ERR] seq=9415 err=2484
[ERR] seq=9416 err=192
[ERR] seq=9417 err=200
[ERR] seq=9418 err=24
[ERR] seq=9419 err=16
[SEU] addr=20003195 bit=00000002
[ERR] seq=9421 err=2484
[ERR] seq=9422 err=192
[ERR] seq=9423 err=200
[ERR] seq=9424 err=24
[ERR] seq=9425 err=16
[SEU] addr=200031CF bit=00000004
[SEU] addr=200031DE bit=00000004
[SEU] addr=200031E3 bit=00000000
[SEU] addr=20003183 bit=00000004
[SEU] addr=200031AC bit=00000004
[SEU] addr=200031E3 bit=00000002
[SEU] addr=200031E0 bit=00000004
[SEU] addr=20003161 bit=00000005
[SEU] addr=200031B8 bit=00000005
[SEU] addr=2000316F bit=00000004
[SEU] addr=200031B6 bit=00000000
[SEU] addr=2000317D bit=00000007
[SEU] addr=200031CA bit=00000004
[SEU] addr=20003193 bit=00000006
[SEU] addr=20003187 bit=00000005
[SEU] addr=200031A3 bit=00000007
[SEU] addr=200031B7 bit=00000005
[SEU] addr=200031B3 bit=00000000
[SEU] addr=200031D4 bit=00000002
[SEU] addr=200031EB bit=00000003
[SEU] addr=200031D4 bit=00000002
[SEU] addr=200031C9 bit=00000002
[SEU] addr=20003187 bit=00000004
[SEU] addr=20003153 bit=00000005
[SEU] addr=200031B1 bit=00000005
[SEU] addr=2000315B bit=00000001
[SEU] addr=2000314F bit=00000004
[SAMPLE QUEUE backup CORRUPTED] backup repaired
[SEU] addr=20003198 bit=00000007
[ERR] seq=9592 err=1024
[ERR] seq=9593 err=80
[ERR] seq=9594 err=80
[SEU] addr=20003176 bit=00000006
[SEU] addr=2000314E bit=00000005
[SAMPLE QUEUE backup CORRUPTED] backup repaired
[SEU] addr=2000317B bit=00000006
[SEU] addr=200031A4 bit=00000002
[SEU] addr=200031AA bit=00000001
[SEU] addr=20003161 bit=00000002
[SEU] addr=20003186 bit=00000005
[SEU] addr=20003198 bit=00000005
[ERR] seq=9632 err=256
[ERR] seq=9633 err=16
[ERR] seq=9634 err=16
[SEU] addr=200031EB bit=00000007
[SEU] addr=2000317A bit=00000000
[SEU] addr=20003197 bit=00000007
[SEU] addr=2000319D bit=00000003
[SEU] addr=200031AB bit=00000002
[SEU] addr=200031D1 bit=00000003
[SEU] addr=20003189 bit=00000005
[SEU] addr=20003197 bit=00000006
[SEU] addr=20003182 bit=00000002
[SEU] addr=20003173 bit=00000006
[SEU] addr=2000317A bit=00000001
[SEU] addr=20003158 bit=00000005
[CMD QUEUE CORRUPTED] primary repaired
[SEU] addr=200031B9 bit=00000004
[SEU] addr=200031C3 bit=00000003
[SEU] addr=20003168 bit=00000003
[SEU] addr=200031E6 bit=00000004
[SEU] addr=2000317C bit=00000003
[SEU] addr=20003158 bit=00000005
[CMD QUEUE CORRUPTED] primary repaired
[SEU] addr=200031E0 bit=00000007
[SEU] addr=200031C4 bit=00000002
[SEU] addr=200031D4 bit=00000003
[SEU] addr=200031C5 bit=00000003
[SEU] addr=200031A9 bit=00000000
[SEU] addr=20003164 bit=00000000
[SEU] addr=2000315F bit=00000005
[CMD QUEUE backup CORRUPTED] backup repaired
[SEU] addr=2000319E bit=00000006
[SEU] addr=2000314B bit=00000006
[SEU] addr=200031C8 bit=00000002
[SEU] addr=2000314F bit=00000007
[SAMPLE QUEUE backup CORRUPTED] backup repaired
[SEU] addr=20003179 bit=00000006
[SEU] addr=2000317F bit=00000002
[SEU] addr=20003158 bit=00000000
[CMD QUEUE CORRUPTED] primary repaired
[SEU] addr=20003147 bit=00000003
[SAMPLE QUEUE CORRUPTED] primary repaired
[SEU] addr=200031E6 bit=00000005
[SEU] addr=200031E3 bit=00000007
[SEU] addr=200031A4 bit=00000007
[SEU] addr=200031E9 bit=00000002
[SEU] addr=200031BB bit=00000000
[SEU] addr=2000319C bit=00000002
[SEU] addr=20003187 bit=00000002
[SEU] addr=2000317D bit=00000004
[SEU] addr=2000315F bit=00000003
[CMD QUEUE backup CORRUPTED] backup repaired
[SEU] addr=200031BC bit=00000006
[SEU] addr=200031C9 bit=00000004
[SEU] addr=200031D6 bit=00000006
[SEU] addr=200031C5 bit=00000003
[SEU] addr=200031B5 bit=00000000
[SEU] addr=200031C1 bit=00000004
[SEU] addr=200031B0 bit=00000005
[SEU] addr=20003150 bit=00000007
[SAMPLE QUEUE backup CORRUPTED] backup repaired
[SEU] addr=200031D1 bit=00000005
[SEU] addr=200031E1 bit=00000007
[SEU] addr=20003164 bit=00000001
[SEU] addr=200031A1 bit=00000007
[SEU] addr=20003162 bit=00000002
[SEU] addr=2000314C bit=00000003
[SAMPLE QUEUE backup CORRUPTED] backup repaired
[SEU] addr=20003151 bit=00000003
[SEU] addr=200031D0 bit=00000001
[SEU] addr=20003184 bit=00000006
[SEU] addr=200031AC bit=00000004
[SEU] addr=2000317F bit=00000006
[SEU] addr=20003147 bit=00000001
[SAMPLE QUEUE CORRUPTED] primary repaired
[SEU] addr=20003189 bit=00000000
[SEU] addr=200031B2 bit=00000007
[SEU] addr=2000315D bit=00000006
[CMD QUEUE backup CORRUPTED] backup repaired
[SEU] addr=200031E4 bit=00000005
[SEU] addr=20003185 bit=00000001
[SEU] addr=200031E4 bit=00000005
[SEU] addr=200031A9 bit=00000000
[SEU] addr=200031BC bit=00000003
[END]
samples=10000
SEUs=1815
good samples=9375
errors=625
samples omitted=0
max_error=0x000037A8
propagations=342
detected_errors=416
tmr_corrections=126
dmr_corrections=215
crc detections=0
clamp_activations=75
rate limit activations=0
[HARDFAULT]
