START
SEED=12345678
[SEU] addr=200031D9 bit=00000003
[SEU] addr=200031AC bit=00000000
[SEU] addr=200031AD bit=00000001
[SEU] addr=20003165 bit=00000000
[SEU] addr=20003168 bit=00000005
[SEU] addr=20003145 bit=00000002
[SAMPLE QUEUE CORRUPTED] primary repaired
[SEU] addr=20003181 bit=00000004
[SEU] addr=2000315E bit=00000004
[CMD QUEUE backup CORRUPTED] backup repaired
[SEU] addr=20003156 bit=00000001
[CMD QUEUE CORRUPTED] primary repaired
[SEU] addr=20003199 bit=00000004
[SEU] addr=2000315E bit=00000004
[CMD QUEUE backup CORRUPTED] backup repaired
[SEU] addr=200031B5 bit=00000004
[SEU] addr=20003170 bit=00000002
[SEU] addr=20003162 bit=00000006
[SEU] addr=20003151 bit=00000005
[SEU] addr=20003174 bit=00000006
[SEU] addr=20003199 bit=00000000
[SEU] addr=2000316C bit=00000005
[SEU] addr=20003180 bit=00000000
[SEU] addr=2000317A bit=00000007
[SEU] addr=200031D0 bit=00000001
[SEU] addr=200031C7 bit=00000007
[SEU] addr=20003180 bit=00000005
[SEU] addr=2000318B bit=00000003
[ERR] seq=142 err=1073741824
[ERR] seq=143 err=85899344
[ERR] seq=144 err=92771288
[ERR] seq=145 err=14293640
[ERR] seq=146 err=8565184
[SEU] addr=2000318C bit=00000002
[ERR] seq=147 err=1828728
[ERR] seq=148 err=831496
[ERR] seq=149 err=212800
[ERR] seq=150 err=83536
[ERR] seq=151 err=23704
[SEU] addr=200031C8 bit=00000004
[ERR] seq=152 err=8576
[ERR] seq=153 err=2576
[ERR] seq=154 err=880
[ERR] seq=155 err=264
[ERR] seq=156 err=80
[ERR] seq=157 err=16
[SEU] addr=200031C6 bit=00000005
[SEU] addr=20003145 bit=00000004
[SAMPLE QUEUE CORRUPTED] primary repaired
[SEU] addr=200031CB bit=00000001
[SEU] addr=20003146 bit=00000006
[SAMPLE QUEUE CORRUPTED] primary repaired
[SEU] addr=20003155 bit=00000000
[CMD QUEUE CORRUPTED] primary repaired
[SEU] addr=200031B5 bit=00000006
[SEU] addr=20003165 bit=00000000
[SEU] addr=20003190 bit=00000005
[ERR] seq=200 err=256
[ERR] seq=201 err=16
[ERR] seq=202 err=16
[SEU] addr=200031DE bit=00000005
[SEU] addr=200031DB bit=00000003
[SEU] addr=200031A8 bit=00000007
[SEU] addr=2000318F bit=00000007
[SEU] addr=200031D6 bit=00000005
[SEU] addr=20003145 bit=00000001
[SAMPLE QUEUE CORRUPTED] primary repaired
[SEU] addr=200031D2 bit=00000001
[SEU] addr=200031CB bit=00000003
[SEU] addr=20003145 bit=00000006
[SAMPLE QUEUE CORRUPTED] primary repaired
[SEU] addr=20003147 bit=00000006
[SAMPLE QUEUE CORRUPTED] primary repaired
[SEU] addr=200031A8 bit=00000004
[SEU] addr=20003186 bit=00000006
[ERR] seq=272 err=3272
[ERR] seq=273 err=240
[ERR] seq=274 err=248
[ERR] seq=275 err=16
[SEU] addr=200031A4 bit=00000006
[ERR] seq=276 err=8
[SEU] addr=200031B8 bit=00000005
[SEU] addr=20003162 bit=00000007
[SEU] addr=200031C5 bit=00000004
[SEU] addr=2000315F bit=00000003
[CMD QUEUE backup CORRUPTED] backup repaired
[SEU] addr=200031B2 bit=00000005
[SEU] addr=20003198 bit=00000003
[SEU] addr=200031CE bit=00000002
[SEU] addr=20003174 bit=00000002
[SEU] addr=20003173 bit=00000001
[SEU] addr=20003179 bit=00000004
[SEU] addr=2000317E bit=00000002
[SEU] addr=20003158 bit=00000000
[CMD QUEUE CORRUPTED] primary repaired
[SEU] addr=20003169 bit=00000000
[SEU] addr=20003182 bit=00000003
[SEU] addr=200031B1 bit=00000005
[SEU] addr=20003173 bit=00000003
[SEU] addr=20003155 bit=00000000
[CMD QUEUE CORRUPTED] primary repaired
[SEU] addr=200031B1 bit=00000005
[SEU] addr=200031D4 bit=00000005
[SEU] addr=20003185 bit=00000000
[ERR] seq=402 err=2536
[ERR] seq=403 err=184
[ERR] seq=404 err=184
[SEU] addr=20003176 bit=00000007
[SEU] addr=200031B2 bit=00000003
[SEU] addr=20003146 bit=00000004
[SAMPLE QUEUE CORRUPTED] primary repaired
[SEU] addr=20003183 bit=00000006
[SEU] addr=200031BD bit=00000000
[SEU] addr=200031AD bit=00000004
[SEU] addr=200031B2 bit=00000006
[SEU] addr=200031C6 bit=00000005
[SEU] addr=200031C6 bit=00000002
[SEU] addr=20003146 bit=00000005
[SAMPLE QUEUE CORRUPTED] primary repaired
[SEU] addr=20003183 bit=00000001
[SEU] addr=2000315A bit=00000007
[SEU] addr=20003176 bit=00000007
[SEU] addr=2000318A bit=00000002
[ERR] seq=481 err=2097152
[ERR] seq=482 err=167768
[ERR] seq=483 err=181184
[ERR] seq=484 err=27904
[ERR] seq=485 err=16720
[SEU] addr=20003196 bit=00000004
[ERR] seq=486 err=3568
[ERR] seq=487 err=1616
[ERR] seq=488 err=408
[SEU] addr=20003180 bit=00000000
[ERR] seq=489 err=160
[ERR] seq=490 err=40
[ERR] seq=491 err=8
[SEU] addr=200031A3 bit=00000001
[SEU] addr=20003160 bit=00000004
[CMD QUEUE backup CORRUPTED] backup repaired
[SEU] addr=20003155 bit=00000004
[CMD QUEUE CORRUPTED] primary repaired
[SEU] addr=200031DB bit=00000000
[SEU] addr=20003162 bit=00000003
[SEU] addr=20003169 bit=00000007
[SEU] addr=200031D9 bit=00000000
[SEU] addr=20003151 bit=00000001
[SEU] addr=200031BA bit=00000004
[SEU] addr=200031D5 bit=00000001
[SEU] addr=20003165 bit=00000004
[SEU] addr=200031A0 bit=00000003
[SEU] addr=200031A4 bit=00000004
[SEU] addr=2000315A bit=00000007
[SEU] addr=20003195 bit=00000003
[SEU] addr=20003199 bit=00000007
[SEU] addr=2000314B bit=00000004
[SEU] addr=20003159 bit=00000005
[SEU] addr=200031D6 bit=00000000
[SEU] addr=2000318C bit=00000004
[ERR] seq=604 err=128
[ERR] seq=605 err=8
[ERR] seq=606 err=8
[SEU] addr=20003192 bit=00000006
[ERR] seq=608 err=33554432
[ERR] seq=609 err=2684352
[ERR] seq=610 err=2899096
[ERR] seq=611 err=446664
[ERR] seq=612 err=267648
[SEU] addr=200031AE bit=00000003
[ERR] seq=613 err=57136
[ERR] seq=614 err=25976
[SEU] addr=20003173 bit=00000005
[ERR] seq=615 err=6640
[ERR] seq=616 err=2600
[ERR] seq=617 err=736
[ERR] seq=618 err=264
[ERR] seq=619 err=72
[ERR] seq=620 err=16
[SEU] addr=20003179 bit=00000005
[SEU] addr=200031A7 bit=00000001
[SEU] addr=200031DA bit=00000000
[SEU] addr=20003175 bit=00000002
[SEU] addr=200031BA bit=00000006
[SEU] addr=2000315C bit=00000003
[CMD QUEUE backup CORRUPTED] backup repaired
[SEU] addr=2000319B bit=00000007
[SEU] addr=2000315B bit=00000002
[SEU] addr=2000317B bit=00000002
[SEU] addr=20003176 bit=00000004
[SEU] addr=20003194 bit=00000004
[SEU] addr=2000319B bit=00000006
[SEU] addr=2000315A bit=00000004
[SEU] addr=20003159 bit=00000001
[SEU] addr=2000319B bit=00000002
[SEU] addr=20003185 bit=00000005
[ERR] seq=697 err=2528
[ERR] seq=698 err=184
[ERR] seq=699 err=192
[ERR] seq=700 err=16
[ERR] seq=701 err=8
[SEU] addr=2000315B bit=00000007
[SEU] addr=20003145 bit=00000000
[SAMPLE QUEUE CORRUPTED] primary repaired
[SEU] addr=20003155 bit=00000005
[CMD QUEUE CORRUPTED] primary repaired
[SEU] addr=2000314B bit=00000006
[SEU] addr=20003188 bit=00000003
[ERR] seq=735 err=64
[SEU] addr=20003157 bit=00000005
[CMD QUEUE CORRUPTED] primary repaired
[SEU] addr=200031B8 bit=00000005
[SEU] addr=200031A7 bit=00000004
[SEU] addr=200031BF bit=00000003
[SEU] addr=20003198 bit=00000003
[SEU] addr=2000318E bit=00000002
[ERR] seq=759 err=2097152
[ERR] seq=760 err=167768
[ERR] seq=761 err=181184
[ERR] seq=762 err=27904
[ERR] seq=763 err=16720
[ERR] seq=764 err=3568
[ERR] seq=765 err=1616
[ERR] seq=766 err=408
[SEU] addr=2000319D bit=00000004
[ERR] seq=767 err=160
[ERR] seq=768 err=40
[ERR] seq=769 err=8
[SEU] addr=20003146 bit=00000007
[SAMPLE QUEUE CORRUPTED] primary repaired
[SEU] addr=200031AA bit=00000001
[SEU] addr=2000317F bit=00000004
[SEU] addr=20003172 bit=00000001
[SEU] addr=200031DE bit=00000003
[SEU] addr=200031DA bit=00000006
[SEU] addr=20003190 bit=00000003
[ERR] seq=812 err=64
[SEU] addr=20003155 bit=00000004
[CMD QUEUE CORRUPTED] primary repaired
[SEU] addr=2000316F bit=00000000
[SEU] addr=20003169 bit=00000002
[SEU] addr=20003154 bit=00000005
[CMD QUEUE CORRUPTED] primary repaired
[SEU] addr=2000318C bit=00000006
[ERR] seq=832 err=512
[ERR] seq=833 err=40
[ERR] seq=834 err=40
[SEU] addr=200031BE bit=00000000
[SEU] addr=200031AD bit=00000001
[SEU] addr=200031A1 bit=00000000
[SEU] addr=2000314F bit=00000006
[SAMPLE QUEUE backup CORRUPTED] backup repaired
[SEU] addr=200031D8 bit=00000002
[SEU] addr=2000317C bit=00000000
[SEU] addr=200031C9 bit=00000006
[SEU] addr=200031B2 bit=00000005
[SEU] addr=200031DA bit=00000007
[SEU] addr=2000316B bit=00000007
[SEU] addr=200031DE bit=00000007
[SEU] addr=200031BF bit=00000007
[SEU] addr=200031DF bit=00000006
[SEU] addr=200031B7 bit=00000002
[SEU] addr=200031DD bit=00000002
[SEU] addr=20003168 bit=00000007
[SEU] addr=200031DA bit=00000005
[SEU] addr=2000315A bit=00000004
[SEU] addr=200031BD bit=00000006
[SEU] addr=2000314E bit=00000003
[SAMPLE QUEUE backup CORRUPTED] backup repaired
[SEU] addr=20003145 bit=00000006
[SAMPLE QUEUE CORRUPTED] primary repaired
[SEU] addr=20003180 bit=00000005
[SEU] addr=2000317E bit=00000007
[SEU] addr=200031A3 bit=00000000
[SEU] addr=20003195 bit=00000006
[SEU] addr=200031C2 bit=00000006
[SEU] addr=20003150 bit=00000002
[SAMPLE QUEUE backup CORRUPTED] backup repaired
[SEU] addr=20003194 bit=00000006
[SEU] addr=200031AB bit=00000003
[SEU] addr=200031D3 bit=00000006
[SEU] addr=20003155 bit=00000004
[CMD QUEUE CORRUPTED] primary repaired
[SEU] addr=20003181 bit=00000002
[SEU] addr=20003160 bit=00000004
[CMD QUEUE backup CORRUPTED] backup repaired
[SEU] addr=2000317C bit=00000002
[SEU] addr=20003159 bit=00000004
[SEU] addr=2000319A bit=00000007
[SEU] addr=20003178 bit=00000003
[SEU] addr=200031B7 bit=00000005
[SEU] addr=20003187 bit=00000003
[ERR] seq=1022 err=440
[ERR] seq=1023 err=24
[ERR] seq=1024 err=24
[SEU] addr=200031AF bit=00000001
[SEU] addr=20003153 bit=00000007
[SEU] addr=200031A8 bit=00000003
[SEU] addr=200031DC bit=00000001
[SEU] addr=20003176 bit=00000003
[SEU] addr=2000319E bit=00000006
[SEU] addr=20003192 bit=00000007
[ERR] seq=1073 err=67108864
[ERR] seq=1074 err=5368704
[ERR] seq=1075 err=5798200
[ERR] seq=1076 err=893352
[ERR] seq=1077 err=535320
[ERR] seq=1078 err=114288
[ERR] seq=1079 err=51960
[SEU] addr=2000316D bit=00000007
[ERR] seq=1080 err=13288
[ERR] seq=1081 err=5208
[ERR] seq=1082 err=1472
[ERR] seq=1083 err=528
[ERR] seq=1084 err=152
[ERR] seq=1085 err=48
[SEU] addr=200031DF bit=00000003
[ERR] seq=1086 err=8
[SEU] addr=200031C5 bit=00000004
[SEU] addr=20003154 bit=00000004
[CMD QUEUE CORRUPTED] primary repaired
[SEU] addr=2000319F bit=00000003
[SEU] addr=200031BB bit=00000001
[SEU] addr=20003164 bit=00000002
[SEU] addr=200031CD bit=00000004
[SEU] addr=200031D5 bit=00000004
[SEU] addr=200031DF bit=00000005
[SEU] addr=2000314F bit=00000000
[SAMPLE QUEUE backup CORRUPTED] backup repaired
[SEU] addr=20003158 bit=00000000
[CMD QUEUE CORRUPTED] primary repaired
[SEU] addr=20003157 bit=00000006
[CMD QUEUE CORRUPTED] primary repaired
[SEU] addr=2000315F bit=00000006
[CMD QUEUE backup CORRUPTED] backup repaired
[SEU] addr=200031B9 bit=00000003
[SEU] addr=2000319E bit=00000005
[SEU] addr=20003183 bit=00000004
[SEU] addr=200031D9 bit=00000005
[SEU] addr=200031C8 bit=00000007
[SEU] addr=200031C9 bit=00000002
[SEU] addr=200031C6 bit=00000007
[SEU] addr=200031C0 bit=00000006
[SEU] addr=200031CA bit=00000002
[SEU] addr=200031B9 bit=00000003
[SEU] addr=20003176 bit=00000004
[SEU] addr=2000319F bit=00000005
[SEU] addr=2000317D bit=00000001
[SEU] addr=20003194 bit=00000002
[SEU] addr=200031B5 bit=00000002
[SEU] addr=2000319F bit=00000003
[SEU] addr=200031C7 bit=00000005
[SEU] addr=200031B0 bit=00000005
[SEU] addr=20003185 bit=00000001
[ERR] seq=1212 err=10552
[ERR] seq=1213 err=832
[ERR] seq=1214 err=888
[ERR] seq=1215 err=112
[ERR] seq=1216 err=56
[SEU] addr=2000317F bit=00000002
[SEU] addr=2000318B bit=00000007
[SEU] addr=20003166 bit=00000003
[SEU] addr=200031A9 bit=00000005
[SEU] addr=20003181 bit=00000005
[SEU] addr=200031C5 bit=00000000
[SEU] addr=2000318A bit=00000001
[ERR] seq=1239 err=1048576
[ERR] seq=1240 err=83880
[ERR] seq=1241 err=90584
[ERR] seq=1242 err=13944
[SEU] addr=2000317F bit=00000002
[ERR] seq=1243 err=8352
[ERR] seq=1244 err=1776
[ERR] seq=1245 err=800
[ERR] seq=1246 err=200
[SEU] addr=20003167 bit=00000001
[ERR] seq=1247 err=80
[ERR] seq=1248 err=16
[SEU] addr=200031CC bit=00000001
[SEU] addr=2000314D bit=00000005
[SAMPLE QUEUE backup CORRUPTED] backup repaired
[SEU] addr=200031DB bit=00000004
[SEU] addr=200031C0 bit=00000003
[SEU] addr=20003194 bit=00000002
[SEU] addr=20003166 bit=00000005
[SEU] addr=20003196 bit=00000004
[SEU] addr=2000315D bit=00000003
[CMD QUEUE backup CORRUPTED] backup repaired
[SEU] addr=2000319B bit=00000001
[SEU] addr=2000314B bit=00000005
[SEU] addr=2000315B bit=00000004
[SEU] addr=200031DB bit=00000007
[SEU] addr=20003183 bit=00000004
[SEU] addr=200031B2 bit=00000004
[SEU] addr=200031AE bit=00000006
[SEU] addr=200031BB bit=00000004
[SEU] addr=20003182 bit=00000005
[SEU] addr=20003148 bit=00000000
[SAMPLE QUEUE CORRUPTED] primary repaired
[SEU] addr=200031C8 bit=00000004
[SEU] addr=2000316C bit=00000001
[SEU] addr=200031AF bit=00000003
[SEU] addr=200031C3 bit=00000003
[SEU] addr=20003153 bit=00000005
[SEU] addr=20003188 bit=00000001
[ERR] seq=1398 err=16
[SEU] addr=20003199 bit=00000001
[SEU] addr=20003149 bit=00000007
[SEU] addr=2000318C bit=00000007
[ERR] seq=1418 err=1024
[ERR] seq=1419 err=80
[ERR] seq=1420 err=80
[SEU] addr=200031BC bit=00000005
[SEU] addr=2000316B bit=00000000
[SEU] addr=20003181 bit=00000007
[SEU] addr=2000314D bit=00000001
[SAMPLE QUEUE backup CORRUPTED] backup repaired
[SEU] addr=200031C6 bit=00000002
[SEU] addr=20003169 bit=00000003
[SEU] addr=20003155 bit=00000004
[CMD QUEUE CORRUPTED] primary repaired
[SEU] addr=200031D4 bit=00000007
[SEU] addr=200031B3 bit=00000005
[SEU] addr=20003151 bit=00000001
[SEU] addr=2000316A bit=00000003
[SEU] addr=200031D3 bit=00000002
[SEU] addr=20003171 bit=00000007
[SEU] addr=20003196 bit=00000000
[SEU] addr=20003154 bit=00000006
[CMD QUEUE CORRUPTED] primary repaired
[SEU] addr=200031DD bit=00000007
[SEU] addr=200031D1 bit=00000001
[SEU] addr=2000316B bit=00000005
[SEU] addr=2000316D bit=00000006
[SEU] addr=200031B2 bit=00000006
[SEU] addr=200031BF bit=00000003
[SEU] addr=200031A4 bit=00000005
[SEU] addr=20003157 bit=00000006
[CMD QUEUE CORRUPTED] primary repaired
[SEU] addr=200031C4 bit=00000006
[SEU] addr=200031DC bit=00000007
[SEU] addr=200031DF bit=00000005
[SEU] addr=2000317A bit=00000000
[SEU] addr=200031AC bit=00000002
[SEU] addr=20003170 bit=00000005
[SEU] addr=2000315D bit=00000005
[CMD QUEUE backup CORRUPTED] backup repaired
[SEU] addr=20003167 bit=00000001
[SEU] addr=2000316B bit=00000001
[SEU] addr=2000317B bit=00000004
[SEU] addr=200031B8 bit=00000000
[SEU] addr=200031DE bit=00000000
[SEU] addr=20003189 bit=00000003
[ERR] seq=1626 err=16384
[ERR] seq=1627 err=1304
[ERR] seq=1628 err=1408
[ERR] seq=1629 err=216
[ERR] seq=1630 err=128
[ERR] seq=1631 err=24
[ERR] seq=1632 err=8
[SEU] addr=20003180 bit=00000001
[SEU] addr=200031D6 bit=00000001
[SEU] addr=20003186 bit=00000003
[ERR] seq=1647 err=1016
[SEU] addr=20003182 bit=00000000
[ERR] seq=1648 err=64
[ERR] seq=1649 err=64
[SEU] addr=20003173 bit=00000006
[SEU] addr=200031B0 bit=00000004
[SEU] addr=200031B2 bit=00000001
[SEU] addr=200031D1 bit=00000001
[SEU] addr=2000314D bit=00000005
[SAMPLE QUEUE backup CORRUPTED] backup repaired
[SEU] addr=200031D9 bit=00000000
[SEU] addr=2000316C bit=00000002
[SEU] addr=2000317B bit=00000007
[SEU] addr=200031DD bit=00000002
[SEU] addr=2000319A bit=00000001
[SEU] addr=2000314E bit=00000004
[SAMPLE QUEUE backup CORRUPTED] backup repaired
[SEU] addr=2000316C bit=00000002
[SEU] addr=20003149 bit=00000003
[SEU] addr=20003180 bit=00000001
[SEU] addr=2000316E bit=00000001
[SEU] addr=20003148 bit=00000004
[SAMPLE QUEUE CORRUPTED] primary repaired
[SEU] addr=2000314F bit=00000002
[SAMPLE QUEUE backup CORRUPTED] backup repaired
[SEU] addr=20003155 bit=00000004
[CMD QUEUE CORRUPTED] primary repaired
[SEU] addr=200031D5 bit=00000001
[SEU] addr=200031C8 bit=00000004
[SEU] addr=200031A4 bit=00000001
[SEU] addr=20003145 bit=00000004
[SAMPLE QUEUE CORRUPTED] primary repaired
[SEU] addr=20003151 bit=00000003
[SEU] addr=20003173 bit=00000006
[SEU] addr=2000315B bit=00000007
[SEU] addr=2000315B bit=00000000
[SEU] addr=20003198 bit=00000003
[SEU] addr=2000314F bit=00000001
[SAMPLE QUEUE backup CORRUPTED] backup repaired
[SEU] addr=200031DE bit=00000000
[SEU] addr=2000319F bit=00000006
[SEU] addr=20003151 bit=00000000
[SEU] addr=20003175 bit=00000005
[SEU] addr=200031DD bit=00000005
[SEU] addr=2000316E bit=00000006
[SEU] addr=200031D8 bit=00000003
[SEU] addr=2000314C bit=00000002
[SAMPLE QUEUE backup CORRUPTED] backup repaired
[SEU] addr=200031DF bit=00000001
[SEU] addr=200031BD bit=00000005
[SEU] addr=200031D1 bit=00000006
[SEU] addr=2000314E bit=00000002
[SAMPLE QUEUE backup CORRUPTED] backup repaired
[SEU] addr=200031AE bit=00000006
[SEU] addr=200031D7 bit=00000006
[SEU] addr=2000314B bit=00000005
[SEU] addr=200031CF bit=00000006
[SEU] addr=20003168 bit=00000004
[SEU] addr=200031DE bit=00000007
[SEU] addr=20003152 bit=00000004
[SEU] addr=200031D0 bit=00000005
[SEU] addr=2000314C bit=00000007
[SAMPLE QUEUE backup CORRUPTED] backup repaired
[SEU] addr=200031BB bit=00000002
[SEU] addr=200031C0 bit=00000002
[SEU] addr=2000317E bit=00000006
[SEU] addr=20003196 bit=00000003
[SEU] addr=200031C4 bit=00000000
[SEU] addr=200031A5 bit=00000003
[SEU] addr=200031C6 bit=00000004
[SEU] addr=20003150 bit=00000001
[SAMPLE QUEUE backup CORRUPTED] backup repaired
[SEU] addr=2000317F bit=00000001
[SEU] addr=20003153 bit=00000001
[SEU] addr=20003153 bit=00000001
[SEU] addr=20003164 bit=00000002
[SEU] addr=200031CB bit=00000004
[SEU] addr=20003170 bit=00000002
[SEU] addr=20003182 bit=00000000
[SEU] addr=20003178 bit=00000006
[SEU] addr=2000314F bit=00000000
[SAMPLE QUEUE backup CORRUPTED] backup repaired
[SEU] addr=20003160 bit=00000006
[CMD QUEUE backup CORRUPTED] backup repaired
[SEU] addr=2000319A bit=00000003
[SEU] addr=20003174 bit=00000004
[SEU] addr=2000319C bit=00000007
[SEU] addr=20003166 bit=00000005
[SEU] addr=200031B7 bit=00000004
[SEU] addr=2000315C bit=00000003
[CMD QUEUE backup CORRUPTED] backup repaired
[SEU] addr=200031D1 bit=00000005
[SEU] addr=200031AF bit=00000003
[SEU] addr=200031BC bit=00000006
[SEU] addr=20003144 bit=00000006
[SAMPLE QUEUE CORRUPTED] primary repaired
[SEU] addr=200031CD bit=00000005
[SEU] addr=200031DD bit=00000005
[SEU] addr=20003183 bit=00000001
[SEU] addr=200031AD bit=00000006
[SEU] addr=2000318A bit=00000003
[ERR] seq=2132 err=4194304
[ERR] seq=2133 err=335544
[ERR] seq=2134 err=362384
[ERR] seq=2135 err=55824
[ERR] seq=2136 err=33448
[ERR] seq=2137 err=7136
[SEU] addr=20003198 bit=00000002
[ERR] seq=2138 err=3240
[ERR] seq=2139 err=824
[ERR] seq=2140 err=320
[ERR] seq=2141 err=88
[ERR] seq=2142 err=24
[SEU] addr=200031BB bit=00000000
[SEU] addr=2000315C bit=00000003
[CMD QUEUE backup CORRUPTED] backup repaired
[SEU] addr=2000319C bit=00000003
[SEU] addr=200031BA bit=00000006
[SEU] addr=200031D5 bit=00000003
[SEU] addr=20003184 bit=00000001
[ERR] seq=2182 err=264
[ERR] seq=2183 err=8
[ERR] seq=2184 err=8
[SEU] addr=200031B0 bit=00000004
[SEU] addr=20003154 bit=00000006
[CMD QUEUE CORRUPTED] primary repaired
[SEU] addr=20003183 bit=00000001
[SEU] addr=200031BC bit=00000000
[SEU] addr=200031BB bit=00000004
[SEU] addr=2000314D bit=00000006
[SAMPLE QUEUE backup CORRUPTED] backup repaired
[SEU] addr=20003148 bit=00000003
[SAMPLE QUEUE CORRUPTED] primary repaired
[SEU] addr=20003155 bit=00000003
[CMD QUEUE CORRUPTED] primary repaired
[SEU] addr=200031B9 bit=00000005
[SEU] addr=200031BA bit=00000004
[SEU] addr=20003148 bit=00000001
[SAMPLE QUEUE CORRUPTED] primary repaired
[SEU] addr=20003155 bit=00000007
[CMD QUEUE CORRUPTED] primary repaired
[SEU] addr=200031BC bit=00000000
[SEU] addr=200031D0 bit=00000000
[SEU] addr=20003150 bit=00000001
[SAMPLE QUEUE backup CORRUPTED] backup repaired
[SEU] addr=2000316D bit=00000003
[SEU] addr=2000317B bit=00000007
[SEU] addr=20003188 bit=00000004
[ERR] seq=2266 err=128
[ERR] seq=2267 err=8
[ERR] seq=2268 err=8
[SEU] addr=200031D7 bit=00000005
[SEU] addr=200031A1 bit=00000000
[SEU] addr=20003171 bit=00000006
[SEU] addr=200031BD bit=00000004
[SEU] addr=20003173 bit=00000000
[SEU] addr=20003144 bit=00000004
[SAMPLE QUEUE CORRUPTED] primary repaired
[SEU] addr=20003156 bit=00000001
[CMD QUEUE CORRUPTED] primary repaired
[SEU] addr=200031D2 bit=00000007
[SEU] addr=20003166 bit=00000006
[SEU] addr=200031AA bit=00000003
[SEU] addr=2000319F bit=00000006
[SEU] addr=200031BD bit=00000003
[SEU] addr=200031DB bit=00000005
[SEU] addr=2000315D bit=00000001
[CMD QUEUE backup CORRUPTED] backup repaired
[SEU] addr=200031DA bit=00000005
[SEU] addr=20003191 bit=00000004
[ERR] seq=2358 err=32768
[ERR] seq=2359 err=2616
[SEU] addr=200031C6 bit=00000003
[ERR] seq=2360 err=2824
[ERR] seq=2361 err=432
[ERR] seq=2362 err=256
[ERR] seq=2363 err=48
[ERR] seq=2364 err=16
[SEU] addr=2000316C bit=00000002
[SEU] addr=200031B9 bit=00000006
[SEU] addr=200031C9 bit=00000005
[SEU] addr=200031BC bit=00000004
[SEU] addr=200031B7 bit=00000001
[SEU] addr=200031D5 bit=00000006
[SEU] addr=20003178 bit=00000004
[SEU] addr=20003194 bit=00000004
[SEU] addr=20003156 bit=00000003
[CMD QUEUE CORRUPTED] primary repaired
[SEU] addr=200031A9 bit=00000001
[SEU] addr=2000316F bit=00000007
[SEU] addr=20003175 bit=00000004
[SEU] addr=20003180 bit=00000001
[SEU] addr=200031C5 bit=00000004
[SEU] addr=200031D3 bit=00000000
[SEU] addr=200031D3 bit=00000002
[SEU] addr=200031A4 bit=00000004
[SEU] addr=20003151 bit=00000000
[SEU] addr=20003175 bit=00000007
[SEU] addr=20003189 bit=00000004
[ERR] seq=2470 err=32768
[ERR] seq=2471 err=2616
[SEU] addr=200031A9 bit=00000002
[ERR] seq=2472 err=2824
[ERR] seq=2473 err=432
[ERR] seq=2474 err=256
[ERR] seq=2475 err=48
[ERR] seq=2476 err=16
[SEU] addr=20003194 bit=00000000
[SEU] addr=200031CC bit=00000001
[SEU] addr=200031C0 bit=00000004
[SEU] addr=2000315D bit=00000000
[CMD QUEUE backup CORRUPTED] backup repaired
[SEU] addr=200031C5 bit=00000000
[SEU] addr=20003182 bit=00000002
[SEU] addr=200031C0 bit=00000000
[SEU] addr=200031DC bit=00000002
[SEU] addr=20003150 bit=00000006
[SAMPLE QUEUE backup CORRUPTED] backup repaired
[SEU] addr=200031C2 bit=00000003
[SEU] addr=200031A7 bit=00000002
[SEU] addr=2000315B bit=00000007
[SEU] addr=200031C0 bit=00000003
[SEU] addr=200031A4 bit=00000000
[SEU] addr=2000316F bit=00000001
[SEU] addr=200031CE bit=00000006
[SEU] addr=2000316F bit=00000002
[SEU] addr=2000314A bit=00000002
[SEU] addr=20003156 bit=00000006
[CMD QUEUE CORRUPTED] primary repaired
[SEU] addr=20003170 bit=00000001
[SEU] addr=20003151 bit=00000003
[SEU] addr=20003155 bit=00000001
[CMD QUEUE CORRUPTED] primary repaired
[SEU] addr=2000315A bit=00000003
[SEU] addr=200031B4 bit=00000000
[SEU] addr=200031AA bit=00000006
[SEU] addr=200031BD bit=00000001
[SEU] addr=2000316D bit=00000003
[SEU] addr=2000317A bit=00000007
[SEU] addr=200031C7 bit=00000006
[SEU] addr=2000314A bit=00000003
[SEU] addr=200031C6 bit=00000007
[SEU] addr=20003183 bit=00000004
[SEU] addr=20003172 bit=00000003
[SEU] addr=2000314C bit=00000006
[SAMPLE QUEUE backup CORRUPTED] backup repaired
[SEU] addr=20003154 bit=00000000
[CMD QUEUE CORRUPTED] primary repaired
[SEU] addr=20003146 bit=00000002
[SAMPLE QUEUE CORRUPTED] primary repaired
[SEU] addr=2000316B bit=00000006
[SEU] addr=200031A4 bit=00000000
[SEU] addr=20003189 bit=00000001
[ERR] seq=2689 err=4096
[ERR] seq=2690 err=320
[SEU] addr=200031DB bit=00000002
[ERR] seq=2691 err=344
[ERR] seq=2692 err=48
[ERR] seq=2693 err=24
[SEU] addr=20003192 bit=00000002
[ERR] seq=2695 err=2097152
[ERR] seq=2696 err=167768
[ERR] seq=2697 err=181184
[ERR] seq=2698 err=27904
[ERR] seq=2699 err=16720
[ERR] seq=2700 err=3568
[ERR] seq=2701 err=1616
[ERR] seq=2702 err=408
[ERR] seq=2703 err=160
[ERR] seq=2704 err=40
[SEU] addr=20003148 bit=00000001
[SAMPLE QUEUE CORRUPTED] primary repaired
[ERR] seq=2705 err=8
[SEU] addr=20003182 bit=00000002
[SEU] addr=200031A3 bit=00000005
[SEU] addr=20003151 bit=00000004
[SEU] addr=200031D1 bit=00000002
[SEU] addr=2000316E bit=00000003
[SEU] addr=20003174 bit=00000006
[SEU] addr=200031B0 bit=00000005
[SEU] addr=20003180 bit=00000004
[SEU] addr=200031C5 bit=00000001
[SEU] addr=2000315E bit=00000000
[CMD QUEUE backup CORRUPTED] backup repaired
[SEU] addr=2000319B bit=00000000
[SEU] addr=20003198 bit=00000005
[SEU] addr=200031A6 bit=00000007
[SEU] addr=200031B6 bit=00000002
[SEU] addr=2000316B bit=00000007
[SEU] addr=20003160 bit=00000007
[CMD QUEUE backup CORRUPTED] backup repaired
[SEU] addr=2000317C bit=00000001
[SEU] addr=200031B4 bit=00000007
[SEU] addr=20003155 bit=00000004
[CMD QUEUE CORRUPTED] primary repaired
[SEU] addr=200031A8 bit=00000002
[SEU] addr=2000316C bit=00000007
[SEU] addr=20003176 bit=00000005
[SEU] addr=20003193 bit=00000005
[SEU] addr=20003190 bit=00000002
[ERR] seq=2833 err=32
[SEU] addr=2000319B bit=00000000
[SEU] addr=20003144 bit=00000002
[SAMPLE QUEUE CORRUPTED] primary repaired
[SEU] addr=200031BB bit=00000000
[SEU] addr=200031C1 bit=00000001
[SEU] addr=20003150 bit=00000005
[SAMPLE QUEUE backup CORRUPTED] backup repaired
[SEU] addr=20003150 bit=00000005
[SAMPLE QUEUE backup CORRUPTED] backup repaired
[SEU] addr=20003190 bit=00000001
[ERR] seq=2879 err=16
[SEU] addr=20003163 bit=00000000
[SEU] addr=20003186 bit=00000001
[ERR] seq=2893 err=3512
[ERR] seq=2894 err=272
[ERR] seq=2895 err=280
[ERR] seq=2896 err=16
[ERR] seq=2897 err=8
[SEU] addr=200031B2 bit=00000000
[SEU] addr=200031B6 bit=00000006
[SEU] addr=200031B0 bit=00000001
[SEU] addr=200031B4 bit=00000001
[SEU] addr=2000319A bit=00000003
[SEU] addr=200031C7 bit=00000007
[SEU] addr=2000316C bit=00000005
[SEU] addr=20003196 bit=00000007
[SEU] addr=20003171 bit=00000001
[SEU] addr=20003155 bit=00000007
[CMD QUEUE CORRUPTED] primary repaired
[SEU] addr=20003173 bit=00000006
[SEU] addr=200031B4 bit=00000001
[SEU] addr=20003176 bit=00000000
[SEU] addr=2000319A bit=00000002
[SEU] addr=200031B8 bit=00000002
[SEU] addr=200031B3 bit=00000006
[SEU] addr=200031B4 bit=00000005
[SEU] addr=20003178 bit=00000007
[SEU] addr=20003183 bit=00000007
[SEU] addr=200031BD bit=00000000
[SEU] addr=200031B7 bit=00000006
[SEU] addr=2000317C bit=00000001
[SEU] addr=20003183 bit=00000003
[SEU] addr=20003152 bit=00000006
[SEU] addr=2000319D bit=00000002
[SEU] addr=20003154 bit=00000007
[CMD QUEUE CORRUPTED] primary repaired
[SEU] addr=20003174 bit=00000000
[SEU] addr=2000314C bit=00000004
[SAMPLE QUEUE backup CORRUPTED] backup repaired
[SEU] addr=200031C2 bit=00000001
[SEU] addr=2000319D bit=00000003
[SEU] addr=20003148 bit=00000007
[SAMPLE QUEUE CORRUPTED] primary repaired
[SEU] addr=2000317C bit=00000006
[SEU] addr=2000318B bit=00000006
[SEU] addr=2000314C bit=00000002
[SAMPLE QUEUE backup CORRUPTED] backup repaired
[SEU] addr=20003194 bit=00000006
[SEU] addr=200031D8 bit=00000002
[SEU] addr=20003150 bit=00000001
[SAMPLE QUEUE backup CORRUPTED] backup repaired
[SEU] addr=20003185 bit=00000005
[ERR] seq=3084 err=8120
[ERR] seq=3085 err=640
[ERR] seq=3086 err=680
[SEU] addr=2000319E bit=00000002
[ERR] seq=3087 err=80
[ERR] seq=3088 err=40
[SEU] addr=200031A0 bit=00000000
[SEU] addr=20003191 bit=00000004
[ERR] seq=3095 err=32768
[ERR] seq=3096 err=2616
[ERR] seq=3097 err=2824
[ERR] seq=3098 err=432
[SEU] addr=20003153 bit=00000000
[ERR] seq=3099 err=256
[ERR] seq=3100 err=48
[ERR] seq=3101 err=16
[SEU] addr=200031D0 bit=00000004
[SEU] addr=20003149 bit=00000006
[SEU] addr=20003186 bit=00000000
[ERR] seq=3120 err=880
[ERR] seq=3121 err=56
[SEU] addr=2000316D bit=00000007
[ERR] seq=3122 err=56
[SEU] addr=200031DE bit=00000002
[SEU] addr=200031DA bit=00000000
[SEU] addr=20003165 bit=00000007
[SEU] addr=200031C6 bit=00000006
[SEU] addr=2000317F bit=00000000
[SEU] addr=200031AF bit=00000000
[SEU] addr=200031D6 bit=00000007
[SEU] addr=200031CA bit=00000003
[SEU] addr=200031D2 bit=00000006
[SEU] addr=200031B4 bit=00000002
[SEU] addr=200031BA bit=00000003
[SEU] addr=200031DD bit=00000005
[SEU] addr=20003197 bit=00000005
[SEU] addr=20003187 bit=00000004
[ERR] seq=3197 err=1496
[ERR] seq=3198 err=112
[ERR] seq=3199 err=112
[SEU] addr=200031CB bit=00000000
[SEU] addr=20003186 bit=00000002
[ERR] seq=3206 err=8008
[ERR] seq=3207 err=624
[SEU] addr=2000318F bit=00000005
[ERR] seq=3208 err=664
[ERR] seq=3209 err=80
[ERR] seq=3210 err=40
[SEU] addr=200031BA bit=00000007
[SEU] addr=200031AE bit=00000005
[SEU] addr=20003160 bit=00000006
[CMD QUEUE backup CORRUPTED] backup repaired
[SEU] addr=200031BC bit=00000003
[SEU] addr=200031BD bit=00000006
[SEU] addr=200031CD bit=00000007
[SEU] addr=20003176 bit=00000005
[SEU] addr=2000315E bit=00000000
[CMD QUEUE backup CORRUPTED] backup repaired
[SEU] addr=2000314F bit=00000004
[SAMPLE QUEUE backup CORRUPTED] backup repaired
[SEU] addr=2000318C bit=00000006
[ERR] seq=3261 err=512
[ERR] seq=3262 err=40
[ERR] seq=3263 err=40
[SEU] addr=20003172 bit=00000000
[SEU] addr=200031AD bit=00000003
[SEU] addr=200031DB bit=00000001
[SEU] addr=200031D2 bit=00000005
[SEU] addr=2000319D bit=00000002
[SEU] addr=200031BF bit=00000001
[SEU] addr=20003182 bit=00000007
[SEU] addr=2000314E bit=00000001
[SAMPLE QUEUE backup CORRUPTED] backup repaired
[SEU] addr=200031D4 bit=00000000
[SEU] addr=200031B8 bit=00000006
[SEU] addr=200031D5 bit=00000007
[SEU] addr=20003153 bit=00000003
[SEU] addr=200031D2 bit=00000006
[SEU] addr=200031B6 bit=00000003
[SEU] addr=2000319C bit=00000004
[SEU] addr=2000317C bit=00000001
[SEU] addr=2000316F bit=00000004
[SEU] addr=2000316D bit=00000003
[SEU] addr=20003183 bit=00000007
[SEU] addr=200031DA bit=00000006
[SEU] addr=200031D1 bit=00000000
[SEU] addr=2000314D bit=00000005
[SAMPLE QUEUE backup CORRUPTED] backup repaired
[SEU] addr=200031DF bit=00000002
[SEU] addr=20003188 bit=00000007
[ERR] seq=3404 err=1024
[ERR] seq=3405 err=80
[ERR] seq=3406 err=80
[SEU] addr=20003188 bit=00000005
[ERR] seq=3413 err=256
[ERR] seq=3414 err=16
[ERR] seq=3415 err=16
[SEU] addr=20003184 bit=00000002
[ERR] seq=3422 err=384
[ERR] seq=3423 err=24
[ERR] seq=3424 err=24
[SEU] addr=20003167 bit=00000006
[SEU] addr=200031AA bit=00000005
[SEU] addr=20003159 bit=00000001
[SEU] addr=2000318A bit=00000001
[ERR] seq=3441 err=1048576
[ERR] seq=3442 err=83880
[ERR] seq=3443 err=90584
[ERR] seq=3444 err=13944
[ERR] seq=3445 err=8352
[ERR] seq=3446 err=1776
[SEU] addr=200031B8 bit=00000002
[ERR] seq=3447 err=800
[ERR] seq=3448 err=200
[ERR] seq=3449 err=80
[SEU] addr=200031CE bit=00000005
[ERR] seq=3450 err=16
[SEU] addr=20003197 bit=00000003
[SEU] addr=20003185 bit=00000006
[ERR] seq=3462 err=9032
[ERR] seq=3463 err=712
[ERR] seq=3464 err=752
[ERR] seq=3465 err=96
[ERR] seq=3466 err=56
[SEU] addr=200031DB bit=00000001
[SEU] addr=20003191 bit=00000007
[ERR] seq=3478 err=262144
[SEU] addr=200031A1 bit=00000007
[ERR] seq=3479 err=20968
[ERR] seq=3480 err=22640
[ERR] seq=3481 err=3480
[SEU] addr=200031C0 bit=00000001
[ERR] seq=3482 err=2080
[ERR] seq=3483 err=432
[ERR] seq=3484 err=192
[ERR] seq=3485 err=40
[ERR] seq=3486 err=8
[SEU] addr=2000317D bit=00000002
[SEU] addr=200031AA bit=00000002
[SEU] addr=200031D0 bit=00000001
[SEU] addr=20003144 bit=00000002
[SAMPLE QUEUE CORRUPTED] primary repaired
[SEU] addr=2000319F bit=00000007
[SEU] addr=200031D9 bit=00000007
[SEU] addr=200031CF bit=00000000
[SEU] addr=20003155 bit=00000000
[CMD QUEUE CORRUPTED] primary repaired
[SEU] addr=200031A8 bit=00000002
[SEU] addr=200031D2 bit=00000006
[SEU] addr=200031C3 bit=00000000
[SEU] addr=2000315C bit=00000003
[CMD QUEUE backup CORRUPTED] backup repaired
[SEU] addr=20003163 bit=00000006
[SEU] addr=20003176 bit=00000004
[SEU] addr=20003176 bit=00000005
[SEU] addr=200031C9 bit=00000007
[SEU] addr=20003166 bit=00000000
[SEU] addr=2000317E bit=00000003
[SEU] addr=20003181 bit=00000004
[SEU] addr=200031C2 bit=00000001
[SEU] addr=200031C1 bit=00000003
[SEU] addr=2000316B bit=00000000
[SEU] addr=200031DC bit=00000001
[SEU] addr=20003169 bit=00000004
[SEU] addr=20003166 bit=00000000
[SEU] addr=2000318E bit=00000001
[ERR] seq=3628 err=1048576
[SEU] addr=20003163 bit=00000007
[ERR] seq=3629 err=83880
[ERR] seq=3630 err=90584
[SEU] addr=200031DD bit=00000006
[ERR] seq=3631 err=13944
[ERR] seq=3632 err=8352
[ERR] seq=3633 err=1776
[ERR] seq=3634 err=800
[ERR] seq=3635 err=200
[ERR] seq=3636 err=80
[ERR] seq=3637 err=16
[SEU] addr=200031BE bit=00000006
[SEU] addr=200031AB bit=00000001
[SEU] addr=200031BD bit=00000000
[SEU] addr=200031BE bit=00000006
[SEU] addr=20003168 bit=00000000
[SEU] addr=200031B1 bit=00000000
[SEU] addr=20003167 bit=00000006
[SEU] addr=2000316D bit=00000006
[SEU] addr=2000315D bit=00000002
[CMD QUEUE backup CORRUPTED] backup repaired
[SEU] addr=200031D8 bit=00000001
[SEU] addr=20003177 bit=00000007
[SEU] addr=200031A6 bit=00000002
[SEU] addr=200031B6 bit=00000006
[SEU] addr=2000318B bit=00000004
[ERR] seq=3706 err=2147483648
[ERR] seq=3707 err=171798688
[ERR] seq=3708 err=185542576
[ERR] seq=3709 err=28587288
[ERR] seq=3710 err=17130376
[ERR] seq=3711 err=3657400
[ERR] seq=3712 err=1663016
[ERR] seq=3713 err=425632
[SEU] addr=2000317B bit=00000000
[ERR] seq=3714 err=167088
[ERR] seq=3715 err=47408
[ERR] seq=3716 err=17152
[ERR] seq=3717 err=5160
[ERR] seq=3718 err=1776
[SEU] addr=20003159 bit=00000002
[ERR] seq=3719 err=544
[ERR] seq=3720 err=176
[ERR] seq=3721 err=48
[ERR] seq=3722 err=8
[SEU] addr=2000319D bit=00000007
[SEU] addr=2000316B bit=00000001
[SEU] addr=2000318C bit=00000002
[ERR] seq=3741 err=32
[SEU] addr=200031DF bit=00000003
[SEU] addr=2000316B bit=00000005
[SEU] addr=2000314D bit=00000005
[SAMPLE QUEUE backup CORRUPTED] backup repaired
[SEU] addr=20003160 bit=00000006
[CMD QUEUE backup CORRUPTED] backup repaired
[SEU] addr=200031B3 bit=00000004
[SEU] addr=200031DF bit=00000007
[SEU] addr=200031D6 bit=00000000
[SEU] addr=200031C3 bit=00000007
[SEU] addr=20003179 bit=00000003
[SEU] addr=20003177 bit=00000003
[SEU] addr=200031B1 bit=00000002
[SEU] addr=20003159 bit=00000004
[SEU] addr=20003177 bit=00000005
[SEU] addr=20003166 bit=00000005
[SEU] addr=20003196 bit=00000004
[SEU] addr=2000319D bit=00000006
[SEU] addr=200031C5 bit=00000000
[SEU] addr=20003162 bit=00000000
[SEU] addr=200031DC bit=00000004
[SEU] addr=200031A8 bit=00000002
[SEU] addr=2000318C bit=00000005
[ERR] seq=3853 err=256
[ERR] seq=3854 err=16
[ERR] seq=3855 err=16
[SEU] addr=200031D7 bit=00000002
[SEU] addr=200031D0 bit=00000007
[SEU] addr=200031B7 bit=00000002
[SEU] addr=200031B5 bit=00000002
[SEU] addr=200031AC bit=00000006
[SEU] addr=2000318A bit=00000000
[ERR] seq=3885 err=524288
[ERR] seq=3886 err=41936
[ERR] seq=3887 err=45288
[ERR] seq=3888 err=6968
[SEU] addr=20003188 bit=00000001
[ERR] seq=3889 err=4152
[ERR] seq=3890 err=880
[ERR] seq=3891 err=392
[ERR] seq=3892 err=88
[ERR] seq=3893 err=24
[SEU] addr=2000314D bit=00000001
[SAMPLE QUEUE backup CORRUPTED] backup repaired
[SEU] addr=200031CF bit=00000006
[SEU] addr=200031D6 bit=00000005
[SEU] addr=200031AF bit=00000000
[SEU] addr=20003182 bit=00000001
[SEU] addr=20003146 bit=00000007
[SAMPLE QUEUE CORRUPTED] primary repaired
[SEU] addr=20003191 bit=00000004
[ERR] seq=3929 err=32768
[ERR] seq=3930 err=2616
[SEU] addr=200031CB bit=00000003
[ERR] seq=3931 err=2824
[ERR] seq=3932 err=432
[ERR] seq=3933 err=256
[SEU] addr=20003175 bit=00000005
[ERR] seq=3934 err=48
[ERR] seq=3935 err=16
[SEU] addr=2000319C bit=00000000
[SEU] addr=20003157 bit=00000001
[CMD QUEUE CORRUPTED] primary repaired
[SEU] addr=2000319F bit=00000002
[SEU] addr=2000316E bit=00000004
[SEU] addr=2000314E bit=00000005
[SAMPLE QUEUE backup CORRUPTED] backup repaired
[SEU] addr=200031B6 bit=00000003
[SEU] addr=20003172 bit=00000002
[SEU] addr=200031DB bit=00000001
[SEU] addr=200031C6 bit=00000004
[SEU] addr=200031C6 bit=00000003
[SEU] addr=200031A0 bit=00000000
[SEU] addr=200031D2 bit=00000003
[SEU] addr=200031B4 bit=00000005
[SEU] addr=2000318A bit=00000007
[ERR] seq=3997 err=67108864
[ERR] seq=3998 err=5368704
[SEU] addr=200031C9 bit=00000000
[ERR] seq=3999 err=5798200
[ERR] seq=4000 err=893352
[ERR] seq=4001 err=535320
[ERR] seq=4002 err=114288
[ERR] seq=4003 err=51960
[SEU] addr=20003155 bit=00000003
[CMD QUEUE CORRUPTED] primary repaired
[ERR] seq=4004 err=13288
[ERR] seq=4005 err=5208
[ERR] seq=4006 err=1472
[ERR] seq=4007 err=528
[ERR] seq=4008 err=152
[ERR] seq=4009 err=48
[ERR] seq=4010 err=8
[SEU] addr=2000318C bit=00000000
[ERR] seq=4012 err=8
[SEU] addr=20003148 bit=00000007
[SAMPLE QUEUE CORRUPTED] primary repaired
[SEU] addr=2000318A bit=00000002
[ERR] seq=4023 err=2097152
[ERR] seq=4024 err=167768
[ERR] seq=4025 err=181184
[ERR] seq=4026 err=27904
[SEU] addr=20003159 bit=00000006
[ERR] seq=4027 err=16720
[ERR] seq=4028 err=3568
[ERR] seq=4029 err=1616
[ERR] seq=4030 err=408
[ERR] seq=4031 err=160
[ERR] seq=4032 err=40
[ERR] seq=4033 err=8
[SEU] addr=200031A2 bit=00000004
[SEU] addr=2000318D bit=00000002
[ERR] seq=4038 err=8192
[ERR] seq=4039 err=648
[SEU] addr=200031C1 bit=00000003
[ERR] seq=4040 err=696
[ERR] seq=4041 err=96
[ERR] seq=4042 err=48
[SEU] addr=20003175 bit=00000001
[SEU] addr=200031CF bit=00000001
[SEU] addr=20003150 bit=00000002
[SAMPLE QUEUE backup CORRUPTED] backup repaired
[SEU] addr=2000319D bit=00000006
[SEU] addr=20003173 bit=00000003
[SEU] addr=200031B6 bit=00000003
[SEU] addr=200031DB bit=00000004
[SEU] addr=20003158 bit=00000005
[CMD QUEUE CORRUPTED] primary repaired
[SEU] addr=200031D1 bit=00000006
[SEU] addr=2000316C bit=00000006
[SEU] addr=2000318A bit=00000007
[ERR] seq=4117 err=67108864
[ERR] seq=4118 err=5368704
[ERR] seq=4119 err=5798200
[ERR] seq=4120 err=893352
[ERR] seq=4121 err=535320
[ERR] seq=4122 err=114288
[ERR] seq=4123 err=51960
[ERR] seq=4124 err=13288
[SEU] addr=200031C3 bit=00000005
[ERR] seq=4125 err=5208
[ERR] seq=4126 err=1472
[ERR] seq=4127 err=528
[ERR] seq=4128 err=152
[ERR] seq=4129 err=48
[ERR] seq=4130 err=8
[SEU] addr=200031BA bit=00000003
[SEU] addr=200031BC bit=00000005
[SEU] addr=20003168 bit=00000001
[SEU] addr=20003173 bit=00000004
[SEU] addr=2000315E bit=00000000
[CMD QUEUE backup CORRUPTED] backup repaired
[SEU] addr=20003158 bit=00000002
[CMD QUEUE CORRUPTED] primary repaired
[SEU] addr=200031B0 bit=00000007
[SEU] addr=200031DE bit=00000001
[SEU] addr=2000319C bit=00000007
[SEU] addr=200031B0 bit=00000005
[SEU] addr=200031BC bit=00000005
[SEU] addr=20003160 bit=00000003
[CMD QUEUE backup CORRUPTED] backup repaired
[SEU] addr=200031B6 bit=00000000
[SEU] addr=20003174 bit=00000003
[SEU] addr=20003199 bit=00000004
[SEU] addr=20003185 bit=00000006
[ERR] seq=4207 err=12240
[ERR] seq=4208 err=968
[ERR] seq=4209 err=1032
[ERR] seq=4210 err=128
[ERR] seq=4211 err=64
[SEU] addr=200031B8 bit=00000005
[SEU] addr=2000315E bit=00000003
[CMD QUEUE backup CORRUPTED] backup repaired
[SEU] addr=20003186 bit=00000003
[ERR] seq=4224 err=10240
[ERR] seq=4225 err=800
[ERR] seq=4226 err=856
[ERR] seq=4227 err=112
[SEU] addr=2000317C bit=00000005
[ERR] seq=4228 err=56
[SEU] addr=200031BD bit=00000002
[SEU] addr=2000314A bit=00000007
[SEU] addr=200031A5 bit=00000001
[SEU] addr=20003151 bit=00000005
[SEU] addr=20003184 bit=00000003
[ERR] seq=4257 err=464
[SEU] addr=20003186 bit=00000000
[ERR] seq=4258 err=872
[ERR] seq=4259 err=32
[ERR] seq=4260 err=56
[SEU] addr=20003151 bit=00000001
[SEU] addr=20003152 bit=00000003
[SEU] addr=20003155 bit=00000005
[CMD QUEUE CORRUPTED] primary repaired
[SEU] addr=2000315F bit=00000003
[CMD QUEUE backup CORRUPTED] backup repaired
[SEU] addr=2000319F bit=00000003
[SEU] addr=2000315A bit=00000006
[SEU] addr=200031D5 bit=00000004
[SEU] addr=200031D4 bit=00000002
[SEU] addr=20003193 bit=00000001
[ERR] seq=4310 err=268435456
[ERR] seq=4311 err=21474832
[ERR] seq=4312 err=23192816
[ERR] seq=4313 err=3573408
[SEU] addr=20003172 bit=00000007
[ERR] seq=4314 err=2141296
[ERR] seq=4315 err=457168
[ERR] seq=4316 err=207864
[ERR] seq=4317 err=53192
[ERR] seq=4318 err=20872
[ERR] seq=4319 err=5912
[ERR] seq=4320 err=2136
[ERR] seq=4321 err=640
[SEU] addr=20003146 bit=00000002
[SAMPLE QUEUE CORRUPTED] primary repaired
[ERR] seq=4322 err=216
[ERR] seq=4323 err=64
[ERR] seq=4324 err=16
[SEU] addr=200031B7 bit=00000000
[SEU] addr=200031DB bit=00000002
[SEU] addr=2000316C bit=00000001
[SEU] addr=20003180 bit=00000005
[SEU] addr=2000317A bit=00000005
[SEU] addr=20003156 bit=00000001
[CMD QUEUE CORRUPTED] primary repaired
[SEU] addr=2000316A bit=00000007
[SEU] addr=20003184 bit=00000000
[ERR] seq=4370 err=80
[SEU] addr=20003185 bit=00000000
[ERR] seq=4378 err=5248
[SEU] addr=2000315D bit=00000002
[CMD QUEUE backup CORRUPTED] backup repaired
[ERR] seq=4379 err=408
[ERR] seq=4380 err=424
[ERR] seq=4381 err=32
[ERR] seq=4382 err=16
[SEU] addr=200031A5 bit=00000003
[SEU] addr=20003160 bit=00000002
[CMD QUEUE backup CORRUPTED] backup repaired
[SEU] addr=2000318F bit=00000003
[ERR] seq=4397 err=1073741824
[ERR] seq=4398 err=85899344
[ERR] seq=4399 err=92771288
[ERR] seq=4400 err=14293640
[ERR] seq=4401 err=8565184
[SEU] addr=20003166 bit=00000006
[ERR] seq=4402 err=1828696
[ERR] seq=4403 err=831496
[ERR] seq=4404 err=212800
[ERR] seq=4405 err=83536
[SEU] addr=200031A8 bit=00000002
[ERR] seq=4406 err=23704
[ERR] seq=4407 err=8576
[ERR] seq=4408 err=2576
[ERR] seq=4409 err=880
[ERR] seq=4410 err=264
[ERR] seq=4411 err=80
[ERR] seq=4412 err=16
[SEU] addr=2000317B bit=00000004
[SEU] addr=2000317D bit=00000000
[SEU] addr=2000316D bit=00000003
[SEU] addr=20003183 bit=00000002
[SEU] addr=20003147 bit=00000005
[SAMPLE QUEUE CORRUPTED] primary repaired
[SEU] addr=20003191 bit=00000003
[ERR] seq=4434 err=16384
[ERR] seq=4435 err=1304
[ERR] seq=4436 err=1408
[ERR] seq=4437 err=216
[ERR] seq=4438 err=128
[ERR] seq=4439 err=24
[ERR] seq=4440 err=8
[SEU] addr=20003172 bit=00000005
[SEU] addr=2000316D bit=00000006
[SEU] addr=200031C2 bit=00000006
[SEU] addr=200031C2 bit=00000002
[SEU] addr=200031B0 bit=00000001
[SEU] addr=2000316E bit=00000003
[SEU] addr=2000315B bit=00000003
[SEU] addr=20003160 bit=00000006
[CMD QUEUE backup CORRUPTED] backup repaired
[SEU] addr=20003147 bit=00000000
[SAMPLE QUEUE CORRUPTED] primary repaired
[SEU] addr=20003162 bit=00000001
[SEU] addr=2000317E bit=00000004
[SEU] addr=20003181 bit=00000003
[SEU] addr=2000315E bit=00000004
[CMD QUEUE backup CORRUPTED] backup repaired
[SEU] addr=2000318F bit=00000002
[ERR] seq=4529 err=536870912
[ERR] seq=4530 err=42949672
[ERR] seq=4531 err=46385640
[ERR] seq=4532 err=7146816
[ERR] seq=4533 err=4282592
[SEU] addr=200031C7 bit=00000007
[ERR] seq=4534 err=914344
[ERR] seq=4535 err=415744
[ERR] seq=4536 err=106400
[ERR] seq=4537 err=41768
[ERR] seq=4538 err=11848
[SEU] addr=200031B9 bit=00000006
[ERR] seq=4539 err=4280
[ERR] seq=4540 err=1280
[ERR] seq=4541 err=432
[ERR] seq=4542 err=128
[ERR] seq=4543 err=40
[ERR] seq=4544 err=8
[SEU] addr=200031B6 bit=00000001
[SEU] addr=200031AA bit=00000002
[SEU] addr=20003185 bit=00000007
[ERR] seq=4556 err=528
[ERR] seq=4557 err=24
[SEU] addr=2000314F bit=00000000
[SAMPLE QUEUE backup CORRUPTED] backup repaired
[ERR] seq=4558 err=24
[SEU] addr=200031D1 bit=00000000
[SEU] addr=200031AE bit=00000003
[SEU] addr=20003176 bit=00000006
[SEU] addr=200031B0 bit=00000000
[SEU] addr=200031BE bit=00000001
[SEU] addr=2000318D bit=00000003
[ERR] seq=4588 err=16384
[ERR] seq=4589 err=1304
[ERR] seq=4590 err=1408
[ERR] seq=4591 err=216
[ERR] seq=4592 err=128
[SEU] addr=20003167 bit=00000005
[ERR] seq=4593 err=24
[ERR] seq=4594 err=8
[SEU] addr=20003199 bit=00000005
[SEU] addr=2000319C bit=00000000
[SEU] addr=200031AB bit=00000003
[SEU] addr=200031AF bit=00000000
[SEU] addr=200031A0 bit=00000007
[SEU] addr=20003173 bit=00000003
[SEU] addr=20003175 bit=00000004
[SEU] addr=200031C7 bit=00000001
[SEU] addr=200031BD bit=00000002
[SEU] addr=20003189 bit=00000004
[ERR] seq=4641 err=32768
[ERR] seq=4642 err=2616
[ERR] seq=4643 err=2824
[ERR] seq=4644 err=432
[ERR] seq=4645 err=256
[SEU] addr=200031CF bit=00000001
[ERR] seq=4646 err=48
[ERR] seq=4647 err=16
[SEU] addr=20003180 bit=00000001
[SEU] addr=200031D0 bit=00000004
[SEU] addr=20003185 bit=00000004
[ERR] seq=4659 err=968
[ERR] seq=4660 err=64
[SEU] addr=200031DA bit=00000004
[ERR] seq=4661 err=64
[SEU] addr=200031D9 bit=00000005
[SEU] addr=200031C7 bit=00000002
[SEU] addr=200031A3 bit=00000001
[SEU] addr=20003181 bit=00000001
[SEU] addr=2000314A bit=00000001
[SEU] addr=20003145 bit=00000000
[SAMPLE QUEUE CORRUPTED] primary repaired
[SEU] addr=20003172 bit=00000001
[SEU] addr=2000316B bit=00000003
[SEU] addr=200031A0 bit=00000001
[SEU] addr=2000315B bit=00000007
[SEU] addr=2000315F bit=00000002
[CMD QUEUE backup CORRUPTED] backup repaired
[SEU] addr=20003162 bit=00000000
[SEU] addr=20003197 bit=00000000
[SEU] addr=200031C2 bit=00000000
[SEU] addr=20003158 bit=00000004
[CMD QUEUE CORRUPTED] primary repaired
[SEU] addr=200031C4 bit=00000002
[SEU] addr=200031B3 bit=00000001
[SEU] addr=20003174 bit=00000004
[SEU] addr=20003146 bit=00000006
[SAMPLE QUEUE CORRUPTED] primary repaired
[SEU] addr=20003197 bit=00000000
[SEU] addr=2000315E bit=00000007
[CMD QUEUE backup CORRUPTED] backup repaired
[SEU] addr=200031DD bit=00000006
[SEU] addr=20003150 bit=00000006
[SAMPLE QUEUE backup CORRUPTED] backup repaired
[SEU] addr=2000318B bit=00000007
[SEU] addr=20003162 bit=00000007
[SEU] addr=20003156 bit=00000001
[CMD QUEUE CORRUPTED] primary repaired
[SEU] addr=20003191 bit=00000006
[ERR] seq=4805 err=131072
[ERR] seq=4806 err=10480
[ERR] seq=4807 err=11312
[ERR] seq=4808 err=1736
[SEU] addr=200031D1 bit=00000001
[ERR] seq=4809 err=1040
[ERR] seq=4810 err=216
[ERR] seq=4811 err=96
[SEU] addr=200031DD bit=00000006
[ERR] seq=4812 err=16
[SEU] addr=200031DE bit=00000007
[SEU] addr=200031BE bit=00000002
[SEU] addr=20003164 bit=00000002
[SEU] addr=20003172 bit=00000001
[SEU] addr=200031BA bit=00000002
[SEU] addr=20003191 bit=00000001
[ERR] seq=4842 err=4096
[ERR] seq=4843 err=320
[ERR] seq=4844 err=344
[ERR] seq=4845 err=48
[ERR] seq=4846 err=24
[SEU] addr=2000315C bit=00000003
[CMD QUEUE backup CORRUPTED] backup repaired
[SEU] addr=200031D6 bit=00000004
[SEU] addr=20003174 bit=00000000
[SEU] addr=20003152 bit=00000000
[SEU] addr=20003171 bit=00000006
[SEU] addr=20003174 bit=00000002
[SEU] addr=200031B3 bit=00000001
[SEU] addr=200031A1 bit=00000003
[SEU] addr=2000317C bit=00000002
[SEU] addr=200031A2 bit=00000003
[SEU] addr=200031BC bit=00000006
[SEU] addr=200031DC bit=00000004
[SEU] addr=200031C9 bit=00000002
[SEU] addr=200031CA bit=00000007
[SEU] addr=20003151 bit=00000000
[SEU] addr=20003145 bit=00000006
[SAMPLE QUEUE CORRUPTED] primary repaired
[SEU] addr=200031C8 bit=00000002
[SEU] addr=20003179 bit=00000006
[SEU] addr=20003148 bit=00000007
[SAMPLE QUEUE CORRUPTED] primary repaired
[SEU] addr=20003152 bit=00000004
[SEU] addr=200031CA bit=00000003
[SEU] addr=200031A2 bit=00000001
[SEU] addr=200031D7 bit=00000005
[SEU] addr=2000316F bit=00000003
[SEU] addr=20003189 bit=00000000
[ERR] seq=4984 err=2048
[ERR] seq=4985 err=160
[ERR] seq=4986 err=168
[ERR] seq=4987 err=16
[ERR] seq=4988 err=8
[SEU] addr=20003154 bit=00000000
[CMD QUEUE CORRUPTED] primary repaired
[SEU] addr=20003171 bit=00000003
[SEU] addr=20003191 bit=00000005
[ERR] seq=5003 err=65536
[SEU] addr=200031D0 bit=00000006
[ERR] seq=5004 err=5240
[SEU] addr=2000314A bit=00000002
[ERR] seq=5005 err=5656
[ERR] seq=5006 err=864
[ERR] seq=5007 err=512
[ERR] seq=5008 err=104
[ERR] seq=5009 err=48
[SEU] addr=200031BD bit=00000005
[ERR] seq=5010 err=8
[SEU] addr=200031A5 bit=00000002
[SEU] addr=20003160 bit=00000005
[CMD QUEUE backup CORRUPTED] backup repaired
[SEU] addr=200031D4 bit=00000006
[SEU] addr=200031DF bit=00000003
[SEU] addr=200031B2 bit=00000007
[SEU] addr=20003162 bit=00000001
[SEU] addr=2000317F bit=00000001
[SEU] addr=20003192 bit=00000003
[ERR] seq=5067 err=4194304
[ERR] seq=5068 err=335544
[ERR] seq=5069 err=362384
[ERR] seq=5070 err=55824
[ERR] seq=5071 err=33448
[ERR] seq=5072 err=7136
[SEU] addr=200031B5 bit=00000005
[ERR] seq=5073 err=3240
[ERR] seq=5074 err=824
[ERR] seq=5075 err=320
[ERR] seq=5076 err=88
[SEU] addr=20003159 bit=00000003
[ERR] seq=5077 err=24
[SEU] addr=200031D1 bit=00000002
[SEU] addr=200031AC bit=00000004
[SEU] addr=200031C4 bit=00000003
[SEU] addr=20003146 bit=00000000
[SAMPLE QUEUE CORRUPTED] primary repaired
[SEU] addr=2000316B bit=00000004
[SEU] addr=200031C6 bit=00000001
[SEU] addr=20003167 bit=00000000
[SEU] addr=20003195 bit=00000007
[SEU] addr=200031BE bit=00000003
[SEU] addr=200031D2 bit=00000006
[SEU] addr=2000315C bit=00000003
[CMD QUEUE backup CORRUPTED] backup repaired
[SEU] addr=200031CC bit=00000006
[SEU] addr=20003172 bit=00000007
[SEU] addr=2000314C bit=00000000
[SAMPLE QUEUE backup CORRUPTED] backup repaired
[SEU] addr=20003187 bit=00000001
[ERR] seq=5182 err=1600
[ERR] seq=5183 err=112
[ERR] seq=5184 err=112
[SEU] addr=20003166 bit=00000005
[SEU] addr=20003171 bit=00000003
[SEU] addr=200031AD bit=00000002
[SEU] addr=2000317B bit=00000007
[SEU] addr=200031AA bit=00000005
[SEU] addr=200031D9 bit=00000004
[SEU] addr=20003177 bit=00000003
[SEU] addr=20003149 bit=00000006
[SEU] addr=20003171 bit=00000003
[SEU] addr=20003173 bit=00000006
[SEU] addr=200031D0 bit=00000006
[SEU] addr=2000316F bit=00000007
[SEU] addr=20003170 bit=00000006
[SEU] addr=2000314F bit=00000006
[SAMPLE QUEUE backup CORRUPTED] backup repaired
[SEU] addr=200031B5 bit=00000006
[SEU] addr=20003173 bit=00000004
[SEU] addr=200031DB bit=00000000
[SEU] addr=2000316A bit=00000001
[SEU] addr=20003183 bit=00000007
[SEU] addr=20003151 bit=00000001
[SEU] addr=20003177 bit=00000003
[SEU] addr=200031DF bit=00000006
[SEU] addr=2000315D bit=00000005
[CMD QUEUE backup CORRUPTED] backup repaired
[SEU] addr=2000314A bit=00000006
[SEU] addr=2000319B bit=00000004
[SEU] addr=20003184 bit=00000007
[ERR] seq=5335 err=6400
[ERR] seq=5336 err=504
[ERR] seq=5337 err=528
[ERR] seq=5338 err=48
[SEU] addr=2000318A bit=00000002
[ERR] seq=5339 err=2097144
[ERR] seq=5340 err=167768
[ERR] seq=5341 err=181184
[ERR] seq=5342 err=27904
[ERR] seq=5343 err=16720
[ERR] seq=5344 err=3568
[ERR] seq=5345 err=1616
[ERR] seq=5346 err=408
[ERR] seq=5347 err=160
[SEU] addr=20003153 bit=00000001
[ERR] seq=5348 err=40
[ERR] seq=5349 err=8
[SEU] addr=20003151 bit=00000004
[SEU] addr=2000314E bit=00000005
[SAMPLE QUEUE backup CORRUPTED] backup repaired
[SEU] addr=20003161 bit=00000007
[SEU] addr=20003146 bit=00000002
[SAMPLE QUEUE CORRUPTED] primary repaired
[SEU] addr=200031C1 bit=00000000
[SEU] addr=200031C1 bit=00000007
[SEU] addr=20003194 bit=00000001
[SEU] addr=200031C1 bit=00000002
[SEU] addr=200031A8 bit=00000000
[SEU] addr=200031C0 bit=00000007
[SEU] addr=20003164 bit=00000002
[SEU] addr=200031C2 bit=00000001
[SEU] addr=2000319A bit=00000000
[SEU] addr=20003145 bit=00000002
[SAMPLE QUEUE CORRUPTED] primary repaired
[SEU] addr=20003156 bit=00000005
[CMD QUEUE CORRUPTED] primary repaired
[SEU] addr=20003168 bit=00000007
[SEU] addr=20003189 bit=00000005
[ERR] seq=5428 err=65536
[ERR] seq=5429 err=5240
[SEU] addr=2000314D bit=00000000
[SAMPLE QUEUE backup CORRUPTED] backup repaired
[ERR] seq=5430 err=5656
[ERR] seq=5431 err=864
[ERR] seq=5432 err=512
[ERR] seq=5433 err=104
[ERR] seq=5434 err=48
[ERR] seq=5435 err=8
[SEU] addr=20003190 bit=00000007
[ERR] seq=5437 err=1024
[ERR] seq=5438 err=80
[SEU] addr=20003153 bit=00000001
[ERR] seq=5439 err=80
[SEU] addr=2000317E bit=00000002
[SEU] addr=200031A0 bit=00000001
[SEU] addr=2000315D bit=00000003
[CMD QUEUE backup CORRUPTED] backup repaired
[SEU] addr=200031A9 bit=00000007
[SEU] addr=200031B7 bit=00000003
[SEU] addr=200031A8 bit=00000005
[SEU] addr=20003179 bit=00000007
[SEU] addr=20003197 bit=00000000
[SEU] addr=20003193 bit=00000006
[SEU] addr=200031D0 bit=00000000
[SEU] addr=20003178 bit=00000003
[SEU] addr=2000318F bit=00000001
[ERR] seq=5513 err=268435456
[ERR] seq=5514 err=21474832
[ERR] seq=5515 err=23192816
[ERR] seq=5516 err=3573408
[ERR] seq=5517 err=2141296
[SEU] addr=20003172 bit=00000000
[ERR] seq=5518 err=457168
[ERR] seq=5519 err=207864
[ERR] seq=5520 err=53192
[SEU] addr=200031A2 bit=00000004
[ERR] seq=5521 err=20872
[ERR] seq=5522 err=5912
[ERR] seq=5523 err=2136
[ERR] seq=5524 err=640
[ERR] seq=5525 err=216
[ERR] seq=5526 err=64
[ERR] seq=5527 err=16
[SEU] addr=2000318D bit=00000002
[ERR] seq=5528 err=8192
[ERR] seq=5529 err=648
[ERR] seq=5530 err=696
[ERR] seq=5531 err=96
[ERR] seq=5532 err=48
[SEU] addr=20003180 bit=00000002
[SEU] addr=2000317D bit=00000005
[SEU] addr=20003198 bit=00000004
[SEU] addr=200031B7 bit=00000000
[SEU] addr=20003158 bit=00000003
[CMD QUEUE CORRUPTED] primary repaired
[SEU] addr=20003196 bit=00000003
[SEU] addr=200031C3 bit=00000001
[SEU] addr=200031A7 bit=00000000
[SEU] addr=200031D2 bit=00000005
[SEU] addr=20003197 bit=00000005
[SEU] addr=20003178 bit=00000003
[SEU] addr=200031D7 bit=00000007
[SEU] addr=20003187 bit=00000000
[ERR] seq=5615 err=1656
[ERR] seq=5616 err=128
[ERR] seq=5617 err=128
[SEU] addr=20003153 bit=00000006
[SEU] addr=200031AA bit=00000007
[SEU] addr=200031C4 bit=00000005
[SEU] addr=200031C3 bit=00000006
[SEU] addr=20003159 bit=00000001
[SEU] addr=200031B7 bit=00000006
[SEU] addr=200031BB bit=00000002
[SEU] addr=200031CF bit=00000004
[SEU] addr=200031AC bit=00000000
[SEU] addr=2000319B bit=00000006
[SEU] addr=2000316E bit=00000004
[SEU] addr=200031C0 bit=00000004
[SEU] addr=200031A8 bit=00000003
[SEU] addr=200031CE bit=00000002
[SEU] addr=200031D3 bit=00000005
[SEU] addr=200031D6 bit=00000003
[SEU] addr=200031A3 bit=00000001
[SEU] addr=2000315B bit=00000003
[SEU] addr=2000319D bit=00000005
[SEU] addr=20003179 bit=00000000
[SEU] addr=2000315A bit=00000005
[SEU] addr=200031DD bit=00000000
[SEU] addr=2000316E bit=00000002
[SEU] addr=20003190 bit=00000000
[ERR] seq=5757 err=8
[SEU] addr=200031B6 bit=00000001
[SEU] addr=20003198 bit=00000003
[SEU] addr=20003152 bit=00000006
[SEU] addr=20003192 bit=00000005
[ERR] seq=5776 err=16777216
[ERR] seq=5777 err=1342176
[SEU] addr=2000315B bit=00000003
[ERR] seq=5778 err=1449544
[ERR] seq=5779 err=223328
[ERR] seq=5780 err=133824
[ERR] seq=5781 err=28568
[ERR] seq=5782 err=12984
[SEU] addr=200031C0 bit=00000005
[ERR] seq=5783 err=3312
[ERR] seq=5784 err=1296
[ERR] seq=5785 err=360
[ERR] seq=5786 err=120
[ERR] seq=5787 err=32
[ERR] seq=5788 err=8
[SEU] addr=2000317E bit=00000000
[SEU] addr=200031A3 bit=00000007
[SEU] addr=2000316E bit=00000004
[SEU] addr=2000319E bit=00000007
[SEU] addr=200031A5 bit=00000007
[SEU] addr=200031CF bit=00000005
[SEU] addr=20003148 bit=00000004
[SAMPLE QUEUE CORRUPTED] primary repaired
[SEU] addr=20003161 bit=00000003
[SEU] addr=2000315C bit=00000005
[CMD QUEUE backup CORRUPTED] backup repaired
[SEU] addr=200031D7 bit=00000003
[SEU] addr=200031A7 bit=00000006
[SEU] addr=2000319C bit=00000004
[SEU] addr=2000314C bit=00000007
[SAMPLE QUEUE backup CORRUPTED] backup repaired
[SEU] addr=200031A5 bit=00000007
[SEU] addr=2000317E bit=00000000
[SEU] addr=20003185 bit=00000000
[ERR] seq=5882 err=2072
[ERR] seq=5883 err=152
[ERR] seq=5884 err=160
[ERR] seq=5885 err=16
[ERR] seq=5886 err=8
[SEU] addr=20003155 bit=00000004
[CMD QUEUE CORRUPTED] primary repaired
[SEU] addr=20003153 bit=00000000
[SEU] addr=200031C7 bit=00000006
[SEU] addr=20003184 bit=00000003
[ERR] seq=5906 err=624
[ERR] seq=5907 err=40
[ERR] seq=5908 err=40
[SEU] addr=2000316F bit=00000003
[SEU] addr=200031DC bit=00000002
[SEU] addr=20003183 bit=00000002
[SEU] addr=2000319B bit=00000004
[SEU] addr=200031B9 bit=00000001
[SEU] addr=20003186 bit=00000000
[ERR] seq=5935 err=1760
[ERR] seq=5936 err=128
[ERR] seq=5937 err=128
[SEU] addr=20003180 bit=00000003
[SEU] addr=200031BB bit=00000000
[SEU] addr=2000316E bit=00000002
[SEU] addr=2000315C bit=00000003
[CMD QUEUE backup CORRUPTED] backup repaired
[SEU] addr=200031D3 bit=00000002
[SEU] addr=2000315F bit=00000002
[CMD QUEUE backup CORRUPTED] backup repaired
[SEU] addr=20003185 bit=00000003
[ERR] seq=5977 err=9864
[ERR] seq=5978 err=768
[ERR] seq=5979 err=824
[ERR] seq=5980 err=112
[ERR] seq=5981 err=56
[SEU] addr=2000317E bit=00000000
[SEU] addr=20003166 bit=00000005
[SEU] addr=200031A3 bit=00000005
[SEU] addr=200031DC bit=00000006
[SEU] addr=20003167 bit=00000002
[SEU] addr=200031D1 bit=00000004
[SEU] addr=20003195 bit=00000006
[SEU] addr=200031A0 bit=00000003
[SEU] addr=200031CB bit=00000003
[SEU] addr=2000318B bit=00000004
[ERR] seq=6034 err=2147483648
[ERR] seq=6035 err=171798688
[ERR] seq=6036 err=185542576
[ERR] seq=6037 err=28587288
[ERR] seq=6038 err=17130376
[SEU] addr=2000315F bit=00000001
[CMD QUEUE backup CORRUPTED] backup repaired
[ERR] seq=6039 err=3657400
[ERR] seq=6040 err=1663016
[ERR] seq=6041 err=425632
[ERR] seq=6042 err=167088
[ERR] seq=6043 err=47408
[ERR] seq=6044 err=17152
[SEU] addr=20003186 bit=00000007
[ERR] seq=6045 err=4440
[ERR] seq=6046 err=1720
[ERR] seq=6047 err=480
[ERR] seq=6048 err=152
[ERR] seq=6049 err=32
[ERR] seq=6050 err=8
[SEU] addr=20003169 bit=00000003
[SEU] addr=20003194 bit=00000005
[SEU] addr=20003170 bit=00000005
[SEU] addr=200031CD bit=00000006
[SEU] addr=20003166 bit=00000004
[SEU] addr=20003196 bit=00000004
[SEU] addr=200031A1 bit=00000001
[SEU] addr=200031DB bit=00000004
[SEU] addr=200031B1 bit=00000007
[SEU] addr=20003171 bit=00000001
[SEU] addr=20003170 bit=00000002
[SEU] addr=200031D6 bit=00000007
[SEU] addr=20003146 bit=00000003
[SAMPLE QUEUE CORRUPTED] primary repaired
[SEU] addr=20003146 bit=00000002
[SAMPLE QUEUE CORRUPTED] primary repaired
[SEU] addr=2000314B bit=00000007
[SEU] addr=2000314E bit=00000000
[SAMPLE QUEUE backup CORRUPTED] backup repaired
[SEU] addr=200031DD bit=00000004
[SEU] addr=200031D6 bit=00000001
[SEU] addr=200031BF bit=00000002
[SEU] addr=200031CB bit=00000000
[SEU] addr=200031C1 bit=00000006
[SEU] addr=200031DE bit=00000006
[SEU] addr=2000314A bit=00000004
[SEU] addr=2000316D bit=00000002
[SEU] addr=2000317F bit=00000002
[SEU] addr=200031DE bit=00000004
[SEU] addr=20003165 bit=00000004
[SEU] addr=2000319A bit=00000001
[SEU] addr=20003174 bit=00000000
[SEU] addr=20003154 bit=00000003
[CMD QUEUE CORRUPTED] primary repaired
[SEU] addr=200031AB bit=00000006
[SEU] addr=200031BE bit=00000007
[SEU] addr=200031A7 bit=00000000
[SEU] addr=200031C8 bit=00000006
[SEU] addr=200031C1 bit=00000003
[SEU] addr=20003194 bit=00000006
[SEU] addr=20003186 bit=00000006
[ERR] seq=6258 err=2288
[ERR] seq=6259 err=176
[ERR] seq=6260 err=176
[SEU] addr=200031B5 bit=00000004
[SEU] addr=200031A1 bit=00000002
[SEU] addr=2000315F bit=00000003
[CMD QUEUE backup CORRUPTED] backup repaired
[SEU] addr=2000317C bit=00000004
[SEU] addr=200031D1 bit=00000002
[SEU] addr=2000317D bit=00000007
[SEU] addr=20003180 bit=00000004
[SEU] addr=20003177 bit=00000003
[SEU] addr=20003175 bit=00000000
[SEU] addr=2000318B bit=00000004
[ERR] seq=6317 err=2147483648
[ERR] seq=6318 err=171798688
[ERR] seq=6319 err=185542576
[ERR] seq=6320 err=28587288
[SEU] addr=200031B9 bit=00000000
[ERR] seq=6321 err=17130376
[ERR] seq=6322 err=3657400
[ERR] seq=6323 err=1663016
[ERR] seq=6324 err=425632
[ERR] seq=6325 err=167088
[ERR] seq=6326 err=47408
[ERR] seq=6327 err=17152
[SEU] addr=2000314A bit=00000001
[ERR] seq=6328 err=5160
[SEU] addr=2000315B bit=00000004
[ERR] seq=6329 err=1776
[ERR] seq=6330 err=544
[ERR] seq=6331 err=176
[ERR] seq=6332 err=48
[ERR] seq=6333 err=8
[SEU] addr=20003175 bit=00000001
[SEU] addr=20003195 bit=00000004
[SEU] addr=200031A6 bit=00000000
[SEU] addr=20003196 bit=00000001
[SEU] addr=20003146 bit=00000003
[SAMPLE QUEUE CORRUPTED] primary repaired
[SEU] addr=200031D1 bit=00000003
[SEU] addr=2000319E bit=00000005
[SEU] addr=200031D3 bit=00000004
[SEU] addr=20003188 bit=00000001
[ERR] seq=6369 err=16
[SEU] addr=2000316E bit=00000002
[SEU] addr=20003182 bit=00000006
[SEU] addr=200031A7 bit=00000002
[SEU] addr=200031B0 bit=00000000
[SEU] addr=200031A3 bit=00000006
[SEU] addr=200031A5 bit=00000006
[SEU] addr=200031C2 bit=00000003
[SEU] addr=20003157 bit=00000003
[CMD QUEUE CORRUPTED] primary repaired
[SEU] addr=20003184 bit=00000000
[ERR] seq=6429 err=64
[SEU] addr=20003188 bit=00000001
[ERR] seq=6436 err=16
[SEU] addr=2000318B bit=00000001
[ERR] seq=6438 err=268435456
[ERR] seq=6439 err=21474832
[ERR] seq=6440 err=23192816
[ERR] seq=6441 err=3573408
[ERR] seq=6442 err=2141296
[ERR] seq=6443 err=457168
[ERR] seq=6444 err=207864
[SEU] addr=20003179 bit=00000005
[ERR] seq=6445 err=53192
[ERR] seq=6446 err=20872
[SEU] addr=200031A2 bit=00000002
[ERR] seq=6447 err=5912
[ERR] seq=6448 err=2136
[ERR] seq=6449 err=640
[ERR] seq=6450 err=216
[ERR] seq=6451 err=64
[ERR] seq=6452 err=16
[SEU] addr=200031A0 bit=00000003
[SEU] addr=20003158 bit=00000000
[CMD QUEUE CORRUPTED] primary repaired
[SEU] addr=20003167 bit=00000000
[SEU] addr=20003185 bit=00000004
[ERR] seq=6468 err=1016
[ERR] seq=6469 err=64
[ERR] seq=6470 err=64
[SEU] addr=200031D4 bit=00000006
[SEU] addr=2000319B bit=00000006
[SEU] addr=20003186 bit=00000003
[ERR] seq=6483 err=4712
[ERR] seq=6484 err=360
[ERR] seq=6485 err=376
[ERR] seq=6486 err=32
[ERR] seq=6487 err=16
[SEU] addr=200031D1 bit=00000005
[SEU] addr=20003146 bit=00000004
[SAMPLE QUEUE CORRUPTED] primary repaired
[SEU] addr=200031D9 bit=00000002
[SEU] addr=20003145 bit=00000006
[SAMPLE QUEUE CORRUPTED] primary repaired
[SEU] addr=20003176 bit=00000003
[SEU] addr=200031C3 bit=00000005
[SEU] addr=2000315A bit=00000006
[SEU] addr=20003183 bit=00000004
[SEU] addr=20003189 bit=00000004
[ERR] seq=6534 err=32768
[ERR] seq=6535 err=2616
[ERR] seq=6536 err=2824
[SEU] addr=20003164 bit=00000002
[ERR] seq=6537 err=432
[ERR] seq=6538 err=256
[SEU] addr=200031A0 bit=00000000
[ERR] seq=6539 err=48
[ERR] seq=6540 err=16
[SEU] addr=200031B1 bit=00000005
[SEU] addr=200031A7 bit=00000002
[SEU] addr=200031C0 bit=00000005
[SEU] addr=200031B8 bit=00000002
[SEU] addr=2000319E bit=00000001
[SEU] addr=200031CA bit=00000006
[SEU] addr=200031BF bit=00000005
[SEU] addr=200031A5 bit=00000005
[SEU] addr=20003184 bit=00000004
[ERR] seq=6599 err=840
[ERR] seq=6600 err=56
[ERR] seq=6601 err=56
[SEU] addr=20003183 bit=00000001
[SEU] addr=20003149 bit=00000003
[SEU] addr=20003195 bit=00000000
[SEU] addr=2000319C bit=00000003
[SEU] addr=20003150 bit=00000006
[SAMPLE QUEUE backup CORRUPTED] backup repaired
[SEU] addr=20003196 bit=00000006
[SEU] addr=20003199 bit=00000007
[SEU] addr=200031D4 bit=00000002
[SEU] addr=20003180 bit=00000006
[SEU] addr=20003194 bit=00000000
[SEU] addr=200031A9 bit=00000002
[SEU] addr=200031D0 bit=00000003
[SEU] addr=200031CC bit=00000000
[SEU] addr=200031CE bit=00000004
[SEU] addr=20003152 bit=00000002
[SEU] addr=20003187 bit=00000002
[ERR] seq=6685 err=5760
[ERR] seq=6686 err=448
[ERR] seq=6687 err=472
[ERR] seq=6688 err=48
[ERR] seq=6689 err=24
[SEU] addr=200031BC bit=00000006
[SEU] addr=20003185 bit=00000002
[ERR] seq=6698 err=5800
[ERR] seq=6699 err=448
[ERR] seq=6700 err=472
[ERR] seq=6701 err=48
[SEU] addr=200031C3 bit=00000004
[ERR] seq=6702 err=24
[SEU] addr=20003149 bit=00000000
[SEU] addr=2000314F bit=00000002
[SAMPLE QUEUE backup CORRUPTED] backup repaired
[SEU] addr=200031D6 bit=00000007
[SEU] addr=2000314C bit=00000003
[SAMPLE QUEUE backup CORRUPTED] backup repaired
[SEU] addr=200031B8 bit=00000006
[SEU] addr=20003177 bit=00000003
[SEU] addr=2000315A bit=00000000
[SEU] addr=200031B7 bit=00000002
[SEU] addr=200031D6 bit=00000001
[SEU] addr=20003197 bit=00000004
[SEU] addr=20003190 bit=00000006
[ERR] seq=6754 err=512
[SEU] addr=200031A9 bit=00000003
[ERR] seq=6755 err=40
[ERR] seq=6756 err=40
[SEU] addr=200031D5 bit=00000002
[SEU] addr=20003173 bit=00000006
[SEU] addr=200031A9 bit=00000003
[SEU] addr=20003147 bit=00000002
[SAMPLE QUEUE CORRUPTED] primary repaired
[SEU] addr=20003174 bit=00000000
[SEU] addr=2000314B bit=00000005
[SEU] addr=20003171 bit=00000002
[SEU] addr=20003170 bit=00000001
[SEU] addr=2000315B bit=00000003
[SEU] addr=200031AA bit=00000004
[SEU] addr=200031A2 bit=00000000
[SEU] addr=20003173 bit=00000003
[SEU] addr=20003177 bit=00000003
[SEU] addr=2000318F bit=00000000
[ERR] seq=6825 err=134217728
[ERR] seq=6826 err=10737416
[ERR] seq=6827 err=11596408
[ERR] seq=6828 err=1786704
[ERR] seq=6829 err=1070648
[ERR] seq=6830 err=228584
[ERR] seq=6831 err=103928
[ERR] seq=6832 err=26592
[ERR] seq=6833 err=10432
[ERR] seq=6834 err=2952
[SEU] addr=20003196 bit=00000001
[ERR] seq=6835 err=1064
[ERR] seq=6836 err=312
[ERR] seq=6837 err=104
[ERR] seq=6838 err=32
[ERR] seq=6839 err=8
[SEU] addr=20003156 bit=00000007
[CMD QUEUE CORRUPTED] primary repaired
[SEU] addr=20003152 bit=00000000
[SEU] addr=20003159 bit=00000000
[SEU] addr=200031CF bit=00000000
[SEU] addr=200031CB bit=00000000
[SEU] addr=2000315C bit=00000004
[CMD QUEUE backup CORRUPTED] backup repaired
[SEU] addr=200031C4 bit=00000003
[SEU] addr=20003152 bit=00000002
[SEU] addr=200031BB bit=00000002
[SEU] addr=20003190 bit=00000003
[ERR] seq=6894 err=64
[SEU] addr=200031A5 bit=00000000
[SEU] addr=2000317F bit=00000003
[SEU] addr=2000317E bit=00000005
[SEU] addr=200031AD bit=00000005
[SEU] addr=20003166 bit=00000000
[SEU] addr=20003156 bit=00000002
[CMD QUEUE CORRUPTED] primary repaired
[SEU] addr=20003148 bit=00000001
[SAMPLE QUEUE CORRUPTED] primary repaired
[SEU] addr=2000315C bit=00000004
[CMD QUEUE backup CORRUPTED] backup repaired
[SEU] addr=200031CB bit=00000004
[SEU] addr=200031CC bit=00000002
[SEU] addr=200031A9 bit=00000006
[SEU] addr=20003179 bit=00000000
[SEU] addr=200031D3 bit=00000002
[SEU] addr=200031D7 bit=00000005
[SEU] addr=200031D8 bit=00000001
[SEU] addr=2000316C bit=00000007
[SEU] addr=200031A6 bit=00000003
[SEU] addr=2000318E bit=00000000
[ERR] seq=6988 err=524288
[ERR] seq=6989 err=41936
[ERR] seq=6990 err=45288
[ERR] seq=6991 err=6968
[ERR] seq=6992 err=4168
[ERR] seq=6993 err=880
[ERR] seq=6994 err=392
[SEU] addr=200031D7 bit=00000002
[ERR] seq=6995 err=88
[ERR] seq=6996 err=24
[SEU] addr=200031C6 bit=00000001
[SEU] addr=200031A3 bit=00000002
[SEU] addr=200031BC bit=00000005
[SEU] addr=200031C3 bit=00000007
[SEU] addr=200031DF bit=00000002
[SEU] addr=20003188 bit=00000004
[ERR] seq=7024 err=128
[ERR] seq=7025 err=8
[SEU] addr=200031C2 bit=00000002
[ERR] seq=7026 err=8
[SEU] addr=200031D8 bit=00000002
[SEU] addr=20003161 bit=00000001
[SEU] addr=200031D0 bit=00000007
[SEU] addr=200031D1 bit=00000000
[SEU] addr=20003155 bit=00000000
[CMD QUEUE CORRUPTED] primary repaired
[SEU] addr=20003182 bit=00000000
[SEU] addr=200031D9 bit=00000001
[SEU] addr=20003180 bit=00000005
[SEU] addr=200031BB bit=00000002
[SEU] addr=200031D5 bit=00000006
[SEU] addr=2000316C bit=00000002
[SEU] addr=20003177 bit=00000003
[SEU] addr=2000318E bit=00000000
[ERR] seq=7086 err=524288
[ERR] seq=7087 err=41936
[ERR] seq=7088 err=45288
[ERR] seq=7089 err=6968
[ERR] seq=7090 err=4168
[ERR] seq=7091 err=880
[ERR] seq=7092 err=392
[ERR] seq=7093 err=88
[ERR] seq=7094 err=24
[SEU] addr=200031A6 bit=00000001
[SEU] addr=20003169 bit=00000001
[SEU] addr=200031D8 bit=00000004
[SEU] addr=20003170 bit=00000000
[SEU] addr=200031C3 bit=00000000
[SEU] addr=20003197 bit=00000004
[SEU] addr=200031B7 bit=00000005
[SEU] addr=200031C8 bit=00000006
[SEU] addr=2000315D bit=00000000
[CMD QUEUE backup CORRUPTED] backup repaired
[SEU] addr=200031D5 bit=00000002
[SEU] addr=20003182 bit=00000004
[SEU] addr=20003182 bit=00000005
[SEU] addr=2000315C bit=00000000
[CMD QUEUE backup CORRUPTED] backup repaired
[SEU] addr=200031C6 bit=00000003
[SEU] addr=20003153 bit=00000000
[SEU] addr=2000318D bit=00000002
[ERR] seq=7169 err=8192
[ERR] seq=7170 err=648
[SEU] addr=20003164 bit=00000007
[ERR] seq=7171 err=696
[ERR] seq=7172 err=96
[ERR] seq=7173 err=48
[SEU] addr=20003193 bit=00000005
[SEU] addr=200031C6 bit=00000005
[SEU] addr=20003179 bit=00000006
[SEU] addr=200031CA bit=00000007
[SEU] addr=2000318F bit=00000001
[ERR] seq=7197 err=268435456
[ERR] seq=7198 err=21474832
[ERR] seq=7199 err=23192816
[ERR] seq=7200 err=3573408
[ERR] seq=7201 err=2141296
[ERR] seq=7202 err=457168
[ERR] seq=7203 err=207864
[ERR] seq=7204 err=53192
[SEU] addr=20003164 bit=00000007
[ERR] seq=7205 err=20872
[ERR] seq=7206 err=5912
[ERR] seq=7207 err=2136
[ERR] seq=7208 err=640
[ERR] seq=7209 err=216
[ERR] seq=7210 err=64
[ERR] seq=7211 err=16
[SEU] addr=200031C6 bit=00000000
[SEU] addr=200031BF bit=00000000
[SEU] addr=2000318E bit=00000003
[ERR] seq=7229 err=4194304
[ERR] seq=7230 err=335544
[ERR] seq=7231 err=362384
[ERR] seq=7232 err=55824
[ERR] seq=7233 err=33448
[ERR] seq=7234 err=7136
[ERR] seq=7235 err=3240
[SEU] addr=200031C9 bit=00000001
[ERR] seq=7236 err=824
[ERR] seq=7237 err=320
[ERR] seq=7238 err=88
[ERR] seq=7239 err=24
[SEU] addr=20003190 bit=00000006
[ERR] seq=7244 err=512
[ERR] seq=7245 err=40
[ERR] seq=7246 err=40
[SEU] addr=2000314C bit=00000004
[SAMPLE QUEUE backup CORRUPTED] backup repaired
[SEU] addr=20003186 bit=00000004
[ERR] seq=7262 err=11328
[ERR] seq=7263 err=888
[ERR] seq=7264 err=944
[SEU] addr=20003151 bit=00000004
[ERR] seq=7265 err=120
[ERR] seq=7266 err=64
[SEU] addr=20003182 bit=00000000
[SEU] addr=200031B4 bit=00000005
[SEU] addr=20003150 bit=00000003
[SAMPLE QUEUE backup CORRUPTED] backup repaired
[SEU] addr=2000316C bit=00000001
[SEU] addr=200031DF bit=00000001
[SEU] addr=20003157 bit=00000001
[CMD QUEUE CORRUPTED] primary repaired
[SEU] addr=20003160 bit=00000003
[CMD QUEUE backup CORRUPTED] backup repaired
[SEU] addr=200031C1 bit=00000002
[SEU] addr=20003197 bit=00000003
[SEU] addr=200031D1 bit=00000000
[SEU] addr=20003179 bit=00000007
[SEU] addr=2000314D bit=00000000
[SAMPLE QUEUE backup CORRUPTED] backup repaired
[SEU] addr=20003162 bit=00000003
[SEU] addr=2000318A bit=00000007
[ERR] seq=7349 err=67108864
[ERR] seq=7350 err=5368704
[ERR] seq=7351 err=5798200
[ERR] seq=7352 err=893352
[ERR] seq=7353 err=535320
[ERR] seq=7354 err=114288
[SEU] addr=2000317A bit=00000005
[ERR] seq=7355 err=51960
[ERR] seq=7356 err=13288
[ERR] seq=7357 err=5208
[ERR] seq=7358 err=1472
[ERR] seq=7359 err=528
[ERR] seq=7360 err=152
[ERR] seq=7361 err=48
[SEU] addr=20003175 bit=00000005
[ERR] seq=7362 err=8
[SEU] addr=2000316F bit=00000001
[SEU] addr=20003168 bit=00000000
[SEU] addr=20003188 bit=00000000
[ERR] seq=7382 err=8
[SEU] addr=20003154 bit=00000004
[CMD QUEUE CORRUPTED] primary repaired
[SEU] addr=2000315D bit=00000002
[CMD QUEUE backup CORRUPTED] backup repaired
[SEU] addr=20003196 bit=00000006
[SEU] addr=200031DE bit=00000007
[SEU] addr=2000319D bit=00000004
[SEU] addr=200031C8 bit=00000003
[SEU] addr=2000315B bit=00000001
[SEU] addr=20003147 bit=00000004
[SAMPLE QUEUE CORRUPTED] primary repaired
[SEU] addr=20003183 bit=00000002
[SEU] addr=200031C4 bit=00000003
[SEU] addr=2000315A bit=00000006
[SEU] addr=20003191 bit=00000004
[ERR] seq=7452 err=32768
[ERR] seq=7453 err=2616
[ERR] seq=7454 err=2824
[ERR] seq=7455 err=432
[ERR] seq=7456 err=256
[ERR] seq=7457 err=48
[ERR] seq=7458 err=16
[SEU] addr=200031DE bit=00000003
[SEU] addr=200031C1 bit=00000003
[SEU] addr=200031D4 bit=00000005
[SEU] addr=20003153 bit=00000001
[SEU] addr=2000318B bit=00000000
[ERR] seq=7483 err=134217728
[ERR] seq=7484 err=10737416
[ERR] seq=7485 err=11596408
[ERR] seq=7486 err=1786704
[ERR] seq=7487 err=1070648
[ERR] seq=7488 err=228584
[ERR] seq=7489 err=103928
[ERR] seq=7490 err=26592
[ERR] seq=7491 err=10432
[ERR] seq=7492 err=2952
[SEU] addr=200031DB bit=00000000
[ERR] seq=7493 err=1064
[ERR] seq=7494 err=312
[ERR] seq=7495 err=104
[ERR] seq=7496 err=32
[ERR] seq=7497 err=8
[SEU] addr=200031B9 bit=00000000
[SEU] addr=2000315B bit=00000007
[SEU] addr=200031A0 bit=00000003
[SEU] addr=20003196 bit=00000007
[SEU] addr=2000316F bit=00000007
[SEU] addr=20003157 bit=00000007
[CMD QUEUE CORRUPTED] primary repaired
[SEU] addr=200031D6 bit=00000002
[SEU] addr=20003169 bit=00000002
[SEU] addr=20003168 bit=00000003
[SEU] addr=2000317A bit=00000001
[SEU] addr=200031C4 bit=00000000
[SEU] addr=20003173 bit=00000001
[SEU] addr=2000319F bit=00000003
[SEU] addr=200031B5 bit=00000003
[SEU] addr=20003174 bit=00000007
[SEU] addr=200031A3 bit=00000007
[SEU] addr=200031B7 bit=00000003
[SEU] addr=20003149 bit=00000002
[SEU] addr=20003161 bit=00000005
[SEU] addr=2000319C bit=00000004
[SEU] addr=2000318B bit=00000005
[SEU] addr=200031D2 bit=00000001
[SEU] addr=200031A1 bit=00000007
[SEU] addr=20003153 bit=00000000
[SEU] addr=2000316F bit=00000006
[SEU] addr=200031CE bit=00000006
[SEU] addr=20003195 bit=00000002
[SEU] addr=20003184 bit=00000002
[ERR] seq=7620 err=256
[ERR] seq=7621 err=8
[ERR] seq=7622 err=8
[SEU] addr=200031DE bit=00000005
[SEU] addr=20003191 bit=00000002
[ERR] seq=7631 err=8192
[ERR] seq=7632 err=648
[ERR] seq=7633 err=696
[ERR] seq=7634 err=96
[ERR] seq=7635 err=48
[SEU] addr=2000315B bit=00000000
[SEU] addr=200031BD bit=00000003
[SEU] addr=2000319D bit=00000003
[SEU] addr=200031AA bit=00000003
[SEU] addr=200031DA bit=00000001
[SEU] addr=20003167 bit=00000004
[SEU] addr=200031B0 bit=00000003
[SEU] addr=2000317F bit=00000004
[SEU] addr=200031D4 bit=00000006
[SEU] addr=20003197 bit=00000003
[SEU] addr=200031A1 bit=00000003
[SEU] addr=2000318E bit=00000004
[ERR] seq=7671 err=8388608
[ERR] seq=7672 err=671088
[SEU] addr=200031BE bit=00000006
[ERR] seq=7673 err=724768
[ERR] seq=7674 err=111656
[ERR] seq=7675 err=66904
[ERR] seq=7676 err=14280
[ERR] seq=7677 err=6488
[ERR] seq=7678 err=1648
[ERR] seq=7679 err=640
[SEU] addr=200031C6 bit=00000001
[ERR] seq=7680 err=176
[ERR] seq=7681 err=56
[SEU] addr=200031A8 bit=00000001
[ERR] seq=7682 err=8
[SEU] addr=200031C0 bit=00000002
[SEU] addr=2000316C bit=00000004
[SEU] addr=20003180 bit=00000000
[SEU] addr=2000316E bit=00000003
[SEU] addr=20003158 bit=00000007
[CMD QUEUE CORRUPTED] primary repaired
[SEU] addr=2000314F bit=00000006
[SAMPLE QUEUE backup CORRUPTED] backup repaired
[SEU] addr=2000317A bit=00000007
[SEU] addr=20003144 bit=00000005
[SAMPLE QUEUE CORRUPTED] primary repaired
[SEU] addr=20003185 bit=00000005
[ERR] seq=7735 err=5832
[ERR] seq=7736 err=448
[ERR] seq=7737 err=472
[ERR] seq=7738 err=48
[ERR] seq=7739 err=24
[SEU] addr=2000318D bit=00000006
[ERR] seq=7743 err=131072
[ERR] seq=7744 err=10480
[ERR] seq=7745 err=11312
[ERR] seq=7746 err=1736
[ERR] seq=7747 err=1040
[ERR] seq=7748 err=216
[ERR] seq=7749 err=96
[SEU] addr=2000315B bit=00000006
[ERR] seq=7750 err=16
[SEU] addr=200031CA bit=00000001
[SEU] addr=200031A8 bit=00000005
[SEU] addr=20003195 bit=00000001
[SEU] addr=2000318D bit=00000006
[ERR] seq=7774 err=131072
[ERR] seq=7775 err=10480
[ERR] seq=7776 err=11312
[ERR] seq=7777 err=1736
[ERR] seq=7778 err=1040
[ERR] seq=7779 err=216
[ERR] seq=7780 err=96
[ERR] seq=7781 err=16
[SEU] addr=2000318E bit=00000000
[ERR] seq=7782 err=524288
[ERR] seq=7783 err=41936
[ERR] seq=7784 err=45288
[ERR] seq=7785 err=6968
[ERR] seq=7786 err=4168
[ERR] seq=7787 err=880
[ERR] seq=7788 err=392
[ERR] seq=7789 err=88
[ERR] seq=7790 err=24
[SEU] addr=20003186 bit=00000002
[ERR] seq=7791 err=1816
[ERR] seq=7792 err=128
[ERR] seq=7793 err=128
[SEU] addr=200031A0 bit=00000001
[SEU] addr=20003192 bit=00000002
[ERR] seq=7798 err=2097152
[ERR] seq=7799 err=167768
[ERR] seq=7800 err=181184
[ERR] seq=7801 err=27904
[ERR] seq=7802 err=16720
[ERR] seq=7803 err=3568
[ERR] seq=7804 err=1616
[ERR] seq=7805 err=408
[ERR] seq=7806 err=160
[SEU] addr=200031CE bit=00000000
[ERR] seq=7807 err=40
[ERR] seq=7808 err=8
[SEU] addr=200031C9 bit=00000006
[SEU] addr=2000317A bit=00000004
[SEU] addr=2000317C bit=00000002
[SEU] addr=200031BA bit=00000005
[SEU] addr=2000318A bit=00000003
[ERR] seq=7832 err=4194304
[ERR] seq=7833 err=335544
[ERR] seq=7834 err=362384
[ERR] seq=7835 err=55824
[ERR] seq=7836 err=33448
[SEU] addr=200031BA bit=00000000
[ERR] seq=7837 err=7136
[ERR] seq=7838 err=3240
[ERR] seq=7839 err=824
[ERR] seq=7840 err=320
[ERR] seq=7841 err=88
[SEU] addr=200031C5 bit=00000001
[ERR] seq=7842 err=24
[SEU] addr=200031BC bit=00000007
[SEU] addr=200031CE bit=00000001
[SEU] addr=20003182 bit=00000002
[SEU] addr=20003153 bit=00000003
[SEU] addr=20003176 bit=00000001
[SEU] addr=20003167 bit=00000004
[SEU] addr=200031A9 bit=00000000
[SEU] addr=200031DB bit=00000001
[SEU] addr=200031C1 bit=00000003
[SEU] addr=20003165 bit=00000004
[SEU] addr=20003185 bit=00000006
[ERR] seq=7894 err=6264
[ERR] seq=7895 err=496
[ERR] seq=7896 err=520
[ERR] seq=7897 err=48
[ERR] seq=7898 err=24
[SEU] addr=2000317F bit=00000007
[SEU] addr=2000315A bit=00000001
[SEU] addr=200031C9 bit=00000006
[SEU] addr=200031B8 bit=00000000
[SEU] addr=20003176 bit=00000001
[SEU] addr=200031AC bit=00000000
[SEU] addr=20003186 bit=00000003
[ERR] seq=7937 err=1840
[ERR] seq=7938 err=144
[ERR] seq=7939 err=144
[SEU] addr=200031D7 bit=00000004
[SEU] addr=2000319F bit=00000002
[SEU] addr=20003156 bit=00000000
[CMD QUEUE CORRUPTED] primary repaired
[SEU] addr=2000314C bit=00000004
[SAMPLE QUEUE backup CORRUPTED] backup repaired
[SEU] addr=200031B6 bit=00000005
[SEU] addr=200031D7 bit=00000005
[SEU] addr=2000316A bit=00000006
[SEU] addr=2000318B bit=00000006
[SEU] addr=2000318A bit=00000007
[ERR] seq=7987 err=67108864
[ERR] seq=7988 err=5368704
[ERR] seq=7989 err=5798200
[ERR] seq=7990 err=893352
[ERR] seq=7991 err=535320
[ERR] seq=7992 err=114288
[SEU] addr=200031AB bit=00000007
[ERR] seq=7993 err=51960
[ERR] seq=7994 err=13288
[ERR] seq=7995 err=5208
[ERR] seq=7996 err=1472
[ERR] seq=7997 err=528
[ERR] seq=7998 err=152
[ERR] seq=7999 err=48
[ERR] seq=8000 err=8
[SEU] addr=200031A7 bit=00000001
[SEU] addr=200031A2 bit=00000006
[SEU] addr=20003163 bit=00000002
[SEU] addr=200031C6 bit=00000000
[SEU] addr=20003173 bit=00000007
[SEU] addr=200031AC bit=00000001
[SEU] addr=20003151 bit=00000003
[SEU] addr=200031D4 bit=00000004
[SEU] addr=200031A2 bit=00000004
[SEU] addr=200031AD bit=00000002
[SEU] addr=200031A0 bit=00000000
[SEU] addr=2000316A bit=00000004
[SEU] addr=200031CE bit=00000002
[SEU] addr=200031A2 bit=00000002
[SEU] addr=200031D5 bit=00000004
[SEU] addr=200031DD bit=00000004
[SEU] addr=200031AE bit=00000000
[SEU] addr=20003162 bit=00000001
[SEU] addr=200031DB bit=00000001
[SEU] addr=2000315C bit=00000000
[CMD QUEUE backup CORRUPTED] backup repaired
[SEU] addr=20003187 bit=00000003
[ERR] seq=8109 err=848
[ERR] seq=8110 err=56
[SEU] addr=200031BA bit=00000007
[ERR] seq=8111 err=56
[SEU] addr=2000314B bit=00000001
[SEU] addr=20003164 bit=00000007
[SEU] addr=20003186 bit=00000001
[ERR] seq=8127 err=2704
[ERR] seq=8128 err=200
[ERR] seq=8129 err=208
[ERR] seq=8130 err=16
[ERR] seq=8131 err=8
[SEU] addr=20003152 bit=00000000
[SEU] addr=200031D9 bit=00000003
[SEU] addr=200031BC bit=00000007
[SEU] addr=2000318E bit=00000004
[ERR] seq=8155 err=8388608
[ERR] seq=8156 err=671088
[ERR] seq=8157 err=724768
[ERR] seq=8158 err=111656
[SEU] addr=2000318F bit=00000006
[ERR] seq=8159 err=66904
[ERR] seq=8160 err=14280
[ERR] seq=8161 err=6488
[ERR] seq=8162 err=1648
[ERR] seq=8163 err=640
[ERR] seq=8164 err=176
[ERR] seq=8165 err=56
[ERR] seq=8166 err=8
[SEU] addr=200031DA bit=00000005
[SEU] addr=2000318A bit=00000000
[ERR] seq=8175 err=524288
[ERR] seq=8176 err=41936
[ERR] seq=8177 err=45288
[ERR] seq=8178 err=6968
[ERR] seq=8179 err=4168
[ERR] seq=8180 err=880
[ERR] seq=8181 err=392
[SEU] addr=20003164 bit=00000004
[ERR] seq=8182 err=88
[SEU] addr=200031B8 bit=00000003
[ERR] seq=8183 err=24
[SEU] addr=200031B9 bit=00000002
[SEU] addr=200031A6 bit=00000004
[SEU] addr=200031CB bit=00000006
[SEU] addr=20003180 bit=00000006
[SEU] addr=200031B9 bit=00000002
[SEU] addr=200031AC bit=00000000
[SEU] addr=20003149 bit=00000007
[SEU] addr=20003193 bit=00000006
[SEU] addr=20003192 bit=00000002
[ERR] seq=8231 err=2097152
[ERR] seq=8232 err=167768
[ERR] seq=8233 err=181184
[ERR] seq=8234 err=27904
[SEU] addr=200031C2 bit=00000006
[ERR] seq=8235 err=16720
[ERR] seq=8236 err=3568
[ERR] seq=8237 err=1616
[ERR] seq=8238 err=408
[ERR] seq=8239 err=160
[SEU] addr=20003188 bit=00000002
[ERR] seq=8240 err=72
[ERR] seq=8241 err=8
[SEU] addr=200031BC bit=00000004
[SEU] addr=20003198 bit=00000004
[SEU] addr=20003163 bit=00000003
[SEU] addr=2000318C bit=00000006
[ERR] seq=8266 err=512
[ERR] seq=8267 err=40
[SEU] addr=20003186 bit=00000004
[ERR] seq=8268 err=3512
[ERR] seq=8269 err=272
[ERR] seq=8270 err=280
[ERR] seq=8271 err=16
[ERR] seq=8272 err=8
[SEU] addr=200031BD bit=00000004
[SEU] addr=200031A8 bit=00000001
[SEU] addr=200031C9 bit=00000005
[SEU] addr=200031C5 bit=00000007
[SEU] addr=200031AD bit=00000006
[SEU] addr=20003192 bit=00000003
[ERR] seq=8293 err=4194304
[ERR] seq=8294 err=335544
[ERR] seq=8295 err=362384
[ERR] seq=8296 err=55824
[ERR] seq=8297 err=33448
[ERR] seq=8298 err=7136
[ERR] seq=8299 err=3240
[SEU] addr=200031C1 bit=00000005
[ERR] seq=8300 err=824
[ERR] seq=8301 err=320
[ERR] seq=8302 err=88
[ERR] seq=8303 err=24
[SEU] addr=20003147 bit=00000007
[SAMPLE QUEUE CORRUPTED] primary repaired
[SEU] addr=200031C1 bit=00000000
[SEU] addr=20003155 bit=00000004
[CMD QUEUE CORRUPTED] primary repaired
[SEU] addr=2000317B bit=00000002
[SEU] addr=2000316F bit=00000004
[SEU] addr=200031D6 bit=00000007
[SEU] addr=2000318E bit=00000004
[ERR] seq=8344 err=8388608
[ERR] seq=8345 err=671088
[ERR] seq=8346 err=724768
[ERR] seq=8347 err=111656
[SEU] addr=200031B6 bit=00000004
[ERR] seq=8348 err=66904
[ERR] seq=8349 err=14280
[ERR] seq=8350 err=6488
[ERR] seq=8351 err=1648
[ERR] seq=8352 err=640
[ERR] seq=8353 err=176
[ERR] seq=8354 err=56
[ERR] seq=8355 err=8
[SEU] addr=20003184 bit=00000003
[ERR] seq=8358 err=160
[SEU] addr=200031CD bit=00000006
[SEU] addr=2000316D bit=00000001
[SEU] addr=200031CE bit=00000006
[SEU] addr=20003162 bit=00000000
[SEU] addr=200031CC bit=00000002
[SEU] addr=200031C9 bit=00000002
[SEU] addr=200031BC bit=00000003
[SEU] addr=2000314E bit=00000004
[SAMPLE QUEUE backup CORRUPTED] backup repaired
[SEU] addr=20003179 bit=00000000
[SEU] addr=2000317F bit=00000004
[SEU] addr=200031BC bit=00000004
[SEU] addr=200031BA bit=00000001
[SEU] addr=200031BF bit=00000006
[SEU] addr=2000315E bit=00000007
[CMD QUEUE backup CORRUPTED] backup repaired
[SEU] addr=20003152 bit=00000003
[SEU] addr=200031BD bit=00000007
[SEU] addr=20003192 bit=00000003
[ERR] seq=8457 err=4194304
[SEU] addr=20003173 bit=00000002
[ERR] seq=8458 err=335544
[ERR] seq=8459 err=362384
[ERR] seq=8460 err=55824
[SEU] addr=2000318D bit=00000000
[ERR] seq=8461 err=35496
[ERR] seq=8462 err=7296
[ERR] seq=8463 err=3408
[ERR] seq=8464 err=840
[ERR] seq=8465 err=328
[ERR] seq=8466 err=88
[ERR] seq=8467 err=24
[SEU] addr=20003191 bit=00000007
[ERR] seq=8470 err=262144
[ERR] seq=8471 err=20968
[SEU] addr=20003180 bit=00000004
[ERR] seq=8472 err=22640
[ERR] seq=8473 err=3480
[ERR] seq=8474 err=2080
[ERR] seq=8475 err=432
[ERR] seq=8476 err=192
[ERR] seq=8477 err=40
[ERR] seq=8478 err=8
[SEU] addr=200031A9 bit=00000005
[SEU] addr=200031CC bit=00000006
[SEU] addr=20003188 bit=00000007
[ERR] seq=8494 err=1024
[ERR] seq=8495 err=80
[ERR] seq=8496 err=80
[SEU] addr=200031AF bit=00000000
[SEU] addr=200031D3 bit=00000000
[SEU] addr=200031A4 bit=00000007
[SEU] addr=20003198 bit=00000006
[SEU] addr=2000316A bit=00000005
[SEU] addr=20003189 bit=00000002
[ERR] seq=8533 err=8192
[ERR] seq=8534 err=648
[SEU] addr=2000316F bit=00000001
[ERR] seq=8535 err=696
[ERR] seq=8536 err=96
[ERR] seq=8537 err=48
[SEU] addr=200031DF bit=00000007
[SEU] addr=2000318D bit=00000001
[ERR] seq=8554 err=4096
[ERR] seq=8555 err=320
[ERR] seq=8556 err=344
[ERR] seq=8557 err=48
[ERR] seq=8558 err=24
[SEU] addr=20003173 bit=00000006
[SEU] addr=20003198 bit=00000006
[SEU] addr=2000317F bit=00000007
[SEU] addr=20003172 bit=00000000
[SEU] addr=2000316D bit=00000004
[SEU] addr=200031AB bit=00000001
[SEU] addr=20003171 bit=00000002
[SEU] addr=2000315D bit=00000005
[CMD QUEUE backup CORRUPTED] backup repaired
[SEU] addr=2000314E bit=00000002
[SAMPLE QUEUE backup CORRUPTED] backup repaired
[SEU] addr=200031D6 bit=00000006
[SEU] addr=20003190 bit=00000006
[ERR] seq=8606 err=512
[ERR] seq=8607 err=40
[ERR] seq=8608 err=40
[SEU] addr=20003164 bit=00000002
[SEU] addr=2000318F bit=00000005
[SEU] addr=200031D0 bit=00000005
[SEU] addr=200031D6 bit=00000003
[SEU] addr=20003154 bit=00000006
[CMD QUEUE CORRUPTED] primary repaired
[SEU] addr=2000317E bit=00000001
[SEU] addr=200031C9 bit=00000002
[SEU] addr=200031D2 bit=00000007
[SEU] addr=200031B3 bit=00000006
[SEU] addr=200031DA bit=00000001
[SEU] addr=200031C0 bit=00000001
[SEU] addr=20003197 bit=00000003
[SEU] addr=20003180 bit=00000001
[SEU] addr=200031DF bit=00000004
[SEU] addr=200031A6 bit=00000000
[SEU] addr=200031D5 bit=00000004
[SEU] addr=20003163 bit=00000005
[SEU] addr=2000319B bit=00000006
[SEU] addr=200031C6 bit=00000000
[SEU] addr=20003150 bit=00000004
[SAMPLE QUEUE backup CORRUPTED] backup repaired
[SEU] addr=20003197 bit=00000003
[SEU] addr=200031A8 bit=00000001
[SEU] addr=200031AD bit=00000003
[SEU] addr=20003177 bit=00000000
[SEU] addr=200031A2 bit=00000002
[SEU] addr=200031B2 bit=00000004
[SEU] addr=2000314F bit=00000003
[SAMPLE QUEUE backup CORRUPTED] backup repaired
[SEU] addr=2000315B bit=00000004
[SEU] addr=200031CF bit=00000002
[SEU] addr=200031CD bit=00000006
[SEU] addr=200031B0 bit=00000005
[SEU] addr=20003151 bit=00000002
[SEU] addr=20003192 bit=00000005
[ERR] seq=8812 err=16777216
[ERR] seq=8813 err=1342176
[ERR] seq=8814 err=1449544
[ERR] seq=8815 err=223328
[ERR] seq=8816 err=133824
[ERR] seq=8817 err=28568
[ERR] seq=8818 err=12984
[ERR] seq=8819 err=3312
[SEU] addr=2000316B bit=00000006
[ERR] seq=8820 err=1296
[ERR] seq=8821 err=360
[ERR] seq=8822 err=120
[ERR] seq=8823 err=32
[ERR] seq=8824 err=8
[SEU] addr=200031C3 bit=00000004
[SEU] addr=2000314A bit=00000005
[SEU] addr=20003166 bit=00000005
[SEU] addr=20003148 bit=00000000
[SAMPLE QUEUE CORRUPTED] primary repaired
[SEU] addr=20003147 bit=00000000
[SAMPLE QUEUE CORRUPTED] primary repaired
[SEU] addr=20003191 bit=00000002
[ERR] seq=8862 err=8192
[SEU] addr=200031CD bit=00000001
[ERR] seq=8863 err=648
[ERR] seq=8864 err=696
[ERR] seq=8865 err=96
[ERR] seq=8866 err=48
[SEU] addr=2000318B bit=00000003
[ERR] seq=8869 err=1073741824
[ERR] seq=8870 err=85899344
[ERR] seq=8871 err=92771288
[ERR] seq=8872 err=14293640
[ERR] seq=8873 err=8565184
[ERR] seq=8874 err=1828696
[ERR] seq=8875 err=831496
[SEU] addr=2000314C bit=00000004
[SAMPLE QUEUE backup CORRUPTED] backup repaired
[ERR] seq=8876 err=212800
[ERR] seq=8877 err=83536
[ERR] seq=8878 err=23704
[SEU] addr=200031AE bit=00000006
[ERR] seq=8879 err=8576
[ERR] seq=8880 err=2576
[ERR] seq=8881 err=880
[ERR] seq=8882 err=264
[ERR] seq=8883 err=80
[ERR] seq=8884 err=16
[SEU] addr=200031B1 bit=00000003
[SEU] addr=200031BD bit=00000005
[SEU] addr=20003193 bit=00000004
[ERR] seq=8900 err=2147483648
[ERR] seq=8901 err=171798688
[ERR] seq=8902 err=185542576
[ERR] seq=8903 err=28587288
[ERR] seq=8904 err=17130376
[ERR] seq=8905 err=3657400
[ERR] seq=8906 err=1663016
[ERR] seq=8907 err=425632
[SEU] addr=20003161 bit=00000004
[ERR] seq=8908 err=167088
[ERR] seq=8909 err=47408
[ERR] seq=8910 err=17152
[ERR] seq=8911 err=5160
[ERR] seq=8912 err=1776
[SEU] addr=2000314E bit=00000004
[SAMPLE QUEUE backup CORRUPTED] backup repaired
[ERR] seq=8913 err=544
[ERR] seq=8914 err=176
[ERR] seq=8915 err=48
[SEU] addr=20003189 bit=00000002
[ERR] seq=8916 err=8200
[ERR] seq=8917 err=648
[ERR] seq=8918 err=696
[ERR] seq=8919 err=96
[ERR] seq=8920 err=48
[SEU] addr=200031D2 bit=00000003
[SEU] addr=20003167 bit=00000004
[SEU] addr=20003174 bit=00000006
[SEU] addr=200031A6 bit=00000004
[SEU] addr=20003147 bit=00000005
[SAMPLE QUEUE CORRUPTED] primary repaired
[SEU] addr=200031AF bit=00000000
[SEU] addr=200031C7 bit=00000000
[SEU] addr=20003193 bit=00000007
[SEU] addr=200031DE bit=00000005
[SEU] addr=2000316D bit=00000001
[SEU] addr=200031AE bit=00000001
[SEU] addr=20003193 bit=00000002
[ERR] seq=9000 err=536870912
[ERR] seq=9001 err=42949672
[ERR] seq=9002 err=46385640
[ERR] seq=9003 err=7146816
[ERR] seq=9004 err=4282592
[ERR] seq=9005 err=914344
[ERR] seq=9006 err=415744
[ERR] seq=9007 err=106400
[SEU] addr=2000317F bit=00000000
[ERR] seq=9008 err=41768
[ERR] seq=9009 err=11848
[ERR] seq=9010 err=4280
[ERR] seq=9011 err=1280
[ERR] seq=9012 err=432
[ERR] seq=9013 err=128
[ERR] seq=9014 err=40
[ERR] seq=9015 err=8
[SEU] addr=2000317E bit=00000004
[SEU] addr=200031A9 bit=00000007
[SEU] addr=20003184 bit=00000002
[ERR] seq=9031 err=496
[ERR] seq=9032 err=24
[ERR] seq=9033 err=24
[SEU] addr=2000315C bit=00000004
[CMD QUEUE backup CORRUPTED] backup repaired
[SEU] addr=20003157 bit=00000006
[CMD QUEUE CORRUPTED] primary repaired
[SEU] addr=2000317F bit=00000000
[SEU] addr=20003145 bit=00000006
[SAMPLE QUEUE CORRUPTED] primary repaired
[SEU] addr=200031C7 bit=00000007
[SEU] addr=200031DC bit=00000006
[SEU] addr=20003188 bit=00000007
[ERR] seq=9063 err=1024
[ERR] seq=9064 err=80
[SEU] addr=2000314E bit=00000006
[SAMPLE QUEUE backup CORRUPTED] backup repaired
[ERR] seq=9065 err=80
[SEU] addr=200031CE bit=00000002
[SEU] addr=200031BF bit=00000007
[SEU] addr=2000319E bit=00000007
[SEU] addr=2000317F bit=00000002
[SEU] addr=20003174 bit=00000003
[SEU] addr=200031AB bit=00000005
[SEU] addr=20003173 bit=00000007
[SEU] addr=2000317D bit=00000004
[SEU] addr=200031A9 bit=00000007
[SEU] addr=200031DD bit=00000005
[SEU] addr=200031C1 bit=00000001
[SEU] addr=20003144 bit=00000001
[SAMPLE QUEUE CORRUPTED] primary repaired
[SEU] addr=200031B4 bit=00000000
[SEU] addr=20003158 bit=00000001
[CMD QUEUE CORRUPTED] primary repaired
[SEU] addr=200031C1 bit=00000005
[SEU] addr=2000314D bit=00000004
[SAMPLE QUEUE backup CORRUPTED] backup repaired
[SEU] addr=20003187 bit=00000001
[ERR] seq=9150 err=2776
[ERR] seq=9151 err=216
[ERR] seq=9152 err=224
[SEU] addr=20003159 bit=00000006
[ERR] seq=9153 err=16
[ERR] seq=9154 err=8
[SEU] addr=200031B2 bit=00000002
[SEU] addr=200031DD bit=00000006
[SEU] addr=200031BB bit=00000001
[SEU] addr=200031A3 bit=00000000
[SEU] addr=200031CE bit=00000007
[SEU] addr=20003189 bit=00000000
[ERR] seq=9180 err=2048
[ERR] seq=9181 err=160
[SEU] addr=200031DA bit=00000003
[ERR] seq=9182 err=168
[ERR] seq=9183 err=16
[ERR] seq=9184 err=8
[SEU] addr=200031CA bit=00000004
[SEU] addr=200031BA bit=00000003
[SEU] addr=200031AF bit=00000000
[SEU] addr=20003145 bit=00000003
[SAMPLE QUEUE CORRUPTED] primary repaired
[SEU] addr=20003153 bit=00000005
[SEU] addr=20003144 bit=00000005
[SAMPLE QUEUE CORRUPTED] primary repaired
[SEU] addr=20003148 bit=00000007
[SAMPLE QUEUE CORRUPTED] primary repaired
[SEU] addr=20003183 bit=00000000
[SEU] addr=200031D9 bit=00000001
[SEU] addr=20003180 bit=00000004
[SEU] addr=200031B7 bit=00000007
[SEU] addr=20003157 bit=00000006
[CMD QUEUE CORRUPTED] primary repaired
[SEU] addr=20003171 bit=00000002
[SEU] addr=200031D1 bit=00000000
[SEU] addr=2000316F bit=00000005
[SEU] addr=2000315F bit=00000003
[CMD QUEUE backup CORRUPTED] backup repaired
[SEU] addr=200031C2 bit=00000003
[SEU] addr=200031CD bit=00000007
[SEU] addr=200031A4 bit=00000002
[SEU] addr=20003174 bit=00000004
[SEU] addr=20003148 bit=00000005
[SAMPLE QUEUE CORRUPTED] primary repaired
[SEU] addr=2000318A bit=00000002
[ERR] seq=9297 err=2097152
[ERR] seq=9298 err=167768
[ERR] seq=9299 err=181184
[ERR] seq=9300 err=27904
[ERR] seq=9301 err=16720
[ERR] seq=9302 err=3568
[ERR] seq=9303 err=1616
[SEU] addr=20003146 bit=00000007
[SAMPLE QUEUE CORRUPTED] primary repaired
[ERR] seq=9304 err=408
[ERR] seq=9305 err=160
[SEU] addr=20003179 bit=00000004
[ERR] seq=9306 err=40
[ERR] seq=9307 err=8
[SEU] addr=2000316B bit=00000006
[SEU] addr=2000315C bit=00000000
[CMD QUEUE backup CORRUPTED] backup repaired
[SEU] addr=20003160 bit=00000001
[CMD QUEUE backup CORRUPTED] backup repaired
[SEU] addr=2000319E bit=00000001
[SEU] addr=200031CA bit=00000006
[SEU] addr=20003193 bit=00000004
[ERR] seq=9338 err=2147483648
[ERR] seq=9339 err=171798688
[SEU] addr=20003183 bit=00000007
[ERR] seq=9340 err=185542576
[ERR] seq=9341 err=28587288
[ERR] seq=9342 err=17130376
[SEU] addr=200031C1 bit=00000006
[ERR] seq=9343 err=3657400
[SEU] addr=2000318B bit=00000007
[ERR] seq=9344 err=1663016
[ERR] seq=9345 err=425632
[ERR] seq=9346 err=167088
[ERR] seq=9347 err=47408
[ERR] seq=9348 err=17152
[ERR] seq=9349 err=5160
[ERR] seq=9350 err=1776
[SEU] addr=200031DF bit=00000006
[ERR] seq=9351 err=544
[ERR] seq=9352 err=176
[SEU] addr=20003184 bit=00000005
[ERR] seq=9353 err=4752
[ERR] seq=9354 err=368
[ERR] seq=9355 err=400
[ERR] seq=9356 err=48
[ERR] seq=9357 err=24
[SEU] addr=200031D7 bit=00000006
[SEU] addr=200031AB bit=00000000
[SEU] addr=200031D3 bit=00000002
[SEU] addr=200031C0 bit=00000000
[SEU] addr=20003180 bit=00000001
[SEU] addr=2000316D bit=00000005
[SEU] addr=20003176 bit=00000001
[SEU] addr=200031D4 bit=00000006
[SEU] addr=20003197 bit=00000000
[SEU] addr=200031AD bit=00000002
[SEU] addr=2000314B bit=00000004
[SEU] addr=200031C6 bit=00000004
[SEU] addr=2000315F bit=00000000
[CMD QUEUE backup CORRUPTED] backup repaired
[SEU] addr=2000319B bit=00000004
[SEU] addr=20003164 bit=00000004
[SEU] addr=2000316B bit=00000002
[SEU] addr=2000315C bit=00000004
[CMD QUEUE backup CORRUPTED] backup repaired
[SEU] addr=200031C1 bit=00000005
[SEU] addr=20003170 bit=00000005
[SEU] addr=2000314B bit=00000004
[SEU] addr=2000314A bit=00000000
[SEU] addr=20003195 bit=00000007
[SEU] addr=200031A6 bit=00000004
[SEU] addr=200031AB bit=00000006
[SEU] addr=200031B7 bit=00000005
[SEU] addr=2000317F bit=00000007
[SEU] addr=2000316F bit=00000005
[SEU] addr=20003183 bit=00000000
[SEU] addr=200031C8 bit=00000002
[SEU] addr=2000317F bit=00000003
[SEU] addr=200031D4 bit=00000002
[SEU] addr=20003145 bit=00000002
[SAMPLE QUEUE CORRUPTED] primary repaired
[SEU] addr=200031CF bit=00000004
[SEU] addr=200031B3 bit=00000005
[SEU] addr=200031C9 bit=00000005
[SEU] addr=200031A3 bit=00000001
[SEU] addr=2000315B bit=00000004
[SEU] addr=20003174 bit=00000007
[SEU] addr=200031CA bit=00000006
[SEU] addr=200031AE bit=00000005
[SEU] addr=20003193 bit=00000006
[SEU] addr=200031A4 bit=00000002
[SEU] addr=200031AA bit=00000001
[SEU] addr=200031CD bit=00000002
[SEU] addr=200031C2 bit=00000005
[SEU] addr=200031D4 bit=00000005
[SEU] addr=200031AF bit=00000007
[SEU] addr=20003156 bit=00000000
[CMD QUEUE CORRUPTED] primary repaired
[SEU] addr=20003197 bit=00000007
[SEU] addr=20003161 bit=00000003
[SEU] addr=20003187 bit=00000002
[ERR] seq=9658 err=11928
[ERR] seq=9659 err=944
[ERR] seq=9660 err=1008
[ERR] seq=9661 err=128
[ERR] seq=9662 err=64
[SEU] addr=200031B9 bit=00000003
[SEU] addr=200031C5 bit=00000005
[SEU] addr=2000318B bit=00000006
[SEU] addr=2000316A bit=00000002
[SEU] addr=200031C7 bit=00000006
[SEU] addr=2000319E bit=00000001
[SEU] addr=200031D0 bit=00000005
[SEU] addr=20003195 bit=00000004
[SEU] addr=200031CF bit=00000003
[SEU] addr=20003174 bit=00000003
[SEU] addr=200031B6 bit=00000004
[SEU] addr=200031AC bit=00000003
[SEU] addr=200031DC bit=00000005
[SEU] addr=200031C8 bit=00000007
[SEU] addr=20003158 bit=00000002
[CMD QUEUE CORRUPTED] primary repaired
[SEU] addr=20003174 bit=00000003
[SEU] addr=200031AD bit=00000003
[SEU] addr=20003179 bit=00000000
[SEU] addr=200031D0 bit=00000000
[SEU] addr=2000316B bit=00000005
[SEU] addr=2000317A bit=00000006
[SEU] addr=20003187 bit=00000006
[ERR] seq=9785 err=1184
[ERR] seq=9786 err=88
[ERR] seq=9787 err=88
[SEU] addr=20003180 bit=00000002
[SEU] addr=2000315B bit=00000007
[SEU] addr=200031C1 bit=00000006
[SEU] addr=20003167 bit=00000002
[SEU] addr=20003188 bit=00000000
[ERR] seq=9815 err=8
[SEU] addr=200031A7 bit=00000003
[SEU] addr=2000316E bit=00000005
[SEU] addr=2000316B bit=00000007
[SEU] addr=200031C8 bit=00000007
[SEU] addr=20003171 bit=00000002
[SEU] addr=20003167 bit=00000000
[SEU] addr=200031A8 bit=00000002
[SEU] addr=200031DB bit=00000002
[SEU] addr=200031C5 bit=00000004
[SEU] addr=2000318F bit=00000003
[ERR] seq=9863 err=1073741824
[SEU] addr=200031BC bit=00000006
[ERR] seq=9864 err=85899344
[ERR] seq=9865 err=92771288
[ERR] seq=9866 err=14293640
[ERR] seq=9867 err=8565184
[ERR] seq=9868 err=1828696
[SEU] addr=20003199 bit=00000004
[ERR] seq=9869 err=831496
[ERR] seq=9870 err=212800
[ERR] seq=9871 err=83536
[ERR] seq=9872 err=23704
[ERR] seq=9873 err=8576
[ERR] seq=9874 err=2576
[ERR] seq=9875 err=880
[ERR] seq=9876 err=264
[ERR] seq=9877 err=80
[ERR] seq=9878 err=16
[SEU] addr=200031BE bit=00000006
[SEU] addr=200031C5 bit=00000003
[SEU] addr=200031A9 bit=00000000
[SEU] addr=200031C1 bit=00000004
[SEU] addr=2000315C bit=00000005
[CMD QUEUE backup CORRUPTED] backup repaired
[SEU] addr=200031C8 bit=00000007
[SEU] addr=20003165 bit=00000005
[SEU] addr=20003175 bit=00000007
[SEU] addr=200031A0 bit=00000001
[SEU] addr=20003189 bit=00000007
[ERR] seq=9924 err=262144
[ERR] seq=9925 err=20968
[ERR] seq=9926 err=22640
[ERR] seq=9927 err=3480
[ERR] seq=9928 err=2080
[ERR] seq=9929 err=432
[ERR] seq=9930 err=192
[ERR] seq=9931 err=40
[SEU] addr=20003156 bit=00000002
[CMD QUEUE CORRUPTED] primary repaired
[ERR] seq=9932 err=8
[SEU] addr=20003194 bit=00000003
[SEU] addr=20003175 bit=00000003
[SEU] addr=2000317C bit=00000001
[SEU] addr=2000316C bit=00000006
[SEU] addr=20003194 bit=00000004
[SEU] addr=200031D3 bit=00000006
[SEU] addr=200031B3 bit=00000001
[SEU] addr=200031DD bit=00000000
[SEU] addr=200031BE bit=00000007
[SEU] addr=200031C9 bit=00000006
[SEU] addr=2000319C bit=00000005
[SEU] addr=200031CD bit=00000001
[SEU] addr=200031D8 bit=00000005
[SEU] addr=200031C1 bit=00000000
[SEU] addr=20003150 bit=00000003
[END]
samples=10000
SEUs=1815
good samples=8906
errors=1094
samples omitted=0
max_error=0x80000000
propagations=795
detected_errors=384
tmr_corrections=155
dmr_corrections=229
crc detections=0
clamp_activations=0
rate limit activations=0
[HARDFAULT]
