START
SEED=03579753
[SEU] addr=20003155 bit=00000001
[SAMPLE QUEUE backup CORRUPTED] backup repaired
[SEU] addr=20003156 bit=00000007
[SAMPLE QUEUE backup CORRUPTED] backup repaired
[SEU] addr=200031AE bit=00000002
[SEU] addr=200031B5 bit=00000005
[SEU] addr=200031DD bit=00000000
[SEU] addr=200031CF bit=00000006
[SEU] addr=20003162 bit=00000007
[SEU] addr=20003187 bit=00000004
[SEU] addr=200031C5 bit=00000002
[SEU] addr=200031D6 bit=00000001
[SEU] addr=200031D5 bit=00000004
[SEU] addr=20003170 bit=00000004
[SEU] addr=200031B1 bit=00000003
[SEU] addr=2000318F bit=00000002
[ERR] seq=88 err=232
[ERR] seq=89 err=24
[SEU] addr=200031BB bit=00000005
[ERR] seq=90 err=24
[SEU] addr=200031BB bit=00000007
[SEU] addr=20003174 bit=00000006
[SEU] addr=200031B6 bit=00000004
[SEU] addr=200031AB bit=00000000
[SEU] addr=2000317A bit=00000004
[SEU] addr=200031C8 bit=00000005
[SEU] addr=20003169 bit=00000007
[SEU] addr=200031B2 bit=00000007
[SEU] addr=2000318D bit=00000001
[ERR] seq=145 err=9136
[ERR] seq=146 err=1448
[ERR] seq=147 err=1664
[ERR] seq=148 err=472
[ERR] seq=149 err=312
[ERR] seq=150 err=96
[ERR] seq=151 err=48
[ERR] seq=152 err=8
[SEU] addr=200031C5 bit=00000004
[SEU] addr=200031E7 bit=00000000
[SEU] addr=20003170 bit=00000003
[SEU] addr=20003196 bit=00000005
[ERR] seq=167 err=2540
[ERR] seq=168 err=400
[ERR] seq=169 err=464
[SEU] addr=200031A7 bit=00000000
[ERR] seq=170 err=136
[ERR] seq=171 err=88
[ERR] seq=172 err=24
[ERR] seq=173 err=8
[SEU] addr=2000317F bit=00000000
[SEU] addr=200031A1 bit=00000003
[SEU] addr=2000319F bit=00000004
[SEU] addr=200031DE bit=00000006
[SEU] addr=200031D7 bit=00000000
[SEU] addr=200031CA bit=00000007
[SEU] addr=200031BD bit=00000005
[SEU] addr=200031D1 bit=00000002
[SEU] addr=20003152 bit=00000006
[SEU] addr=2000315D bit=00000002
[CMD QUEUE CORRUPTED] primary repaired
[SEU] addr=20003190 bit=00000000
[ERR] seq=238 err=8
[SEU] addr=2000318C bit=00000003
[ERR] seq=239 err=456
[ERR] seq=240 err=56
[ERR] seq=241 err=56
[SEU] addr=2000317F bit=00000005
[SEU] addr=20003179 bit=00000006
[SEU] addr=20003184 bit=00000004
[SEU] addr=2000316E bit=00000007
[SEU] addr=200031CE bit=00000003
[SEU] addr=2000315E bit=00000001
[CMD QUEUE CORRUPTED] primary repaired
[SEU] addr=200031C5 bit=00000007
[SEU] addr=200031BD bit=00000005
[SEU] addr=2000318B bit=00000004
[SEU] addr=20003195 bit=00000004
[ERR] seq=293 err=2516
[ERR] seq=294 err=400
[ERR] seq=295 err=464
[ERR] seq=296 err=136
[ERR] seq=297 err=88
[ERR] seq=298 err=24
[ERR] seq=299 err=8
[SEU] addr=200031A4 bit=00000000
[SEU] addr=200031C1 bit=00000005
[SEU] addr=200031B7 bit=00000006
[SEU] addr=200031B3 bit=00000003
[SEU] addr=200031A9 bit=00000007
[SEU] addr=2000315A bit=00000003
[SEU] addr=200031A9 bit=00000006
[SEU] addr=200031C0 bit=00000000
[SEU] addr=20003160 bit=00000002
[CMD QUEUE CORRUPTED] primary repaired
[SEU] addr=200031D7 bit=00000004
[SEU] addr=200031B0 bit=00000005
[SEU] addr=20003153 bit=00000002
[SEU] addr=20003196 bit=00000005
[ERR] seq=358 err=2460
[ERR] seq=359 err=392
[ERR] seq=360 err=448
[SEU] addr=20003187 bit=00000005
[ERR] seq=361 err=120
[ERR] seq=362 err=80
[SEU] addr=2000316C bit=00000007
[ERR] seq=363 err=24
[ERR] seq=364 err=8
[SEU] addr=20003189 bit=00000001
[SEU] addr=20003171 bit=00000002
[SEU] addr=2000319B bit=00000000
[ERR] seq=376 err=2532
[ERR] seq=377 err=400
[ERR] seq=378 err=464
[ERR] seq=379 err=136
[ERR] seq=380 err=88
[ERR] seq=381 err=24
[ERR] seq=382 err=8
[SEU] addr=200031B8 bit=00000004
[SEU] addr=200031B4 bit=00000002
[SEU] addr=200031D4 bit=00000006
[SEU] addr=20003157 bit=00000006
[SAMPLE QUEUE backup CORRUPTED] backup repaired
[SEU] addr=200031CC bit=00000006
[SEU] addr=20003150 bit=00000007
[SAMPLE QUEUE CORRUPTED] primary repaired
[SEU] addr=200031C1 bit=00000002
[SEU] addr=200031A9 bit=00000006
[SEU] addr=20003163 bit=00000005
[SEU] addr=20003150 bit=00000007
[SAMPLE QUEUE CORRUPTED] primary repaired
[SEU] addr=200031D6 bit=00000003
[SEU] addr=2000319C bit=00000003
[SEU] addr=2000315A bit=00000001
[SEU] addr=200031D3 bit=00000007
[SEU] addr=200031D5 bit=00000005
[SEU] addr=200031C5 bit=00000001
[SEU] addr=2000318A bit=00000006
[SEU] addr=200031B4 bit=00000004
[SEU] addr=20003187 bit=00000001
[SEU] addr=2000315E bit=00000006
[CMD QUEUE CORRUPTED] primary repaired
[SEU] addr=2000319F bit=00000007
[SEU] addr=2000318A bit=00000007
[SEU] addr=2000319A bit=00000006
[ERR] seq=507 err=2476
[ERR] seq=508 err=392
[ERR] seq=509 err=448
[ERR] seq=510 err=120
[ERR] seq=511 err=80
[ERR] seq=512 err=24
[SEU] addr=20003151 bit=00000001
[ERR] seq=513 err=8
[SEU] addr=2000314C bit=00000004
[SAMPLE QUEUE CORRUPTED] primary repaired
[SEU] addr=20003176 bit=00000004
[SEU] addr=2000316A bit=00000004
[SEU] addr=2000319A bit=00000002
[ERR] seq=541 err=2476
[ERR] seq=542 err=392
[ERR] seq=543 err=448
[SEU] addr=20003158 bit=00000004
[SAMPLE QUEUE backup CORRUPTED] backup repaired
[ERR] seq=544 err=120
[ERR] seq=545 err=80
[ERR] seq=546 err=24
[ERR] seq=547 err=8
[SEU] addr=200031D8 bit=00000007
[SEU] addr=20003174 bit=00000000
[SEU] addr=200031E5 bit=00000006
[SEU] addr=200031D3 bit=00000004
[SEU] addr=2000318C bit=00000002
[ERR] seq=570 err=344
[ERR] seq=571 err=40
[ERR] seq=572 err=40
[SEU] addr=200031AD bit=00000001
[SEU] addr=200031D9 bit=00000005
[SEU] addr=20003196 bit=00000002
[ERR] seq=583 err=2524
[ERR] seq=584 err=400
[ERR] seq=585 err=464
[ERR] seq=586 err=136
[ERR] seq=587 err=88
[ERR] seq=588 err=24
[ERR] seq=589 err=8
[SEU] addr=200031BC bit=00000005
[SEU] addr=2000319B bit=00000003
[ERR] seq=600 err=2500
[ERR] seq=601 err=400
[ERR] seq=602 err=464
[ERR] seq=603 err=136
[ERR] seq=604 err=88
[ERR] seq=605 err=24
[ERR] seq=606 err=8
[SEU] addr=20003164 bit=00000006
[CMD QUEUE backup CORRUPTED] backup repaired
[SEU] addr=2000315D bit=00000004
[CMD QUEUE CORRUPTED] primary repaired
[SEU] addr=20003191 bit=00000001
[ERR] seq=615 err=2492
[SEU] addr=20003180 bit=00000004
[ERR] seq=616 err=392
[ERR] seq=617 err=448
[ERR] seq=618 err=120
[ERR] seq=619 err=80
[ERR] seq=620 err=24
[ERR] seq=621 err=8
[SEU] addr=2000314D bit=00000005
[SAMPLE QUEUE CORRUPTED] primary repaired
[SEU] addr=2000316C bit=00000005
[SEU] addr=200031E5 bit=00000000
[SEU] addr=200031C0 bit=00000002
[SEU] addr=200031B4 bit=00000001
[SEU] addr=200031A5 bit=00000005
[SEU] addr=200031A9 bit=00000006
[SEU] addr=20003186 bit=00000004
[SEU] addr=200031DB bit=00000003
[SEU] addr=20003151 bit=00000007
[SEU] addr=200031DE bit=00000001
[SEU] addr=20003169 bit=00000000
[SEU] addr=200031C8 bit=00000002
[SEU] addr=20003178 bit=00000005
[SEU] addr=20003172 bit=00000002
[SEU] addr=200031C6 bit=00000002
[SEU] addr=20003167 bit=00000002
[CMD QUEUE backup CORRUPTED] backup repaired
[SEU] addr=20003197 bit=00000006
[SEU] addr=200031A3 bit=00000005
[SEU] addr=200031C4 bit=00000003
[SEU] addr=20003189 bit=00000000
[SEU] addr=20003169 bit=00000001
[SEU] addr=20003187 bit=00000003
[SEU] addr=2000316E bit=00000002
[SEU] addr=2000316C bit=00000001
[SEU] addr=2000315B bit=00000001
[SEU] addr=200031A6 bit=00000007
[SEU] addr=2000316C bit=00000005
[SEU] addr=2000314F bit=00000007
[SAMPLE QUEUE CORRUPTED] primary repaired
[SEU] addr=20003167 bit=00000007
[CMD QUEUE backup CORRUPTED] backup repaired
[SEU] addr=20003187 bit=00000000
[SEU] addr=200031B9 bit=00000001
[SEU] addr=200031E6 bit=00000005
[SEU] addr=20003162 bit=00000007
[SEU] addr=2000319A bit=00000007
[ERR] seq=804 err=2508
[ERR] seq=805 err=400
[ERR] seq=806 err=464
[ERR] seq=807 err=136
[ERR] seq=808 err=88
[ERR] seq=809 err=24
[SEU] addr=200031D0 bit=00000001
[ERR] seq=810 err=8
[SEU] addr=200031C6 bit=00000002
[SEU] addr=20003158 bit=00000000
[SAMPLE QUEUE backup CORRUPTED] backup repaired
[SEU] addr=200031A7 bit=00000007
[SEU] addr=200031E1 bit=00000005
[SEU] addr=20003172 bit=00000006
[SEU] addr=20003199 bit=00000004
[ERR] seq=835 err=2484
[ERR] seq=836 err=392
[ERR] seq=837 err=448
[ERR] seq=838 err=120
[ERR] seq=839 err=80
[ERR] seq=840 err=24
[ERR] seq=841 err=8
[SEU] addr=200031DE bit=00000001
[SEU] addr=2000315C bit=00000001
[CMD QUEUE CORRUPTED] primary repaired
[SEU] addr=200031E0 bit=00000002
[SEU] addr=2000318E bit=00000007
[ERR] seq=852 err=9008
[ERR] seq=853 err=1432
[ERR] seq=854 err=1648
[SEU] addr=200031A8 bit=00000001
[ERR] seq=855 err=464
[ERR] seq=856 err=312
[SEU] addr=2000317C bit=00000003
[ERR] seq=857 err=96
[ERR] seq=858 err=40
[ERR] seq=859 err=8
[SEU] addr=2000316E bit=00000000
[SEU] addr=20003176 bit=00000007
[SEU] addr=20003156 bit=00000005
[SAMPLE QUEUE backup CORRUPTED] backup repaired
[SEU] addr=20003186 bit=00000004
[SEU] addr=200031CD bit=00000002
[SEU] addr=2000315F bit=00000002
[CMD QUEUE CORRUPTED] primary repaired
[SEU] addr=20003170 bit=00000007
[SEU] addr=200031E5 bit=00000003
[SEU] addr=20003193 bit=00000005
[SEU] addr=20003188 bit=00000002
[SEU] addr=20003189 bit=00000002
[SEU] addr=200031E7 bit=00000001
[SEU] addr=20003154 bit=00000002
[SAMPLE QUEUE backup CORRUPTED] backup repaired
[SEU] addr=20003163 bit=00000002
[SEU] addr=200031B4 bit=00000002
[SEU] addr=200031A7 bit=00000005
[SEU] addr=200031BE bit=00000002
[SEU] addr=2000315E bit=00000005
[CMD QUEUE CORRUPTED] primary repaired
[SEU] addr=2000315F bit=00000002
[CMD QUEUE CORRUPTED] primary repaired
[SEU] addr=200031D7 bit=00000007
[SEU] addr=20003192 bit=00000001
[ERR] seq=985 err=2516
[ERR] seq=986 err=400
[ERR] seq=987 err=464
[SEU] addr=200031BA bit=00000004
[ERR] seq=988 err=136
[ERR] seq=989 err=88
[ERR] seq=990 err=24
[SEU] addr=20003179 bit=00000004
[ERR] seq=991 err=8
[SEU] addr=20003152 bit=00000001
[SEU] addr=200031E6 bit=00000000
[SEU] addr=2000316D bit=00000001
[SEU] addr=20003168 bit=00000006
[CMD QUEUE backup CORRUPTED] backup repaired
[SEU] addr=200031DA bit=00000004
[SEU] addr=20003182 bit=00000002
[SEU] addr=20003159 bit=00000000
[SEU] addr=20003182 bit=00000006
[SEU] addr=200031C9 bit=00000005
[SEU] addr=200031AC bit=00000003
[SEU] addr=200031AF bit=00000005
[SEU] addr=20003152 bit=00000000
[SEU] addr=20003160 bit=00000000
[CMD QUEUE CORRUPTED] primary repaired
[SEU] addr=2000318F bit=00000001
[ERR] seq=1077 err=1016
[ERR] seq=1078 err=152
[ERR] seq=1079 err=160
[ERR] seq=1080 err=16
[ERR] seq=1081 err=8
[SEU] addr=2000319D bit=00000001
[SEU] addr=2000316A bit=00000007
[SEU] addr=2000315E bit=00000006
[CMD QUEUE CORRUPTED] primary repaired
[SEU] addr=20003184 bit=00000007
[SEU] addr=20003170 bit=00000000
[SEU] addr=200031D6 bit=00000005
[SEU] addr=20003186 bit=00000005
[SEU] addr=2000315D bit=00000007
[CMD QUEUE CORRUPTED] primary repaired
[SEU] addr=2000318E bit=00000007
[ERR] seq=1133 err=13272
[ERR] seq=1134 err=2112
[ERR] seq=1135 err=2440
[ERR] seq=1136 err=704
[ERR] seq=1137 err=472
[ERR] seq=1138 err=160
[ERR] seq=1139 err=72
[SEU] addr=200031AA bit=00000005
[ERR] seq=1140 err=8
[SEU] addr=2000319B bit=00000004
[ERR] seq=1148 err=2516
[ERR] seq=1149 err=400
[ERR] seq=1150 err=464
[ERR] seq=1151 err=136
[ERR] seq=1152 err=88
[SEU] addr=2000316A bit=00000005
[ERR] seq=1153 err=24
[ERR] seq=1154 err=8
[SEU] addr=200031DF bit=00000002
[SEU] addr=200031BC bit=00000007
[SEU] addr=200031A2 bit=00000004
[SEU] addr=20003169 bit=00000005
[SEU] addr=20003180 bit=00000005
[SEU] addr=200031D8 bit=00000007
[SEU] addr=200031C4 bit=00000007
[SEU] addr=200031B4 bit=00000003
[SEU] addr=20003157 bit=00000000
[SAMPLE QUEUE backup CORRUPTED] backup repaired
[SEU] addr=20003170 bit=00000004
[SEU] addr=200031C5 bit=00000002
[SEU] addr=2000315B bit=00000003
[SEU] addr=200031E6 bit=00000003
[SEU] addr=200031B4 bit=00000001
[SEU] addr=20003181 bit=00000003
[SEU] addr=200031D7 bit=00000003
[SEU] addr=200031D0 bit=00000003
[SEU] addr=20003151 bit=00000003
[SEU] addr=2000317C bit=00000001
[SEU] addr=20003169 bit=00000000
[SEU] addr=200031A2 bit=00000003
[SEU] addr=2000315D bit=00000001
[CMD QUEUE CORRUPTED] primary repaired
[SEU] addr=200031B1 bit=00000001
[SEU] addr=2000319B bit=00000000
[ERR] seq=1268 err=2484
[ERR] seq=1269 err=392
[ERR] seq=1270 err=448
[ERR] seq=1271 err=120
[ERR] seq=1272 err=80
[ERR] seq=1273 err=24
[ERR] seq=1274 err=8
[SEU] addr=200031B3 bit=00000003
[SEU] addr=200031A9 bit=00000002
[SEU] addr=200031CF bit=00000001
[SEU] addr=20003176 bit=00000003
[SEU] addr=200031E6 bit=00000000
[SEU] addr=200031E5 bit=00000003
[SEU] addr=200031CE bit=00000004
[SEU] addr=200031A7 bit=00000002
[SEU] addr=2000319D bit=00000006
[SEU] addr=20003164 bit=00000002
[CMD QUEUE backup CORRUPTED] backup repaired
[SEU] addr=2000316F bit=00000004
[SEU] addr=200031A9 bit=00000005
[SEU] addr=2000316C bit=00000005
[SEU] addr=200031DE bit=00000007
[SEU] addr=20003168 bit=00000000
[CMD QUEUE backup CORRUPTED] backup repaired
[SEU] addr=200031AF bit=00000000
[SEU] addr=200031E4 bit=00000006
[SEU] addr=200031A0 bit=00000001
[SEU] addr=200031D2 bit=00000004
[SEU] addr=200031A2 bit=00000003
[SEU] addr=20003150 bit=00000005
[SAMPLE QUEUE CORRUPTED] primary repaired
[SEU] addr=200031E6 bit=00000004
[SEU] addr=200031DD bit=00000004
[SEU] addr=20003158 bit=00000001
[SAMPLE QUEUE backup CORRUPTED] backup repaired
[SEU] addr=200031DF bit=00000000
[SEU] addr=200031A1 bit=00000004
[SEU] addr=20003156 bit=00000001
[SAMPLE QUEUE backup CORRUPTED] backup repaired
[SEU] addr=2000315D bit=00000006
[CMD QUEUE CORRUPTED] primary repaired
[SEU] addr=2000319F bit=00000007
[SEU] addr=20003188 bit=00000004
[SEU] addr=20003191 bit=00000001
[ERR] seq=1454 err=2428
[ERR] seq=1455 err=384
[ERR] seq=1456 err=440
[SEU] addr=200031CD bit=00000001
[ERR] seq=1457 err=120
[ERR] seq=1458 err=80
[ERR] seq=1459 err=24
[ERR] seq=1460 err=8
[SEU] addr=20003180 bit=00000007
[SEU] addr=20003166 bit=00000001
[CMD QUEUE backup CORRUPTED] backup repaired
[SEU] addr=20003177 bit=00000002
[SEU] addr=20003178 bit=00000007
[SEU] addr=20003167 bit=00000004
[CMD QUEUE backup CORRUPTED] backup repaired
[SEU] addr=20003194 bit=00000002
[ERR] seq=1498 err=32
[SEU] addr=20003198 bit=00000006
[ERR] seq=1506 err=512
[ERR] seq=1507 err=80
[ERR] seq=1508 err=88
[ERR] seq=1509 err=16
[ERR] seq=1510 err=8
[SEU] addr=200031CE bit=00000002
[SEU] addr=200031A8 bit=00000004
[SEU] addr=20003198 bit=00000005
[ERR] seq=1523 err=256
[ERR] seq=1524 err=40
[ERR] seq=1525 err=40
[SEU] addr=200031A4 bit=00000007
[SEU] addr=200031AA bit=00000003
[SEU] addr=200031AF bit=00000001
[SEU] addr=20003167 bit=00000000
[CMD QUEUE backup CORRUPTED] backup repaired
[SEU] addr=200031E3 bit=00000007
[SEU] addr=2000318C bit=00000003
[ERR] seq=1547 err=392
[SEU] addr=20003187 bit=00000005
[ERR] seq=1548 err=56
[ERR] seq=1549 err=56
[SEU] addr=200031CC bit=00000007
[SEU] addr=200031AB bit=00000001
[SEU] addr=200031D7 bit=00000005
[SEU] addr=2000316C bit=00000005
[SEU] addr=200031D0 bit=00000006
[SEU] addr=20003180 bit=00000006
[SEU] addr=20003191 bit=00000003
[ERR] seq=1594 err=2564
[ERR] seq=1595 err=408
[SEU] addr=2000316E bit=00000004
[ERR] seq=1596 err=472
[ERR] seq=1597 err=136
[ERR] seq=1598 err=88
[ERR] seq=1599 err=24
[ERR] seq=1600 err=8
[SEU] addr=200031D7 bit=00000000
[SEU] addr=200031A8 bit=00000001
[SEU] addr=200031CA bit=00000005
[SEU] addr=200031E1 bit=00000004
[SEU] addr=20003192 bit=00000004
[ERR] seq=1623 err=2444
[ERR] seq=1624 err=384
[ERR] seq=1625 err=440
[SEU] addr=2000315A bit=00000007
[ERR] seq=1626 err=120
[ERR] seq=1627 err=80
[ERR] seq=1628 err=24
[ERR] seq=1629 err=8
[SEU] addr=2000318F bit=00000007
[ERR] seq=1635 err=4112
[ERR] seq=1636 err=640
[ERR] seq=1637 err=736
[ERR] seq=1638 err=208
[ERR] seq=1639 err=136
[SEU] addr=20003154 bit=00000003
[SAMPLE QUEUE backup CORRUPTED] backup repaired
[ERR] seq=1640 err=32
[ERR] seq=1641 err=8
[SEU] addr=20003197 bit=00000003
[ERR] seq=1647 err=2524
[ERR] seq=1648 err=400
[ERR] seq=1649 err=464
[ERR] seq=1650 err=136
[ERR] seq=1651 err=88
[ERR] seq=1652 err=24
[ERR] seq=1653 err=8
[SEU] addr=2000316A bit=00000000
[SEU] addr=2000316C bit=00000003
[SEU] addr=20003155 bit=00000007
[SAMPLE QUEUE backup CORRUPTED] backup repaired
[SEU] addr=200031E3 bit=00000000
[SEU] addr=20003195 bit=00000002
[ERR] seq=1673 err=2492
[ERR] seq=1674 err=392
[ERR] seq=1675 err=448
[SEU] addr=2000317D bit=00000003
[ERR] seq=1676 err=120
[ERR] seq=1677 err=80
[ERR] seq=1678 err=24
[ERR] seq=1679 err=8
[SEU] addr=200031C2 bit=00000005
[SEU] addr=200031C5 bit=00000007
[SEU] addr=200031AB bit=00000003
[SEU] addr=2000314C bit=00000001
[SAMPLE QUEUE CORRUPTED] primary repaired
[SEU] addr=200031CF bit=00000000
[SEU] addr=20003159 bit=00000007
[SEU] addr=20003161 bit=00000004
[SEU] addr=20003169 bit=00000002
[SEU] addr=200031BA bit=00000003
[SEU] addr=2000319E bit=00000002
[SEU] addr=20003180 bit=00000000
[SEU] addr=200031CF bit=00000002
[SEU] addr=200031E3 bit=00000000
[SEU] addr=200031AE bit=00000006
[SEU] addr=20003197 bit=00000001
[ERR] seq=1759 err=2468
[ERR] seq=1760 err=392
[SEU] addr=2000314E bit=00000001
[SAMPLE QUEUE CORRUPTED] primary repaired
[ERR] seq=1761 err=448
[ERR] seq=1762 err=120
[ERR] seq=1763 err=80
[ERR] seq=1764 err=24
[ERR] seq=1765 err=8
[SEU] addr=20003187 bit=00000007
[SEU] addr=200031CA bit=00000000
[SEU] addr=200031B1 bit=00000005
[SEU] addr=200031DB bit=00000007
[SEU] addr=20003153 bit=00000003
[SEU] addr=200031D7 bit=00000007
[SEU] addr=200031B2 bit=00000007
[SEU] addr=200031BF bit=00000001
[SEU] addr=200031D0 bit=00000001
[SEU] addr=200031CA bit=00000003
[SEU] addr=200031D0 bit=00000001
[SEU] addr=20003159 bit=00000004
[SEU] addr=20003173 bit=00000007
[SEU] addr=20003174 bit=00000006
[SEU] addr=200031E3 bit=00000005
[SEU] addr=200031A2 bit=00000003
[SEU] addr=2000319E bit=00000005
[SEU] addr=200031A6 bit=00000001
[SEU] addr=20003177 bit=00000001
[SEU] addr=200031BD bit=00000002
[SEU] addr=20003164 bit=00000007
[CMD QUEUE backup CORRUPTED] backup repaired
[SEU] addr=2000317F bit=00000007
[SEU] addr=2000314F bit=00000006
[SAMPLE QUEUE CORRUPTED] primary repaired
[SEU] addr=2000319A bit=00000004
[ERR] seq=1883 err=2500
[ERR] seq=1884 err=400
[ERR] seq=1885 err=464
[ERR] seq=1886 err=136
[ERR] seq=1887 err=88
[ERR] seq=1888 err=24
[ERR] seq=1889 err=8
[SEU] addr=200031D6 bit=00000001
[SEU] addr=200031CB bit=00000007
[SEU] addr=200031B1 bit=00000002
[SEU] addr=200031DB bit=00000001
[SEU] addr=200031A7 bit=00000005
[SEU] addr=20003179 bit=00000002
[SEU] addr=200031E5 bit=00000000
[SEU] addr=20003174 bit=00000007
[SEU] addr=200031AC bit=00000004
[SEU] addr=200031D5 bit=00000007
[SEU] addr=200031AF bit=00000002
[SEU] addr=200031AA bit=00000006
[SEU] addr=200031D5 bit=00000006
[SEU] addr=200031BD bit=00000004
[SEU] addr=200031C0 bit=00000000
[SEU] addr=200031D8 bit=00000001
[SEU] addr=200031C1 bit=00000001
[SEU] addr=2000315B bit=00000006
[SEU] addr=200031E7 bit=00000002
[SEU] addr=200031D4 bit=00000000
[END]
samples=2000
SEUs=365
good samples=1795
errors=205
samples omitted=0
max error=0x00000000000033D8
propagations=139
detected disturbances=95
tmr corrections=29
dmr corrections=45
crc detections=0
clamp activations=21
[HARDFAULT]
qemu: fatal: Lockup: can't escalate 3 to HardFault (current priority -1)

R00=0000000a R01=00000002 R02=4000c000 R03=00000000
R04=00000000 R05=00000010 R06=00000000 R07=2000ffd8
R08=00000000 R09=00000000 R10=00000010 R11=00000000
R12=00000020 R13=2000ffd8 R14=00003711 R15=00000f0e
XPSR=01000003 ---- T handler
FPSCR: 00000000
