START
SEED=03579753
[SEU] addr=20003181 bit=00000001
[SEU] addr=200031DE bit=00000007
[ERR] seq=8388622 err=3792
[ERR] seq=8388623 err=3432
[ERR] seq=8388624 err=4336
[ERR] seq=8388625 err=4376
[ERR] seq=8388626 err=4760
[ERR] seq=8388627 err=4928
[SEU] addr=200031B6 bit=00000002
[ERR] seq=8388628 err=5224
[ERR] seq=8388629 err=5408
[ERR] seq=8388630 err=5680
[ERR] seq=8388631 err=5904
[ERR] seq=8388632 err=6136
[ERR] seq=8388633 err=6368
[ERR] seq=8388634 err=6608
[ERR] seq=8388635 err=6816
[ERR] seq=8388636 err=7072
[SEU] addr=200031C1 bit=00000005
[ERR] seq=8388637 err=7264
[ERR] seq=8388638 err=7512
[ERR] seq=8388639 err=7704
[ERR] seq=8388640 err=7936
[ERR] seq=8388641 err=8152
[SEU] addr=200031DD bit=00000000
[ERR] seq=8388898 err=4064
[ERR] seq=8388899 err=1920
[ERR] seq=8388900 err=4032
[ERR] seq=8388901 err=3192
[SEU] addr=20003183 bit=00000006
[ERR] seq=8388902 err=3496
[ERR] seq=8388903 err=3160
[ERR] seq=8388904 err=3104
[ERR] seq=8388905 err=2872
[SEU] addr=2000318E bit=00000007
[ERR] seq=8388906 err=9656
[SEU] addr=200031B7 bit=00000004
[ERR] seq=8388907 err=4520
[ERR] seq=8388908 err=1680
[ERR] seq=8388909 err=2912
[ERR] seq=8388910 err=1616
[ERR] seq=8388911 err=2096
[ERR] seq=8388912 err=1632
[ERR] seq=8388913 err=1608
[ERR] seq=8388914 err=1544
[ERR] seq=8388915 err=1568
[SEU] addr=2000315D bit=00000002
[CMD QUEUE CORRUPTED] primary repaired
[ERR] seq=8388916 err=1568
[ERR] seq=8388917 err=1592
[SEU] addr=20003162 bit=00000001
[ERR] seq=8388918 err=1608
[ERR] seq=8388919 err=1616
[ERR] seq=8388920 err=1640
[ERR] seq=8388921 err=1656
[ERR] seq=8388922 err=1672
[ERR] seq=8388923 err=1688
[ERR] seq=8388924 err=1704
[ERR] seq=8388925 err=1720
[ERR] seq=8388926 err=1728
[ERR] seq=8388927 err=1744
[SEU] addr=20003185 bit=00000004
[ERR] seq=8388928 err=1768
[ERR] seq=8388929 err=1768
[ERR] seq=8388930 err=1792
[ERR] seq=8388931 err=1856
[ERR] seq=8388932 err=1928
[SEU] addr=20003184 bit=00000004
[ERR] seq=8388933 err=2008
[ERR] seq=8388934 err=2072
[ERR] seq=8388935 err=2136
[ERR] seq=8388936 err=2208
[ERR] seq=8388937 err=2368
[ERR] seq=8388938 err=2520
[ERR] seq=8388939 err=2656
[ERR] seq=8388940 err=2816
[ERR] seq=8388941 err=2952
[SEU] addr=2000317D bit=00000003
[ERR] seq=8388942 err=3104
[ERR] seq=8388943 err=3256
[ERR] seq=8388944 err=3392
[ERR] seq=8388945 err=3552
[ERR] seq=8388946 err=3664
[ERR] seq=8388947 err=3840
[ERR] seq=8388948 err=3944
[ERR] seq=8388949 err=4112
[ERR] seq=8388950 err=4224
[ERR] seq=8388951 err=4384
[SEU] addr=200031AB bit=00000002
[ERR] seq=8388952 err=4488
[ERR] seq=8388953 err=4632
[SEU] addr=200031AF bit=00000005
[ERR] seq=8388954 err=4752
[ERR] seq=8388955 err=4880
[ERR] seq=8388956 err=4992
[ERR] seq=8388957 err=5120
[ERR] seq=8388958 err=5224
[ERR] seq=8388959 err=5344
[ERR] seq=8388960 err=5464
[ERR] seq=8388961 err=5568
[ERR] seq=8388962 err=5664
[SEU] addr=2000318B bit=00000007
[ERR] seq=8388963 err=5752
[ERR] seq=8388964 err=5856
[ERR] seq=8388965 err=5968
[ERR] seq=8388966 err=6056
[ERR] seq=8388967 err=6144
[ERR] seq=8388968 err=6256
[SEU] addr=20003150 bit=00000006
[SAMPLE QUEUE CORRUPTED] primary repaired
[ERR] seq=8388969 err=6336
[ERR] seq=8388970 err=6424
[ERR] seq=8388971 err=6520
[ERR] seq=8388972 err=6608
[ERR] seq=8388973 err=6672
[ERR] seq=8388974 err=6760
[SEU] addr=200031CE bit=00000004
[ERR] seq=8388975 err=6840
[ERR] seq=8388976 err=6904
[ERR] seq=8388977 err=6984
[ERR] seq=8388978 err=7064
[ERR] seq=8388979 err=7104
[ERR] seq=8388980 err=7168
[SEU] addr=200031D7 bit=00000000
[ERR] seq=8388981 err=7232
[ERR] seq=8388982 err=7312
[ERR] seq=8388983 err=7344
[ERR] seq=8388984 err=7408
[ERR] seq=8388985 err=7440
[ERR] seq=8388986 err=7496
[ERR] seq=8388987 err=7544
[ERR] seq=8388988 err=7584
[ERR] seq=8388989 err=7624
[SEU] addr=2000317E bit=00000004
[ERR] seq=8388990 err=7656
[ERR] seq=8388991 err=7696
[ERR] seq=8388992 err=7736
[ERR] seq=8388993 err=7728
[ERR] seq=8388994 err=7784
[ERR] seq=8388995 err=7784
[ERR] seq=8388996 err=7808
[SEU] addr=20003168 bit=00000005
[CMD QUEUE backup CORRUPTED] backup repaired
[ERR] seq=8388997 err=7824
[SEU] addr=200031A5 bit=00000007
[ERR] seq=8388998 err=7856
[ERR] seq=8388999 err=7864
[SEU] addr=20003162 bit=00000007
[ERR] seq=8389000 err=7872
[ERR] seq=8389001 err=7872
[ERR] seq=8389002 err=7872
[ERR] seq=8389003 err=7864
[ERR] seq=8389004 err=7880
[ERR] seq=8389005 err=7856
[ERR] seq=8389006 err=7864
[ERR] seq=8389007 err=7824
[ERR] seq=8389008 err=7816
[SEU] addr=2000315D bit=00000001
[CMD QUEUE CORRUPTED] primary repaired
[ERR] seq=8389009 err=7792
[ERR] seq=8389010 err=7784
[ERR] seq=8389011 err=7744
[ERR] seq=8389012 err=7736
[ERR] seq=8389013 err=7696
[ERR] seq=8389014 err=7688
[ERR] seq=8389015 err=7632
[ERR] seq=8389016 err=7592
[ERR] seq=8389017 err=7560
[SEU] addr=2000314D bit=00000004
[SAMPLE QUEUE CORRUPTED] primary repaired
[ERR] seq=8389018 err=7512
[ERR] seq=8389019 err=7464
[ERR] seq=8389020 err=7416
[ERR] seq=8389021 err=7360
[ERR] seq=8389022 err=7320
[SEU] addr=200031DB bit=00000000
[ERR] seq=8389023 err=7256
[ERR] seq=8389024 err=7192
[SEU] addr=2000314C bit=00000003
[SAMPLE QUEUE CORRUPTED] primary repaired
[ERR] seq=8389025 err=7128
[ERR] seq=8389026 err=7080
[ERR] seq=8389027 err=7000
[ERR] seq=8389028 err=6944
[ERR] seq=8389029 err=6856
[ERR] seq=8389030 err=6776
[SEU] addr=200031C6 bit=00000005
[ERR] seq=8389031 err=6712
[ERR] seq=8389032 err=6624
[ERR] seq=8389033 err=6544
[SEU] addr=2000318F bit=00000000
[ERR] seq=8389034 err=6600
[ERR] seq=8389035 err=6360
[ERR] seq=8389036 err=6296
[ERR] seq=8389037 err=6176
[ERR] seq=8389038 err=6096
[ERR] seq=8389039 err=5984
[ERR] seq=8389040 err=5896
[ERR] seq=8389041 err=5776
[ERR] seq=8389042 err=5696
[ERR] seq=8389043 err=5608
[SEU] addr=20003197 bit=00000000
[ERR] seq=8389044 err=134221432
[ERR] seq=8389045 err=21480208
[ERR] seq=8389046 err=24914400
[ERR] seq=8389047 err=7426848
[ERR] seq=8389048 err=5176696
[ERR] seq=8389049 err=2020080
[ERR] seq=8389050 err=1153512
[ERR] seq=8389051 err=511112
[ERR] seq=8389052 err=268312
[SEU] addr=20003189 bit=00000003
[ERR] seq=8389053 err=127848
[ERR] seq=8389054 err=65312
[SEU] addr=20003187 bit=00000004
[ERR] seq=8389055 err=33832
[ERR] seq=8389056 err=17712
[ERR] seq=8389057 err=10968
[ERR] seq=8389058 err=6392
[ERR] seq=8389059 err=5280
[ERR] seq=8389060 err=3600
[SEU] addr=200031AE bit=00000006
[ERR] seq=8389061 err=3688
[ERR] seq=8389062 err=2968
[ERR] seq=8389063 err=3096
[ERR] seq=8389064 err=2808
[ERR] seq=8389065 err=2736
[ERR] seq=8389066 err=2544
[ERR] seq=8389067 err=2424
[ERR] seq=8389068 err=2224
[ERR] seq=8389069 err=2168
[ERR] seq=8389070 err=2096
[SEU] addr=2000317F bit=00000000
[ERR] seq=8389071 err=2024
[ERR] seq=8389072 err=1952
[ERR] seq=8389073 err=1872
[ERR] seq=8389074 err=1808
[SEU] addr=20003172 bit=00000007
[ERR] seq=8389075 err=1784
[ERR] seq=8389076 err=1768
[ERR] seq=8389077 err=1752
[SEU] addr=20003151 bit=00000005
[ERR] seq=8389078 err=1744
[ERR] seq=8389079 err=1720
[ERR] seq=8389080 err=1704
[ERR] seq=8389081 err=1688
[ERR] seq=8389082 err=1672
[SEU] addr=2000314D bit=00000002
[SAMPLE QUEUE CORRUPTED] primary repaired
[ERR] seq=8389083 err=1672
[ERR] seq=8389084 err=1640
[ERR] seq=8389085 err=1632
[ERR] seq=8389086 err=1600
[ERR] seq=8389087 err=1600
[ERR] seq=8389088 err=1584
[ERR] seq=8389089 err=1560
[ERR] seq=8389090 err=1552
[SEU] addr=2000315A bit=00000006
[ERR] seq=8389091 err=1536
[ERR] seq=8389092 err=1680
[ERR] seq=8389093 err=1864
[ERR] seq=8389094 err=2024
[ERR] seq=8389095 err=2184
[ERR] seq=8389096 err=2352
[SEU] addr=20003199 bit=00000002
[ERR] seq=8389097 err=10712
[ERR] seq=8389098 err=2544
[ERR] seq=8389099 err=4344
[ERR] seq=8389100 err=2576
[ERR] seq=8389101 err=3496
[SEU] addr=2000317C bit=00000000
[ERR] seq=8389102 err=3224
[SEU] addr=20003168 bit=00000003
[CMD QUEUE backup CORRUPTED] backup repaired
[ERR] seq=8389103 err=3568
[ERR] seq=8389104 err=3632
[ERR] seq=8389105 err=3840
[ERR] seq=8389106 err=4008
[ERR] seq=8389107 err=4144
[SEU] addr=2000317B bit=00000005
[ERR] seq=8389108 err=4344
[ERR] seq=8389109 err=4488
[ERR] seq=8389110 err=4632
[ERR] seq=8389111 err=4808
[ERR] seq=8389112 err=4960
[SEU] addr=200031D5 bit=00000006
[ERR] seq=8389113 err=5120
[ERR] seq=8389114 err=5256
[ERR] seq=8389115 err=5448
[ERR] seq=8389116 err=5576
[SEU] addr=2000317C bit=00000004
[ERR] seq=8389117 err=5736
[ERR] seq=8389118 err=5880
[ERR] seq=8389119 err=6032
[ERR] seq=8389120 err=4136
[ERR] seq=8389121 err=4592
[ERR] seq=8389122 err=4368
[SEU] addr=200031CE bit=00000007
[ERR] seq=8389123 err=4632
[ERR] seq=8389124 err=4680
[ERR] seq=8389125 err=4864
[ERR] seq=8389126 err=4968
[ERR] seq=8389127 err=5136
[ERR] seq=8389128 err=5256
[ERR] seq=8389129 err=5400
[ERR] seq=8389130 err=5520
[ERR] seq=8389131 err=5648
[SEU] addr=200031CE bit=00000003
[ERR] seq=8389132 err=5784
[ERR] seq=8389133 err=5896
[ERR] seq=8389134 err=6024
[ERR] seq=8389135 err=6136
[SEU] addr=200031B2 bit=00000001
[ERR] seq=8389136 err=6256
[ERR] seq=8389137 err=6368
[SEU] addr=200031A1 bit=00000007
[ERR] seq=8389138 err=6480
[ERR] seq=8389139 err=6600
[ERR] seq=8389140 err=6680
[ERR] seq=8389141 err=6784
[ERR] seq=8389142 err=6880
[ERR] seq=8389143 err=6984
[ERR] seq=8389144 err=7080
[ERR] seq=8389145 err=7176
[SEU] addr=200031B9 bit=00000005
[ERR] seq=8389146 err=7272
[ERR] seq=8389147 err=7368
[ERR] seq=8389148 err=7448
[ERR] seq=8389149 err=7536
[ERR] seq=8389150 err=7640
[ERR] seq=8389151 err=7696
[ERR] seq=8389152 err=7776
[SEU] addr=20003173 bit=00000004
[ERR] seq=8389153 err=7864
[ERR] seq=8389154 err=7936
[ERR] seq=8389155 err=8008
[ERR] seq=8389156 err=8080
[SEU] addr=200031C1 bit=00000004
[ERR] seq=8389157 err=8128
[ERR] seq=8389158 err=8200
[ERR] seq=8389159 err=8256
[ERR] seq=8389160 err=8328
[ERR] seq=8389161 err=8368
[ERR] seq=8389162 err=8432
[ERR] seq=8389163 err=8472
[SEU] addr=200031C4 bit=00000000
[ERR] seq=8389164 err=8520
[ERR] seq=8389165 err=8560
[ERR] seq=8389166 err=8608
[ERR] seq=8389167 err=8648
[ERR] seq=8389168 err=8688
[ERR] seq=8389169 err=8720
[SEU] addr=20003159 bit=00000005
[ERR] seq=8389170 err=8760
[SEU] addr=200031A7 bit=00000006
[ERR] seq=8389171 err=8752
[ERR] seq=8389172 err=8808
[ERR] seq=8389173 err=8800
[ERR] seq=8389174 err=8840
[ERR] seq=8389175 err=8840
[ERR] seq=8389176 err=8880
[ERR] seq=8389177 err=8888
[ERR] seq=8389178 err=8896
[ERR] seq=8389179 err=8896
[ERR] seq=8389180 err=8896
[SEU] addr=20003193 bit=00000003
[ERR] seq=8389181 err=1073740448
[ERR] seq=8389182 err=171807576
[ERR] seq=8389183 err=199285088
[ERR] seq=8389184 err=59382496
[SEU] addr=2000314D bit=00000007
[SAMPLE QUEUE CORRUPTED] primary repaired
[ERR] seq=8389185 err=41384216
[ERR] seq=8389186 err=16130296
[SEU] addr=20003176 bit=00000003
[ERR] seq=8389187 err=9199744
[ERR] seq=8389188 err=4060408
[ERR] seq=8389189 err=2119048
[ERR] seq=8389190 err=996288
[ERR] seq=8389191 err=495896
[ERR] seq=8389192 err=246272
[SEU] addr=20003159 bit=00000006
[ERR] seq=8389193 err=116200
[ERR] seq=8389194 err=65432
[ERR] seq=8389195 err=26544
[ERR] seq=8389196 err=22088
[ERR] seq=8389197 err=5272
[ERR] seq=8389198 err=11672
[SEU] addr=200031A4 bit=00000000
[ERR] seq=8389199 err=6808
[ERR] seq=8389200 err=9112
[ERR] seq=8389201 err=7904
[ERR] seq=8389202 err=8400
[SEU] addr=2000319C bit=00000002
[ERR] seq=8389203 err=8064
[ERR] seq=8389204 err=8152
[SEU] addr=20003193 bit=00000004
[ERR] seq=8389205 err=2147482376
[ERR] seq=8389206 err=343605360
[ERR] seq=8389207 err=398571688
[ERR] seq=8389208 err=118755048
[ERR] seq=8389209 err=82769944
[ERR] seq=8389210 err=32250600
[ERR] seq=8389211 err=18401008
[ERR] seq=8389212 err=8110696
[ERR] seq=8389213 err=4239616
[SEU] addr=200031D8 bit=00000005
[ERR] seq=8389214 err=1982352
[ERR] seq=8389215 err=993304
[SEU] addr=2000317F bit=00000002
[ERR] seq=8389216 err=482240
[ERR] seq=8389217 err=233928
[ERR] seq=8389218 err=120544
[ERR] seq=8389219 err=54592
[ERR] seq=8389220 err=33824
[ERR] seq=8389221 err=12080
[SEU] addr=200031D6 bit=00000005
[ERR] seq=8389222 err=12968
[ERR] seq=8389223 err=3264
[ERR] seq=8389224 err=7808
[SEU] addr=20003183 bit=00000005
[ERR] seq=8389225 err=5448
[ERR] seq=8389226 err=6408
[SEU] addr=200031BC bit=00000007
[ERR] seq=8389227 err=5760
[ERR] seq=8389228 err=5920
[ERR] seq=8389229 err=5640
[ERR] seq=8389230 err=5592
[SEU] addr=2000316D bit=00000001
[ERR] seq=8389231 err=5424
[ERR] seq=8389232 err=5304
[ERR] seq=8389233 err=5168
[ERR] seq=8389234 err=5032
[ERR] seq=8389235 err=4888
[ERR] seq=8389236 err=4744
[SEU] addr=200031A1 bit=00000002
[ERR] seq=8389237 err=4608
[ERR] seq=8389238 err=4480
[ERR] seq=8389239 err=4312
[SEU] addr=20003183 bit=00000000
[ERR] seq=8389240 err=4184
[ERR] seq=8389241 err=4016
[ERR] seq=8389242 err=3888
[ERR] seq=8389243 err=3728
[ERR] seq=8389244 err=3592
[ERR] seq=8389245 err=3432
[ERR] seq=8389246 err=3256
[ERR] seq=8389247 err=3184
[ERR] seq=8389248 err=3128
[SEU] addr=200031A8 bit=00000004
[ERR] seq=8389249 err=3048
[ERR] seq=8389250 err=2968
[ERR] seq=8389251 err=2904
[ERR] seq=8389252 err=2824
[ERR] seq=8389253 err=2768
[ERR] seq=8389254 err=2664
[ERR] seq=8389255 err=2616
[ERR] seq=8389256 err=2536
[SEU] addr=200031DC bit=00000002
[ERR] seq=8389261 err=2352
[SEU] addr=200031C4 bit=00000006
[ERR] seq=8389262 err=2304
[ERR] seq=8389263 err=2200
[ERR] seq=8389264 err=2120
[ERR] seq=8389265 err=2056
[SEU] addr=200031AB bit=00000006
[ERR] seq=8389266 err=1968
[ERR] seq=8389267 err=1888
[ERR] seq=8389268 err=1808
[ERR] seq=8389269 err=1736
[ERR] seq=8389270 err=1656
[ERR] seq=8389271 err=1568
[ERR] seq=8389272 err=1592
[ERR] seq=8389273 err=1728
[SEU] addr=20003174 bit=00000006
[ERR] seq=8389274 err=1792
[ERR] seq=8389275 err=1936
[ERR] seq=8389276 err=2024
[ERR] seq=8389277 err=2144
[SEU] addr=20003190 bit=00000007
[ERR] seq=8389278 err=2056
[ERR] seq=8389279 err=2512
[ERR] seq=8389280 err=2280
[ERR] seq=8389281 err=2640
[ERR] seq=8389282 err=2648
[ERR] seq=8389283 err=2816
[SEU] addr=20003195 bit=00000002
[ERR] seq=8389284 err=7872
[ERR] seq=8389285 err=4320
[ERR] seq=8389286 err=1608
[ERR] seq=8389287 err=3680
[ERR] seq=8389288 err=3016
[ERR] seq=8389289 err=3664
[ERR] seq=8389290 err=3624
[SEU] addr=20003161 bit=00000006
[ERR] seq=8389291 err=3880
[ERR] seq=8389292 err=3992
[ERR] seq=8389293 err=4184
[SEU] addr=20003177 bit=00000005
[ERR] seq=8389294 err=4344
[ERR] seq=8389295 err=4512
[ERR] seq=8389296 err=4648
[ERR] seq=8389297 err=4824
[ERR] seq=8389298 err=4968
[ERR] seq=8389299 err=5136
[ERR] seq=8389300 err=5272
[SEU] addr=2000319C bit=00000007
[ERR] seq=8389301 err=5424
[ERR] seq=8389302 err=5584
[ERR] seq=8389303 err=5728
[ERR] seq=8389304 err=5896
[SEU] addr=2000317A bit=00000003
[ERR] seq=8389305 err=6024
[ERR] seq=8389306 err=6168
[ERR] seq=8389307 err=6320
[ERR] seq=8389308 err=6440
[SEU] addr=2000317C bit=00000003
[ERR] seq=8389309 err=6600
[ERR] seq=8389310 err=6736
[ERR] seq=8389311 err=6856
[ERR] seq=8389312 err=7000
[ERR] seq=8389313 err=7144
[ERR] seq=8389314 err=7256
[ERR] seq=8389315 err=7368
[ERR] seq=8389316 err=7520
[ERR] seq=8389317 err=7616
[ERR] seq=8389318 err=7720
[SEU] addr=2000319A bit=00000001
[ERR] seq=8389319 err=1056400
[ERR] seq=8389320 err=174024
[ERR] seq=8389321 err=202656
[ERR] seq=8389322 err=64376
[ERR] seq=8389323 err=48656
[ERR] seq=8389324 err=22264
[ERR] seq=8389325 err=17432
[ERR] seq=8389326 err=10608
[SEU] addr=20003163 bit=00000007
[ERR] seq=8389327 err=10728
[ERR] seq=8389328 err=7800
[ERR] seq=8389329 err=9312
[SEU] addr=200031B5 bit=00000005
[ERR] seq=8389330 err=8696
[ERR] seq=8389331 err=9120
[ERR] seq=8389332 err=9048
[ERR] seq=8389333 err=9192
[ERR] seq=8389334 err=9240
[ERR] seq=8389335 err=9320
[ERR] seq=8389336 err=9400
[ERR] seq=8389337 err=9472
[SEU] addr=200031B1 bit=00000001
[ERR] seq=8389338 err=9520
[ERR] seq=8389339 err=9584
[SEU] addr=200031C2 bit=00000006
[ERR] seq=8389340 err=9648
[ERR] seq=8389341 err=9696
[ERR] seq=8389342 err=9760
[ERR] seq=8389343 err=9816
[ERR] seq=8389344 err=9864
[ERR] seq=8389345 err=9904
[SEU] addr=200031CC bit=00000004
[ERR] seq=8389346 err=9960
[ERR] seq=8389347 err=9968
[SEU] addr=2000315B bit=00000001
[ERR] seq=8389348 err=10040
[ERR] seq=8389349 err=10056
[ERR] seq=8389350 err=10112
[ERR] seq=8389351 err=10128
[ERR] seq=8389352 err=10152
[ERR] seq=8389353 err=10168
[SEU] addr=200031D6 bit=00000006
[ERR] seq=8389354 err=10192
[ERR] seq=8389355 err=10208
[ERR] seq=8389356 err=10224
[ERR] seq=8389357 err=10216
[SEU] addr=200031BB bit=00000007
[ERR] seq=8389358 err=10248
[ERR] seq=8389359 err=10240
[ERR] seq=8389360 err=10256
[ERR] seq=8389361 err=10248
[ERR] seq=8389362 err=10248
[ERR] seq=8389363 err=10216
[ERR] seq=8389364 err=10232
[ERR] seq=8389365 err=10200
[ERR] seq=8389366 err=10216
[ERR] seq=8389367 err=10168
[SEU] addr=200031C2 bit=00000007
[ERR] seq=8389368 err=10160
[ERR] seq=8389369 err=10136
[ERR] seq=8389370 err=10112
[ERR] seq=8389371 err=10072
[ERR] seq=8389372 err=10040
[ERR] seq=8389373 err=9992
[ERR] seq=8389374 err=9968
[SEU] addr=2000315A bit=00000006
[ERR] seq=8389375 err=9912
[ERR] seq=8389376 err=11952
[ERR] seq=8389377 err=11528
[ERR] seq=8389378 err=11880
[ERR] seq=8389379 err=11712
[ERR] seq=8389380 err=7632
[SEU] addr=200031AD bit=00000001
[ERR] seq=8389381 err=8192
[ERR] seq=8389382 err=7408
[ERR] seq=8389383 err=7560
[ERR] seq=8389384 err=7328
[ERR] seq=8389385 err=7328
[ERR] seq=8389386 err=7216
[ERR] seq=8389387 err=7152
[ERR] seq=8389388 err=7080
[ERR] seq=8389389 err=6984
[ERR] seq=8389390 err=6912
[SEU] addr=200031B8 bit=00000004
[ERR] seq=8389391 err=6800
[ERR] seq=8389392 err=6736
[ERR] seq=8389393 err=6648
[ERR] seq=8389394 err=6528
[SEU] addr=200031BE bit=00000004
[ERR] seq=8389395 err=6448
[ERR] seq=8389396 err=6352
[ERR] seq=8389397 err=6240
[ERR] seq=8389398 err=6160
[SEU] addr=200031B2 bit=00000004
[ERR] seq=8389399 err=6024
[ERR] seq=8389400 err=5928
[ERR] seq=8389401 err=5808
[ERR] seq=8389402 err=5704
[ERR] seq=8389403 err=5608
[ERR] seq=8389404 err=5512
[ERR] seq=8389405 err=5360
[ERR] seq=8389406 err=5248
[ERR] seq=8389407 err=5136
[ERR] seq=8389408 err=4992
[SEU] addr=200031B6 bit=00000002
[ERR] seq=8389409 err=4848
[ERR] seq=8389410 err=4744
[ERR] seq=8389411 err=4584
[SEU] addr=20003150 bit=00000004
[SAMPLE QUEUE CORRUPTED] primary repaired
[ERR] seq=8389412 err=4440
[ERR] seq=8389413 err=4312
[ERR] seq=8389414 err=4168
[ERR] seq=8389415 err=4032
[ERR] seq=8389416 err=3880
[ERR] seq=8389417 err=3728
[ERR] seq=8389418 err=3584
[SEU] addr=20003174 bit=00000007
[ERR] seq=8389419 err=3432
[ERR] seq=8389420 err=3280
[ERR] seq=8389421 err=3128
[ERR] seq=8389422 err=2976
[ERR] seq=8389423 err=2808
[ERR] seq=8389424 err=2664
[ERR] seq=8389425 err=2504
[SEU] addr=20003160 bit=00000000
[CMD QUEUE CORRUPTED] primary repaired
[ERR] seq=8389426 err=2352
[SEU] addr=20003181 bit=00000006
[ERR] seq=8389427 err=2200
[ERR] seq=8389428 err=2136
[ERR] seq=8389429 err=2056
[ERR] seq=8389430 err=1992
[ERR] seq=8389431 err=1904
[ERR] seq=8389432 err=1832
[ERR] seq=8389433 err=1776
[ERR] seq=8389434 err=1768
[ERR] seq=8389435 err=1760
[ERR] seq=8389436 err=1728
[SEU] addr=200031AB bit=00000004
[ERR] seq=8389437 err=1712
[SEU] addr=20003190 bit=00000002
[ERR] seq=8389438 err=1744
[ERR] seq=8389439 err=1680
[ERR] seq=8389440 err=1672
[ERR] seq=8389441 err=1664
[ERR] seq=8389442 err=1640
[ERR] seq=8389443 err=1640
[ERR] seq=8389444 err=1592
[SEU] addr=20003175 bit=00000001
[ERR] seq=8389445 err=1592
[ERR] seq=8389446 err=1584
[ERR] seq=8389447 err=1560
[ERR] seq=8389448 err=1552
[ERR] seq=8389449 err=1560
[SEU] addr=2000315D bit=00000005
[CMD QUEUE CORRUPTED] primary repaired
[ERR] seq=8389450 err=1744
[SEU] addr=200031D2 bit=00000002
[ERR] seq=8389451 err=1920
[ERR] seq=8389452 err=2088
[ERR] seq=8389453 err=2256
[ERR] seq=8389454 err=2456
[ERR] seq=8389455 err=2592
[ERR] seq=8389456 err=2784
[ERR] seq=8389457 err=2960
[ERR] seq=8389458 err=3120
[SEU] addr=200031A4 bit=00000005
[ERR] seq=8389459 err=3288
[ERR] seq=8389460 err=3472
[ERR] seq=8389461 err=3632
[ERR] seq=8389462 err=3832
[ERR] seq=8389463 err=3976
[ERR] seq=8389464 err=4152
[ERR] seq=8389465 err=4328
[ERR] seq=8389466 err=4472
[SEU] addr=2000314F bit=00000003
[SAMPLE QUEUE CORRUPTED] primary repaired
[ERR] seq=8389467 err=4664
[ERR] seq=8389468 err=4824
[ERR] seq=8389469 err=4984
[ERR] seq=8389470 err=5152
[ERR] seq=8389471 err=5312
[ERR] seq=8389472 err=5488
[ERR] seq=8389473 err=5632
[SEU] addr=200031A8 bit=00000006
[ERR] seq=8389474 err=5808
[ERR] seq=8389475 err=5952
[ERR] seq=8389476 err=6096
[SEU] addr=20003185 bit=00000004
[ERR] seq=8389477 err=6272
[ERR] seq=8389478 err=6408
[ERR] seq=8389479 err=6568
[ERR] seq=8389480 err=6720
[ERR] seq=8389481 err=6872
[ERR] seq=8389482 err=7008
[SEU] addr=200031A5 bit=00000001
[ERR] seq=8389483 err=7168
[SEU] addr=20003198 bit=00000004
[ERR] seq=8389484 err=7432
[ERR] seq=8389485 err=7448
[ERR] seq=8389486 err=7592
[ERR] seq=8389487 err=7728
[ERR] seq=8389488 err=7872
[ERR] seq=8389489 err=7984
[ERR] seq=8389490 err=8152
[SEU] addr=20003155 bit=00000005
[SAMPLE QUEUE backup CORRUPTED] backup repaired
[ERR] seq=8389491 err=8264
[ERR] seq=8389492 err=8400
[ERR] seq=8389493 err=8512
[ERR] seq=8389494 err=8640
[ERR] seq=8389495 err=8760
[ERR] seq=8389496 err=8864
[ERR] seq=8389497 err=8952
[SEU] addr=20003170 bit=00000005
[ERR] seq=8389498 err=9080
[ERR] seq=8389499 err=9184
[ERR] seq=8389500 err=9296
[ERR] seq=8389501 err=9392
[ERR] seq=8389502 err=9504
[ERR] seq=8389503 err=9592
[ERR] seq=8389504 err=9688
[ERR] seq=8389505 err=9808
[ERR] seq=8389506 err=9880
[SEU] addr=2000317D bit=00000000
[ERR] seq=8389507 err=9976
[ERR] seq=8389508 err=10056
[ERR] seq=8389509 err=10144
[ERR] seq=8389510 err=10232
[ERR] seq=8389511 err=10312
[ERR] seq=8389512 err=10384
[ERR] seq=8389513 err=10464
[ERR] seq=8389514 err=10528
[ERR] seq=8389515 err=10608
[SEU] addr=2000317C bit=00000002
[ERR] seq=8389516 err=10656
[ERR] seq=8389517 err=10720
[SEU] addr=2000314C bit=00000001
[SAMPLE QUEUE CORRUPTED] primary repaired
[ERR] seq=8389518 err=10784
[ERR] seq=8389519 err=10848
[SEU] addr=200031B1 bit=00000005
[ERR] seq=8389520 err=10880
[ERR] seq=8389521 err=10944
[ERR] seq=8389522 err=11016
[SEU] addr=200031C5 bit=00000006
[ERR] seq=8389523 err=11032
[ERR] seq=8389524 err=11096
[ERR] seq=8389525 err=11120
[ERR] seq=8389526 err=11176
[ERR] seq=8389527 err=11176
[ERR] seq=8389528 err=11256
[ERR] seq=8389529 err=11248
[ERR] seq=8389530 err=11288
[SEU] addr=200031BA bit=00000004
[ERR] seq=8389531 err=11312
[ERR] seq=8389532 err=11336
[ERR] seq=8389533 err=11336
[ERR] seq=8389534 err=11360
[SEU] addr=20003157 bit=00000003
[SAMPLE QUEUE backup CORRUPTED] backup repaired
[ERR] seq=8389535 err=11352
[ERR] seq=8389536 err=11384
[ERR] seq=8389537 err=11384
[ERR] seq=8389538 err=11384
[ERR] seq=8389539 err=11392
[ERR] seq=8389540 err=11376
[ERR] seq=8389541 err=11360
[ERR] seq=8389542 err=11360
[SEU] addr=200031C9 bit=00000007
[ERR] seq=8389543 err=11344
[ERR] seq=8389544 err=11344
[SEU] addr=200031B2 bit=00000001
[ERR] seq=8389545 err=11304
[ERR] seq=8389546 err=11304
[ERR] seq=8389547 err=11264
[SEU] addr=200031B5 bit=00000000
[ERR] seq=8389548 err=11248
[ERR] seq=8389549 err=11200
[ERR] seq=8389550 err=11184
[ERR] seq=8389551 err=11128
[ERR] seq=8389552 err=11120
[ERR] seq=8389553 err=11040
[SEU] addr=200031D0 bit=00000002
[ERR] seq=8389554 err=11024
[ERR] seq=8389555 err=10960
[ERR] seq=8389556 err=10912
[ERR] seq=8389557 err=10856
[ERR] seq=8389558 err=10800
[ERR] seq=8389559 err=10744
[ERR] seq=8389560 err=10680
[SEU] addr=20003170 bit=00000005
[ERR] seq=8389561 err=10616
[ERR] seq=8389562 err=10560
[ERR] seq=8389563 err=10488
[ERR] seq=8389564 err=10408
[ERR] seq=8389565 err=10336
[ERR] seq=8389566 err=10248
[ERR] seq=8389567 err=10176
[SEU] addr=2000319A bit=00000002
[ERR] seq=8389568 err=2103128
[ERR] seq=8389569 err=345528
[ERR] seq=8389570 err=395072
[ERR] seq=8389571 err=125776
[ERR] seq=8389572 err=86552
[ERR] seq=8389573 err=41104
[ERR] seq=8389574 err=23576
[ERR] seq=8389575 err=17328
[SEU] addr=200031BA bit=00000002
[ERR] seq=8389576 err=9616
[ERR] seq=8389577 err=11136
[SEU] addr=20003197 bit=00000002
[ERR] seq=8389578 err=536879056
[ERR] seq=8389579 err=85902688
[SEU] addr=20003163 bit=00000006
[ERR] seq=8389580 err=99651896
[ERR] seq=8389581 err=29689704
[ERR] seq=8389582 err=20701432
[ERR] seq=8389583 err=8063440
[ERR] seq=8389584 err=4608984
[ERR] seq=8389585 err=2028368
[SEU] addr=2000319F bit=00000005
[ERR] seq=8389586 err=1068400
[ERR] seq=8389587 err=496184
[ERR] seq=8389588 err=256552
[ERR] seq=8389589 err=121088
[ERR] seq=8389590 err=66392
[ERR] seq=8389591 err=30592
[SEU] addr=200031B0 bit=00000003
[ERR] seq=8389592 err=21288
[ERR] seq=8389593 err=8824
[ERR] seq=8389594 err=10360
[SEU] addr=20003199 bit=00000000
[ERR] seq=8389595 err=7368
[ERR] seq=8389596 err=7224
[ERR] seq=8389597 err=6608
[ERR] seq=8389598 err=6536
[ERR] seq=8389599 err=6304
[ERR] seq=8389600 err=6160
[ERR] seq=8389601 err=6008
[ERR] seq=8389602 err=5848
[ERR] seq=8389603 err=5680
[ERR] seq=8389604 err=5536
[SEU] addr=200031D5 bit=00000001
[ERR] seq=8389605 err=5376
[ERR] seq=8389606 err=5192
[ERR] seq=8389607 err=5040
[ERR] seq=8389608 err=4880
[ERR] seq=8389609 err=4720
[ERR] seq=8389610 err=4536
[ERR] seq=8389611 err=4376
[ERR] seq=8389612 err=4192
[SEU] addr=20003183 bit=00000003
[ERR] seq=8389613 err=4048
[ERR] seq=8389614 err=3864
[ERR] seq=8389615 err=3696
[ERR] seq=8389616 err=3520
[ERR] seq=8389617 err=3352
[ERR] seq=8389618 err=3184
[ERR] seq=8389619 err=3008
[SEU] addr=200031CE bit=00000002
[ERR] seq=8389620 err=2832
[ERR] seq=8389621 err=2664
[SEU] addr=20003164 bit=00000001
[CMD QUEUE backup CORRUPTED] backup repaired
[ERR] seq=8389622 err=2496
[ERR] seq=8389623 err=2320
[ERR] seq=8389624 err=2144
[ERR] seq=8389625 err=1976
[ERR] seq=8389626 err=1800
[ERR] seq=8389627 err=1616
[ERR] seq=8389628 err=1544
[ERR] seq=8389629 err=1568
[ERR] seq=8389630 err=1568
[SEU] addr=2000314F bit=00000001
[SAMPLE QUEUE CORRUPTED] primary repaired
[ERR] seq=8389631 err=1584
[SEU] addr=20003182 bit=00000007
[ERR] seq=8389632 err=5400
[ERR] seq=8389633 err=4600
[ERR] seq=8389634 err=5896
[ERR] seq=8389635 err=5736
[ERR] seq=8389636 err=4088
[ERR] seq=8389637 err=4496
[ERR] seq=8389638 err=4336
[ERR] seq=8389639 err=4608
[ERR] seq=8389640 err=4720
[SEU] addr=20003174 bit=00000005
[ERR] seq=8389641 err=4896
[ERR] seq=8389642 err=5056
[ERR] seq=8389643 err=5240
[SEU] addr=20003197 bit=00000007
[ERR] seq=8389644 err=5384
[ERR] seq=8389645 err=5592
[ERR] seq=8389646 err=5736
[ERR] seq=8389647 err=5896
[ERR] seq=8389648 err=6056
[ERR] seq=8389649 err=6224
[ERR] seq=8389650 err=6392
[ERR] seq=8389651 err=6560
[SEU] addr=2000317F bit=00000007
[ERR] seq=8389652 err=6696
[ERR] seq=8389653 err=6872
[ERR] seq=8389654 err=7016
[SEU] addr=20003157 bit=00000000
[SAMPLE QUEUE backup CORRUPTED] backup repaired
[ERR] seq=8389655 err=7184
[ERR] seq=8389656 err=7320
[ERR] seq=8389657 err=7472
[ERR] seq=8389658 err=7632
[SEU] addr=200031BD bit=00000001
[ERR] seq=8389659 err=7776
[ERR] seq=8389660 err=7944
[ERR] seq=8389661 err=8072
[ERR] seq=8389662 err=8216
[SEU] addr=20003182 bit=00000005
[ERR] seq=8389663 err=8368
[ERR] seq=8389664 err=8488
[SEU] addr=200031A2 bit=00000007
[ERR] seq=8389665 err=8648
[ERR] seq=8389666 err=8784
[ERR] seq=8389667 err=8904
[ERR] seq=8389668 err=9048
[ERR] seq=8389669 err=9192
[ERR] seq=8389670 err=9304
[ERR] seq=8389671 err=9416
[SEU] addr=20003192 bit=00000007
[ERR] seq=8389672 err=67118432
[ERR] seq=8389673 err=10739336
[ERR] seq=8389674 err=12465160
[ERR] seq=8389675 err=3712736
[ERR] seq=8389676 err=2596560
[ERR] seq=8389677 err=1009448
[SEU] addr=200031C4 bit=00000001
[ERR] seq=8389678 err=585256
[ERR] seq=8389679 err=255056
[ERR] seq=8389680 err=142936
[ERR] seq=8389681 err=63528
[ERR] seq=8389682 err=41680
[SEU] addr=200031D6 bit=00000002
[ERR] seq=8389683 err=16648
[ERR] seq=8389684 err=18144
[ERR] seq=8389685 err=7344
[ERR] seq=8389686 err=12712
[ERR] seq=8389687 err=10208
[ERR] seq=8389688 err=11560
[SEU] addr=200031C8 bit=00000000
[ERR] seq=8389689 err=11024
[SEU] addr=20003163 bit=00000007
[ERR] seq=8389690 err=11392
[ERR] seq=8389691 err=11320
[ERR] seq=8389692 err=11472
[ERR] seq=8389693 err=11504
[ERR] seq=8389694 err=11576
[ERR] seq=8389695 err=11632
[SEU] addr=200031B1 bit=00000005
[ERR] seq=8389696 err=11696
[ERR] seq=8389697 err=11744
[ERR] seq=8389698 err=11808
[ERR] seq=8389699 err=11864
[SEU] addr=2000314E bit=00000006
[SAMPLE QUEUE CORRUPTED] primary repaired
[ERR] seq=8389700 err=11912
[ERR] seq=8389701 err=11952
[ERR] seq=8389702 err=12008
[SEU] addr=20003175 bit=00000004
[ERR] seq=8389703 err=12016
[ERR] seq=8389704 err=12096
[ERR] seq=8389705 err=12096
[ERR] seq=8389706 err=12160
[ERR] seq=8389707 err=12176
[ERR] seq=8389708 err=12200
[ERR] seq=8389709 err=12216
[ERR] seq=8389710 err=12240
[ERR] seq=8389711 err=12256
[SEU] addr=20003152 bit=00000001
[ERR] seq=8389712 err=12272
[ERR] seq=8389713 err=12264
[SEU] addr=20003174 bit=00000001
[ERR] seq=8389714 err=12296
[ERR] seq=8389715 err=12288
[ERR] seq=8389716 err=12304
[SEU] addr=200031B4 bit=00000002
[ERR] seq=8389717 err=12296
[ERR] seq=8389718 err=12296
[ERR] seq=8389719 err=12264
[SEU] addr=20003162 bit=00000007
[ERR] seq=8389720 err=12280
[ERR] seq=8389721 err=12248
[ERR] seq=8389722 err=12264
[SEU] addr=20003150 bit=00000001
[SAMPLE QUEUE CORRUPTED] primary repaired
[ERR] seq=8389723 err=12216
[ERR] seq=8389724 err=12208
[SEU] addr=20003174 bit=00000003
[ERR] seq=8389725 err=12184
[ERR] seq=8389726 err=12160
[ERR] seq=8389727 err=12120
[ERR] seq=8389728 err=12088
[ERR] seq=8389729 err=12040
[ERR] seq=8389730 err=12016
[ERR] seq=8389731 err=11960
[SEU] addr=20003186 bit=00000000
[ERR] seq=8389732 err=11952
[ERR] seq=8389733 err=11864
[ERR] seq=8389734 err=11824
[ERR] seq=8389735 err=11768
[ERR] seq=8389736 err=11712
[ERR] seq=8389737 err=11640
[ERR] seq=8389738 err=11608
[ERR] seq=8389739 err=11536
[ERR] seq=8389740 err=11456
[SEU] addr=2000317E bit=00000007
[ERR] seq=8389741 err=11400
[ERR] seq=8389742 err=11328
[ERR] seq=8389743 err=11240
[ERR] seq=8389744 err=11176
[SEU] addr=200031D2 bit=00000005
[ERR] seq=8389745 err=11080
[ERR] seq=8389746 err=11008
[ERR] seq=8389747 err=10896
[ERR] seq=8389748 err=10840
[SEU] addr=200031C6 bit=00000004
[ERR] seq=8389749 err=10736
[ERR] seq=8389750 err=10632
[ERR] seq=8389751 err=10536
[ERR] seq=8389752 err=10456
[ERR] seq=8389753 err=10328
[SEU] addr=2000314D bit=00000002
[SAMPLE QUEUE CORRUPTED] primary repaired
[ERR] seq=8389754 err=10256
[ERR] seq=8389755 err=10120
[ERR] seq=8389756 err=10024
[ERR] seq=8389757 err=9904
[SEU] addr=20003163 bit=00000002
[ERR] seq=8389758 err=9800
[ERR] seq=8389759 err=9712
[ERR] seq=8389760 err=9600
[ERR] seq=8389761 err=9456
[ERR] seq=8389762 err=9344
[ERR] seq=8389763 err=9232
[ERR] seq=8389764 err=9096
[ERR] seq=8389765 err=8936
[ERR] seq=8389766 err=8840
[SEU] addr=20003174 bit=00000007
[ERR] seq=8389767 err=8680
[ERR] seq=8389768 err=8544
[ERR] seq=8389769 err=8400
[ERR] seq=8389770 err=8264
[ERR] seq=8389771 err=8128
[ERR] seq=8389772 err=7976
[ERR] seq=8389773 err=7824
[ERR] seq=8389774 err=7680
[ERR] seq=8389775 err=7528
[ERR] seq=8389776 err=7376
[SEU] addr=200031C9 bit=00000003
[ERR] seq=8389777 err=7224
[ERR] seq=8389778 err=7072
[SEU] addr=2000315B bit=00000005
[ERR] seq=8389779 err=6904
[ERR] seq=8389780 err=6760
[ERR] seq=8389781 err=6600
[ERR] seq=8389782 err=6448
[ERR] seq=8389783 err=6288
[ERR] seq=8389784 err=6104
[ERR] seq=8389785 err=5960
[ERR] seq=8389786 err=5784
[ERR] seq=8389787 err=5632
[SEU] addr=20003170 bit=00000002
[ERR] seq=8389788 err=5432
[ERR] seq=8389789 err=5296
[ERR] seq=8389790 err=5120
[ERR] seq=8389791 err=4944
[ERR] seq=8389792 err=4784
[ERR] seq=8389793 err=4608
[ERR] seq=8389794 err=4432
[ERR] seq=8389795 err=4264
[SEU] addr=200031DD bit=00000002
[ERR] seq=8388772 err=2840
[ERR] seq=8388773 err=2792
[ERR] seq=8388774 err=2888
[ERR] seq=8388775 err=2888
[ERR] seq=8388776 err=3024
[ERR] seq=8388777 err=3136
[ERR] seq=8388778 err=3288
[ERR] seq=8388779 err=3416
[SEU] addr=200031CF bit=00000001
[ERR] seq=8388780 err=3560
[ERR] seq=8388781 err=3688
[ERR] seq=8388782 err=3840
[ERR] seq=8388783 err=3968
[SEU] addr=200031C8 bit=00000002
[ERR] seq=8388784 err=4104
[ERR] seq=8388785 err=4232
[ERR] seq=8388786 err=4376
[ERR] seq=8388787 err=4496
[ERR] seq=8388788 err=4632
[ERR] seq=8388789 err=4752
[ERR] seq=8388790 err=4888
[ERR] seq=8388791 err=5016
[ERR] seq=8388792 err=5120
[SEU] addr=2000318F bit=00000002
[ERR] seq=8388793 err=6832
[ERR] seq=8388794 err=5184
[ERR] seq=8388795 err=5728
[ERR] seq=8388796 err=5552
[ERR] seq=8388797 err=5784
[SEU] addr=200031B8 bit=00000002
[ERR] seq=8388798 err=5840
[ERR] seq=8388799 err=6016
[ERR] seq=8388800 err=6184
[ERR] seq=8388801 err=6344
[ERR] seq=8388802 err=6512
[ERR] seq=8388803 err=6696
[SEU] addr=200031B3 bit=00000005
[ERR] seq=8388804 err=6856
[ERR] seq=8388805 err=7024
[ERR] seq=8388806 err=7168
[ERR] seq=8388807 err=7328
[ERR] seq=8388808 err=7472
[ERR] seq=8388809 err=7648
[ERR] seq=8388810 err=7776
[ERR] seq=8388811 err=7944
[SEU] addr=200031A2 bit=00000002
[ERR] seq=8388812 err=8064
[ERR] seq=8388813 err=8208
[ERR] seq=8388814 err=8352
[ERR] seq=8388815 err=8472
[SEU] addr=200031B6 bit=00000005
[ERR] seq=8388816 err=8616
[ERR] seq=8388817 err=8728
[ERR] seq=8388818 err=8840
[ERR] seq=8388819 err=8992
[ERR] seq=8388820 err=9088
[ERR] seq=8388821 err=9200
[SEU] addr=2000319F bit=00000002
[ERR] seq=8388822 err=9320
[ERR] seq=8388823 err=9408
[SEU] addr=20003177 bit=00000007
[ERR] seq=8388824 err=9520
[ERR] seq=8388825 err=9592
[ERR] seq=8388826 err=9696
[ERR] seq=8388827 err=9776
[ERR] seq=8388828 err=9840
[SEU] addr=2000315E bit=00000001
[CMD QUEUE CORRUPTED] primary repaired
[ERR] seq=8388829 err=9920
[ERR] seq=8388830 err=10000
[ERR] seq=8388831 err=10064
[SEU] addr=20003196 bit=00000004
[ERR] seq=8388832 err=8398744
[ERR] seq=8388833 err=1347464
[ERR] seq=8388834 err=1567176
[SEU] addr=200031BD bit=00000004
[ERR] seq=8388835 err=469184
[ERR] seq=8388836 err=333680
[ERR] seq=8388837 err=131336
[ERR] seq=8388838 err=82328
[ERR] seq=8388839 err=37064
[ERR] seq=8388840 err=27088
[ERR] seq=8388841 err=13168
[ERR] seq=8388842 err=14472
[SEU] addr=200031CE bit=00000001
[ERR] seq=8388843 err=8760
[ERR] seq=8388844 err=11536
[ERR] seq=8388845 err=10184
[ERR] seq=8388846 err=10880
[ERR] seq=8388847 err=10544
[ERR] seq=8388848 err=10696
[ERR] seq=8388849 err=10632
[ERR] seq=8388850 err=10664
[SEU] addr=2000315E bit=00000000
[CMD QUEUE CORRUPTED] primary repaired
[ERR] seq=8388851 err=10640
[ERR] seq=8388852 err=10624
[ERR] seq=8388853 err=10608
[ERR] seq=8388854 err=10616
[ERR] seq=8388855 err=10552
[SEU] addr=20003155 bit=00000001
[SAMPLE QUEUE backup CORRUPTED] backup repaired
[ERR] seq=8388856 err=10536
[ERR] seq=8388857 err=10512
[ERR] seq=8388858 err=10456
[ERR] seq=8388859 err=10424
[SEU] addr=20003164 bit=00000006
[CMD QUEUE backup CORRUPTED] backup repaired
[ERR] seq=8388860 err=10384
[ERR] seq=8388861 err=10320
[ERR] seq=8388862 err=10288
[ERR] seq=8388863 err=10216
[SEU] addr=20003182 bit=00000004
[ERR] seq=8388864 err=8104
[ERR] seq=8388865 err=8376
[ERR] seq=8388866 err=7912
[ERR] seq=8388867 err=7960
[SEU] addr=2000319A bit=00000002
[ERR] seq=8388868 err=2105584
[ERR] seq=8388869 err=348456
[ERR] seq=8388870 err=397608
[ERR] seq=8388871 err=129496
[ERR] seq=8388872 err=89072
[ERR] seq=8388873 err=44968
[ERR] seq=8388874 err=26072
[SEU] addr=20003155 bit=00000000
[SAMPLE QUEUE backup CORRUPTED] backup repaired
[ERR] seq=8388875 err=21208
[ERR] seq=8388876 err=12096
[ERR] seq=8388877 err=15016
[ERR] seq=8388878 err=12024
[ERR] seq=8388879 err=13336
[ERR] seq=8388880 err=12512
[ERR] seq=8388881 err=12720
[ERR] seq=8388882 err=12448
[ERR] seq=8388883 err=12368
[ERR] seq=8388884 err=12200
[SEU] addr=200031AE bit=00000006
[ERR] seq=8388885 err=12080
[ERR] seq=8388886 err=11920
[ERR] seq=8388887 err=11784
[ERR] seq=8388888 err=11616
[ERR] seq=8388889 err=11488
[SEU] addr=200031A1 bit=00000005
[ERR] seq=8388890 err=11312
[SEU] addr=2000317C bit=00000003
[ERR] seq=8388891 err=11168
[ERR] seq=8388892 err=11000
[ERR] seq=8388893 err=10840
[ERR] seq=8388894 err=10656
[ERR] seq=8388895 err=10504
[ERR] seq=8388896 err=10344
[ERR] seq=8388897 err=10136
[SEU] addr=2000317F bit=00000005
[ERR] seq=8388898 err=9976
[ERR] seq=8388899 err=9776
[ERR] seq=8388900 err=9608
[ERR] seq=8388901 err=9400
[SEU] addr=2000319A bit=00000000
[ERR] seq=8388902 err=529712
[ERR] seq=8388903 err=92904
[ERR] seq=8388904 err=102472
[ERR] seq=8388905 err=37616
[ERR] seq=8388906 err=25128
[ERR] seq=8388907 err=16096
[ERR] seq=8388908 err=9160
[ERR] seq=8388909 err=9800
[ERR] seq=8388910 err=6632
[ERR] seq=8388911 err=7904
[SEU] addr=200031BC bit=00000000
[ERR] seq=8388912 err=6984
[ERR] seq=8388913 err=7152
[ERR] seq=8388914 err=6752
[ERR] seq=8388915 err=6624
[ERR] seq=8388916 err=6360
[ERR] seq=8388917 err=6192
[ERR] seq=8388918 err=5936
[ERR] seq=8388919 err=5728
[ERR] seq=8388920 err=5520
[SEU] addr=2000315B bit=00000001
[ERR] seq=8388921 err=5288
[ERR] seq=8388922 err=5072
[ERR] seq=8388923 err=4832
[ERR] seq=8388924 err=4616
[ERR] seq=8388925 err=4400
[ERR] seq=8388926 err=4168
[SEU] addr=20003161 bit=00000001
[ERR] seq=8388927 err=3952
[ERR] seq=8388928 err=3688
[ERR] seq=8388929 err=3472
[ERR] seq=8388930 err=3248
[ERR] seq=8388931 err=3016
[ERR] seq=8388932 err=2784
[ERR] seq=8388933 err=2560
[SEU] addr=20003186 bit=00000007
[ERR] seq=8388934 err=2320
[ERR] seq=8388935 err=2096
[ERR] seq=8388936 err=1864
[ERR] seq=8388937 err=1632
[ERR] seq=8388938 err=1552
[ERR] seq=8388939 err=1576
[ERR] seq=8388940 err=1576
[ERR] seq=8388941 err=1600
[ERR] seq=8388942 err=1632
[SEU] addr=2000319A bit=00000006
[ERR] seq=8388943 err=33555528
[ERR] seq=8388944 err=5370376
[ERR] seq=8388945 err=6229008
[ERR] seq=8388946 err=1857136
[ERR] seq=8388947 err=1294816
[SEU] addr=2000317C bit=00000007
[ERR] seq=8388948 err=505528
[ERR] seq=8388949 err=289256
[ERR] seq=8388950 err=128392
[ERR] seq=8388951 err=68176
[SEU] addr=200031C8 bit=00000000
[ERR] seq=8388952 err=32680
[ERR] seq=8388953 err=17672
[ERR] seq=8388954 err=9312
[ERR] seq=8388955 err=6152
[ERR] seq=8388956 err=3944
[ERR] seq=8388957 err=3776
[ERR] seq=8388958 err=2872
[ERR] seq=8388959 err=3544
[ERR] seq=8388960 err=3464
[SEU] addr=200031DA bit=00000005
[ERR] seq=8388961 err=3832
[ERR] seq=8388962 err=3952
[ERR] seq=8388963 err=4192
[ERR] seq=8388964 err=4392
[ERR] seq=8388965 err=4600
[ERR] seq=8388966 err=4792
[ERR] seq=8388967 err=4992
[ERR] seq=8388968 err=5216
[SEU] addr=200031AE bit=00000005
[ERR] seq=8388969 err=5392
[SEU] addr=20003199 bit=00000007
[ERR] seq=8388970 err=267752
[ERR] seq=8388971 err=46104
[ERR] seq=8388972 err=54632
[ERR] seq=8388973 err=18888
[ERR] seq=8388974 err=16464
[ERR] seq=8388975 err=8560
[ERR] seq=8388976 err=8960
[SEU] addr=200031DA bit=00000007
[ERR] seq=8388977 err=5928
[ERR] seq=8388978 err=7616
[ERR] seq=8388979 err=7016
[ERR] seq=8388980 err=7544
[ERR] seq=8388981 err=7552
[ERR] seq=8388982 err=7792
[ERR] seq=8388983 err=7912
[SEU] addr=20003176 bit=00000005
[ERR] seq=8388984 err=8088
[ERR] seq=8388985 err=8256
[ERR] seq=8388986 err=8384
[ERR] seq=8388987 err=8552
[ERR] seq=8388988 err=8688
[ERR] seq=8388989 err=8848
[ERR] seq=8388990 err=8976
[ERR] seq=8388991 err=9128
[SEU] addr=2000319B bit=00000004
[ERR] seq=8388992 err=2147490000
[ERR] seq=8388993 err=343606760
[ERR] seq=8388994 err=398579464
[ERR] seq=8388995 err=118756888
[ERR] seq=8388996 err=82777888
[SEU] addr=200031DA bit=00000005
[ERR] seq=8388997 err=32252848
[ERR] seq=8388998 err=18409096
[ERR] seq=8388999 err=8113328
[ERR] seq=8389000 err=4247864
[ERR] seq=8389001 err=1985360
[ERR] seq=8389002 err=1001632
[SEU] addr=2000318B bit=00000002
[ERR] seq=8389003 err=485640
[SEU] addr=20003150 bit=00000007
[SAMPLE QUEUE CORRUPTED] primary repaired
[ERR] seq=8389004 err=242352
[ERR] seq=8389005 err=124328
[ERR] seq=8389006 err=63104
[ERR] seq=8389007 err=37936
[ERR] seq=8389008 err=20656
[SEU] addr=2000315E bit=00000004
[CMD QUEUE CORRUPTED] primary repaired
[ERR] seq=8389009 err=17440
[ERR] seq=8389010 err=10648
[ERR] seq=8389011 err=12632
[SEU] addr=20003169 bit=00000005
[ERR] seq=8389012 err=10432
[ERR] seq=8389013 err=11592
[ERR] seq=8389014 err=11096
[ERR] seq=8389015 err=11424
[ERR] seq=8389016 err=11312
[ERR] seq=8389017 err=11432
[ERR] seq=8389018 err=11408
[ERR] seq=8389019 err=11480
[SEU] addr=200031A8 bit=00000005
[ERR] seq=8389020 err=11496
[ERR] seq=8389021 err=11528
[ERR] seq=8389022 err=11528
[ERR] seq=8389023 err=11552
[ERR] seq=8389024 err=11568
[SEU] addr=20003174 bit=00000007
[ERR] seq=8389025 err=11560
[ERR] seq=8389026 err=11568
[ERR] seq=8389027 err=11560
[ERR] seq=8389028 err=11576
[SEU] addr=2000318C bit=00000007
[ERR] seq=8389029 err=1776
[ERR] seq=8389030 err=13344
[ERR] seq=8389031 err=9424
[ERR] seq=8389032 err=12144
[ERR] seq=8389033 err=11032
[ERR] seq=8389034 err=11616
[ERR] seq=8389035 err=11320
[ERR] seq=8389036 err=11416
[ERR] seq=8389037 err=11320
[SEU] addr=200031BC bit=00000003
[ERR] seq=8389038 err=11304
[ERR] seq=8389039 err=11232
[ERR] seq=8389040 err=11192
[ERR] seq=8389041 err=11128
[SEU] addr=200031DB bit=00000000
[ERR] seq=8389042 err=11072
[ERR] seq=8389043 err=11000
[ERR] seq=8389044 err=10936
[ERR] seq=8389045 err=10848
[SEU] addr=20003168 bit=00000004
[CMD QUEUE backup CORRUPTED] backup repaired
[ERR] seq=8389046 err=10784
[ERR] seq=8389047 err=10720
[ERR] seq=8389048 err=10624
[ERR] seq=8389049 err=10552
[ERR] seq=8389050 err=10448
[ERR] seq=8389051 err=10352
[ERR] seq=8389052 err=10264
[ERR] seq=8389053 err=10144
[ERR] seq=8389054 err=10040
[ERR] seq=8389055 err=9936
[SEU] addr=20003171 bit=00000002
[ERR] seq=8389056 err=9784
[SEU] addr=20003167 bit=00000003
[CMD QUEUE backup CORRUPTED] backup repaired
[ERR] seq=8389057 err=9696
[ERR] seq=8389058 err=9560
[ERR] seq=8389059 err=9416
[ERR] seq=8389060 err=9320
[SEU] addr=20003152 bit=00000003
[ERR] seq=8389061 err=9160
[ERR] seq=8389062 err=9040
[ERR] seq=8389063 err=8872
[ERR] seq=8389064 err=8752
[SEU] addr=20003164 bit=00000001
[CMD QUEUE backup CORRUPTED] backup repaired
[ERR] seq=8389065 err=8592
[ERR] seq=8389066 err=8448
[ERR] seq=8389067 err=8296
[ERR] seq=8389068 err=8120
[ERR] seq=8389069 err=7984
[SEU] addr=20003159 bit=00000003
[ERR] seq=8389070 err=7816
[ERR] seq=8389071 err=7664
[ERR] seq=8389072 err=7472
[ERR] seq=8389073 err=7320
[ERR] seq=8389074 err=7160
[ERR] seq=8389075 err=6960
[ERR] seq=8389076 err=6784
[ERR] seq=8389077 err=6592
[ERR] seq=8389078 err=6424
[ERR] seq=8389079 err=6224
[SEU] addr=2000314F bit=00000003
[SAMPLE QUEUE CORRUPTED] primary repaired
[ERR] seq=8389080 err=6056
[ERR] seq=8389081 err=5848
[ERR] seq=8389082 err=5664
[ERR] seq=8389083 err=5456
[SEU] addr=20003194 bit=00000003
[ERR] seq=8389084 err=5336
[ERR] seq=8389085 err=5048
[ERR] seq=8389086 err=4872
[SEU] addr=20003171 bit=00000003
[ERR] seq=8389087 err=4672
[ERR] seq=8389088 err=4448
[SEU] addr=20003178 bit=00000001
[ERR] seq=8389089 err=4240
[ERR] seq=8389090 err=4048
[ERR] seq=8389091 err=3856
[ERR] seq=8389092 err=3632
[ERR] seq=8389093 err=3408
[SEU] addr=200031D5 bit=00000000
[ERR] seq=8389094 err=3200
[ERR] seq=8389095 err=2976
[ERR] seq=8389096 err=2760
[SEU] addr=200031DE bit=00000003
[ERR] seq=8913385 err=2008
[ERR] seq=8913386 err=2064
[ERR] seq=8913387 err=1968
[ERR] seq=8913388 err=1960
[ERR] seq=8913389 err=1960
[ERR] seq=8913390 err=1936
[SEU] addr=20003165 bit=00000001
[CMD QUEUE backup CORRUPTED] backup repaired
[ERR] seq=8913391 err=1928
[ERR] seq=8913392 err=1912
[ERR] seq=8913393 err=1904
[SEU] addr=2000315D bit=00000001
[CMD QUEUE CORRUPTED] primary repaired
[ERR] seq=8913394 err=1880
[ERR] seq=8913395 err=1872
[ERR] seq=8913396 err=1856
[ERR] seq=8913397 err=1832
[ERR] seq=8913398 err=1824
[ERR] seq=8913399 err=1808
[SEU] addr=200031BF bit=00000000
[ERR] seq=8913400 err=1792
[ERR] seq=8913401 err=1784
[ERR] seq=8913402 err=1776
[ERR] seq=8913403 err=1784
[ERR] seq=8913404 err=1776
[ERR] seq=8913405 err=1776
[ERR] seq=8913406 err=1760
[ERR] seq=8913407 err=1768
[ERR] seq=8913408 err=5176
[SEU] addr=20003173 bit=00000003
[ERR] seq=8913409 err=4488
[ERR] seq=8913410 err=5224
[ERR] seq=8913411 err=4968
[ERR] seq=8913412 err=3048
[ERR] seq=8913413 err=3280
[ERR] seq=8913414 err=2904
[ERR] seq=8913415 err=2968
[SEU] addr=20003169 bit=00000002
[ERR] seq=8913416 err=2872
[ERR] seq=8913417 err=2864
[ERR] seq=8913418 err=2840
[ERR] seq=8913419 err=2792
[SEU] addr=2000316B bit=00000001
[ERR] seq=8913420 err=2768
[ERR] seq=8913421 err=2728
[ERR] seq=8913422 err=2704
[ERR] seq=8913423 err=2664
[ERR] seq=8913424 err=2632
[SEU] addr=2000317E bit=00000003
[ERR] seq=8913425 err=2608
[ERR] seq=8913426 err=2552
[ERR] seq=8913427 err=2528
[ERR] seq=8913428 err=2488
[ERR] seq=8913429 err=2464
[ERR] seq=8913430 err=2408
[ERR] seq=8913431 err=2392
[ERR] seq=8913432 err=2352
[SEU] addr=2000318A bit=00000000
[ERR] seq=8913433 err=2312
[ERR] seq=8913434 err=2280
[ERR] seq=8913435 err=2240
[ERR] seq=8913436 err=2200
[ERR] seq=8913437 err=2152
[ERR] seq=8913438 err=2144
[SEU] addr=200031D5 bit=00000003
[ERR] seq=8913439 err=2088
[ERR] seq=8913440 err=2056
[ERR] seq=8913441 err=2016
[ERR] seq=8913442 err=1960
[ERR] seq=8913443 err=1928
[ERR] seq=8913444 err=1880
[ERR] seq=8913445 err=1840
[SEU] addr=2000319E bit=00000004
[ERR] seq=8913446 err=1792
[ERR] seq=8913447 err=1768
[SEU] addr=2000315B bit=00000002
[ERR] seq=8913448 err=1704
[ERR] seq=8913449 err=1664
[ERR] seq=8913450 err=1632
[ERR] seq=8913451 err=1584
[ERR] seq=8913452 err=1560
[ERR] seq=8913453 err=1552
[ERR] seq=8913454 err=1592
[ERR] seq=8913455 err=1624
[ERR] seq=8913456 err=1656
[SEU] addr=20003159 bit=00000006
[ERR] seq=8913457 err=1664
[ERR] seq=8913458 err=1712
[ERR] seq=8913459 err=1728
[ERR] seq=8913460 err=1784
[ERR] seq=8913461 err=1784
[ERR] seq=8913462 err=1816
[SEU] addr=200031B0 bit=00000002
[ERR] seq=8913463 err=1864
[ERR] seq=8913464 err=1888
[ERR] seq=8913465 err=1904
[ERR] seq=8913466 err=1944
[ERR] seq=8913467 err=1976
[ERR] seq=8913468 err=1992
[ERR] seq=8913469 err=2040
[ERR] seq=8913470 err=2056
[ERR] seq=8913471 err=2080
[SEU] addr=20003173 bit=00000004
[ERR] seq=8913472 err=2112
[SEU] addr=200031D9 bit=00000005
[ERR] seq=8913473 err=2136
[ERR] seq=8913474 err=2160
[ERR] seq=8913475 err=2184
[ERR] seq=8913476 err=2216
[ERR] seq=8913477 err=2240
[ERR] seq=8913478 err=2272
[ERR] seq=8913479 err=2288
[SEU] addr=20003170 bit=00000005
[ERR] seq=8913480 err=2312
[ERR] seq=8913481 err=2352
[SEU] addr=2000318A bit=00000007
[ERR] seq=8913482 err=2368
[ERR] seq=8913483 err=2392
[ERR] seq=8913484 err=2400
[ERR] seq=8913485 err=2448
[ERR] seq=8913486 err=2456
[ERR] seq=8913487 err=2480
[ERR] seq=8913488 err=2504
[ERR] seq=8913489 err=2536
[SEU] addr=20003164 bit=00000000
[CMD QUEUE backup CORRUPTED] backup repaired
[ERR] seq=8913490 err=2552
[SEU] addr=2000318F bit=00000000
[ERR] seq=8913491 err=2752
[ERR] seq=8913492 err=2560
[ERR] seq=8913493 err=2648
[ERR] seq=8913494 err=2624
[ERR] seq=8913495 err=2672
[ERR] seq=8913496 err=2664
[ERR] seq=8913497 err=2704
[ERR] seq=8913498 err=2712
[ERR] seq=8913499 err=2744
[SEU] addr=2000315C bit=00000006
[CMD QUEUE CORRUPTED] primary repaired
[ERR] seq=8913500 err=2760
[ERR] seq=8913501 err=2768
[ERR] seq=8913502 err=2784
[ERR] seq=8913503 err=2808
[ERR] seq=8913504 err=2832
[ERR] seq=8913505 err=2840
[SEU] addr=20003168 bit=00000001
[CMD QUEUE backup CORRUPTED] backup repaired
[ERR] seq=8913506 err=2864
[ERR] seq=8913507 err=2872
[ERR] seq=8913508 err=2888
[ERR] seq=8913509 err=2904
[ERR] seq=8913510 err=2920
[ERR] seq=8913511 err=2944
[ERR] seq=8913512 err=2952
[ERR] seq=8913513 err=2960
[SEU] addr=2000319A bit=00000004
[ERR] seq=8913514 err=8389408
[ERR] seq=8913515 err=1345168
[ERR] seq=8913516 err=1557728
[ERR] seq=8913517 err=466856
[ERR] seq=8913518 err=324144
[ERR] seq=8913519 err=128984
[ERR] seq=8913520 err=72696
[ERR] seq=8913521 err=34712
[SEU] addr=2000316E bit=00000003
[ERR] seq=8913522 err=17384
[ERR] seq=8913523 err=10784
[ERR] seq=8913524 err=4696
[ERR] seq=8913525 err=4944
[ERR] seq=8913526 err=2208
[SEU] addr=20003184 bit=00000005
[ERR] seq=8913527 err=3560
[ERR] seq=8913528 err=2896
[ERR] seq=8913529 err=3232
[ERR] seq=8913530 err=3080
[ERR] seq=8913531 err=3160
[SEU] addr=2000315E bit=00000004
[CMD QUEUE CORRUPTED] primary repaired
[ERR] seq=8913532 err=3128
[ERR] seq=8913533 err=3160
[ERR] seq=8913534 err=3144
[ERR] seq=8913535 err=3168
[SEU] addr=200031C9 bit=00000004
[ERR] seq=8913536 err=3152
[ERR] seq=8913537 err=3176
[ERR] seq=8913538 err=3168
[ERR] seq=8913539 err=3152
[SEU] addr=20003158 bit=00000001
[SAMPLE QUEUE backup CORRUPTED] backup repaired
[ERR] seq=8913540 err=3176
[ERR] seq=8913541 err=3168
[ERR] seq=8913542 err=3176
[ERR] seq=8913543 err=3168
[ERR] seq=8913544 err=3168
[ERR] seq=8913545 err=3160
[ERR] seq=8913546 err=3168
[ERR] seq=8913547 err=3168
[ERR] seq=8913548 err=3168
[SEU] addr=2000319F bit=00000000
[ERR] seq=8913549 err=3152
[ERR] seq=8913550 err=3160
[ERR] seq=8913551 err=3152
[ERR] seq=8913552 err=3144
[SEU] addr=2000318D bit=00000004
[ERR] seq=8913553 err=3224
[ERR] seq=8913554 err=3960
[ERR] seq=8913555 err=2600
[ERR] seq=8913556 err=3296
[ERR] seq=8913557 err=3008
[SEU] addr=20003162 bit=00000001
[ERR] seq=8913558 err=3168
[ERR] seq=8913559 err=3072
[ERR] seq=8913560 err=3112
[ERR] seq=8913561 err=3080
[SEU] addr=200031C9 bit=00000006
[ERR] seq=8913562 err=3080
[ERR] seq=8913563 err=3064
[ERR] seq=8913564 err=3064
[ERR] seq=8913565 err=3040
[ERR] seq=8913566 err=3024
[ERR] seq=8913567 err=3016
[SEU] addr=2000318B bit=00000007
[ERR] seq=8913568 err=3024
[ERR] seq=8913569 err=3000
[ERR] seq=8913570 err=2984
[ERR] seq=8913571 err=2968
[ERR] seq=8913572 err=2952
[ERR] seq=8913573 err=2944
[ERR] seq=8913574 err=2936
[ERR] seq=8913575 err=2904
[ERR] seq=8913576 err=2888
[SEU] addr=2000318C bit=00000004
[ERR] seq=8913577 err=3824
[ERR] seq=8913578 err=2760
[ERR] seq=8913579 err=2960
[ERR] seq=8913580 err=2800
[ERR] seq=8913581 err=2840
[ERR] seq=8913582 err=2784
[ERR] seq=8913583 err=2776
[ERR] seq=8913584 err=2768
[ERR] seq=8913585 err=2744
[SEU] addr=200031AD bit=00000001
[ERR] seq=8913586 err=2728
[ERR] seq=8913587 err=2696
[ERR] seq=8913588 err=2680
[SEU] addr=200031D1 bit=00000001
[ERR] seq=8913589 err=2672
[ERR] seq=8913590 err=2632
[ERR] seq=8913591 err=2624
[ERR] seq=8913592 err=2600
[ERR] seq=8913593 err=2584
[SEU] addr=20003174 bit=00000007
[ERR] seq=8913594 err=2552
[ERR] seq=8913595 err=2544
[ERR] seq=8913596 err=2504
[ERR] seq=8913597 err=2504
[ERR] seq=8913598 err=2456
[ERR] seq=8913599 err=2448
[ERR] seq=8913600 err=2424
[SEU] addr=200031BE bit=00000001
[ERR] seq=8913601 err=2392
[ERR] seq=8913602 err=2368
[ERR] seq=8913603 err=2360
[ERR] seq=8913604 err=2328
[ERR] seq=8913605 err=2288
[ERR] seq=8913606 err=2280
[ERR] seq=8913607 err=2256
[ERR] seq=8913608 err=2216
[ERR] seq=8913609 err=2192
[SEU] addr=200031CF bit=00000002
[ERR] seq=8913610 err=2176
[ERR] seq=8913611 err=2144
[ERR] seq=8913612 err=2112
[ERR] seq=8913613 err=2096
[ERR] seq=8913614 err=2072
[ERR] seq=8913615 err=2040
[SEU] addr=200031C0 bit=00000007
[ERR] seq=8913616 err=2000
[ERR] seq=8913617 err=1992
[ERR] seq=8913618 err=1944
[ERR] seq=8913619 err=1920
[SEU] addr=200031DF bit=00000004
[ERR] seq=277349076 err=4288
[ERR] seq=277349077 err=3744
[ERR] seq=277349078 err=4744
[ERR] seq=277349079 err=4648
[ERR] seq=277349080 err=5000
[ERR] seq=277349081 err=5112
[ERR] seq=277349082 err=5296
[ERR] seq=277349083 err=5464
[ERR] seq=277349084 err=5624
[ERR] seq=277349085 err=5800
[SEU] addr=20003154 bit=00000002
[SAMPLE QUEUE backup CORRUPTED] backup repaired
[ERR] seq=277349086 err=5952
[ERR] seq=277349087 err=6120
[ERR] seq=277349088 err=6256
[ERR] seq=277349089 err=6440
[ERR] seq=277349090 err=6584
[ERR] seq=277349091 err=6736
[ERR] seq=277349092 err=6888
[ERR] seq=277349093 err=7048
[SEU] addr=200031A4 bit=00000006
[ERR] seq=277349094 err=7176
[ERR] seq=277349095 err=7336
[ERR] seq=277349096 err=7472
[ERR] seq=277349097 err=7624
[ERR] seq=277349098 err=7744
[SEU] addr=200031DE bit=00000002
[ERR] seq=277611243 err=13272
[ERR] seq=277611244 err=12320
[ERR] seq=277611245 err=13296
[ERR] seq=277611246 err=12872
[ERR] seq=277611247 err=13008
[ERR] seq=277611248 err=12824
[ERR] seq=277611249 err=12784
[ERR] seq=277611250 err=12640
[SEU] addr=20003198 bit=00000004
[ERR] seq=277611251 err=12688
[ERR] seq=277611252 err=12400
[ERR] seq=277611253 err=12344
[ERR] seq=277611254 err=12200
[SEU] addr=20003198 bit=00000005
[ERR] seq=277611255 err=12328
[ERR] seq=277611256 err=11920
[ERR] seq=277611257 err=11864
[SEU] addr=2000314C bit=00000007
[SAMPLE QUEUE CORRUPTED] primary repaired
[ERR] seq=277611258 err=11648
[SEU] addr=200031D2 bit=00000003
[ERR] seq=277611259 err=11552
[ERR] seq=277611260 err=11400
[ERR] seq=277611261 err=11248
[ERR] seq=277611262 err=11096
[ERR] seq=277611263 err=10952
[ERR] seq=277611264 err=12848
[ERR] seq=277611265 err=12360
[SEU] addr=200031B7 bit=00000001
[ERR] seq=277611266 err=12576
[ERR] seq=277611267 err=12304
[ERR] seq=277611268 err=8120
[ERR] seq=277611269 err=8568
[ERR] seq=277611270 err=7648
[SEU] addr=200031CB bit=00000000
[ERR] seq=277611271 err=7688
[ERR] seq=277611272 err=7376
[ERR] seq=277611273 err=7240
[ERR] seq=277611274 err=7032
[SEU] addr=200031B7 bit=00000007
[ERR] seq=277611275 err=6848
[ERR] seq=277611276 err=6672
[ERR] seq=277611277 err=6464
[ERR] seq=277611278 err=6280
[SEU] addr=200031B4 bit=00000003
[ERR] seq=277611279 err=6064
[SEU] addr=2000318B bit=00000005
[ERR] seq=277611280 err=5888
[ERR] seq=277611281 err=5672
[ERR] seq=277611282 err=5488
[ERR] seq=277611283 err=5272
[ERR] seq=277611284 err=5056
[ERR] seq=277611285 err=4848
[ERR] seq=277611286 err=4640
[ERR] seq=277611287 err=4400
[ERR] seq=277611288 err=4216
[SEU] addr=20003170 bit=00000007
[ERR] seq=277611289 err=3984
[SEU] addr=2000315B bit=00000001
[ERR] seq=277611290 err=3760
[ERR] seq=277611291 err=3552
[ERR] seq=277611292 err=3328
[ERR] seq=277611293 err=3136
[ERR] seq=277611294 err=2920
[ERR] seq=277611295 err=2656
[ERR] seq=277611296 err=2464
[SEU] addr=2000318F bit=00000005
[ERR] seq=277611297 err=2536
[ERR] seq=277611298 err=2728
[ERR] seq=277611299 err=1744
[ERR] seq=277611300 err=2024
[SEU] addr=200031A4 bit=00000005
[ERR] seq=277611301 err=1768
[ERR] seq=277611302 err=1792
[ERR] seq=277611303 err=1744
[ERR] seq=277611304 err=1720
[ERR] seq=277611305 err=1712
[ERR] seq=277611306 err=1672
[ERR] seq=277611307 err=1672
[ERR] seq=277611308 err=1640
[SEU] addr=200031B4 bit=00000006
[ERR] seq=277611309 err=1624
[ERR] seq=277611310 err=1600
[ERR] seq=277611311 err=1576
[ERR] seq=277611312 err=1552
[ERR] seq=277611313 err=1560
[ERR] seq=277611314 err=1792
[ERR] seq=277611315 err=2032
[SEU] addr=2000314C bit=00000006
[SAMPLE QUEUE CORRUPTED] primary repaired
[ERR] seq=277611316 err=2256
[ERR] seq=277611317 err=2512
[ERR] seq=277611318 err=2744
[ERR] seq=277611319 err=2976
[ERR] seq=277611320 err=3224
[ERR] seq=277611321 err=3456
[ERR] seq=277611322 err=3696
[ERR] seq=277611323 err=3928
[ERR] seq=277611324 err=4168
[ERR] seq=277611325 err=4400
[SEU] addr=200031AD bit=00000003
[ERR] seq=277611326 err=4624
[ERR] seq=277611327 err=4872
[SEU] addr=20003166 bit=00000004
[CMD QUEUE backup CORRUPTED] backup repaired
[ERR] seq=277611328 err=5104
[ERR] seq=277611329 err=5336
[ERR] seq=277611330 err=5560
[ERR] seq=277611331 err=5792
[ERR] seq=277611332 err=6016
[SEU] addr=20003197 bit=00000000
[ERR] seq=277611333 err=134223984
[ERR] seq=277611334 err=21476552
[ERR] seq=277611335 err=24917464
[SEU] addr=200031D0 bit=00000001
[ERR] seq=277611336 err=7423616
[ERR] seq=277611337 err=5180296
[ERR] seq=277611338 err=2017296
[SEU] addr=200031CA bit=00000005
[ERR] seq=277611339 err=1157648
[ERR] seq=277611340 err=508760
[ERR] seq=277611341 err=273000
[ERR] seq=277611342 err=125944
[ERR] seq=277611343 err=70544
[ERR] seq=277611344 err=32392
[ERR] seq=277611345 err=23472
[ERR] seq=277611346 err=9960
[SEU] addr=2000319D bit=00000004
[ERR] seq=277611347 err=12664
[ERR] seq=277611348 err=7728
[ERR] seq=277611349 err=10408
[ERR] seq=277611350 err=9392
[ERR] seq=277611351 err=10160
[ERR] seq=277611352 err=10072
[ERR] seq=277611353 err=10392
[SEU] addr=2000316A bit=00000004
[ERR] seq=277611354 err=10504
[ERR] seq=277611355 err=10720
[ERR] seq=277611356 err=10864
[ERR] seq=277611357 err=11056
[SEU] addr=2000315A bit=00000007
[ERR] seq=277611358 err=11232
[ERR] seq=277611359 err=11400
[ERR] seq=277611360 err=11560
[ERR] seq=277611361 err=11720
[ERR] seq=277611362 err=11880
[ERR] seq=277611363 err=12056
[ERR] seq=277611364 err=12184
[ERR] seq=277611365 err=12336
[ERR] seq=277611366 err=12488
[SEU] addr=2000318B bit=00000007
[ERR] seq=277611367 err=12632
[ERR] seq=277611368 err=12760
[ERR] seq=277611369 err=12912
[ERR] seq=277611370 err=13040
[SEU] addr=20003188 bit=00000003
[ERR] seq=277611371 err=13168
[ERR] seq=277611372 err=13304
[ERR] seq=277611373 err=13416
[ERR] seq=277611374 err=13528
[ERR] seq=277611375 err=13656
[ERR] seq=277611376 err=13744
[ERR] seq=277611377 err=13872
[ERR] seq=277611378 err=13968
[SEU] addr=20003167 bit=00000003
[CMD QUEUE backup CORRUPTED] backup repaired
[ERR] seq=277611379 err=14056
[ERR] seq=277611380 err=14168
[ERR] seq=277611381 err=14240
[ERR] seq=277611382 err=14344
[ERR] seq=277611383 err=14408
[ERR] seq=277611384 err=14504
[ERR] seq=277611385 err=14560
[ERR] seq=277611386 err=14640
[ERR] seq=277611387 err=14696
[ERR] seq=277611388 err=14760
[SEU] addr=200031AA bit=00000000
[ERR] seq=277611389 err=14816
[ERR] seq=277611390 err=14880
[SEU] addr=20003154 bit=00000003
[SAMPLE QUEUE backup CORRUPTED] backup repaired
[ERR] seq=277611391 err=14904
[ERR] seq=277611392 err=14968
[ERR] seq=277611393 err=14992
[SEU] addr=2000317D bit=00000007
[ERR] seq=277611394 err=15040
[ERR] seq=277611395 err=15056
[ERR] seq=277611396 err=15096
[ERR] seq=277611397 err=15112
[ERR] seq=277611398 err=15128
[ERR] seq=277611399 err=15160
[ERR] seq=277611400 err=15176
[ERR] seq=277611401 err=15176
[SEU] addr=20003173 bit=00000000
[ERR] seq=277611402 err=15160
[ERR] seq=277611403 err=15176
[ERR] seq=277611404 err=15176
[SEU] addr=200031A9 bit=00000002
[ERR] seq=277611405 err=15160
[ERR] seq=277611406 err=15128
[ERR] seq=277611407 err=15120
[SEU] addr=20003179 bit=00000003
[ERR] seq=277611408 err=15096
[ERR] seq=277611409 err=15072
[ERR] seq=277611410 err=15048
[ERR] seq=277611411 err=15000
[ERR] seq=277611412 err=14984
[ERR] seq=277611413 err=14928
[ERR] seq=277611414 err=14888
[ERR] seq=277611415 err=14832
[SEU] addr=2000315E bit=00000005
[CMD QUEUE CORRUPTED] primary repaired
[ERR] seq=277611416 err=14776
[ERR] seq=277611417 err=14720
[ERR] seq=277611418 err=14648
[SEU] addr=20003169 bit=00000007
[ERR] seq=277611419 err=14600
[ERR] seq=277611420 err=14528
[ERR] seq=277611421 err=14432
[ERR] seq=277611422 err=14376
[ERR] seq=277611423 err=14264
[ERR] seq=277611424 err=14192
[ERR] seq=277611425 err=14080
[ERR] seq=277611426 err=14008
[ERR] seq=277611427 err=13896
[ERR] seq=277611428 err=13784
[SEU] addr=200031A3 bit=00000003
[ERR] seq=277611429 err=13696
[ERR] seq=277611430 err=13568
[SEU] addr=20003150 bit=00000001
[SAMPLE QUEUE CORRUPTED] primary repaired
[ERR] seq=277611431 err=13448
[ERR] seq=277611432 err=13336
[ERR] seq=277611433 err=13224
[ERR] seq=277611434 err=13080
[ERR] seq=277611435 err=12944
[ERR] seq=277611436 err=12816
[SEU] addr=200031CB bit=00000000
[ERR] seq=277611437 err=12672
[SEU] addr=2000315D bit=00000007
[CMD QUEUE CORRUPTED] primary repaired
[ERR] seq=277611438 err=12536
[ERR] seq=277611439 err=12376
[ERR] seq=277611440 err=12248
[ERR] seq=277611441 err=12088
[ERR] seq=277611442 err=11928
[ERR] seq=277611443 err=11776
[ERR] seq=277611444 err=11608
[ERR] seq=277611445 err=11464
[ERR] seq=277611446 err=11272
[SEU] addr=200031B9 bit=00000004
[ERR] seq=277611447 err=11120
[ERR] seq=277611448 err=10928
[ERR] seq=277611449 err=10760
[ERR] seq=277611450 err=10592
[ERR] seq=277611451 err=10400
[SEU] addr=20003179 bit=00000002
[ERR] seq=277611452 err=10224
[ERR] seq=277611453 err=10032
[ERR] seq=277611454 err=9864
[ERR] seq=277611455 err=9640
[ERR] seq=277611456 err=9464
[ERR] seq=277611457 err=9248
[ERR] seq=277611458 err=9064
[ERR] seq=277611459 err=8856
[ERR] seq=277611460 err=8672
[SEU] addr=20003166 bit=00000003
[CMD QUEUE backup CORRUPTED] backup repaired
[ERR] seq=277611461 err=8456
[ERR] seq=277611462 err=8240
[SEU] addr=20003166 bit=00000002
[CMD QUEUE backup CORRUPTED] backup repaired
[ERR] seq=277611463 err=8040
[ERR] seq=277611464 err=7808
[ERR] seq=277611465 err=7608
[ERR] seq=277611466 err=7376
[ERR] seq=277611467 err=7168
[ERR] seq=277611468 err=6952
[ERR] seq=277611469 err=6736
[ERR] seq=277611470 err=6528
[SEU] addr=20003164 bit=00000000
[CMD QUEUE backup CORRUPTED] backup repaired
[ERR] seq=277611471 err=6312
[ERR] seq=277611472 err=6088
[ERR] seq=277611473 err=5856
[ERR] seq=277611474 err=5632
[ERR] seq=277611475 err=5416
[SEU] addr=200031DF bit=00000002
[ERR] seq=344720340 err=3200
[ERR] seq=344720341 err=3288
[ERR] seq=344720342 err=2696
[ERR] seq=344720343 err=2592
[SEU] addr=200031DF bit=00000000
[ERR] seq=361497560 err=1824
[ERR] seq=361497561 err=1712
[ERR] seq=361497562 err=1544
[ERR] seq=361497563 err=1576
[ERR] seq=361497564 err=1592
[ERR] seq=361497565 err=1592
[SEU] addr=2000314E bit=00000006
[SAMPLE QUEUE CORRUPTED] primary repaired
[ERR] seq=361497566 err=1624
[ERR] seq=361497567 err=1648
[ERR] seq=361497568 err=1664
[ERR] seq=361497569 err=1688
[SEU] addr=200031BB bit=00000001
[ERR] seq=361497570 err=1688
[ERR] seq=361497571 err=1720
[ERR] seq=361497572 err=1752
[SEU] addr=2000316A bit=00000001
[ERR] seq=361497573 err=1752
[ERR] seq=361497574 err=1792
[ERR] seq=361497575 err=1856
[ERR] seq=361497576 err=1944
[ERR] seq=361497577 err=2040
[ERR] seq=361497578 err=2144
[ERR] seq=361497579 err=2240
[SEU] addr=2000314F bit=00000007
[SAMPLE QUEUE CORRUPTED] primary repaired
[ERR] seq=361497580 err=2472
[ERR] seq=361497581 err=2680
[SEU] addr=200031A6 bit=00000000
[ERR] seq=361497582 err=2880
[ERR] seq=361497583 err=3080
[ERR] seq=361497584 err=3288
[ERR] seq=361497585 err=3480
[ERR] seq=361497586 err=3688
[ERR] seq=361497587 err=3888
[ERR] seq=361497588 err=4088
[ERR] seq=361497589 err=4264
[ERR] seq=361497590 err=4488
[SEU] addr=20003179 bit=00000005
[ERR] seq=361497591 err=4664
[SEU] addr=200031C7 bit=00000007
[ERR] seq=361497592 err=4840
[ERR] seq=361497593 err=5016
[ERR] seq=361497594 err=5192
[ERR] seq=361497595 err=5392
[ERR] seq=361497596 err=5584
[ERR] seq=361497597 err=5744
[SEU] addr=2000316B bit=00000003
[ERR] seq=361497598 err=5920
[ERR] seq=361497599 err=6112
[ERR] seq=361497600 err=12416
[SEU] addr=20003193 bit=00000007
[ERR] seq=361497601 err=11608
[ERR] seq=361497602 err=12920
[ERR] seq=361497603 err=12736
[ERR] seq=361497604 err=11096
[ERR] seq=361497605 err=11488
[ERR] seq=361497606 err=11312
[ERR] seq=361497607 err=11552
[SEU] addr=2000315A bit=00000007
[ERR] seq=361497608 err=11656
[ERR] seq=361497609 err=11816
[ERR] seq=361497610 err=11952
[ERR] seq=361497611 err=12112
[ERR] seq=361497612 err=12232
[ERR] seq=361497613 err=12376
[ERR] seq=361497614 err=12496
[SEU] addr=200031B3 bit=00000001
[ERR] seq=361497615 err=12648
[ERR] seq=361497616 err=12752
[ERR] seq=361497617 err=12888
[ERR] seq=361497618 err=13024
[ERR] seq=361497619 err=13128
[ERR] seq=361497620 err=13240
[ERR] seq=361497621 err=13352
[ERR] seq=361497622 err=13464
[ERR] seq=361497623 err=13544
[SEU] addr=2000314C bit=00000001
[SAMPLE QUEUE CORRUPTED] primary repaired
[ERR] seq=361497624 err=13656
[ERR] seq=361497625 err=13736
[ERR] seq=361497626 err=13840
[ERR] seq=361497627 err=13928
[ERR] seq=361497628 err=14008
[SEU] addr=200031B6 bit=00000003
[ERR] seq=361497629 err=14104
[ERR] seq=361497630 err=14160
[SEU] addr=200031DC bit=00000001
[ERR] seq=361497629 err=14320
[ERR] seq=361497630 err=14376
[SEU] addr=20003171 bit=00000004
[ERR] seq=361497631 err=14480
[ERR] seq=361497632 err=14496
[SEU] addr=200031BF bit=00000007
[ERR] seq=361497633 err=14608
[ERR] seq=361497634 err=14632
[ERR] seq=361497635 err=14712
[ERR] seq=361497636 err=14736
[ERR] seq=361497637 err=14800
[ERR] seq=361497638 err=14832
[ERR] seq=361497639 err=14888
[ERR] seq=361497640 err=14920
[SEU] addr=20003174 bit=00000006
[ERR] seq=361497641 err=14952
[ERR] seq=361497642 err=15000
[ERR] seq=361497643 err=15016
[ERR] seq=361497644 err=15016
[ERR] seq=361497645 err=15048
[ERR] seq=361497646 err=15064
[ERR] seq=361497647 err=15072
[ERR] seq=361497648 err=15088
[SEU] addr=20003187 bit=00000005
[ERR] seq=361497649 err=15072
[ERR] seq=361497650 err=15096
[ERR] seq=361497651 err=15072
[ERR] seq=361497652 err=15064
[SEU] addr=20003176 bit=00000003
[ERR] seq=361497653 err=15040
[ERR] seq=361497654 err=15032
[ERR] seq=361497655 err=15024
[ERR] seq=361497656 err=15000
[SEU] addr=2000319A bit=00000005
[ERR] seq=361497657 err=16792192
[ERR] seq=361497658 err=2691720
[ERR] seq=361497659 err=3128752
[ERR] seq=361497660 err=935040
[ERR] seq=361497661 err=661440
[ERR] seq=361497662 err=259136
[ERR] seq=361497663 err=158472
[SEU] addr=200031A6 bit=00000001
[ERR] seq=361497664 err=70488
[SEU] addr=2000314F bit=00000001
[SAMPLE QUEUE CORRUPTED] primary repaired
[ERR] seq=361497665 err=47720
[ERR] seq=361497666 err=22536
[ERR] seq=361497667 err=22256
[ERR] seq=361497668 err=10728
[ERR] seq=361497669 err=16168
[ERR] seq=361497670 err=13400
[SEU] addr=20003171 bit=00000002
[ERR] seq=361497671 err=14624
[ERR] seq=361497672 err=13896
[ERR] seq=361497673 err=14120
[SEU] addr=20003190 bit=00000007
[ERR] seq=361497674 err=14888
[ERR] seq=361497675 err=13696
[ERR] seq=361497676 err=13920
[ERR] seq=361497677 err=13560
[ERR] seq=361497678 err=13592
[SEU] addr=20003163 bit=00000007
[ERR] seq=361497679 err=13400
[ERR] seq=361497680 err=13312
[ERR] seq=361497681 err=13176
[ERR] seq=361497682 err=13072
[ERR] seq=361497683 err=12960
[ERR] seq=361497684 err=12784
[ERR] seq=361497685 err=12688
[SEU] addr=200031D7 bit=00000006
[ERR] seq=361497686 err=12544
[ERR] seq=361497687 err=12416
[ERR] seq=361497688 err=12264
[ERR] seq=361497689 err=12128
[ERR] seq=361497690 err=11984
[ERR] seq=361497691 err=11832
[ERR] seq=361497692 err=11672
[SEU] addr=20003166 bit=00000004
[CMD QUEUE backup CORRUPTED] backup repaired
[ERR] seq=361497693 err=11528
[ERR] seq=361497694 err=11368
[ERR] seq=361497695 err=11208
[ERR] seq=361497696 err=11032
[ERR] seq=361497697 err=10872
[ERR] seq=361497698 err=10728
[ERR] seq=361497699 err=10536
[ERR] seq=361497700 err=10344
[ERR] seq=361497701 err=10192
[SEU] addr=200031DA bit=00000001
[ERR] seq=361497702 err=10016
[ERR] seq=361497703 err=9840
[SEU] addr=2000317B bit=00000007
[ERR] seq=361497704 err=9624
[ERR] seq=361497705 err=9464
[ERR] seq=361497706 err=9264
[ERR] seq=361497707 err=9080
[ERR] seq=361497708 err=8896
[ERR] seq=361497709 err=8728
[ERR] seq=361497710 err=8528
[SEU] addr=200031DD bit=00000002
[ERR] seq=361496687 err=3368
[ERR] seq=361496688 err=4000
[ERR] seq=361496689 err=2888
[ERR] seq=361496690 err=3032
[ERR] seq=361496691 err=2672
[ERR] seq=361496692 err=2584
[ERR] seq=361496693 err=2576
[ERR] seq=361496694 err=2592
[SEU] addr=20003167 bit=00000001
[CMD QUEUE backup CORRUPTED] backup repaired
[ERR] seq=361496695 err=2608
[ERR] seq=361496696 err=2600
[ERR] seq=361496697 err=2640
[ERR] seq=361496698 err=2640
[ERR] seq=361496699 err=2656
[ERR] seq=361496700 err=2672
[SEU] addr=200031A7 bit=00000005
[ERR] seq=361496701 err=2688
[ERR] seq=361496702 err=2712
[ERR] seq=361496703 err=2712
[ERR] seq=361496704 err=2744
[ERR] seq=361496705 err=2736
[ERR] seq=361496706 err=2768
[ERR] seq=361496707 err=2784
[ERR] seq=361496708 err=2784
[ERR] seq=361496709 err=2792
[SEU] addr=20003165 bit=00000002
[CMD QUEUE backup CORRUPTED] backup repaired
[ERR] seq=361496710 err=2832
[ERR] seq=361496711 err=2832
[ERR] seq=361496712 err=2832
[ERR] seq=361496713 err=2856
[ERR] seq=361496714 err=2872
[ERR] seq=361496715 err=2880
[SEU] addr=200031BD bit=00000000
[ERR] seq=361496716 err=2904
[ERR] seq=361496717 err=2928
[ERR] seq=361496718 err=3056
[ERR] seq=361496719 err=3128
[ERR] seq=361496720 err=3224
[ERR] seq=361496721 err=3304
[ERR] seq=361496722 err=3400
[ERR] seq=361496723 err=3472
[ERR] seq=361496724 err=3576
[ERR] seq=361496725 err=3632
[SEU] addr=20003188 bit=00000007
[ERR] seq=361496726 err=3744
[ERR] seq=361496727 err=3800
[ERR] seq=361496728 err=3912
[ERR] seq=361496729 err=3976
[ERR] seq=361496730 err=4072
[ERR] seq=361496731 err=4136
[ERR] seq=361496732 err=4184
[ERR] seq=361496733 err=4280
[SEU] addr=2000318C bit=00000004
[ERR] seq=361496734 err=4096
[ERR] seq=361496735 err=4464
[ERR] seq=361496736 err=4448
[ERR] seq=361496737 err=4576
[ERR] seq=361496738 err=4624
[ERR] seq=361496739 err=4712
[ERR] seq=361496740 err=4752
[ERR] seq=361496741 err=4816
[SEU] addr=200031C1 bit=00000007
[ERR] seq=361496742 err=4896
[ERR] seq=361496743 err=4944
[ERR] seq=361496744 err=4992
[ERR] seq=361496745 err=5080
[ERR] seq=361496746 err=5104
[ERR] seq=361496747 err=5200
[SEU] addr=2000314F bit=00000002
[SAMPLE QUEUE CORRUPTED] primary repaired
[ERR] seq=361496748 err=5224
[ERR] seq=361496749 err=5296
[ERR] seq=361496750 err=5328
[SEU] addr=200031B6 bit=00000006
[ERR] seq=361496751 err=5392
[ERR] seq=361496752 err=5416
[SEU] addr=2000316D bit=00000006
[ERR] seq=361496753 err=5480
[SEU] addr=2000318D bit=00000004
[ERR] seq=361496754 err=7864
[ERR] seq=361496755 err=7456
[ERR] seq=361496756 err=4064
[ERR] seq=361496757 err=6224
[ERR] seq=361496758 err=5352
[SEU] addr=20003180 bit=00000000
[ERR] seq=361496759 err=5880
[ERR] seq=361496760 err=5688
[ERR] seq=361496761 err=5848
[ERR] seq=361496762 err=5800
[ERR] seq=361496763 err=5888
[SEU] addr=2000316C bit=00000001
[ERR] seq=361496764 err=5872
[ERR] seq=361496765 err=5936
[ERR] seq=361496766 err=5976
[ERR] seq=361496767 err=5992
[SEU] addr=2000315D bit=00000001
[CMD QUEUE CORRUPTED] primary repaired
[ERR] seq=361496768 err=6048
[ERR] seq=361496769 err=6072
[ERR] seq=361496770 err=6104
[SEU] addr=20003193 bit=00000006
[ERR] seq=361496771 err=6128
[ERR] seq=361496772 err=6152
[ERR] seq=361496773 err=6176
[ERR] seq=361496774 err=6208
[ERR] seq=361496775 err=6216
[SEU] addr=2000318B bit=00000002
[ERR] seq=361496776 err=6240
[ERR] seq=361496777 err=6256
[ERR] seq=361496778 err=6256
[ERR] seq=361496779 err=6264
[ERR] seq=361496780 err=6296
[ERR] seq=361496781 err=6288
[ERR] seq=361496782 err=6288
[ERR] seq=361496783 err=6264
[SEU] addr=200031D8 bit=00000000
[ERR] seq=361496784 err=6264
[ERR] seq=361496785 err=6264
[END]
samples=2000
SEUs=365
good samples=14
errors=1986
samples omitted=0
max error=0x00000000800018D0
propagations=1985
detected disturbances=61
tmr corrections=0
dmr corrections=61
crc detections=0
clamp activations=0
[HARDFAULT]
qemu: fatal: Lockup: can't escalate 3 to HardFault (current priority -1)

R00=0000000a R01=00000002 R02=4000c000 R03=00000000
R04=00000000 R05=00000018 R06=00000000 R07=2000ffd8
R08=00001838 R09=00000000 R10=00000058 R11=00000000
R12=00000580 R13=2000ffd8 R14=00003551 R15=00000d42
XPSR=01000003 ---- T handler
FPSCR: 00000000
