START
SEED=03579753
[SEU] addr=200031D1 bit=00000001
[SEU] addr=200031BA bit=00000007
[SEU] addr=200031A6 bit=00000002
[SEU] addr=2000317D bit=00000005
[SEU] addr=200031C9 bit=00000000
[SEU] addr=200031D3 bit=00000006
[SEU] addr=20003172 bit=00000007
[SEU] addr=20003167 bit=00000004
[SEU] addr=200031D5 bit=00000002
[SEU] addr=200031C2 bit=00000001
[SEU] addr=20003155 bit=00000004
[CMD QUEUE CORRUPTED] primary repaired
[SEU] addr=200031C8 bit=00000004
[SEU] addr=200031C1 bit=00000003
[SEU] addr=2000314B bit=00000002
[SEU] addr=20003177 bit=00000005
[SEU] addr=2000319B bit=00000007
[SEU] addr=20003178 bit=00000006
[SEU] addr=200031BA bit=00000004
[SEU] addr=200031D3 bit=00000000
[SEU] addr=20003172 bit=00000004
[SEU] addr=200031D8 bit=00000005
[SEU] addr=20003155 bit=00000007
[CMD QUEUE CORRUPTED] primary repaired
[SEU] addr=20003162 bit=00000007
[SEU] addr=200031E5 bit=00000001
[SEU] addr=20003181 bit=00000004
[SEU] addr=200031A3 bit=00000000
[SEU] addr=20003198 bit=00000003
[ERR] seq=149 err=64
[SEU] addr=200031A6 bit=00000005
[SEU] addr=2000314B bit=00000000
[SEU] addr=200031BF bit=00000000
[SEU] addr=200031D5 bit=00000003
[SEU] addr=20003197 bit=00000004
[ERR] seq=194 err=2524
[ERR] seq=195 err=200
[ERR] seq=196 err=216
[SEU] addr=20003182 bit=00000006
[ERR] seq=197 err=32
[ERR] seq=198 err=16
[SEU] addr=20003193 bit=00000000
[ERR] seq=206 err=2452
[ERR] seq=207 err=192
[ERR] seq=208 err=200
[ERR] seq=209 err=24
[ERR] seq=210 err=16
[SEU] addr=20003156 bit=00000007
[CMD QUEUE CORRUPTED] primary repaired
[SEU] addr=200031CD bit=00000005
[SEU] addr=200031A5 bit=00000002
[SEU] addr=200031CE bit=00000006
[SEU] addr=200031E5 bit=00000002
[SEU] addr=200031E8 bit=00000000
[SEU] addr=20003184 bit=00000003
[SEU] addr=20003183 bit=00000005
[SEU] addr=20003195 bit=00000006
[ERR] seq=266 err=2492
[ERR] seq=267 err=192
[ERR] seq=268 err=200
[ERR] seq=269 err=24
[ERR] seq=270 err=16
[SEU] addr=200031DC bit=00000004
[SEU] addr=2000317E bit=00000007
[SEU] addr=2000314E bit=00000003
[SAMPLE QUEUE backup CORRUPTED] backup repaired
[SEU] addr=2000319E bit=00000001
[SEU] addr=2000315D bit=00000007
[CMD QUEUE backup CORRUPTED] backup repaired
[SEU] addr=200031CD bit=00000005
[SEU] addr=200031CB bit=00000004
[SEU] addr=200031C9 bit=00000004
[SEU] addr=20003154 bit=00000000
[CMD QUEUE CORRUPTED] primary repaired
[SEU] addr=2000314D bit=00000005
[SAMPLE QUEUE backup CORRUPTED] backup repaired
[SEU] addr=2000314F bit=00000006
[SAMPLE QUEUE backup CORRUPTED] backup repaired
[SEU] addr=2000316F bit=00000003
[SEU] addr=20003189 bit=00000007
[SEU] addr=2000319A bit=00000003
[ERR] seq=349 err=2524
[ERR] seq=350 err=200
[ERR] seq=351 err=216
[ERR] seq=352 err=32
[ERR] seq=353 err=16
[SEU] addr=200031C5 bit=00000006
[SEU] addr=200031E8 bit=00000000
[SEU] addr=20003170 bit=00000002
[SEU] addr=200031AB bit=00000004
[SEU] addr=2000319C bit=00000005
[SEU] addr=20003163 bit=00000002
[SEU] addr=200031B2 bit=00000005
[SEU] addr=20003197 bit=00000005
[SEU] addr=200031E8 bit=00000007
[SEU] addr=200031C9 bit=00000001
[SEU] addr=200031B1 bit=00000002
[SEU] addr=20003187 bit=00000000
[SEU] addr=200031C8 bit=00000004
[SEU] addr=20003188 bit=00000002
[SEU] addr=20003190 bit=00000006
[ERR] seq=414 err=512
[ERR] seq=415 err=40
[ERR] seq=416 err=40
[SEU] addr=2000314F bit=00000006
[SAMPLE QUEUE backup CORRUPTED] backup repaired
[SEU] addr=20003158 bit=00000006
[CMD QUEUE CORRUPTED] primary repaired
[SEU] addr=200031E4 bit=00000007
[SEU] addr=200031A1 bit=00000002
[SEU] addr=2000317D bit=00000006
[SEU] addr=2000317F bit=00000005
[SEU] addr=20003178 bit=00000007
[SEU] addr=2000319E bit=00000003
[SEU] addr=200031AC bit=00000003
[SEU] addr=200031D6 bit=00000001
[SEU] addr=20003153 bit=00000007
[SEU] addr=20003179 bit=00000005
[SEU] addr=200031BD bit=00000001
[SEU] addr=20003152 bit=00000006
[SEU] addr=200031A0 bit=00000004
[SEU] addr=20003197 bit=00000001
[ERR] seq=499 err=2524
[ERR] seq=500 err=200
[ERR] seq=501 err=216
[ERR] seq=502 err=32
[ERR] seq=503 err=16
[SEU] addr=200031CE bit=00000006
[SEU] addr=200031EB bit=00000007
[SEU] addr=2000316A bit=00000007
[SEU] addr=2000317A bit=00000006
[SEU] addr=20003179 bit=00000001
[SEU] addr=20003198 bit=00000004
[ERR] seq=536 err=128
[ERR] seq=537 err=8
[ERR] seq=538 err=8
[SEU] addr=20003192 bit=00000004
[ERR] seq=545 err=2452
[ERR] seq=546 err=192
[ERR] seq=547 err=200
[ERR] seq=548 err=24
[ERR] seq=549 err=16
[SEU] addr=2000317A bit=00000004
[SEU] addr=2000317A bit=00000002
[SEU] addr=20003144 bit=00000004
[SAMPLE QUEUE CORRUPTED] primary repaired
[SEU] addr=20003158 bit=00000007
[CMD QUEUE CORRUPTED] primary repaired
[SEU] addr=200031A8 bit=00000000
[SEU] addr=200031E9 bit=00000006
[SEU] addr=200031E3 bit=00000004
[SEU] addr=20003148 bit=00000002
[SAMPLE QUEUE CORRUPTED] primary repaired
[SEU] addr=200031D5 bit=00000001
[SEU] addr=2000317D bit=00000005
[SEU] addr=200031B2 bit=00000002
[SEU] addr=200031C0 bit=00000005
[SEU] addr=200031C3 bit=00000003
[SEU] addr=20003150 bit=00000006
[SAMPLE QUEUE backup CORRUPTED] backup repaired
[SEU] addr=2000316D bit=00000004
[SEU] addr=200031A1 bit=00000001
[SEU] addr=200031B4 bit=00000004
[SEU] addr=20003181 bit=00000005
[SEU] addr=200031D0 bit=00000005
[SEU] addr=200031C5 bit=00000000
[SEU] addr=20003158 bit=00000002
[CMD QUEUE CORRUPTED] primary repaired
[SEU] addr=2000317C bit=00000001
[SEU] addr=2000319D bit=00000005
[SEU] addr=20003159 bit=00000006
[SEU] addr=2000315A bit=00000004
[SEU] addr=200031DF bit=00000003
[SEU] addr=200031B5 bit=00000007
[SEU] addr=20003152 bit=00000001
[SEU] addr=20003185 bit=00000000
[SEU] addr=200031A8 bit=00000002
[SEU] addr=200031AC bit=00000005
[SEU] addr=200031CA bit=00000002
[SEU] addr=2000319A bit=00000002
[ERR] seq=745 err=2524
[ERR] seq=746 err=200
[ERR] seq=747 err=216
[ERR] seq=748 err=32
[SEU] addr=200031E3 bit=00000002
[ERR] seq=749 err=16
[SEU] addr=20003183 bit=00000006
[SEU] addr=200031D7 bit=00000005
[SEU] addr=2000318C bit=00000003
[ERR] seq=770 err=640
[ERR] seq=771 err=40
[ERR] seq=772 err=40
[SEU] addr=20003175 bit=00000000
[SEU] addr=20003185 bit=00000001
[SEU] addr=200031A3 bit=00000003
[SEU] addr=200031BA bit=00000002
[SEU] addr=200031DC bit=00000001
[SEU] addr=20003177 bit=00000001
[SEU] addr=2000319E bit=00000007
[SEU] addr=20003188 bit=00000005
[SEU] addr=200031E3 bit=00000007
[SEU] addr=20003177 bit=00000007
[SEU] addr=200031AF bit=00000000
[SEU] addr=200031A5 bit=00000001
[SEU] addr=200031D2 bit=00000005
[SEU] addr=200031C6 bit=00000007
[SEU] addr=200031B6 bit=00000007
[SEU] addr=20003150 bit=00000001
[SAMPLE QUEUE backup CORRUPTED] backup repaired
[SEU] addr=20003176 bit=00000002
[SEU] addr=2000318C bit=00000000
[ERR] seq=850 err=72
[SEU] addr=200031B7 bit=00000007
[SEU] addr=200031CD bit=00000005
[SEU] addr=2000316A bit=00000006
[SEU] addr=20003185 bit=00000004
[SEU] addr=200031BE bit=00000001
[SEU] addr=200031D8 bit=00000001
[SEU] addr=20003184 bit=00000002
[SEU] addr=20003192 bit=00000007
[ERR] seq=896 err=2452
[ERR] seq=897 err=192
[SEU] addr=200031D0 bit=00000001
[ERR] seq=898 err=200
[ERR] seq=899 err=24
[ERR] seq=900 err=16
[SEU] addr=200031A4 bit=00000003
[SEU] addr=200031D2 bit=00000000
[SEU] addr=2000319E bit=00000007
[SEU] addr=200031C6 bit=00000005
[SEU] addr=200031AE bit=00000004
[SEU] addr=2000317D bit=00000002
[SEU] addr=2000316F bit=00000002
[SEU] addr=200031D4 bit=00000007
[SEU] addr=200031AD bit=00000003
[SEU] addr=20003197 bit=00000005
[SEU] addr=200031D4 bit=00000002
[SEU] addr=2000318D bit=00000002
[ERR] seq=962 err=5112
[ERR] seq=963 err=392
[ERR] seq=964 err=416
[ERR] seq=965 err=48
[ERR] seq=966 err=24
[SEU] addr=200031EB bit=00000001
[SEU] addr=20003188 bit=00000002
[SEU] addr=200031AF bit=00000002
[SEU] addr=20003188 bit=00000002
[SEU] addr=20003163 bit=00000005
[SEU] addr=200031DA bit=00000002
[SEU] addr=2000316E bit=00000005
[SEU] addr=20003193 bit=00000002
[ERR] seq=1011 err=2524
[ERR] seq=1012 err=200
[ERR] seq=1013 err=216
[ERR] seq=1014 err=32
[ERR] seq=1015 err=16
[SEU] addr=20003157 bit=00000007
[CMD QUEUE CORRUPTED] primary repaired
[SEU] addr=200031EA bit=00000001
[SEU] addr=20003182 bit=00000004
[SEU] addr=20003165 bit=00000004
[SEU] addr=2000316E bit=00000001
[SEU] addr=20003196 bit=00000000
[ERR] seq=1054 err=2468
[ERR] seq=1055 err=192
[ERR] seq=1056 err=200
[ERR] seq=1057 err=24
[SEU] addr=200031DD bit=00000001
[ERR] seq=1058 err=16
[SEU] addr=2000316C bit=00000006
[SEU] addr=200031AE bit=00000004
[SEU] addr=2000317A bit=00000002
[SEU] addr=2000315D bit=00000000
[CMD QUEUE backup CORRUPTED] backup repaired
[SEU] addr=20003156 bit=00000006
[CMD QUEUE CORRUPTED] primary repaired
[SEU] addr=200031E5 bit=00000005
[SEU] addr=200031C8 bit=00000003
[SEU] addr=20003153 bit=00000005
[SEU] addr=2000314A bit=00000000
[SEU] addr=200031DC bit=00000000
[SEU] addr=200031C3 bit=00000001
[SEU] addr=200031DD bit=00000001
[SEU] addr=2000319E bit=00000007
[SEU] addr=200031CE bit=00000006
[SEU] addr=20003188 bit=00000007
[SEU] addr=2000318C bit=00000000
[ERR] seq=1130 err=80
[SEU] addr=20003156 bit=00000005
[CMD QUEUE CORRUPTED] primary repaired
[SEU] addr=2000315A bit=00000005
[SEU] addr=20003149 bit=00000007
[SEU] addr=200031B6 bit=00000007
[SEU] addr=200031DE bit=00000005
[SEU] addr=20003157 bit=00000004
[CMD QUEUE CORRUPTED] primary repaired
[SEU] addr=2000316E bit=00000005
[SEU] addr=2000319B bit=00000002
[ERR] seq=1161 err=2500
[SEU] addr=200031B4 bit=00000007
[ERR] seq=1162 err=200
[ERR] seq=1163 err=216
[ERR] seq=1164 err=32
[ERR] seq=1165 err=16
[SEU] addr=200031B2 bit=00000004
[SEU] addr=200031A9 bit=00000005
[SEU] addr=200031CC bit=00000005
[SEU] addr=200031A0 bit=00000007
[SEU] addr=20003150 bit=00000007
[SAMPLE QUEUE backup CORRUPTED] backup repaired
[SEU] addr=200031DC bit=00000003
[SEU] addr=2000315B bit=00000000
[SEU] addr=20003144 bit=00000004
[SAMPLE QUEUE CORRUPTED] primary repaired
[SEU] addr=20003169 bit=00000002
[SEU] addr=20003177 bit=00000003
[SEU] addr=200031C6 bit=00000003
[SEU] addr=2000314C bit=00000001
[SAMPLE QUEUE backup CORRUPTED] backup repaired
[SEU] addr=2000319D bit=00000003
[SEU] addr=2000319F bit=00000003
[SEU] addr=20003174 bit=00000003
[SEU] addr=20003155 bit=00000003
[CMD QUEUE CORRUPTED] primary repaired
[SEU] addr=200031BC bit=00000001
[SEU] addr=200031D9 bit=00000000
[SEU] addr=20003176 bit=00000003
[SEU] addr=2000316D bit=00000001
[SEU] addr=200031CD bit=00000001
[SEU] addr=2000314B bit=00000000
[SEU] addr=200031B7 bit=00000003
[SEU] addr=200031DD bit=00000002
[SEU] addr=200031EB bit=00000001
[SEU] addr=200031CE bit=00000003
[SEU] addr=200031EA bit=00000000
[SEU] addr=2000314D bit=00000003
[SAMPLE QUEUE backup CORRUPTED] backup repaired
[SEU] addr=200031AE bit=00000004
[SEU] addr=200031CF bit=00000002
[SEU] addr=20003165 bit=00000006
[SEU] addr=20003144 bit=00000002
[SAMPLE QUEUE CORRUPTED] primary repaired
[SEU] addr=20003167 bit=00000004
[SEU] addr=200031AD bit=00000005
[SEU] addr=200031E8 bit=00000005
[SEU] addr=20003146 bit=00000007
[SAMPLE QUEUE CORRUPTED] primary repaired
[SEU] addr=200031C0 bit=00000000
[SEU] addr=200031B3 bit=00000000
[SEU] addr=2000317C bit=00000006
[SEU] addr=200031A4 bit=00000001
[SEU] addr=200031B2 bit=00000004
[SEU] addr=2000319A bit=00000003
[ERR] seq=1373 err=2500
[ERR] seq=1374 err=200
[ERR] seq=1375 err=216
[ERR] seq=1376 err=32
[ERR] seq=1377 err=16
[SEU] addr=200031CC bit=00000005
[SEU] addr=2000314E bit=00000004
[SAMPLE QUEUE backup CORRUPTED] backup repaired
[SEU] addr=20003169 bit=00000004
[SEU] addr=200031B0 bit=00000001
[SEU] addr=200031CB bit=00000000
[SEU] addr=200031BD bit=00000004
[SEU] addr=2000318A bit=00000001
[SEU] addr=200031B5 bit=00000006
[SEU] addr=2000317F bit=00000007
[SEU] addr=200031C8 bit=00000004
[SEU] addr=200031AD bit=00000001
[SEU] addr=200031DD bit=00000001
[SEU] addr=20003148 bit=00000007
[SAMPLE QUEUE CORRUPTED] primary repaired
[SEU] addr=200031CA bit=00000001
[SEU] addr=200031CF bit=00000002
[SEU] addr=200031E8 bit=00000007
[SEU] addr=200031D7 bit=00000004
[SEU] addr=2000318C bit=00000002
[ERR] seq=1455 err=560
[ERR] seq=1456 err=40
[ERR] seq=1457 err=40
[SEU] addr=200031C0 bit=00000006
[SEU] addr=20003166 bit=00000002
[SEU] addr=20003188 bit=00000004
[SEU] addr=200031C0 bit=00000005
[SEU] addr=200031B4 bit=00000007
[SEU] addr=200031EA bit=00000003
[SEU] addr=20003147 bit=00000001
[SAMPLE QUEUE CORRUPTED] primary repaired
[SEU] addr=20003177 bit=00000000
[SEU] addr=200031C3 bit=00000007
[SEU] addr=20003190 bit=00000003
[ERR] seq=1504 err=64
[SEU] addr=200031D3 bit=00000005
[SEU] addr=200031E8 bit=00000007
[SEU] addr=2000314F bit=00000001
[SAMPLE QUEUE backup CORRUPTED] backup repaired
[SEU] addr=200031AB bit=00000005
[SEU] addr=20003170 bit=00000005
[SEU] addr=200031BC bit=00000006
[SEU] addr=200031E4 bit=00000006
[SEU] addr=20003171 bit=00000003
[SEU] addr=200031BA bit=00000004
[SEU] addr=20003163 bit=00000000
[SEU] addr=200031AC bit=00000001
[SEU] addr=2000319E bit=00000005
[SEU] addr=20003191 bit=00000004
[ERR] seq=1556 err=2484
[ERR] seq=1557 err=192
[ERR] seq=1558 err=200
[ERR] seq=1559 err=24
[ERR] seq=1560 err=16
[SEU] addr=200031EA bit=00000004
[SEU] addr=200031BE bit=00000007
[SEU] addr=2000317B bit=00000007
[SEU] addr=200031DC bit=00000003
[SEU] addr=200031BF bit=00000003
[SEU] addr=2000317A bit=00000000
[SEU] addr=200031C4 bit=00000003
[SEU] addr=200031D1 bit=00000007
[SEU] addr=20003157 bit=00000000
[CMD QUEUE CORRUPTED] primary repaired
[SEU] addr=20003169 bit=00000002
[SEU] addr=20003175 bit=00000003
[SEU] addr=20003196 bit=00000005
[ERR] seq=1623 err=2524
[ERR] seq=1624 err=200
[ERR] seq=1625 err=216
[ERR] seq=1626 err=32
[SEU] addr=20003169 bit=00000007
[ERR] seq=1627 err=16
[SEU] addr=2000318B bit=00000003
[SEU] addr=20003150 bit=00000001
[SAMPLE QUEUE backup CORRUPTED] backup repaired
[SEU] addr=2000318B bit=00000000
[SEU] addr=200031E1 bit=00000007
[SEU] addr=20003165 bit=00000004
[SEU] addr=200031E5 bit=00000002
[SEU] addr=200031B2 bit=00000003
[SEU] addr=200031A2 bit=00000002
[SEU] addr=2000316C bit=00000000
[SEU] addr=200031EB bit=00000002
[SEU] addr=20003187 bit=00000000
[SEU] addr=2000316A bit=00000006
[SEU] addr=200031A7 bit=00000001
[SEU] addr=200031BE bit=00000001
[SEU] addr=2000315B bit=00000007
[SEU] addr=20003192 bit=00000000
[ERR] seq=1725 err=2516
[ERR] seq=1726 err=200
[ERR] seq=1727 err=216
[SEU] addr=20003191 bit=00000005
[ERR] seq=1728 err=2516
[ERR] seq=1729 err=184
[ERR] seq=1730 err=208
[ERR] seq=1731 err=24
[ERR] seq=1732 err=16
[SEU] addr=20003167 bit=00000007
[SEU] addr=200031C3 bit=00000003
[SEU] addr=20003163 bit=00000007
[SEU] addr=200031CE bit=00000007
[SEU] addr=200031AB bit=00000001
[SEU] addr=20003150 bit=00000001
[SAMPLE QUEUE backup CORRUPTED] backup repaired
[SEU] addr=2000317A bit=00000003
[SEU] addr=20003144 bit=00000001
[SAMPLE QUEUE CORRUPTED] primary repaired
[SEU] addr=2000318D bit=00000004
[ERR] seq=1778 err=9200
[ERR] seq=1779 err=728
[ERR] seq=1780 err=784
[ERR] seq=1781 err=112
[SEU] addr=2000319B bit=00000007
[ERR] seq=1782 err=56
[SEU] addr=20003190 bit=00000006
[ERR] seq=1792 err=512
[ERR] seq=1793 err=40
[ERR] seq=1794 err=40
[SEU] addr=2000319F bit=00000005
[SEU] addr=2000318E bit=00000003
[ERR] seq=1806 err=4104
[ERR] seq=1807 err=320
[ERR] seq=1808 err=328
[ERR] seq=1809 err=16
[ERR] seq=1810 err=8
[SEU] addr=200031BA bit=00000005
[SEU] addr=20003156 bit=00000001
[CMD QUEUE CORRUPTED] primary repaired
[SEU] addr=20003187 bit=00000001
[SEU] addr=20003191 bit=00000002
[ERR] seq=1824 err=2428
[ERR] seq=1825 err=192
[ERR] seq=1826 err=200
[ERR] seq=1827 err=24
[ERR] seq=1828 err=16
[SEU] addr=200031E0 bit=00000007
[SEU] addr=200031B3 bit=00000007
[SEU] addr=20003177 bit=00000006
[SEU] addr=2000319E bit=00000004
[SEU] addr=200031B6 bit=00000001
[SEU] addr=20003193 bit=00000007
[SEU] addr=20003179 bit=00000002
[SEU] addr=200031DF bit=00000001
[SEU] addr=200031B7 bit=00000005
[SEU] addr=2000314D bit=00000002
[SAMPLE QUEUE backup CORRUPTED] backup repaired
[SEU] addr=200031A1 bit=00000000
[SEU] addr=20003160 bit=00000007
[CMD QUEUE backup CORRUPTED] backup repaired
[SEU] addr=20003198 bit=00000004
[ERR] seq=1894 err=128
[ERR] seq=1895 err=8
[ERR] seq=1896 err=8
[SEU] addr=20003161 bit=00000007
[SEU] addr=200031B3 bit=00000002
[SEU] addr=2000314E bit=00000006
[SAMPLE QUEUE backup CORRUPTED] backup repaired
[SEU] addr=20003149 bit=00000006
[SEU] addr=20003179 bit=00000004
[SEU] addr=200031AC bit=00000000
[SEU] addr=20003170 bit=00000001
[SEU] addr=200031A1 bit=00000001
[SEU] addr=200031E3 bit=00000006
[SEU] addr=200031AF bit=00000002
[SEU] addr=20003178 bit=00000000
[SEU] addr=200031B2 bit=00000004
[SEU] addr=2000316D bit=00000001
[SEU] addr=20003157 bit=00000006
[CMD QUEUE CORRUPTED] primary repaired
[SEU] addr=200031DE bit=00000007
[SEU] addr=200031B6 bit=00000003
[SEU] addr=2000315C bit=00000004
[CMD QUEUE backup CORRUPTED] backup repaired
[SEU] addr=2000318A bit=00000007
[SEU] addr=20003151 bit=00000001
[SEU] addr=200031C7 bit=00000007
[SEU] addr=200031DF bit=00000001
[SEU] addr=2000315E bit=00000007
[CMD QUEUE backup CORRUPTED] backup repaired
[SEU] addr=20003167 bit=00000005
[SEU] addr=200031DB bit=00000003
[SEU] addr=2000318A bit=00000002
[SEU] addr=200031B0 bit=00000002
[SEU] addr=200031B9 bit=00000007
[SEU] addr=20003154 bit=00000007
[CMD QUEUE CORRUPTED] primary repaired
[SEU] addr=200031C1 bit=00000006
[SEU] addr=2000318F bit=00000005
[ERR] seq=2050 err=816
[ERR] seq=2051 err=56
[ERR] seq=2052 err=56
[SEU] addr=2000318A bit=00000000
[SEU] addr=200031AA bit=00000006
[SEU] addr=200031A5 bit=00000007
[SEU] addr=200031D5 bit=00000000
[SEU] addr=20003195 bit=00000006
[ERR] seq=2069 err=2508
[ERR] seq=2070 err=200
[ERR] seq=2071 err=216
[ERR] seq=2072 err=32
[ERR] seq=2073 err=16
[SEU] addr=2000315C bit=00000006
[CMD QUEUE backup CORRUPTED] backup repaired
[SEU] addr=2000317B bit=00000006
[SEU] addr=20003153 bit=00000000
[SEU] addr=200031D6 bit=00000003
[SEU] addr=200031CC bit=00000004
[SEU] addr=200031E4 bit=00000001
[SEU] addr=200031A3 bit=00000001
[SEU] addr=2000314F bit=00000000
[SAMPLE QUEUE backup CORRUPTED] backup repaired
[SEU] addr=20003146 bit=00000004
[SAMPLE QUEUE CORRUPTED] primary repaired
[SEU] addr=200031E0 bit=00000001
[SEU] addr=2000316B bit=00000007
[SEU] addr=20003161 bit=00000001
[SEU] addr=2000314B bit=00000002
[SEU] addr=200031B2 bit=00000003
[SEU] addr=20003178 bit=00000005
[SEU] addr=200031B8 bit=00000001
[SEU] addr=20003156 bit=00000003
[CMD QUEUE CORRUPTED] primary repaired
[SEU] addr=20003158 bit=00000000
[CMD QUEUE CORRUPTED] primary repaired
[SEU] addr=2000317C bit=00000000
[SEU] addr=200031E5 bit=00000004
[SEU] addr=200031A4 bit=00000003
[SEU] addr=200031BF bit=00000004
[SEU] addr=20003155 bit=00000004
[CMD QUEUE CORRUPTED] primary repaired
[SEU] addr=20003199 bit=00000002
[ERR] seq=2217 err=2484
[ERR] seq=2218 err=192
[ERR] seq=2219 err=200
[ERR] seq=2220 err=24
[ERR] seq=2221 err=16
[SEU] addr=200031B4 bit=00000000
[SEU] addr=20003144 bit=00000004
[SAMPLE QUEUE CORRUPTED] primary repaired
[SEU] addr=200031B4 bit=00000005
[SEU] addr=20003148 bit=00000002
[SAMPLE QUEUE CORRUPTED] primary repaired
[SEU] addr=200031A2 bit=00000001
[SEU] addr=20003179 bit=00000007
[SEU] addr=20003197 bit=00000006
[SEU] addr=20003147 bit=00000004
[SAMPLE QUEUE CORRUPTED] primary repaired
[SEU] addr=200031C8 bit=00000007
[SEU] addr=2000318D bit=00000007
[ERR] seq=2264 err=328
[ERR] seq=2265 err=8
[ERR] seq=2266 err=8
[SEU] addr=200031DC bit=00000005
[SEU] addr=20003178 bit=00000007
[SEU] addr=2000318D bit=00000005
[ERR] seq=2288 err=592
[ERR] seq=2289 err=40
[ERR] seq=2290 err=40
[SEU] addr=20003197 bit=00000005
[SEU] addr=20003172 bit=00000001
[SEU] addr=200031C2 bit=00000002
[SEU] addr=200031BF bit=00000004
[SEU] addr=200031B7 bit=00000001
[SEU] addr=2000318F bit=00000000
[ERR] seq=2314 err=9624
[ERR] seq=2315 err=760
[SEU] addr=20003170 bit=00000003
[ERR] seq=2316 err=816
[ERR] seq=2317 err=112
[ERR] seq=2318 err=56
[SEU] addr=200031E0 bit=00000000
[SEU] addr=20003191 bit=00000003
[ERR] seq=2332 err=2548
[ERR] seq=2333 err=200
[ERR] seq=2334 err=216
[ERR] seq=2335 err=32
[ERR] seq=2336 err=16
[SEU] addr=20003193 bit=00000006
[SEU] addr=200031BE bit=00000007
[SEU] addr=200031D3 bit=00000005
[SEU] addr=2000317D bit=00000003
[SEU] addr=200031A1 bit=00000006
[SEU] addr=20003165 bit=00000004
[SEU] addr=200031CA bit=00000006
[SEU] addr=20003167 bit=00000002
[SEU] addr=200031BB bit=00000004
[SEU] addr=2000317A bit=00000002
[SEU] addr=200031D6 bit=00000006
[SEU] addr=200031B0 bit=00000006
[SEU] addr=2000318F bit=00000001
[ERR] seq=2415 err=7848
[ERR] seq=2416 err=616
[ERR] seq=2417 err=656
[ERR] seq=2418 err=80
[ERR] seq=2419 err=40
[SEU] addr=2000317B bit=00000006
[SEU] addr=20003174 bit=00000004
[SEU] addr=200031E9 bit=00000001
[SEU] addr=20003192 bit=00000007
[ERR] seq=2441 err=2508
[ERR] seq=2442 err=200
[SEU] addr=2000314D bit=00000002
[SAMPLE QUEUE backup CORRUPTED] backup repaired
[ERR] seq=2443 err=216
[ERR] seq=2444 err=32
[ERR] seq=2445 err=16
[SEU] addr=2000317D bit=00000000
[SEU] addr=2000319E bit=00000003
[SEU] addr=200031E1 bit=00000003
[SEU] addr=200031C0 bit=00000007
[SEU] addr=200031D6 bit=00000005
[SEU] addr=200031AB bit=00000005
[SEU] addr=20003177 bit=00000004
[SEU] addr=2000318F bit=00000001
[ERR] seq=2499 err=2864
[ERR] seq=2500 err=216
[SEU] addr=20003195 bit=00000003
[ERR] seq=2501 err=2636
[ERR] seq=2502 err=208
[ERR] seq=2503 err=208
[ERR] seq=2504 err=24
[ERR] seq=2505 err=16
[SEU] addr=200031E4 bit=00000005
[SEU] addr=2000317D bit=00000006
[SEU] addr=2000317B bit=00000002
[SEU] addr=20003180 bit=00000003
[SEU] addr=20003157 bit=00000003
[CMD QUEUE CORRUPTED] primary repaired
[SEU] addr=200031C4 bit=00000003
[SEU] addr=2000316F bit=00000003
[SEU] addr=200031DD bit=00000000
[SEU] addr=20003196 bit=00000003
[ERR] seq=2544 err=2460
[ERR] seq=2545 err=192
[ERR] seq=2546 err=200
[ERR] seq=2547 err=24
[ERR] seq=2548 err=16
[SEU] addr=2000314E bit=00000000
[SAMPLE QUEUE backup CORRUPTED] backup repaired
[SEU] addr=200031C5 bit=00000007
[SEU] addr=200031AE bit=00000003
[SEU] addr=2000319E bit=00000003
[SEU] addr=2000319F bit=00000003
[SEU] addr=200031B5 bit=00000005
[SEU] addr=200031C6 bit=00000001
[SEU] addr=20003159 bit=00000006
[SEU] addr=200031D1 bit=00000000
[SEU] addr=200031E0 bit=00000007
[SEU] addr=200031C0 bit=00000002
[SEU] addr=200031B2 bit=00000002
[SEU] addr=200031C4 bit=00000007
[SEU] addr=20003155 bit=00000004
[CMD QUEUE CORRUPTED] primary repaired
[SEU] addr=20003158 bit=00000005
[CMD QUEUE CORRUPTED] primary repaired
[SEU] addr=2000317C bit=00000001
[SEU] addr=2000315A bit=00000000
[SEU] addr=20003159 bit=00000006
[SEU] addr=200031AF bit=00000007
[SEU] addr=20003176 bit=00000007
[SEU] addr=2000316F bit=00000007
[SEU] addr=2000318A bit=00000007
[SEU] addr=200031E4 bit=00000001
[SEU] addr=20003183 bit=00000007
[SEU] addr=200031A6 bit=00000002
[SEU] addr=20003182 bit=00000003
[SEU] addr=200031B3 bit=00000004
[SEU] addr=20003144 bit=00000006
[SAMPLE QUEUE CORRUPTED] primary repaired
[SEU] addr=2000315F bit=00000001
[CMD QUEUE backup CORRUPTED] backup repaired
[SEU] addr=20003190 bit=00000002
[ERR] seq=2700 err=32
[SEU] addr=200031A3 bit=00000004
[SEU] addr=200031DC bit=00000000
[SEU] addr=200031E8 bit=00000004
[SEU] addr=200031EB bit=00000005
[SEU] addr=2000314D bit=00000000
[SAMPLE QUEUE backup CORRUPTED] backup repaired
[SEU] addr=200031CF bit=00000001
[SEU] addr=200031DA bit=00000000
[SEU] addr=2000314E bit=00000004
[SAMPLE QUEUE backup CORRUPTED] backup repaired
[SEU] addr=200031A1 bit=00000007
[SEU] addr=200031B7 bit=00000003
[SEU] addr=200031A8 bit=00000000
[SEU] addr=2000314C bit=00000004
[SAMPLE QUEUE backup CORRUPTED] backup repaired
[SEU] addr=2000315F bit=00000002
[CMD QUEUE backup CORRUPTED] backup repaired
[SEU] addr=200031B2 bit=00000004
[SEU] addr=200031C5 bit=00000006
[SEU] addr=200031D4 bit=00000003
[SEU] addr=200031B0 bit=00000003
[SEU] addr=200031E6 bit=00000002
[SEU] addr=20003174 bit=00000002
[SEU] addr=200031CB bit=00000003
[SEU] addr=200031B5 bit=00000007
[SEU] addr=200031BB bit=00000004
[SEU] addr=200031D7 bit=00000000
[SEU] addr=2000314D bit=00000000
[SAMPLE QUEUE backup CORRUPTED] backup repaired
[SEU] addr=200031A8 bit=00000002
[SEU] addr=2000314E bit=00000005
[SAMPLE QUEUE backup CORRUPTED] backup repaired
[SEU] addr=200031A8 bit=00000002
[SEU] addr=2000314F bit=00000006
[SAMPLE QUEUE backup CORRUPTED] backup repaired
[SEU] addr=20003159 bit=00000000
[SEU] addr=20003198 bit=00000004
[ERR] seq=2864 err=128
[ERR] seq=2865 err=8
[ERR] seq=2866 err=8
[SEU] addr=200031C2 bit=00000000
[SEU] addr=200031B4 bit=00000000
[SEU] addr=20003178 bit=00000004
[SEU] addr=20003162 bit=00000000
[SEU] addr=200031E0 bit=00000005
[SEU] addr=20003158 bit=00000005
[CMD QUEUE CORRUPTED] primary repaired
[SEU] addr=2000319E bit=00000001
[SEU] addr=20003195 bit=00000007
[ERR] seq=2915 err=2476
[ERR] seq=2916 err=192
[ERR] seq=2917 err=200
[ERR] seq=2918 err=24
[SEU] addr=20003178 bit=00000001
[ERR] seq=2919 err=16
[SEU] addr=2000317E bit=00000006
[SEU] addr=20003162 bit=00000005
[SEU] addr=2000316D bit=00000002
[SEU] addr=20003179 bit=00000004
[SEU] addr=20003153 bit=00000001
[SEU] addr=20003195 bit=00000000
[ERR] seq=2947 err=2048
[ERR] seq=2948 err=160
[ERR] seq=2949 err=168
[ERR] seq=2950 err=16
[ERR] seq=2951 err=8
[SEU] addr=200031D9 bit=00000006
[SEU] addr=200031C8 bit=00000004
[SEU] addr=200031D9 bit=00000006
[SEU] addr=20003163 bit=00000005
[SEU] addr=20003158 bit=00000003
[CMD QUEUE CORRUPTED] primary repaired
[SEU] addr=20003174 bit=00000004
[SEU] addr=2000319C bit=00000000
[SEU] addr=2000314D bit=00000002
[SAMPLE QUEUE backup CORRUPTED] backup repaired
[SEU] addr=200031CC bit=00000001
[SEU] addr=2000315F bit=00000000
[CMD QUEUE backup CORRUPTED] backup repaired
[SEU] addr=200031DD bit=00000005
[SEU] addr=20003158 bit=00000001
[CMD QUEUE CORRUPTED] primary repaired
[SEU] addr=20003151 bit=00000005
[SEU] addr=2000316C bit=00000002
[SEU] addr=2000318E bit=00000003
[ERR] seq=3046 err=8328
[SEU] addr=20003156 bit=00000001
[CMD QUEUE CORRUPTED] primary repaired
[ERR] seq=3047 err=656
[ERR] seq=3048 err=696
[ERR] seq=3049 err=80
[SEU] addr=2000317D bit=00000006
[ERR] seq=3050 err=40
[SEU] addr=2000314B bit=00000006
[SEU] addr=20003155 bit=00000001
[CMD QUEUE CORRUPTED] primary repaired
[SEU] addr=200031C3 bit=00000000
[SEU] addr=200031B6 bit=00000007
[SEU] addr=200031BB bit=00000005
[SEU] addr=200031AF bit=00000005
[SEU] addr=2000315D bit=00000003
[CMD QUEUE backup CORRUPTED] backup repaired
[SEU] addr=20003155 bit=00000003
[CMD QUEUE CORRUPTED] primary repaired
[SEU] addr=200031D0 bit=00000002
[SEU] addr=200031C2 bit=00000004
[SEU] addr=200031DD bit=00000001
[SEU] addr=2000314F bit=00000004
[SAMPLE QUEUE backup CORRUPTED] backup repaired
[SEU] addr=20003189 bit=00000003
[SEU] addr=200031AD bit=00000002
[SEU] addr=20003150 bit=00000004
[SAMPLE QUEUE backup CORRUPTED] backup repaired
[SEU] addr=200031BB bit=00000006
[SEU] addr=200031C6 bit=00000005
[SEU] addr=2000314A bit=00000001
[SEU] addr=20003186 bit=00000004
[SEU] addr=2000318A bit=00000006
[SEU] addr=20003195 bit=00000003
[ERR] seq=3159 err=2500
[ERR] seq=3160 err=200
[ERR] seq=3161 err=216
[ERR] seq=3162 err=32
[ERR] seq=3163 err=16
[SEU] addr=200031D3 bit=00000002
[SEU] addr=200031EB bit=00000001
[SEU] addr=200031B7 bit=00000002
[SEU] addr=200031A0 bit=00000003
[SEU] addr=200031C1 bit=00000005
[SEU] addr=20003156 bit=00000007
[CMD QUEUE CORRUPTED] primary repaired
[SEU] addr=200031CF bit=00000006
[SEU] addr=200031C6 bit=00000007
[SEU] addr=20003164 bit=00000006
[SEU] addr=20003198 bit=00000004
[ERR] seq=3215 err=128
[ERR] seq=3216 err=8
[ERR] seq=3217 err=8
[SEU] addr=200031DC bit=00000005
[SEU] addr=200031E1 bit=00000004
[SEU] addr=2000318B bit=00000002
[SEU] addr=20003181 bit=00000002
[SEU] addr=200031EB bit=00000002
[SEU] addr=20003159 bit=00000000
[SEU] addr=200031BE bit=00000003
[SEU] addr=2000318C bit=00000003
[ERR] seq=3260 err=1104
[ERR] seq=3261 err=88
[ERR] seq=3262 err=88
[SEU] addr=200031D6 bit=00000001
[SEU] addr=20003179 bit=00000005
[SEU] addr=20003177 bit=00000007
[SEU] addr=2000315B bit=00000004
[SEU] addr=200031D9 bit=00000004
[SEU] addr=20003185 bit=00000001
[SEU] addr=200031A2 bit=00000001
[SEU] addr=200031CF bit=00000006
[SEU] addr=200031C1 bit=00000003
[SEU] addr=200031D6 bit=00000000
[SEU] addr=200031D9 bit=00000005
[SEU] addr=20003188 bit=00000000
[SEU] addr=200031B8 bit=00000004
[SEU] addr=20003145 bit=00000002
[SAMPLE QUEUE CORRUPTED] primary repaired
[SEU] addr=2000318D bit=00000005
[ERR] seq=3355 err=2744
[ERR] seq=3356 err=200
[ERR] seq=3357 err=208
[ERR] seq=3358 err=16
[ERR] seq=3359 err=8
[SEU] addr=200031A3 bit=00000006
[SEU] addr=2000318E bit=00000003
[ERR] seq=3367 err=11368
[ERR] seq=3368 err=896
[ERR] seq=3369 err=952
[SEU] addr=2000315A bit=00000005
[ERR] seq=3370 err=120
[ERR] seq=3371 err=64
[SEU] addr=20003194 bit=00000004
[ERR] seq=3378 err=128
[ERR] seq=3379 err=8
[ERR] seq=3380 err=8
[SEU] addr=200031A3 bit=00000004
[SEU] addr=200031BF bit=00000001
[SEU] addr=200031C3 bit=00000000
[SEU] addr=2000318A bit=00000005
[SEU] addr=20003181 bit=00000004
[SEU] addr=200031AE bit=00000007
[SEU] addr=2000316A bit=00000000
[SEU] addr=2000314B bit=00000004
[SEU] addr=200031E3 bit=00000007
[SEU] addr=2000319E bit=00000006
[SEU] addr=200031B9 bit=00000007
[SEU] addr=200031CB bit=00000007
[SEU] addr=20003179 bit=00000000
[SEU] addr=200031E5 bit=00000007
[SEU] addr=200031BC bit=00000003
[SEU] addr=200031A6 bit=00000004
[SEU] addr=200031E1 bit=00000006
[SEU] addr=200031A0 bit=00000003
[SEU] addr=200031CC bit=00000001
[SEU] addr=20003146 bit=00000002
[SAMPLE QUEUE CORRUPTED] primary repaired
[SEU] addr=200031A7 bit=00000006
[SEU] addr=200031E2 bit=00000004
[SEU] addr=2000314C bit=00000003
[SAMPLE QUEUE backup CORRUPTED] backup repaired
[SEU] addr=2000319D bit=00000004
[SEU] addr=20003171 bit=00000005
[SEU] addr=20003147 bit=00000006
[SAMPLE QUEUE CORRUPTED] primary repaired
[SEU] addr=2000315C bit=00000001
[CMD QUEUE backup CORRUPTED] backup repaired
[SEU] addr=2000319F bit=00000005
[SEU] addr=2000316A bit=00000004
[SEU] addr=200031B1 bit=00000006
[SEU] addr=20003156 bit=00000002
[CMD QUEUE CORRUPTED] primary repaired
[SEU] addr=200031E6 bit=00000006
[SEU] addr=20003166 bit=00000002
[SEU] addr=200031E7 bit=00000005
[SEU] addr=20003180 bit=00000002
[SEU] addr=20003165 bit=00000006
[SEU] addr=200031B5 bit=00000001
[SEU] addr=20003188 bit=00000003
[SEU] addr=200031C8 bit=00000006
[SEU] addr=200031E7 bit=00000001
[SEU] addr=200031A6 bit=00000002
[SEU] addr=2000316B bit=00000002
[SEU] addr=2000316E bit=00000001
[SEU] addr=2000314B bit=00000000
[SEU] addr=200031D9 bit=00000001
[SEU] addr=200031CA bit=00000002
[SEU] addr=200031CB bit=00000001
[SEU] addr=20003163 bit=00000005
[SEU] addr=2000314C bit=00000000
[SAMPLE QUEUE backup CORRUPTED] backup repaired
[SEU] addr=20003190 bit=00000005
[ERR] seq=3662 err=256
[ERR] seq=3663 err=16
[ERR] seq=3664 err=16
[SEU] addr=200031E0 bit=00000003
[SEU] addr=20003161 bit=00000001
[SEU] addr=20003154 bit=00000003
[CMD QUEUE CORRUPTED] primary repaired
[SEU] addr=2000316C bit=00000002
[SEU] addr=20003164 bit=00000003
[SEU] addr=200031C8 bit=00000001
[SEU] addr=20003182 bit=00000007
[SEU] addr=20003197 bit=00000001
[ERR] seq=3694 err=2500
[ERR] seq=3695 err=200
[ERR] seq=3696 err=216
[ERR] seq=3697 err=32
[SEU] addr=2000315D bit=00000005
[CMD QUEUE backup CORRUPTED] backup repaired
[ERR] seq=3698 err=16
[SEU] addr=200031B6 bit=00000005
[SEU] addr=200031AA bit=00000002
[SEU] addr=20003195 bit=00000000
[ERR] seq=3714 err=2048
[ERR] seq=3715 err=160
[ERR] seq=3716 err=168
[ERR] seq=3717 err=16
[SEU] addr=200031AD bit=00000004
[ERR] seq=3718 err=8
[SEU] addr=200031A4 bit=00000005
[SEU] addr=2000314F bit=00000002
[SAMPLE QUEUE backup CORRUPTED] backup repaired
[SEU] addr=2000314E bit=00000001
[SAMPLE QUEUE backup CORRUPTED] backup repaired
[SEU] addr=2000318C bit=00000005
[ERR] seq=3743 err=2688
[ERR] seq=3744 err=208
[ERR] seq=3745 err=216
[ERR] seq=3746 err=16
[SEU] addr=20003160 bit=00000007
[CMD QUEUE backup CORRUPTED] backup repaired
[ERR] seq=3747 err=8
[SEU] addr=200031CF bit=00000002
[SEU] addr=2000315B bit=00000007
[SEU] addr=2000318A bit=00000005
[SEU] addr=20003149 bit=00000004
[SEU] addr=2000316F bit=00000001
[SEU] addr=200031AD bit=00000006
[SEU] addr=200031CE bit=00000004
[SEU] addr=2000317E bit=00000007
[SEU] addr=200031C2 bit=00000000
[SEU] addr=200031DE bit=00000001
[SEU] addr=200031AB bit=00000007
[SEU] addr=20003188 bit=00000001
[SEU] addr=20003149 bit=00000007
[SEU] addr=200031C8 bit=00000001
[SEU] addr=200031E1 bit=00000000
[SEU] addr=200031D1 bit=00000003
[SEU] addr=20003172 bit=00000005
[SEU] addr=2000314E bit=00000003
[SAMPLE QUEUE backup CORRUPTED] backup repaired
[SEU] addr=20003159 bit=00000001
[SEU] addr=20003188 bit=00000007
[SEU] addr=2000315E bit=00000002
[CMD QUEUE backup CORRUPTED] backup repaired
[SEU] addr=200031A9 bit=00000001
[SEU] addr=200031AB bit=00000007
[SEU] addr=20003188 bit=00000003
[SEU] addr=20003195 bit=00000001
[ERR] seq=3874 err=2492
[SEU] addr=2000314E bit=00000005
[SAMPLE QUEUE backup CORRUPTED] backup repaired
[ERR] seq=3875 err=192
[ERR] seq=3876 err=200
[ERR] seq=3877 err=24
[ERR] seq=3878 err=16
[SEU] addr=20003192 bit=00000001
[ERR] seq=3881 err=2508
[ERR] seq=3882 err=200
[ERR] seq=3883 err=216
[SEU] addr=20003164 bit=00000000
[ERR] seq=3884 err=32
[ERR] seq=3885 err=16
[SEU] addr=200031B8 bit=00000006
[SEU] addr=200031CA bit=00000000
[SEU] addr=20003147 bit=00000001
[SAMPLE QUEUE CORRUPTED] primary repaired
[SEU] addr=200031C4 bit=00000005
[SEU] addr=20003179 bit=00000001
[SEU] addr=2000319E bit=00000005
[SEU] addr=20003190 bit=00000001
[ERR] seq=3917 err=16
[SEU] addr=20003149 bit=00000001
[SEU] addr=20003161 bit=00000005
[SEU] addr=20003185 bit=00000002
[SEU] addr=20003171 bit=00000006
[SEU] addr=20003197 bit=00000000
[ERR] seq=3941 err=2468
[ERR] seq=3942 err=192
[ERR] seq=3943 err=200
[ERR] seq=3944 err=24
[ERR] seq=3945 err=16
[SEU] addr=200031C8 bit=00000005
[SEU] addr=2000318D bit=00000007
[ERR] seq=3953 err=1384
[ERR] seq=3954 err=96
[ERR] seq=3955 err=96
[SEU] addr=200031D9 bit=00000003
[SEU] addr=200031B6 bit=00000007
[SEU] addr=2000318E bit=00000000
[ERR] seq=3979 err=1832
[ERR] seq=3980 err=144
[ERR] seq=3981 err=144
[SEU] addr=200031EB bit=00000007
[SEU] addr=200031D3 bit=00000005
[SEU] addr=200031B0 bit=00000007
[SEU] addr=20003184 bit=00000005
[SEU] addr=200031C3 bit=00000001
[SEU] addr=20003172 bit=00000002
[SEU] addr=2000318E bit=00000003
[ERR] seq=4006 err=4128
[ERR] seq=4007 err=320
[SEU] addr=20003193 bit=00000000
[ERR] seq=4008 err=2692
[ERR] seq=4009 err=208
[ERR] seq=4010 err=216
[SEU] addr=200031E7 bit=00000006
[ERR] seq=4011 err=32
[ERR] seq=4012 err=16
[SEU] addr=20003184 bit=00000005
[SEU] addr=200031CB bit=00000005
[SEU] addr=2000316D bit=00000000
[SEU] addr=200031BE bit=00000003
[SEU] addr=2000314B bit=00000003
[SEU] addr=20003179 bit=00000000
[SEU] addr=20003189 bit=00000001
[SEU] addr=20003164 bit=00000004
[SEU] addr=200031BD bit=00000007
[SEU] addr=200031BE bit=00000007
[SEU] addr=20003185 bit=00000003
[SEU] addr=200031BD bit=00000004
[SEU] addr=2000314B bit=00000001
[SEU] addr=200031D2 bit=00000001
[SEU] addr=20003195 bit=00000007
[ERR] seq=4085 err=2516
[ERR] seq=4086 err=200
[ERR] seq=4087 err=216
[ERR] seq=4088 err=32
[ERR] seq=4089 err=16
[SEU] addr=200031DD bit=00000001
[SEU] addr=2000318D bit=00000005
[ERR] seq=4098 err=984
[ERR] seq=4099 err=64
[ERR] seq=4100 err=64
[SEU] addr=2000316A bit=00000003
[SEU] addr=20003180 bit=00000003
[SEU] addr=200031D3 bit=00000004
[SEU] addr=20003187 bit=00000007
[SEU] addr=200031AC bit=00000004
[SEU] addr=200031B1 bit=00000002
[SEU] addr=200031E4 bit=00000000
[SEU] addr=20003183 bit=00000001
[SEU] addr=200031CA bit=00000002
[SEU] addr=200031D4 bit=00000006
[SEU] addr=200031C1 bit=00000005
[SEU] addr=200031A2 bit=00000005
[SEU] addr=2000319B bit=00000002
[ERR] seq=4171 err=2484
[ERR] seq=4172 err=192
[ERR] seq=4173 err=200
[ERR] seq=4174 err=24
[ERR] seq=4175 err=16
[SEU] addr=200031DB bit=00000002
[SEU] addr=200031A8 bit=00000004
[SEU] addr=200031C1 bit=00000003
[SEU] addr=200031DA bit=00000003
[SEU] addr=200031C1 bit=00000000
[SEU] addr=200031AA bit=00000003
[SEU] addr=200031CB bit=00000005
[SEU] addr=200031AC bit=00000002
[SEU] addr=200031C3 bit=00000003
[SEU] addr=20003161 bit=00000005
[SEU] addr=200031D4 bit=00000006
[SEU] addr=200031BE bit=00000004
[SEU] addr=20003167 bit=00000002
[SEU] addr=20003177 bit=00000003
[SEU] addr=200031C2 bit=00000003
[SEU] addr=20003192 bit=00000004
[ERR] seq=4262 err=2532
[ERR] seq=4263 err=200
[ERR] seq=4264 err=216
[ERR] seq=4265 err=32
[SEU] addr=20003188 bit=00000000
[ERR] seq=4266 err=16
[SEU] addr=20003197 bit=00000003
[ERR] seq=4268 err=2476
[ERR] seq=4269 err=192
[ERR] seq=4270 err=200
[ERR] seq=4271 err=24
[SEU] addr=2000316D bit=00000001
[ERR] seq=4272 err=16
[SEU] addr=20003154 bit=00000000
[CMD QUEUE CORRUPTED] primary repaired
[SEU] addr=20003167 bit=00000003
[SEU] addr=20003179 bit=00000005
[SEU] addr=20003170 bit=00000006
[SEU] addr=20003151 bit=00000001
[SEU] addr=20003186 bit=00000007
[SEU] addr=2000317C bit=00000001
[SEU] addr=20003159 bit=00000002
[SEU] addr=2000316B bit=00000005
[SEU] addr=200031CD bit=00000000
[SEU] addr=20003182 bit=00000002
[SEU] addr=200031A3 bit=00000005
[SEU] addr=2000319A bit=00000003
[ERR] seq=4335 err=2524
[ERR] seq=4336 err=200
[ERR] seq=4337 err=216
[ERR] seq=4338 err=32
[SEU] addr=2000317A bit=00000007
[ERR] seq=4339 err=16
[SEU] addr=200031A7 bit=00000001
[SEU] addr=2000314A bit=00000006
[SEU] addr=200031CD bit=00000001
[SEU] addr=2000318A bit=00000006
[SEU] addr=2000317F bit=00000002
[SEU] addr=20003159 bit=00000000
[SEU] addr=200031AF bit=00000001
[SEU] addr=200031E5 bit=00000000
[SEU] addr=200031E3 bit=00000006
[SEU] addr=200031E5 bit=00000006
[SEU] addr=20003196 bit=00000002
[ERR] seq=4408 err=2500
[ERR] seq=4409 err=200
[ERR] seq=4410 err=216
[ERR] seq=4411 err=32
[SEU] addr=2000314E bit=00000005
[SAMPLE QUEUE backup CORRUPTED] backup repaired
[ERR] seq=4412 err=16
[SEU] addr=200031A1 bit=00000006
[SEU] addr=20003192 bit=00000000
[ERR] seq=4423 err=2492
[ERR] seq=4424 err=192
[SEU] addr=200031B9 bit=00000000
[ERR] seq=4425 err=200
[ERR] seq=4426 err=24
[ERR] seq=4427 err=16
[SEU] addr=2000318A bit=00000001
[SEU] addr=200031C3 bit=00000004
[SEU] addr=200031B4 bit=00000006
[SEU] addr=20003179 bit=00000004
[SEU] addr=20003188 bit=00000002
[SEU] addr=20003167 bit=00000007
[SEU] addr=20003153 bit=00000001
[SEU] addr=200031DE bit=00000005
[SEU] addr=2000319B bit=00000007
[SEU] addr=20003166 bit=00000003
[SEU] addr=20003169 bit=00000007
[SEU] addr=200031D2 bit=00000007
[SEU] addr=2000316F bit=00000001
[SEU] addr=200031C0 bit=00000005
[SEU] addr=2000315E bit=00000005
[CMD QUEUE backup CORRUPTED] backup repaired
[SEU] addr=20003183 bit=00000003
[SEU] addr=2000315A bit=00000007
[SEU] addr=2000314D bit=00000001
[SAMPLE QUEUE backup CORRUPTED] backup repaired
[SEU] addr=20003179 bit=00000003
[SEU] addr=200031B7 bit=00000001
[SEU] addr=200031A8 bit=00000000
[SEU] addr=200031BF bit=00000006
[SEU] addr=2000314D bit=00000000
[SAMPLE QUEUE backup CORRUPTED] backup repaired
[SEU] addr=20003167 bit=00000000
[SEU] addr=20003197 bit=00000007
[SEU] addr=200031D1 bit=00000005
[SEU] addr=200031C1 bit=00000002
[SEU] addr=200031C8 bit=00000005
[SEU] addr=2000316F bit=00000007
[SEU] addr=200031A0 bit=00000005
[SEU] addr=20003190 bit=00000005
[ERR] seq=4590 err=256
[ERR] seq=4591 err=16
[ERR] seq=4592 err=16
[SEU] addr=2000319C bit=00000006
[SEU] addr=200031B7 bit=00000007
[SEU] addr=200031C7 bit=00000002
[SEU] addr=2000314B bit=00000001
[SEU] addr=2000319A bit=00000000
[ERR] seq=4619 err=2508
[ERR] seq=4620 err=200
[ERR] seq=4621 err=216
[ERR] seq=4622 err=32
[ERR] seq=4623 err=16
[SEU] addr=200031E2 bit=00000000
[SEU] addr=2000317F bit=00000001
[SEU] addr=2000317E bit=00000005
[SEU] addr=200031A7 bit=00000005
[SEU] addr=20003173 bit=00000005
[SEU] addr=200031B9 bit=00000003
[SEU] addr=2000316D bit=00000000
[SEU] addr=200031B7 bit=00000007
[SEU] addr=200031BA bit=00000006
[SEU] addr=2000315D bit=00000003
[CMD QUEUE backup CORRUPTED] backup repaired
[SEU] addr=200031E2 bit=00000004
[SEU] addr=2000317C bit=00000003
[SEU] addr=20003196 bit=00000005
[ERR] seq=4706 err=2460
[ERR] seq=4707 err=192
[ERR] seq=4708 err=200
[ERR] seq=4709 err=24
[SEU] addr=200031AD bit=00000007
[ERR] seq=4710 err=16
[SEU] addr=200031B6 bit=00000003
[SEU] addr=2000316A bit=00000007
[SEU] addr=20003176 bit=00000007
[SEU] addr=200031E8 bit=00000005
[SEU] addr=2000315F bit=00000007
[CMD QUEUE backup CORRUPTED] backup repaired
[SEU] addr=2000315A bit=00000000
[SEU] addr=20003196 bit=00000001
[ERR] seq=4736 err=2476
[ERR] seq=4737 err=192
[ERR] seq=4738 err=200
[ERR] seq=4739 err=24
[ERR] seq=4740 err=16
[SEU] addr=200031DD bit=00000002
[SEU] addr=200031A7 bit=00000003
[SEU] addr=200031B9 bit=00000005
[SEU] addr=200031A8 bit=00000001
[SEU] addr=20003168 bit=00000003
[SEU] addr=200031BE bit=00000007
[SEU] addr=200031E6 bit=00000003
[SEU] addr=200031E6 bit=00000002
[SEU] addr=20003174 bit=00000000
[SEU] addr=2000315F bit=00000006
[CMD QUEUE backup CORRUPTED] backup repaired
[SEU] addr=200031AE bit=00000005
[SEU] addr=2000318C bit=00000002
[ERR] seq=4804 err=208
[ERR] seq=4805 err=8
[ERR] seq=4806 err=8
[SEU] addr=2000319C bit=00000004
[SEU] addr=20003195 bit=00000000
[ERR] seq=4814 err=2048
[ERR] seq=4815 err=160
[ERR] seq=4816 err=168
[ERR] seq=4817 err=16
[ERR] seq=4818 err=8
[SEU] addr=200031A1 bit=00000004
[SEU] addr=200031A6 bit=00000001
[SEU] addr=200031B5 bit=00000000
[SEU] addr=2000317B bit=00000006
[SEU] addr=2000318D bit=00000001
[ERR] seq=4856 err=2352
[ERR] seq=4857 err=176
[SEU] addr=200031AF bit=00000003
[ERR] seq=4858 err=176
[SEU] addr=200031E0 bit=00000002
[SEU] addr=2000316A bit=00000001
[SEU] addr=200031D1 bit=00000001
[SEU] addr=200031CA bit=00000007
[SEU] addr=200031DB bit=00000006
[SEU] addr=2000315C bit=00000000
[CMD QUEUE backup CORRUPTED] backup repaired
[SEU] addr=200031CA bit=00000001
[SEU] addr=20003146 bit=00000006
[SAMPLE QUEUE CORRUPTED] primary repaired
[SEU] addr=20003155 bit=00000002
[CMD QUEUE CORRUPTED] primary repaired
[SEU] addr=200031CB bit=00000002
[SEU] addr=2000315D bit=00000004
[CMD QUEUE backup CORRUPTED] backup repaired
[SEU] addr=200031E8 bit=00000007
[SEU] addr=200031A2 bit=00000002
[SEU] addr=200031D8 bit=00000007
[SEU] addr=2000318B bit=00000003
[SEU] addr=200031BE bit=00000002
[SEU] addr=2000317F bit=00000001
[SEU] addr=200031E1 bit=00000003
[SEU] addr=20003167 bit=00000003
[SEU] addr=200031CC bit=00000006
[SEU] addr=20003175 bit=00000003
[SEU] addr=200031D8 bit=00000007
[SEU] addr=20003158 bit=00000003
[CMD QUEUE CORRUPTED] primary repaired
[SEU] addr=2000319F bit=00000004
[SEU] addr=200031BB bit=00000000
[SEU] addr=2000314B bit=00000007
[SEU] addr=2000319B bit=00000006
[SEU] addr=20003147 bit=00000007
[SAMPLE QUEUE CORRUPTED] primary repaired
[SEU] addr=200031B8 bit=00000005
[SEU] addr=200031C2 bit=00000005
[SEU] addr=2000315F bit=00000006
[CMD QUEUE backup CORRUPTED] backup repaired
[SEU] addr=20003163 bit=00000006
[SEU] addr=200031E9 bit=00000006
[SEU] addr=200031CB bit=00000007
[SEU] addr=2000319D bit=00000004
[SEU] addr=200031C9 bit=00000003
[SEU] addr=200031BA bit=00000005
[SEU] addr=200031A9 bit=00000006
[SEU] addr=200031AD bit=00000006
[SEU] addr=200031D8 bit=00000005
[SEU] addr=20003162 bit=00000003
[SEU] addr=200031CD bit=00000003
[SEU] addr=2000316A bit=00000002
[SEU] addr=200031AF bit=00000005
[SEU] addr=200031E9 bit=00000005
[SEU] addr=20003196 bit=00000004
[ERR] seq=5100 err=2476
[ERR] seq=5101 err=192
[ERR] seq=5102 err=200
[ERR] seq=5103 err=24
[ERR] seq=5104 err=16
[SEU] addr=2000319E bit=00000001
[SEU] addr=2000316E bit=00000007
[SEU] addr=20003198 bit=00000004
[ERR] seq=5119 err=128
[ERR] seq=5120 err=8
[ERR] seq=5121 err=8
[SEU] addr=2000318B bit=00000002
[SEU] addr=200031C8 bit=00000007
[SEU] addr=20003158 bit=00000006
[CMD QUEUE CORRUPTED] primary repaired
[SEU] addr=20003193 bit=00000005
[SEU] addr=200031C3 bit=00000000
[SEU] addr=2000317A bit=00000006
[SEU] addr=20003177 bit=00000003
[SEU] addr=200031CB bit=00000005
[SEU] addr=200031E6 bit=00000001
[SEU] addr=2000316B bit=00000004
[SEU] addr=200031CB bit=00000002
[SEU] addr=200031D5 bit=00000004
[SEU] addr=2000317A bit=00000002
[SEU] addr=20003180 bit=00000005
[SEU] addr=20003186 bit=00000006
[SEU] addr=2000317B bit=00000004
[SEU] addr=20003187 bit=00000004
[SEU] addr=20003185 bit=00000006
[SEU] addr=2000318E bit=00000007
[ERR] seq=5240 err=8528
[ERR] seq=5241 err=672
[ERR] seq=5242 err=712
[ERR] seq=5243 err=80
[ERR] seq=5244 err=40
[SEU] addr=200031CE bit=00000005
[SEU] addr=20003161 bit=00000003
[SEU] addr=20003185 bit=00000002
[SEU] addr=20003146 bit=00000001
[SAMPLE QUEUE CORRUPTED] primary repaired
[SEU] addr=20003196 bit=00000004
[ERR] seq=5262 err=2516
[SEU] addr=2000318B bit=00000002
[ERR] seq=5263 err=200
[ERR] seq=5264 err=216
[SEU] addr=20003175 bit=00000001
[ERR] seq=5265 err=32
[ERR] seq=5266 err=16
[SEU] addr=200031BE bit=00000001
[SEU] addr=20003149 bit=00000006
[SEU] addr=200031B5 bit=00000006
[SEU] addr=20003152 bit=00000005
[SEU] addr=2000317C bit=00000001
[SEU] addr=2000315A bit=00000000
[SEU] addr=2000315F bit=00000004
[CMD QUEUE backup CORRUPTED] backup repaired
[SEU] addr=200031A6 bit=00000004
[SEU] addr=200031D3 bit=00000003
[SEU] addr=2000319C bit=00000002
[SEU] addr=20003159 bit=00000003
[SEU] addr=200031B6 bit=00000002
[SEU] addr=200031A9 bit=00000007
[SEU] addr=20003182 bit=00000007
[SEU] addr=200031D6 bit=00000004
[SEU] addr=200031D5 bit=00000002
[SEU] addr=20003167 bit=00000005
[SEU] addr=200031BF bit=00000007
[SEU] addr=200031AF bit=00000006
[SEU] addr=200031C1 bit=00000001
[SEU] addr=2000318C bit=00000002
[ERR] seq=5384 err=520
[ERR] seq=5385 err=24
[SEU] addr=200031E5 bit=00000001
[ERR] seq=5386 err=24
[SEU] addr=2000319D bit=00000007
[SEU] addr=200031D4 bit=00000005
[SEU] addr=2000317E bit=00000002
[SEU] addr=2000315A bit=00000001
[SEU] addr=20003149 bit=00000003
[SEU] addr=20003188 bit=00000003
[SEU] addr=2000319A bit=00000001
[ERR] seq=5427 err=2516
[ERR] seq=5428 err=200
[SEU] addr=200031A4 bit=00000003
[ERR] seq=5429 err=216
[ERR] seq=5430 err=32
[ERR] seq=5431 err=16
[SEU] addr=200031BF bit=00000002
[SEU] addr=20003149 bit=00000007
[SEU] addr=200031DA bit=00000001
[SEU] addr=20003144 bit=00000001
[SAMPLE QUEUE CORRUPTED] primary repaired
[SEU] addr=20003168 bit=00000001
[SEU] addr=2000314A bit=00000004
[SEU] addr=200031B4 bit=00000001
[SEU] addr=20003175 bit=00000004
[SEU] addr=200031B7 bit=00000005
[SEU] addr=200031AC bit=00000000
[SEU] addr=20003161 bit=00000003
[SEU] addr=20003196 bit=00000007
[ERR] seq=5485 err=2500
[ERR] seq=5486 err=200
[ERR] seq=5487 err=216
[ERR] seq=5488 err=32
[ERR] seq=5489 err=16
[SEU] addr=200031CC bit=00000000
[SEU] addr=20003174 bit=00000000
[SEU] addr=2000317B bit=00000004
[SEU] addr=20003172 bit=00000007
[SEU] addr=200031C0 bit=00000004
[SEU] addr=2000319A bit=00000001
[ERR] seq=5514 err=2492
[ERR] seq=5515 err=192
[ERR] seq=5516 err=200
[ERR] seq=5517 err=24
[ERR] seq=5518 err=16
[SEU] addr=20003199 bit=00000006
[ERR] seq=5521 err=2492
[SEU] addr=2000319B bit=00000000
[ERR] seq=5522 err=2492
[ERR] seq=5524 err=192
[ERR] seq=5525 err=8
[ERR] seq=5526 err=8
[SEU] addr=200031A5 bit=00000000
[SEU] addr=200031CC bit=00000005
[SEU] addr=20003194 bit=00000000
[ERR] seq=5541 err=8
[SEU] addr=200031D7 bit=00000002
[SEU] addr=20003183 bit=00000005
[SEU] addr=200031CE bit=00000007
[SEU] addr=200031A5 bit=00000002
[SEU] addr=200031C8 bit=00000000
[SEU] addr=2000316A bit=00000001
[SEU] addr=200031C8 bit=00000004
[SEU] addr=20003178 bit=00000001
[SEU] addr=20003186 bit=00000005
[SEU] addr=20003183 bit=00000002
[SEU] addr=2000317D bit=00000006
[SEU] addr=20003145 bit=00000006
[SAMPLE QUEUE CORRUPTED] primary repaired
[SEU] addr=20003190 bit=00000004
[ERR] seq=5625 err=128
[ERR] seq=5626 err=8
[ERR] seq=5627 err=8
[SEU] addr=200031A0 bit=00000000
[SEU] addr=2000319B bit=00000005
[SEU] addr=200031AF bit=00000001
[SEU] addr=200031C5 bit=00000007
[SEU] addr=20003190 bit=00000006
[ERR] seq=5656 err=512
[ERR] seq=5657 err=40
[ERR] seq=5658 err=40
[SEU] addr=200031B3 bit=00000007
[SEU] addr=2000318B bit=00000007
[SEU] addr=200031AA bit=00000006
[SEU] addr=20003147 bit=00000001
[SAMPLE QUEUE CORRUPTED] primary repaired
[SEU] addr=200031A2 bit=00000000
[SEU] addr=20003187 bit=00000007
[SEU] addr=2000317E bit=00000007
[SEU] addr=20003153 bit=00000006
[SEU] addr=200031D8 bit=00000004
[SEU] addr=200031DF bit=00000000
[SEU] addr=200031B7 bit=00000003
[SEU] addr=2000316E bit=00000007
[SEU] addr=20003179 bit=00000006
[SEU] addr=2000315D bit=00000000
[CMD QUEUE backup CORRUPTED] backup repaired
[SEU] addr=2000319C bit=00000003
[SEU] addr=2000314D bit=00000000
[SAMPLE QUEUE backup CORRUPTED] backup repaired
[SEU] addr=200031BC bit=00000004
[SEU] addr=20003170 bit=00000000
[SEU] addr=20003189 bit=00000003
[SEU] addr=20003153 bit=00000004
[SEU] addr=2000319F bit=00000006
[SEU] addr=200031B0 bit=00000002
[SEU] addr=200031DF bit=00000006
[SEU] addr=2000314B bit=00000006
[SEU] addr=200031E4 bit=00000006
[SEU] addr=2000314D bit=00000004
[SAMPLE QUEUE backup CORRUPTED] backup repaired
[SEU] addr=2000319E bit=00000005
[SEU] addr=200031BE bit=00000005
[SEU] addr=200031CF bit=00000006
[SEU] addr=2000318A bit=00000004
[SEU] addr=2000315B bit=00000003
[SEU] addr=200031D1 bit=00000000
[SEU] addr=200031CE bit=00000000
[SEU] addr=200031A9 bit=00000002
[SEU] addr=2000316C bit=00000000
[SEU] addr=20003154 bit=00000006
[CMD QUEUE CORRUPTED] primary repaired
[SEU] addr=20003185 bit=00000007
[SEU] addr=20003152 bit=00000002
[SEU] addr=20003149 bit=00000002
[SEU] addr=2000315F bit=00000004
[CMD QUEUE backup CORRUPTED] backup repaired
[SEU] addr=2000314C bit=00000007
[SAMPLE QUEUE backup CORRUPTED] backup repaired
[SEU] addr=2000314D bit=00000003
[SAMPLE QUEUE backup CORRUPTED] backup repaired
[SEU] addr=200031EB bit=00000006
[SEU] addr=20003146 bit=00000002
[SAMPLE QUEUE CORRUPTED] primary repaired
[SEU] addr=200031D7 bit=00000003
[SEU] addr=20003194 bit=00000002
[ERR] seq=5940 err=32
[SEU] addr=2000315E bit=00000002
[CMD QUEUE backup CORRUPTED] backup repaired
[SEU] addr=200031CA bit=00000003
[SEU] addr=200031CD bit=00000003
[SEU] addr=200031DA bit=00000001
[SEU] addr=200031E9 bit=00000000
[SEU] addr=200031E6 bit=00000003
[SEU] addr=200031C5 bit=00000003
[SEU] addr=200031AA bit=00000001
[SEU] addr=2000316D bit=00000005
[SEU] addr=2000317C bit=00000000
[SEU] addr=2000316A bit=00000004
[SEU] addr=20003155 bit=00000001
[CMD QUEUE CORRUPTED] primary repaired
[SEU] addr=20003182 bit=00000005
[SEU] addr=20003162 bit=00000004
[SEU] addr=20003169 bit=00000001
[SEU] addr=200031D1 bit=00000002
[SEU] addr=2000317A bit=00000000
[SEU] addr=2000317A bit=00000005
[SEU] addr=20003174 bit=00000005
[SEU] addr=200031A6 bit=00000003
[SEU] addr=200031D7 bit=00000007
[SEU] addr=20003163 bit=00000007
[SEU] addr=200031D0 bit=00000000
[SEU] addr=200031BE bit=00000000
[SEU] addr=200031C8 bit=00000003
[SEU] addr=2000316F bit=00000002
[SEU] addr=20003183 bit=00000006
[SEU] addr=20003178 bit=00000003
[SEU] addr=2000316A bit=00000002
[SEU] addr=200031A2 bit=00000006
[SEU] addr=2000319E bit=00000003
[SEU] addr=20003162 bit=00000006
[SEU] addr=20003170 bit=00000006
[SEU] addr=200031C1 bit=00000005
[SEU] addr=200031A6 bit=00000003
[SEU] addr=200031A0 bit=00000004
[SEU] addr=20003156 bit=00000004
[CMD QUEUE CORRUPTED] primary repaired
[SEU] addr=200031A2 bit=00000002
[SEU] addr=2000317D bit=00000003
[SEU] addr=20003193 bit=00000000
[ERR] seq=6155 err=2564
[ERR] seq=6156 err=200
[ERR] seq=6157 err=216
[ERR] seq=6158 err=32
[ERR] seq=6159 err=16
[SEU] addr=200031A8 bit=00000003
[SEU] addr=2000318F bit=00000007
[ERR] seq=6164 err=177408
[ERR] seq=6165 err=7596
[SEU] addr=2000315A bit=00000005
[ERR] seq=6166 err=7420
[ERR] seq=6167 err=1176
[ERR] seq=6168 err=648
[ERR] seq=6169 err=120
[ERR] seq=6170 err=48
[SEU] addr=200031B5 bit=00000007
[SEU] addr=200031DF bit=00000003
[SEU] addr=200031C7 bit=00000003
[SEU] addr=200031BD bit=00000004
[SEU] addr=20003155 bit=00000001
[CMD QUEUE CORRUPTED] primary repaired
[SEU] addr=200031C2 bit=00000005
[SEU] addr=2000314F bit=00000004
[SAMPLE QUEUE backup CORRUPTED] backup repaired
[SEU] addr=200031E4 bit=00000003
[SEU] addr=200031CC bit=00000004
[SEU] addr=20003176 bit=00000002
[SEU] addr=200031E6 bit=00000002
[SEU] addr=200031A4 bit=00000002
[SEU] addr=200031DF bit=00000002
[SEU] addr=200031CE bit=00000004
[SEU] addr=20003182 bit=00000002
[SEU] addr=20003191 bit=00000003
[ERR] seq=6244 err=2532
[ERR] seq=6245 err=200
[ERR] seq=6246 err=216
[ERR] seq=6247 err=32
[ERR] seq=6248 err=16
[SEU] addr=20003167 bit=00000004
[SEU] addr=20003179 bit=00000002
[SEU] addr=200031E2 bit=00000001
[SEU] addr=20003178 bit=00000002
[SEU] addr=200031B2 bit=00000007
[SEU] addr=200031D5 bit=00000002
[SEU] addr=200031CA bit=00000006
[SEU] addr=20003188 bit=00000007
[SEU] addr=2000317E bit=00000004
[SEU] addr=2000318E bit=00000006
[ERR] seq=6308 err=5416
[ERR] seq=6309 err=416
[ERR] seq=6310 err=440
[ERR] seq=6311 err=48
[ERR] seq=6312 err=24
[SEU] addr=2000317F bit=00000002
[SEU] addr=200031EA bit=00000003
[SEU] addr=20003179 bit=00000001
[SEU] addr=20003157 bit=00000003
[CMD QUEUE CORRUPTED] primary repaired
[SEU] addr=200031D6 bit=00000005
[SEU] addr=2000314C bit=00000003
[SAMPLE QUEUE backup CORRUPTED] backup repaired
[SEU] addr=20003172 bit=00000005
[SEU] addr=200031B8 bit=00000004
[SEU] addr=200031D4 bit=00000004
[SEU] addr=200031D3 bit=00000006
[SEU] addr=20003155 bit=00000007
[CMD QUEUE CORRUPTED] primary repaired
[SEU] addr=20003183 bit=00000000
[SEU] addr=20003182 bit=00000003
[SEU] addr=200031C2 bit=00000006
[SEU] addr=20003190 bit=00000006
[ERR] seq=6388 err=512
[ERR] seq=6389 err=40
[SEU] addr=200031E9 bit=00000000
[ERR] seq=6390 err=40
[SEU] addr=200031B3 bit=00000006
[SEU] addr=200031CE bit=00000002
[SEU] addr=20003179 bit=00000001
[SEU] addr=200031E9 bit=00000001
[SEU] addr=20003168 bit=00000007
[SEU] addr=20003161 bit=00000003
[SEU] addr=20003169 bit=00000003
[SEU] addr=200031C7 bit=00000001
[SEU] addr=2000319E bit=00000005
[SEU] addr=20003175 bit=00000002
[SEU] addr=2000318F bit=00000003
[ERR] seq=6443 err=784
[ERR] seq=6444 err=56
[ERR] seq=6445 err=56
[SEU] addr=20003171 bit=00000002
[SEU] addr=20003145 bit=00000006
[SAMPLE QUEUE CORRUPTED] primary repaired
[SEU] addr=200031B8 bit=00000004
[SEU] addr=200031D4 bit=00000001
[SEU] addr=200031AA bit=00000003
[SEU] addr=200031E1 bit=00000000
[SEU] addr=20003161 bit=00000007
[SEU] addr=20003169 bit=00000006
[SEU] addr=200031CF bit=00000003
[SEU] addr=20003182 bit=00000007
[SEU] addr=200031D3 bit=00000001
[SEU] addr=20003177 bit=00000004
[SEU] addr=200031B7 bit=00000000
[SEU] addr=20003195 bit=00000006
[ERR] seq=6522 err=2468
[ERR] seq=6523 err=192
[ERR] seq=6524 err=200
[ERR] seq=6525 err=24
[ERR] seq=6526 err=16
[SEU] addr=20003183 bit=00000001
[SEU] addr=200031D0 bit=00000006
[SEU] addr=200031A3 bit=00000000
[SEU] addr=200031BA bit=00000006
[SEU] addr=2000315F bit=00000000
[CMD QUEUE backup CORRUPTED] backup repaired
[SEU] addr=20003170 bit=00000007
[SEU] addr=20003174 bit=00000000
[SEU] addr=20003147 bit=00000006
[SAMPLE QUEUE CORRUPTED] primary repaired
[SEU] addr=20003183 bit=00000006
[SEU] addr=20003189 bit=00000004
[SEU] addr=200031D8 bit=00000001
[SEU] addr=2000316D bit=00000006
[SEU] addr=200031C0 bit=00000007
[SEU] addr=2000316C bit=00000000
[SEU] addr=20003174 bit=00000002
[SEU] addr=200031BE bit=00000004
[SEU] addr=20003155 bit=00000007
[CMD QUEUE CORRUPTED] primary repaired
[SEU] addr=20003167 bit=00000003
[SEU] addr=200031D8 bit=00000005
[SEU] addr=200031D1 bit=00000003
[SEU] addr=200031C0 bit=00000000
[SEU] addr=200031BF bit=00000003
[SEU] addr=20003165 bit=00000002
[SEU] addr=2000318B bit=00000007
[SEU] addr=2000316E bit=00000000
[SEU] addr=20003159 bit=00000007
[SEU] addr=200031A9 bit=00000006
[SEU] addr=20003179 bit=00000004
[SEU] addr=200031A9 bit=00000007
[SEU] addr=200031D0 bit=00000000
[SEU] addr=200031DE bit=00000001
[SEU] addr=20003170 bit=00000002
[SEU] addr=2000316A bit=00000007
[SEU] addr=200031D4 bit=00000006
[SEU] addr=20003178 bit=00000006
[SEU] addr=20003196 bit=00000007
[ERR] seq=6700 err=2516
[ERR] seq=6701 err=200
[ERR] seq=6702 err=216
[ERR] seq=6703 err=32
[ERR] seq=6704 err=16
[SEU] addr=200031B3 bit=00000003
[SEU] addr=20003178 bit=00000007
[SEU] addr=20003147 bit=00000005
[SAMPLE QUEUE CORRUPTED] primary repaired
[SEU] addr=200031DC bit=00000001
[SEU] addr=200031C4 bit=00000001
[SEU] addr=2000316D bit=00000003
[SEU] addr=200031D8 bit=00000006
[SEU] addr=2000316F bit=00000002
[SEU] addr=200031D8 bit=00000004
[SEU] addr=20003182 bit=00000000
[SEU] addr=2000315D bit=00000004
[CMD QUEUE backup CORRUPTED] backup repaired
[SEU] addr=20003165 bit=00000005
[SEU] addr=200031E1 bit=00000003
[SEU] addr=2000314C bit=00000003
[SAMPLE QUEUE backup CORRUPTED] backup repaired
[SEU] addr=2000315B bit=00000003
[SEU] addr=200031BE bit=00000006
[SEU] addr=200031E8 bit=00000004
[SEU] addr=20003196 bit=00000002
[ERR] seq=6791 err=2484
[ERR] seq=6792 err=192
[ERR] seq=6793 err=200
[ERR] seq=6794 err=24
[ERR] seq=6795 err=16
[SEU] addr=2000314C bit=00000006
[SAMPLE QUEUE backup CORRUPTED] backup repaired
[SEU] addr=2000315F bit=00000000
[CMD QUEUE backup CORRUPTED] backup repaired
[SEU] addr=2000314A bit=00000001
[SEU] addr=2000318A bit=00000007
[SEU] addr=2000319A bit=00000006
[ERR] seq=6818 err=2524
[ERR] seq=6819 err=200
[ERR] seq=6820 err=216
[ERR] seq=6821 err=32
[ERR] seq=6822 err=16
[SEU] addr=20003176 bit=00000000
[SEU] addr=200031E0 bit=00000001
[SEU] addr=200031B3 bit=00000007
[SEU] addr=200031B9 bit=00000001
[SEU] addr=20003190 bit=00000007
[ERR] seq=6849 err=1024
[ERR] seq=6850 err=80
[ERR] seq=6851 err=80
[SEU] addr=200031A8 bit=00000001
[SEU] addr=20003199 bit=00000004
[ERR] seq=6854 err=2524
[ERR] seq=6855 err=200
[ERR] seq=6856 err=216
[ERR] seq=6857 err=32
[ERR] seq=6858 err=16
[SEU] addr=200031B4 bit=00000003
[SEU] addr=20003184 bit=00000004
[SEU] addr=200031EB bit=00000004
[SEU] addr=20003144 bit=00000004
[SAMPLE QUEUE CORRUPTED] primary repaired
[SEU] addr=200031B5 bit=00000006
[SEU] addr=200031CA bit=00000004
[SEU] addr=200031A8 bit=00000003
[SEU] addr=200031B6 bit=00000006
[SEU] addr=20003185 bit=00000004
[SEU] addr=200031B0 bit=00000001
[SEU] addr=200031B8 bit=00000004
[SEU] addr=200031DA bit=00000000
[SEU] addr=2000314A bit=00000003
[SEU] addr=2000315C bit=00000002
[CMD QUEUE backup CORRUPTED] backup repaired
[SEU] addr=200031AA bit=00000004
[SEU] addr=20003185 bit=00000006
[SEU] addr=20003191 bit=00000005
[ERR] seq=6937 err=2500
[ERR] seq=6938 err=200
[SEU] addr=20003160 bit=00000002
[CMD QUEUE backup CORRUPTED] backup repaired
[ERR] seq=6939 err=216
[ERR] seq=6940 err=32
[SEU] addr=200031A9 bit=00000002
[ERR] seq=6941 err=16
[SEU] addr=200031B8 bit=00000007
[SEU] addr=200031A6 bit=00000002
[SEU] addr=200031A0 bit=00000001
[SEU] addr=2000319B bit=00000003
[ERR] seq=6959 err=2492
[ERR] seq=6960 err=192
[ERR] seq=6961 err=200
[ERR] seq=6962 err=24
[ERR] seq=6963 err=16
[SEU] addr=200031AC bit=00000000
[SEU] addr=20003184 bit=00000004
[SEU] addr=200031D0 bit=00000004
[SEU] addr=20003160 bit=00000006
[CMD QUEUE backup CORRUPTED] backup repaired
[SEU] addr=20003160 bit=00000004
[CMD QUEUE backup CORRUPTED] backup repaired
[SEU] addr=200031B5 bit=00000000
[SEU] addr=20003181 bit=00000004
[SEU] addr=20003148 bit=00000005
[SAMPLE QUEUE CORRUPTED] primary repaired
[SEU] addr=2000314C bit=00000001
[SAMPLE QUEUE backup CORRUPTED] backup repaired
[SEU] addr=200031AF bit=00000000
[SEU] addr=200031CF bit=00000000
[SEU] addr=20003155 bit=00000006
[CMD QUEUE CORRUPTED] primary repaired
[SEU] addr=200031B8 bit=00000007
[SEU] addr=20003147 bit=00000003
[SAMPLE QUEUE CORRUPTED] primary repaired
[SEU] addr=200031CA bit=00000005
[SEU] addr=200031BD bit=00000000
[SEU] addr=200031DA bit=00000006
[SEU] addr=200031CB bit=00000003
[SEU] addr=2000318F bit=00000000
[ERR] seq=7045 err=528
[ERR] seq=7046 err=24
[ERR] seq=7047 err=24
[SEU] addr=20003193 bit=00000003
[ERR] seq=7049 err=2452
[ERR] seq=7050 err=192
[ERR] seq=7051 err=200
[ERR] seq=7052 err=24
[SEU] addr=20003189 bit=00000000
[ERR] seq=7053 err=16
[SEU] addr=2000314A bit=00000003
[SEU] addr=200031B0 bit=00000002
[SEU] addr=2000319C bit=00000002
[SEU] addr=200031A6 bit=00000004
[SEU] addr=20003161 bit=00000003
[SEU] addr=20003196 bit=00000002
[ERR] seq=7084 err=2508
[ERR] seq=7085 err=200
[ERR] seq=7086 err=216
[ERR] seq=7087 err=32
[ERR] seq=7088 err=16
[SEU] addr=2000319D bit=00000003
[SEU] addr=200031DF bit=00000003
[SEU] addr=200031B3 bit=00000002
[SEU] addr=20003154 bit=00000005
[CMD QUEUE CORRUPTED] primary repaired
[SEU] addr=200031A1 bit=00000007
[SEU] addr=200031E9 bit=00000003
[SEU] addr=2000315F bit=00000001
[CMD QUEUE backup CORRUPTED] backup repaired
[SEU] addr=20003151 bit=00000001
[SEU] addr=200031BB bit=00000000
[SEU] addr=200031A0 bit=00000004
[SEU] addr=20003176 bit=00000005
[SEU] addr=200031AC bit=00000000
[SEU] addr=200031CD bit=00000005
[SEU] addr=20003171 bit=00000000
[SEU] addr=20003184 bit=00000006
[SEU] addr=200031DD bit=00000000
[SEU] addr=20003179 bit=00000006
[SEU] addr=2000316C bit=00000006
[SEU] addr=200031BE bit=00000003
[SEU] addr=20003145 bit=00000007
[SAMPLE QUEUE CORRUPTED] primary repaired
[SEU] addr=20003157 bit=00000002
[CMD QUEUE CORRUPTED] primary repaired
[SEU] addr=200031E8 bit=00000004
[SEU] addr=20003164 bit=00000004
[SEU] addr=20003196 bit=00000001
[ERR] seq=7199 err=2468
[ERR] seq=7200 err=192
[SEU] addr=200031E0 bit=00000006
[ERR] seq=7201 err=200
[ERR] seq=7202 err=24
[SEU] addr=20003171 bit=00000001
[ERR] seq=7203 err=16
[SEU] addr=200031BC bit=00000000
[SEU] addr=20003183 bit=00000005
[SEU] addr=200031E2 bit=00000006
[SEU] addr=2000318D bit=00000006
[ERR] seq=7219 err=4360
[ERR] seq=7220 err=328
[ERR] seq=7221 err=336
[SEU] addr=200031C5 bit=00000002
[ERR] seq=7222 err=16
[ERR] seq=7223 err=8
[SEU] addr=200031B7 bit=00000000
[SEU] addr=200031D2 bit=00000002
[SEU] addr=20003161 bit=00000007
[SEU] addr=20003194 bit=00000006
[ERR] seq=7247 err=512
[ERR] seq=7248 err=40
[ERR] seq=7249 err=40
[SEU] addr=20003170 bit=00000004
[SEU] addr=200031A1 bit=00000000
[SEU] addr=20003158 bit=00000000
[CMD QUEUE CORRUPTED] primary repaired
[SEU] addr=2000318A bit=00000003
[SEU] addr=20003159 bit=00000004
[SEU] addr=200031A4 bit=00000004
[SEU] addr=200031E5 bit=00000000
[SEU] addr=20003167 bit=00000005
[SEU] addr=20003194 bit=00000003
[ERR] seq=7306 err=64
[SEU] addr=200031DB bit=00000002
[SEU] addr=20003194 bit=00000004
[ERR] seq=7314 err=128
[ERR] seq=7315 err=8
[ERR] seq=7316 err=8
[SEU] addr=20003157 bit=00000001
[CMD QUEUE CORRUPTED] primary repaired
[SEU] addr=200031A8 bit=00000004
[SEU] addr=20003185 bit=00000002
[SEU] addr=200031A6 bit=00000003
[SEU] addr=200031B3 bit=00000001
[SEU] addr=200031BB bit=00000000
[SEU] addr=2000318B bit=00000000
[SEU] addr=20003176 bit=00000002
[SEU] addr=2000314A bit=00000003
[SEU] addr=2000317F bit=00000003
[SEU] addr=20003195 bit=00000000
[ERR] seq=7373 err=2048
[ERR] seq=7374 err=160
[ERR] seq=7375 err=168
[ERR] seq=7376 err=16
[ERR] seq=7377 err=8
[SEU] addr=2000315A bit=00000003
[SEU] addr=200031B4 bit=00000002
[SEU] addr=2000317A bit=00000000
[SEU] addr=20003164 bit=00000004
[SEU] addr=2000314E bit=00000005
[SAMPLE QUEUE backup CORRUPTED] backup repaired
[SEU] addr=2000318C bit=00000005
[ERR] seq=7395 err=2968
[ERR] seq=7396 err=232
[ERR] seq=7397 err=240
[ERR] seq=7398 err=16
[ERR] seq=7399 err=8
[SEU] addr=200031DA bit=00000000
[SEU] addr=20003173 bit=00000005
[SEU] addr=2000318D bit=00000001
[ERR] seq=7413 err=4632
[ERR] seq=7414 err=352
[ERR] seq=7415 err=368
[ERR] seq=7416 err=32
[ERR] seq=7417 err=16
[SEU] addr=20003192 bit=00000000
[ERR] seq=7420 err=2460
[ERR] seq=7421 err=192
[ERR] seq=7422 err=200
[ERR] seq=7423 err=24
[ERR] seq=7424 err=16
[SEU] addr=200031CF bit=00000005
[SEU] addr=2000318A bit=00000003
[SEU] addr=200031CF bit=00000002
[SEU] addr=200031A2 bit=00000000
[SEU] addr=200031C0 bit=00000007
[SEU] addr=20003147 bit=00000003
[SAMPLE QUEUE CORRUPTED] primary repaired
[SEU] addr=20003161 bit=00000007
[SEU] addr=200031E4 bit=00000004
[SEU] addr=200031A9 bit=00000000
[SEU] addr=2000316A bit=00000006
[SEU] addr=200031E2 bit=00000007
[SEU] addr=20003186 bit=00000006
[SEU] addr=20003144 bit=00000005
[SAMPLE QUEUE CORRUPTED] primary repaired
[SEU] addr=200031D7 bit=00000007
[SEU] addr=200031C5 bit=00000000
[SEU] addr=200031D3 bit=00000000
[SEU] addr=200031A1 bit=00000002
[SEU] addr=2000315F bit=00000005
[CMD QUEUE backup CORRUPTED] backup repaired
[SEU] addr=200031E0 bit=00000002
[SEU] addr=200031E8 bit=00000007
[SEU] addr=20003159 bit=00000004
[SEU] addr=200031C6 bit=00000005
[SEU] addr=20003163 bit=00000000
[SEU] addr=200031AF bit=00000001
[SEU] addr=2000316D bit=00000001
[SEU] addr=2000318F bit=00000004
[ERR] seq=7565 err=2000
[ERR] seq=7566 err=144
[ERR] seq=7567 err=144
[SEU] addr=200031B4 bit=00000006
[SEU] addr=200031EB bit=00000000
[SEU] addr=20003180 bit=00000000
[SEU] addr=200031E6 bit=00000004
[SEU] addr=20003155 bit=00000007
[CMD QUEUE CORRUPTED] primary repaired
[SEU] addr=20003171 bit=00000000
[SEU] addr=20003199 bit=00000006
[ERR] seq=7616 err=2516
[ERR] seq=7617 err=200
[ERR] seq=7618 err=216
[ERR] seq=7619 err=32
[ERR] seq=7620 err=16
[SEU] addr=20003146 bit=00000003
[SAMPLE QUEUE CORRUPTED] primary repaired
[SEU] addr=20003145 bit=00000006
[SAMPLE QUEUE CORRUPTED] primary repaired
[SEU] addr=2000319D bit=00000006
[SEU] addr=20003162 bit=00000005
[SEU] addr=200031C4 bit=00000000
[SEU] addr=20003148 bit=00000005
[SAMPLE QUEUE CORRUPTED] primary repaired
[SEU] addr=200031E2 bit=00000005
[SEU] addr=200031DB bit=00000002
[SEU] addr=20003174 bit=00000003
[SEU] addr=200031C7 bit=00000005
[SEU] addr=2000316B bit=00000004
[SEU] addr=20003185 bit=00000006
[SEU] addr=2000317E bit=00000004
[SEU] addr=200031CF bit=00000001
[SEU] addr=20003154 bit=00000001
[CMD QUEUE CORRUPTED] primary repaired
[SEU] addr=200031DD bit=00000002
[SEU] addr=20003187 bit=00000002
[SEU] addr=2000315C bit=00000002
[CMD QUEUE backup CORRUPTED] backup repaired
[SEU] addr=20003160 bit=00000002
[CMD QUEUE backup CORRUPTED] backup repaired
[SEU] addr=2000314A bit=00000004
[SEU] addr=2000315B bit=00000000
[SEU] addr=2000315D bit=00000003
[CMD QUEUE backup CORRUPTED] backup repaired
[SEU] addr=200031BB bit=00000002
[SEU] addr=200031D5 bit=00000004
[SEU] addr=200031A8 bit=00000004
[SEU] addr=200031A8 bit=00000001
[SEU] addr=200031DE bit=00000004
[SEU] addr=20003185 bit=00000007
[SEU] addr=20003190 bit=00000004
[ERR] seq=7743 err=128
[ERR] seq=7744 err=8
[ERR] seq=7745 err=8
[SEU] addr=200031EA bit=00000001
[SEU] addr=20003189 bit=00000007
[SEU] addr=20003186 bit=00000004
[SEU] addr=20003185 bit=00000000
[SEU] addr=20003157 bit=00000005
[CMD QUEUE CORRUPTED] primary repaired
[SEU] addr=20003185 bit=00000000
[SEU] addr=2000319F bit=00000002
[SEU] addr=20003197 bit=00000003
[ERR] seq=7790 err=2516
[ERR] seq=7791 err=200
[ERR] seq=7792 err=216
[ERR] seq=7793 err=32
[ERR] seq=7794 err=16
[SEU] addr=200031D2 bit=00000002
[SEU] addr=20003180 bit=00000007
[SEU] addr=2000317B bit=00000002
[SEU] addr=20003174 bit=00000003
[SEU] addr=2000318E bit=00000002
[ERR] seq=7818 err=1432
[ERR] seq=7819 err=96
[ERR] seq=7820 err=96
[SEU] addr=2000315F bit=00000002
[CMD QUEUE backup CORRUPTED] backup repaired
[SEU] addr=2000317D bit=00000007
[SEU] addr=2000316B bit=00000006
[SEU] addr=20003147 bit=00000003
[SAMPLE QUEUE CORRUPTED] primary repaired
[SEU] addr=200031BF bit=00000003
[SEU] addr=200031E5 bit=00000002
[SEU] addr=200031E9 bit=00000002
[SEU] addr=200031C4 bit=00000005
[SEU] addr=20003199 bit=00000002
[ERR] seq=7874 err=2492
[SEU] addr=200031B9 bit=00000004
[ERR] seq=7875 err=192
[ERR] seq=7876 err=200
[ERR] seq=7877 err=24
[ERR] seq=7878 err=16
[SEU] addr=200031B6 bit=00000000
[SEU] addr=20003186 bit=00000006
[SEU] addr=200031B3 bit=00000000
[SEU] addr=20003157 bit=00000002
[CMD QUEUE CORRUPTED] primary repaired
[SEU] addr=200031D9 bit=00000006
[SEU] addr=20003157 bit=00000003
[CMD QUEUE CORRUPTED] primary repaired
[SEU] addr=20003160 bit=00000007
[CMD QUEUE backup CORRUPTED] backup repaired
[SEU] addr=200031DB bit=00000006
[SEU] addr=200031B9 bit=00000000
[SEU] addr=2000316C bit=00000003
[SEU] addr=20003189 bit=00000006
[SEU] addr=20003166 bit=00000004
[SEU] addr=2000319D bit=00000005
[SEU] addr=2000319E bit=00000000
[SEU] addr=2000314E bit=00000007
[SAMPLE QUEUE backup CORRUPTED] backup repaired
[SEU] addr=20003197 bit=00000005
[SEU] addr=20003175 bit=00000007
[SEU] addr=200031E5 bit=00000002
[SEU] addr=2000317E bit=00000004
[SEU] addr=2000317B bit=00000005
[SEU] addr=200031C6 bit=00000003
[SEU] addr=2000319B bit=00000007
[SEU] addr=200031D5 bit=00000003
[SEU] addr=20003199 bit=00000001
[ERR] seq=8001 err=2500
[ERR] seq=8002 err=200
[ERR] seq=8003 err=216
[ERR] seq=8004 err=32
[ERR] seq=8005 err=16
[SEU] addr=200031BE bit=00000004
[SEU] addr=200031A9 bit=00000004
[SEU] addr=20003195 bit=00000001
[ERR] seq=8015 err=2500
[ERR] seq=8016 err=200
[ERR] seq=8017 err=216
[ERR] seq=8018 err=32
[ERR] seq=8019 err=16
[SEU] addr=2000316F bit=00000006
[SEU] addr=20003183 bit=00000003
[SEU] addr=200031B0 bit=00000003
[SEU] addr=20003181 bit=00000001
[SEU] addr=200031A3 bit=00000007
[SEU] addr=20003145 bit=00000000
[SAMPLE QUEUE CORRUPTED] primary repaired
[SEU] addr=200031BF bit=00000005
[SEU] addr=2000318B bit=00000002
[SEU] addr=200031B2 bit=00000007
[SEU] addr=20003158 bit=00000005
[CMD QUEUE CORRUPTED] primary repaired
[SEU] addr=20003171 bit=00000006
[SEU] addr=200031DE bit=00000004
[SEU] addr=200031D0 bit=00000006
[SEU] addr=200031C2 bit=00000005
[SEU] addr=200031C1 bit=00000000
[SEU] addr=200031AD bit=00000004
[SEU] addr=200031B7 bit=00000003
[SEU] addr=2000314C bit=00000002
[SAMPLE QUEUE backup CORRUPTED] backup repaired
[SEU] addr=2000315A bit=00000007
[SEU] addr=20003144 bit=00000007
[SAMPLE QUEUE CORRUPTED] primary repaired
[SEU] addr=20003182 bit=00000003
[SEU] addr=20003195 bit=00000007
[ERR] seq=8133 err=2524
[ERR] seq=8134 err=200
[SEU] addr=200031B0 bit=00000007
[ERR] seq=8135 err=216
[ERR] seq=8136 err=32
[ERR] seq=8137 err=16
[SEU] addr=200031DC bit=00000000
[SEU] addr=200031D0 bit=00000005
[SEU] addr=200031B3 bit=00000004
[SEU] addr=2000318F bit=00000004
[ERR] seq=8146 err=1168
[ERR] seq=8147 err=88
[ERR] seq=8148 err=88
[SEU] addr=20003160 bit=00000006
[CMD QUEUE backup CORRUPTED] backup repaired
[SEU] addr=20003186 bit=00000000
[SEU] addr=200031AE bit=00000003
[SEU] addr=20003150 bit=00000003
[SAMPLE QUEUE backup CORRUPTED] backup repaired
[SEU] addr=200031A3 bit=00000007
[SEU] addr=20003149 bit=00000002
[SEU] addr=200031BB bit=00000002
[SEU] addr=200031C2 bit=00000005
[SEU] addr=200031EB bit=00000007
[SEU] addr=20003183 bit=00000000
[SEU] addr=20003177 bit=00000005
[SEU] addr=20003182 bit=00000005
[SEU] addr=2000314B bit=00000001
[SEU] addr=200031BF bit=00000001
[SEU] addr=200031C7 bit=00000006
[SEU] addr=200031B0 bit=00000000
[SEU] addr=20003157 bit=00000006
[CMD QUEUE CORRUPTED] primary repaired
[SEU] addr=20003162 bit=00000003
[SEU] addr=200031C5 bit=00000004
[SEU] addr=200031CF bit=00000007
[SEU] addr=200031C0 bit=00000003
[SEU] addr=200031D3 bit=00000003
[SEU] addr=2000318B bit=00000002
[SEU] addr=20003154 bit=00000006
[CMD QUEUE CORRUPTED] primary repaired
[SEU] addr=200031B4 bit=00000001
[SEU] addr=200031CD bit=00000006
[SEU] addr=2000315E bit=00000001
[CMD QUEUE backup CORRUPTED] backup repaired
[SEU] addr=200031A3 bit=00000002
[SEU] addr=2000317E bit=00000001
[SEU] addr=200031D2 bit=00000003
[SEU] addr=200031AC bit=00000002
[SEU] addr=2000316A bit=00000007
[SEU] addr=200031CC bit=00000005
[SEU] addr=20003178 bit=00000001
[SEU] addr=20003159 bit=00000001
[SEU] addr=200031DF bit=00000004
[SEU] addr=2000314F bit=00000000
[SAMPLE QUEUE backup CORRUPTED] backup repaired
[SEU] addr=20003181 bit=00000005
[SEU] addr=20003184 bit=00000004
[SEU] addr=200031BC bit=00000005
[SEU] addr=200031D7 bit=00000000
[SEU] addr=20003157 bit=00000001
[CMD QUEUE CORRUPTED] primary repaired
[SEU] addr=200031CD bit=00000001
[SEU] addr=20003148 bit=00000001
[SAMPLE QUEUE CORRUPTED] primary repaired
[SEU] addr=200031AD bit=00000005
[SEU] addr=200031DC bit=00000005
[SEU] addr=200031B6 bit=00000003
[SEU] addr=200031E8 bit=00000003
[SEU] addr=2000315D bit=00000001
[CMD QUEUE backup CORRUPTED] backup repaired
[SEU] addr=2000316D bit=00000004
[SEU] addr=20003187 bit=00000005
[SEU] addr=2000316F bit=00000002
[SEU] addr=200031B8 bit=00000003
[SEU] addr=200031BD bit=00000004
[SEU] addr=2000317A bit=00000000
[SEU] addr=2000317E bit=00000003
[SEU] addr=20003158 bit=00000005
[CMD QUEUE CORRUPTED] primary repaired
[SEU] addr=200031A9 bit=00000001
[SEU] addr=2000318C bit=00000001
[ERR] seq=8472 err=192
[ERR] seq=8473 err=8
[ERR] seq=8474 err=8
[SEU] addr=20003156 bit=00000006
[CMD QUEUE CORRUPTED] primary repaired
[SEU] addr=20003180 bit=00000003
[SEU] addr=200031B3 bit=00000003
[SEU] addr=20003192 bit=00000007
[ERR] seq=8488 err=2452
[ERR] seq=8489 err=192
[ERR] seq=8490 err=200
[SEU] addr=200031E1 bit=00000007
[ERR] seq=8491 err=24
[ERR] seq=8492 err=16
[SEU] addr=2000315E bit=00000006
[CMD QUEUE backup CORRUPTED] backup repaired
[SEU] addr=200031CF bit=00000006
[SEU] addr=2000314B bit=00000007
[SEU] addr=20003156 bit=00000005
[CMD QUEUE CORRUPTED] primary repaired
[SEU] addr=2000316A bit=00000003
[SEU] addr=200031BD bit=00000005
[SEU] addr=2000319A bit=00000001
[ERR] seq=8528 err=2492
[ERR] seq=8529 err=192
[ERR] seq=8530 err=200
[ERR] seq=8531 err=24
[ERR] seq=8532 err=16
[SEU] addr=20003199 bit=00000004
[ERR] seq=8537 err=2492
[ERR] seq=8538 err=192
[ERR] seq=8539 err=200
[ERR] seq=8540 err=24
[ERR] seq=8541 err=16
[SEU] addr=20003175 bit=00000002
[SEU] addr=20003145 bit=00000002
[SAMPLE QUEUE CORRUPTED] primary repaired
[SEU] addr=2000315C bit=00000001
[CMD QUEUE backup CORRUPTED] backup repaired
[SEU] addr=20003196 bit=00000001
[ERR] seq=8551 err=2508
[ERR] seq=8552 err=200
[ERR] seq=8553 err=216
[ERR] seq=8554 err=32
[ERR] seq=8555 err=16
[SEU] addr=2000319F bit=00000004
[SEU] addr=200031A8 bit=00000007
[SEU] addr=20003160 bit=00000004
[CMD QUEUE backup CORRUPTED] backup repaired
[SEU] addr=20003173 bit=00000005
[SEU] addr=200031C1 bit=00000007
[SEU] addr=2000319B bit=00000001
[ERR] seq=8587 err=2516
[ERR] seq=8588 err=200
[ERR] seq=8589 err=216
[ERR] seq=8590 err=32
[ERR] seq=8591 err=16
[SEU] addr=2000315E bit=00000006
[CMD QUEUE backup CORRUPTED] backup repaired
[SEU] addr=20003168 bit=00000002
[SEU] addr=200031B9 bit=00000005
[SEU] addr=2000314D bit=00000000
[SAMPLE QUEUE backup CORRUPTED] backup repaired
[SEU] addr=20003165 bit=00000006
[SEU] addr=20003182 bit=00000006
[SEU] addr=200031B4 bit=00000007
[SEU] addr=200031A4 bit=00000002
[SEU] addr=2000319F bit=00000000
[SEU] addr=200031C7 bit=00000006
[SEU] addr=200031DE bit=00000002
[SEU] addr=200031CC bit=00000006
[SEU] addr=200031D4 bit=00000003
[SEU] addr=2000317A bit=00000007
[SEU] addr=20003189 bit=00000005
[SEU] addr=200031DF bit=00000004
[SEU] addr=20003190 bit=00000001
[ERR] seq=8689 err=16
[SEU] addr=20003190 bit=00000007
[ERR] seq=8699 err=1024
[ERR] seq=8700 err=80
[SEU] addr=200031B4 bit=00000006
[ERR] seq=8701 err=80
[SEU] addr=20003192 bit=00000001
[ERR] seq=8705 err=2532
[ERR] seq=8706 err=200
[ERR] seq=8707 err=216
[ERR] seq=8708 err=32
[ERR] seq=8709 err=16
[SEU] addr=20003178 bit=00000001
[SEU] addr=200031A1 bit=00000002
[SEU] addr=200031AD bit=00000007
[SEU] addr=200031A1 bit=00000006
[SEU] addr=2000314A bit=00000001
[SEU] addr=200031E7 bit=00000007
[SEU] addr=2000315B bit=00000003
[SEU] addr=20003170 bit=00000005
[SEU] addr=200031C3 bit=00000007
[SEU] addr=2000319A bit=00000002
[ERR] seq=8751 err=2492
[ERR] seq=8752 err=192
[ERR] seq=8753 err=200
[ERR] seq=8754 err=24
[ERR] seq=8755 err=16
[SEU] addr=200031B1 bit=00000006
[SEU] addr=200031CA bit=00000005
[SEU] addr=2000315A bit=00000001
[SEU] addr=200031C1 bit=00000004
[SEU] addr=20003149 bit=00000005
[SEU] addr=2000319E bit=00000004
[SEU] addr=200031D6 bit=00000002
[SEU] addr=200031E1 bit=00000005
[SEU] addr=200031EB bit=00000002
[SEU] addr=200031C1 bit=00000000
[SEU] addr=20003145 bit=00000005
[SAMPLE QUEUE CORRUPTED] primary repaired
[SEU] addr=20003144 bit=00000006
[SAMPLE QUEUE CORRUPTED] primary repaired
[SEU] addr=2000316E bit=00000001
[SEU] addr=20003187 bit=00000003
[SEU] addr=200031CA bit=00000002
[SEU] addr=200031E2 bit=00000004
[SEU] addr=20003192 bit=00000007
[ERR] seq=8850 err=2460
[ERR] seq=8851 err=192
[ERR] seq=8852 err=200
[ERR] seq=8853 err=24
[ERR] seq=8854 err=16
[SEU] addr=20003180 bit=00000002
[SEU] addr=20003145 bit=00000002
[SAMPLE QUEUE CORRUPTED] primary repaired
[SEU] addr=20003168 bit=00000000
[SEU] addr=2000316E bit=00000005
[SEU] addr=20003158 bit=00000003
[CMD QUEUE CORRUPTED] primary repaired
[SEU] addr=20003189 bit=00000004
[SEU] addr=20003151 bit=00000003
[SEU] addr=200031B6 bit=00000002
[SEU] addr=2000316B bit=00000001
[SEU] addr=2000314F bit=00000000
[SAMPLE QUEUE backup CORRUPTED] backup repaired
[SEU] addr=20003153 bit=00000001
[SEU] addr=200031B7 bit=00000000
[SEU] addr=2000314E bit=00000000
[SAMPLE QUEUE backup CORRUPTED] backup repaired
[SEU] addr=20003165 bit=00000000
[SEU] addr=200031B6 bit=00000006
[SEU] addr=2000319C bit=00000004
[SEU] addr=20003146 bit=00000006
[SAMPLE QUEUE CORRUPTED] primary repaired
[SEU] addr=200031C2 bit=00000003
[SEU] addr=200031DF bit=00000007
[SEU] addr=2000315C bit=00000002
[CMD QUEUE backup CORRUPTED] backup repaired
[SEU] addr=200031BB bit=00000002
[SEU] addr=2000315B bit=00000006
[SEU] addr=20003151 bit=00000004
[SEU] addr=20003191 bit=00000001
[ERR] seq=9007 err=2420
[ERR] seq=9008 err=192
[SEU] addr=2000318E bit=00000007
[ERR] seq=9009 err=7032
[ERR] seq=9010 err=544
[ERR] seq=9011 err=584
[ERR] seq=9012 err=72
[ERR] seq=9013 err=40
[SEU] addr=200031CE bit=00000003
[SEU] addr=200031EB bit=00000002
[SEU] addr=200031D8 bit=00000007
[SEU] addr=2000319B bit=00000001
[ERR] seq=9039 err=2524
[ERR] seq=9040 err=200
[ERR] seq=9041 err=216
[ERR] seq=9042 err=32
[ERR] seq=9043 err=16
[SEU] addr=20003153 bit=00000006
[SEU] addr=20003145 bit=00000003
[SAMPLE QUEUE CORRUPTED] primary repaired
[SEU] addr=20003170 bit=00000001
[SEU] addr=20003153 bit=00000000
[SEU] addr=2000314A bit=00000003
[SEU] addr=200031DF bit=00000005
[SEU] addr=200031CC bit=00000005
[SEU] addr=20003169 bit=00000005
[SEU] addr=200031A7 bit=00000001
[SEU] addr=20003196 bit=00000005
[ERR] seq=9085 err=2500
[ERR] seq=9086 err=200
[ERR] seq=9087 err=216
[ERR] seq=9088 err=32
[SEU] addr=20003151 bit=00000001
[ERR] seq=9089 err=16
[SEU] addr=20003190 bit=00000000
[ERR] seq=9096 err=8
[SEU] addr=2000314C bit=00000002
[SAMPLE QUEUE backup CORRUPTED] backup repaired
[SEU] addr=200031C8 bit=00000001
[SEU] addr=20003182 bit=00000003
[SEU] addr=200031CB bit=00000003
[SEU] addr=2000314B bit=00000000
[SEU] addr=200031CB bit=00000004
[SEU] addr=20003174 bit=00000000
[SEU] addr=200031A3 bit=00000003
[SEU] addr=20003179 bit=00000007
[SEU] addr=20003197 bit=00000003
[ERR] seq=9160 err=2524
[ERR] seq=9161 err=200
[ERR] seq=9162 err=216
[ERR] seq=9163 err=32
[ERR] seq=9164 err=16
[SEU] addr=200031A1 bit=00000003
[SEU] addr=200031D0 bit=00000007
[SEU] addr=20003167 bit=00000001
[SEU] addr=200031CD bit=00000006
[SEU] addr=200031CB bit=00000002
[SEU] addr=200031A0 bit=00000002
[SEU] addr=200031AB bit=00000006
[SEU] addr=200031D8 bit=00000001
[SEU] addr=20003194 bit=00000001
[ERR] seq=9208 err=16
[SEU] addr=200031AC bit=00000002
[SEU] addr=2000316D bit=00000007
[SEU] addr=20003167 bit=00000002
[SEU] addr=200031DD bit=00000006
[SEU] addr=200031E5 bit=00000004
[SEU] addr=2000316B bit=00000001
[SEU] addr=200031BE bit=00000007
[SEU] addr=200031DA bit=00000002
[SEU] addr=20003193 bit=00000007
[SEU] addr=20003174 bit=00000005
[SEU] addr=200031D3 bit=00000002
[SEU] addr=2000316A bit=00000000
[SEU] addr=20003185 bit=00000007
[SEU] addr=200031C9 bit=00000004
[SEU] addr=200031B7 bit=00000000
[SEU] addr=20003187 bit=00000003
[SEU] addr=200031D2 bit=00000006
[SEU] addr=200031EA bit=00000000
[SEU] addr=20003181 bit=00000006
[SEU] addr=200031B9 bit=00000004
[SEU] addr=20003163 bit=00000000
[SEU] addr=20003162 bit=00000005
[SEU] addr=200031DE bit=00000001
[SEU] addr=2000318B bit=00000007
[SEU] addr=200031B2 bit=00000000
[SEU] addr=20003194 bit=00000007
[ERR] seq=9329 err=1024
[ERR] seq=9330 err=80
[ERR] seq=9331 err=80
[SEU] addr=200031AF bit=00000002
[SEU] addr=200031D4 bit=00000000
[SEU] addr=20003168 bit=00000002
[SEU] addr=200031E7 bit=00000007
[SEU] addr=20003172 bit=00000004
[SEU] addr=200031A6 bit=00000003
[SEU] addr=20003161 bit=00000006
[SEU] addr=2000317D bit=00000001
[SEU] addr=2000319F bit=00000004
[SEU] addr=200031AF bit=00000002
[SEU] addr=200031AD bit=00000003
[SEU] addr=200031BF bit=00000007
[SEU] addr=20003195 bit=00000003
[ERR] seq=9396 err=2460
[ERR] seq=9397 err=192
[SEU] addr=200031EB bit=00000004
[ERR] seq=9398 err=200
[ERR] seq=9399 err=24
[ERR] seq=9400 err=16
[SEU] addr=20003167 bit=00000006
[SEU] addr=200031C8 bit=00000001
[SEU] addr=20003189 bit=00000006
[SEU] addr=20003178 bit=00000006
[SEU] addr=20003188 bit=00000001
[SEU] addr=20003186 bit=00000003
[SEU] addr=2000319F bit=00000005
[SEU] addr=200031D1 bit=00000003
[SEU] addr=20003149 bit=00000005
[SEU] addr=200031D9 bit=00000006
[SEU] addr=200031B8 bit=00000003
[SEU] addr=2000316D bit=00000000
[SEU] addr=200031E9 bit=00000005
[SEU] addr=200031AE bit=00000004
[SEU] addr=20003196 bit=00000001
[ERR] seq=9485 err=2516
[ERR] seq=9486 err=200
[ERR] seq=9487 err=216
[SEU] addr=20003149 bit=00000003
[ERR] seq=9488 err=32
[ERR] seq=9489 err=16
[SEU] addr=200031BB bit=00000000
[SEU] addr=20003150 bit=00000000
[SAMPLE QUEUE backup CORRUPTED] backup repaired
[SEU] addr=2000316E bit=00000007
[SEU] addr=200031C2 bit=00000006
[SEU] addr=200031C2 bit=00000000
[SEU] addr=200031C5 bit=00000000
[SEU] addr=200031D2 bit=00000003
[SEU] addr=200031A1 bit=00000007
[SEU] addr=20003157 bit=00000004
[CMD QUEUE CORRUPTED] primary repaired
[SEU] addr=2000319D bit=00000003
[SEU] addr=200031AE bit=00000002
[SEU] addr=200031DE bit=00000007
[SEU] addr=200031AF bit=00000005
[SEU] addr=2000316F bit=00000001
[SEU] addr=200031D2 bit=00000000
[SEU] addr=20003173 bit=00000006
[SEU] addr=200031AB bit=00000007
[SEU] addr=20003144 bit=00000000
[SAMPLE QUEUE CORRUPTED] primary repaired
[SEU] addr=2000315A bit=00000005
[SEU] addr=20003167 bit=00000003
[SEU] addr=2000319C bit=00000006
[SEU] addr=2000318E bit=00000000
[ERR] seq=9618 err=416
[ERR] seq=9619 err=24
[ERR] seq=9620 err=24
[SEU] addr=20003148 bit=00000003
[SAMPLE QUEUE CORRUPTED] primary repaired
[SEU] addr=200031E5 bit=00000002
[SEU] addr=200031EA bit=00000002
[SEU] addr=200031B6 bit=00000002
[SEU] addr=20003158 bit=00000005
[CMD QUEUE CORRUPTED] primary repaired
[SEU] addr=200031D4 bit=00000002
[SEU] addr=2000316F bit=00000002
[SEU] addr=200031CD bit=00000006
[SEU] addr=200031C8 bit=00000001
[SEU] addr=2000318C bit=00000007
[ERR] seq=9660 err=5680
[ERR] seq=9661 err=448
[ERR] seq=9662 err=472
[ERR] seq=9663 err=48
[ERR] seq=9664 err=24
[SEU] addr=200031E1 bit=00000005
[SEU] addr=20003194 bit=00000001
[ERR] seq=9671 err=16
[SEU] addr=200031CF bit=00000006
[SEU] addr=20003182 bit=00000007
[SEU] addr=20003176 bit=00000007
[SEU] addr=200031AF bit=00000001
[SEU] addr=200031AF bit=00000001
[SEU] addr=20003177 bit=00000003
[SEU] addr=20003177 bit=00000005
[SEU] addr=200031D9 bit=00000004
[SEU] addr=200031BF bit=00000006
[SEU] addr=200031B0 bit=00000004
[SEU] addr=200031AB bit=00000007
[SEU] addr=20003168 bit=00000002
[SEU] addr=200031E7 bit=00000003
[SEU] addr=20003157 bit=00000002
[CMD QUEUE CORRUPTED] primary repaired
[SEU] addr=200031D6 bit=00000004
[SEU] addr=200031D1 bit=00000003
[SEU] addr=2000315B bit=00000001
[SEU] addr=200031AD bit=00000003
[SEU] addr=20003197 bit=00000004
[ERR] seq=9775 err=2516
[SEU] addr=2000316A bit=00000002
[ERR] seq=9776 err=200
[ERR] seq=9777 err=216
[ERR] seq=9778 err=32
[ERR] seq=9779 err=16
[SEU] addr=200031B3 bit=00000001
[SEU] addr=20003149 bit=00000000
[SEU] addr=20003157 bit=00000001
[CMD QUEUE CORRUPTED] primary repaired
[SEU] addr=20003147 bit=00000003
[SAMPLE QUEUE CORRUPTED] primary repaired
[SEU] addr=20003172 bit=00000007
[SEU] addr=20003151 bit=00000002
[SEU] addr=200031A3 bit=00000004
[SEU] addr=200031EB bit=00000000
[SEU] addr=200031D7 bit=00000007
[SEU] addr=200031CF bit=00000000
[SEU] addr=20003151 bit=00000004
[SEU] addr=200031DB bit=00000006
[SEU] addr=20003188 bit=00000004
[SEU] addr=20003171 bit=00000004
[SEU] addr=200031CA bit=00000004
[SEU] addr=200031B6 bit=00000002
[SEU] addr=2000316E bit=00000003
[SEU] addr=20003159 bit=00000001
[SEU] addr=20003163 bit=00000006
[SEU] addr=200031A7 bit=00000000
[SEU] addr=2000318C bit=00000001
[ERR] seq=9901 err=192
[ERR] seq=9902 err=8
[ERR] seq=9903 err=8
[SEU] addr=200031DB bit=00000005
[SEU] addr=20003195 bit=00000003
[ERR] seq=9919 err=2532
[ERR] seq=9920 err=200
[ERR] seq=9921 err=216
[SEU] addr=2000316F bit=00000002
[ERR] seq=9922 err=32
[ERR] seq=9923 err=16
[SEU] addr=200031EA bit=00000007
[SEU] addr=200031A2 bit=00000002
[SEU] addr=20003191 bit=00000007
[ERR] seq=9939 err=2460
[ERR] seq=9940 err=192
[ERR] seq=9941 err=200
[ERR] seq=9942 err=24
[ERR] seq=9943 err=16
[SEU] addr=200031CD bit=00000007
[SEU] addr=2000317B bit=00000000
[SEU] addr=20003171 bit=00000003
[SEU] addr=2000317F bit=00000006
[SEU] addr=200031E8 bit=00000004
[SEU] addr=2000318E bit=00000002
[ERR] seq=9970 err=416
[ERR] seq=9971 err=24
[ERR] seq=9972 err=24
[SEU] addr=200031C2 bit=00000005
[SEU] addr=200031B1 bit=00000006
[SEU] addr=200031E2 bit=00000006
[SEU] addr=200031AD bit=00000005
[SEU] addr=200031DB bit=00000003
[END]
samples=10000
SEUs=1859
good samples=9351
errors=649
samples omitted=0
max_error=0x0002B500
propagations=354
detected_errors=422
tmr_corrections=122
dmr_corrections=215
crc detections=0
clamp_activations=89
rate limit activations=0
[HARDFAULT]
