START
SEED=03579753
[SEU] addr=20003155 bit=00000001
[SAMPLE QUEUE backup CORRUPTED] backup repaired
[SEU] addr=20003156 bit=00000007
[SAMPLE QUEUE backup CORRUPTED] backup repaired
[SEU] addr=200031AE bit=00000002
[SEU] addr=200031B5 bit=00000005
[SEU] addr=200031DD bit=00000000
[SEU] addr=200031CF bit=00000006
[SEU] addr=20003162 bit=00000007
[SEU] addr=20003187 bit=00000004
[SEU] addr=200031C5 bit=00000002
[SEU] addr=200031D6 bit=00000001
[SEU] addr=200031D5 bit=00000004
[SEU] addr=20003170 bit=00000004
[SEU] addr=200031B1 bit=00000003
[SEU] addr=2000318F bit=00000002
[ERR] seq=88 err=232
[ERR] seq=89 err=24
[SEU] addr=200031BB bit=00000005
[ERR] seq=90 err=24
[SEU] addr=200031BB bit=00000007
[SEU] addr=20003174 bit=00000006
[SEU] addr=200031B6 bit=00000004
[SEU] addr=200031AB bit=00000000
[SEU] addr=2000317A bit=00000004
[SEU] addr=200031C8 bit=00000005
[SEU] addr=20003169 bit=00000007
[SEU] addr=200031B2 bit=00000007
[SEU] addr=2000318D bit=00000001
[ERR] seq=145 err=9136
[ERR] seq=146 err=1448
[ERR] seq=147 err=1664
[ERR] seq=148 err=472
[ERR] seq=149 err=312
[ERR] seq=150 err=96
[ERR] seq=151 err=48
[ERR] seq=152 err=8
[SEU] addr=200031C5 bit=00000004
[SEU] addr=200031E7 bit=00000000
[SEU] addr=20003170 bit=00000003
[SEU] addr=20003196 bit=00000005
[ERR] seq=167 err=16777216
[ERR] seq=168 err=2684352
[ERR] seq=169 err=3113848
[SEU] addr=200031A7 bit=00000000
[ERR] seq=170 err=927704
[ERR] seq=171 err=646640
[ERR] seq=172 err=251888
[ERR] seq=173 err=143752
[ERR] seq=174 err=63296
[ERR] seq=175 err=33120
[ERR] seq=176 err=15416
[ERR] seq=177 err=7760
[ERR] seq=178 err=3704
[ERR] seq=179 err=1832
[SEU] addr=2000317F bit=00000000
[ERR] seq=180 err=880
[ERR] seq=181 err=424
[ERR] seq=182 err=200
[ERR] seq=183 err=96
[ERR] seq=184 err=40
[ERR] seq=185 err=8
[SEU] addr=200031A1 bit=00000003
[SEU] addr=2000319F bit=00000004
[SEU] addr=200031DE bit=00000006
[SEU] addr=200031D7 bit=00000000
[SEU] addr=200031CA bit=00000007
[SEU] addr=200031BD bit=00000005
[SEU] addr=200031D1 bit=00000002
[SEU] addr=20003152 bit=00000006
[SEU] addr=2000315D bit=00000002
[CMD QUEUE CORRUPTED] primary repaired
[SEU] addr=20003190 bit=00000000
[ERR] seq=238 err=8
[SEU] addr=2000318C bit=00000003
[ERR] seq=239 err=456
[ERR] seq=240 err=56
[ERR] seq=241 err=56
[SEU] addr=2000317F bit=00000005
[SEU] addr=20003179 bit=00000006
[SEU] addr=20003184 bit=00000004
[SEU] addr=2000316E bit=00000007
[SEU] addr=200031CE bit=00000003
[SEU] addr=2000315E bit=00000001
[CMD QUEUE CORRUPTED] primary repaired
[SEU] addr=200031C5 bit=00000007
[SEU] addr=200031BD bit=00000005
[SEU] addr=2000318B bit=00000004
[SEU] addr=20003195 bit=00000004
[ERR] seq=293 err=32768
[ERR] seq=294 err=5240
[ERR] seq=295 err=6072
[ERR] seq=296 err=1800
[ERR] seq=297 err=1256
[ERR] seq=298 err=488
[ERR] seq=299 err=272
[SEU] addr=200031A4 bit=00000000
[ERR] seq=300 err=112
[ERR] seq=301 err=56
[ERR] seq=302 err=24
[ERR] seq=303 err=8
[SEU] addr=200031C1 bit=00000005
[SEU] addr=200031B7 bit=00000006
[SEU] addr=200031B3 bit=00000003
[SEU] addr=200031A9 bit=00000007
[SEU] addr=2000315A bit=00000003
[SEU] addr=200031A9 bit=00000006
[SEU] addr=200031C0 bit=00000000
[SEU] addr=20003160 bit=00000002
[CMD QUEUE CORRUPTED] primary repaired
[SEU] addr=200031D7 bit=00000004
[SEU] addr=200031B0 bit=00000005
[SEU] addr=20003153 bit=00000002
[SEU] addr=20003196 bit=00000005
[ERR] seq=358 err=16777216
[ERR] seq=359 err=2684352
[ERR] seq=360 err=3113848
[SEU] addr=20003187 bit=00000005
[ERR] seq=361 err=927704
[ERR] seq=362 err=646640
[SEU] addr=2000316C bit=00000007
[ERR] seq=363 err=251888
[ERR] seq=364 err=143752
[ERR] seq=365 err=63296
[ERR] seq=366 err=33120
[SEU] addr=20003189 bit=00000001
[ERR] seq=367 err=15416
[ERR] seq=368 err=7760
[ERR] seq=369 err=3704
[ERR] seq=370 err=1832
[ERR] seq=371 err=880
[ERR] seq=372 err=424
[SEU] addr=20003171 bit=00000002
[ERR] seq=373 err=200
[ERR] seq=374 err=96
[ERR] seq=375 err=40
[SEU] addr=2000319B bit=00000000
[ERR] seq=376 err=134217736
[ERR] seq=377 err=21474832
[ERR] seq=378 err=24910800
[ERR] seq=379 err=7421696
[ERR] seq=380 err=5173192
[ERR] seq=381 err=2015168
[ERR] seq=382 err=1150128
[ERR] seq=383 err=506440
[ERR] seq=384 err=265040
[SEU] addr=200031B8 bit=00000004
[ERR] seq=385 err=123424
[ERR] seq=386 err=62144
[ERR] seq=387 err=29680
[ERR] seq=388 err=14680
[ERR] seq=389 err=7088
[ERR] seq=390 err=3472
[ERR] seq=391 err=1680
[ERR] seq=392 err=816
[SEU] addr=200031B4 bit=00000002
[ERR] seq=393 err=392
[SEU] addr=200031D4 bit=00000006
[ERR] seq=394 err=184
[ERR] seq=395 err=80
[ERR] seq=396 err=32
[ERR] seq=397 err=8
[SEU] addr=20003157 bit=00000006
[SAMPLE QUEUE backup CORRUPTED] backup repaired
[SEU] addr=200031CC bit=00000006
[SEU] addr=20003150 bit=00000007
[SAMPLE QUEUE CORRUPTED] primary repaired
[SEU] addr=200031C1 bit=00000002
[SEU] addr=200031A9 bit=00000006
[SEU] addr=20003163 bit=00000005
[SEU] addr=20003150 bit=00000007
[SAMPLE QUEUE CORRUPTED] primary repaired
[SEU] addr=200031D6 bit=00000003
[SEU] addr=2000319C bit=00000003
[SEU] addr=2000315A bit=00000001
[SEU] addr=200031D3 bit=00000007
[SEU] addr=200031D5 bit=00000005
[SEU] addr=200031C5 bit=00000001
[SEU] addr=2000318A bit=00000006
[SEU] addr=200031B4 bit=00000004
[SEU] addr=20003187 bit=00000001
[SEU] addr=2000315E bit=00000006
[CMD QUEUE CORRUPTED] primary repaired
[SEU] addr=2000319F bit=00000007
[SEU] addr=2000318A bit=00000007
[SEU] addr=2000319A bit=00000006
[ERR] seq=507 err=33554432
[ERR] seq=508 err=5368704
[ERR] seq=509 err=6227696
[ERR] seq=510 err=1855416
[ERR] seq=511 err=1293288
[ERR] seq=512 err=503784
[SEU] addr=20003151 bit=00000001
[ERR] seq=513 err=287520
[ERR] seq=514 err=126600
[ERR] seq=515 err=66256
[ERR] seq=516 err=30856
[ERR] seq=517 err=15536
[ERR] seq=518 err=7416
[ERR] seq=519 err=3664
[ERR] seq=520 err=1768
[ERR] seq=521 err=864
[ERR] seq=522 err=416
[SEU] addr=2000314C bit=00000004
[SAMPLE QUEUE CORRUPTED] primary repaired
[ERR] seq=523 err=200
[ERR] seq=524 err=96
[ERR] seq=525 err=40
[ERR] seq=526 err=8
[SEU] addr=20003176 bit=00000004
[SEU] addr=2000316A bit=00000004
[SEU] addr=2000319A bit=00000002
[ERR] seq=541 err=2097152
[ERR] seq=542 err=335544
[ERR] seq=543 err=389224
[SEU] addr=20003158 bit=00000004
[SAMPLE QUEUE backup CORRUPTED] backup repaired
[ERR] seq=544 err=115952
[ERR] seq=545 err=80824
[ERR] seq=546 err=31480
[ERR] seq=547 err=17960
[ERR] seq=548 err=7904
[ERR] seq=549 err=4136
[ERR] seq=550 err=1920
[SEU] addr=200031D8 bit=00000007
[ERR] seq=551 err=960
[ERR] seq=552 err=456
[ERR] seq=553 err=224
[ERR] seq=554 err=104
[ERR] seq=555 err=48
[ERR] seq=556 err=16
[SEU] addr=20003174 bit=00000000
[SEU] addr=200031E5 bit=00000006
[SEU] addr=200031D3 bit=00000004
[SEU] addr=2000318C bit=00000002
[ERR] seq=570 err=344
[ERR] seq=571 err=40
[ERR] seq=572 err=40
[SEU] addr=200031AD bit=00000001
[SEU] addr=200031D9 bit=00000005
[SEU] addr=20003196 bit=00000002
[ERR] seq=583 err=2097152
[ERR] seq=584 err=335544
[ERR] seq=585 err=389224
[ERR] seq=586 err=115952
[ERR] seq=587 err=80824
[ERR] seq=588 err=31480
[ERR] seq=589 err=17960
[ERR] seq=590 err=7904
[SEU] addr=200031BC bit=00000005
[ERR] seq=591 err=4136
[ERR] seq=592 err=1920
[ERR] seq=593 err=960
[ERR] seq=594 err=456
[ERR] seq=595 err=224
[ERR] seq=596 err=104
[ERR] seq=597 err=48
[ERR] seq=598 err=16
[SEU] addr=2000319B bit=00000003
[ERR] seq=599 err=1073741824
[ERR] seq=600 err=171798688
[ERR] seq=601 err=199286472
[ERR] seq=602 err=59373616
[ERR] seq=603 err=41385608
[ERR] seq=604 err=16121472
[ERR] seq=605 err=9201128
[SEU] addr=20003164 bit=00000006
[CMD QUEUE backup CORRUPTED] backup repaired
[ERR] seq=606 err=4051608
[ERR] seq=607 err=2120432
[ERR] seq=608 err=987520
[SEU] addr=2000315D bit=00000004
[CMD QUEUE CORRUPTED] primary repaired
[ERR] seq=609 err=497264
[ERR] seq=610 err=237560
[ERR] seq=611 err=117568
[ERR] seq=612 err=56816
[ERR] seq=613 err=27896
[ERR] seq=614 err=13544
[SEU] addr=20003191 bit=00000001
[ERR] seq=615 err=10712
[SEU] addr=20003180 bit=00000004
[ERR] seq=616 err=3864
[ERR] seq=617 err=2312
[ERR] seq=618 err=968
[ERR] seq=619 err=512
[ERR] seq=620 err=224
[ERR] seq=621 err=96
[ERR] seq=622 err=32
[SEU] addr=2000314D bit=00000005
[SAMPLE QUEUE CORRUPTED] primary repaired
[ERR] seq=623 err=8
[SEU] addr=2000316C bit=00000005
[SEU] addr=200031E5 bit=00000000
[SEU] addr=200031C0 bit=00000002
[SEU] addr=200031B4 bit=00000001
[SEU] addr=200031A5 bit=00000005
[SEU] addr=200031A9 bit=00000006
[SEU] addr=20003186 bit=00000004
[SEU] addr=200031DB bit=00000003
[SEU] addr=20003151 bit=00000007
[SEU] addr=200031DE bit=00000001
[SEU] addr=20003169 bit=00000000
[SEU] addr=200031C8 bit=00000002
[SEU] addr=20003178 bit=00000005
[SEU] addr=20003172 bit=00000002
[SEU] addr=200031C6 bit=00000002
[SEU] addr=20003167 bit=00000002
[CMD QUEUE backup CORRUPTED] backup repaired
[SEU] addr=20003197 bit=00000006
[SEU] addr=200031A3 bit=00000005
[SEU] addr=200031C4 bit=00000003
[SEU] addr=20003189 bit=00000000
[SEU] addr=20003169 bit=00000001
[SEU] addr=20003187 bit=00000003
[SEU] addr=2000316E bit=00000002
[SEU] addr=2000316C bit=00000001
[SEU] addr=2000315B bit=00000001
[SEU] addr=200031A6 bit=00000007
[SEU] addr=2000316C bit=00000005
[SEU] addr=2000314F bit=00000007
[SAMPLE QUEUE CORRUPTED] primary repaired
[SEU] addr=20003167 bit=00000007
[CMD QUEUE backup CORRUPTED] backup repaired
[SEU] addr=20003187 bit=00000000
[SEU] addr=200031B9 bit=00000001
[SEU] addr=200031E6 bit=00000005
[SEU] addr=20003162 bit=00000007
[SEU] addr=2000319A bit=00000007
[ERR] seq=804 err=67108864
[ERR] seq=805 err=10737416
[ERR] seq=806 err=12455400
[ERR] seq=807 err=3710848
[ERR] seq=808 err=2586592
[ERR] seq=809 err=1007576
[SEU] addr=200031D0 bit=00000001
[ERR] seq=810 err=575056
[ERR] seq=811 err=253216
[ERR] seq=812 err=132520
[ERR] seq=813 err=61712
[ERR] seq=814 err=31072
[SEU] addr=200031C6 bit=00000002
[ERR] seq=815 err=14840
[ERR] seq=816 err=7336
[ERR] seq=817 err=3536
[ERR] seq=818 err=1728
[ERR] seq=819 err=832
[ERR] seq=820 err=400
[SEU] addr=20003158 bit=00000000
[SAMPLE QUEUE backup CORRUPTED] backup repaired
[ERR] seq=821 err=192
[SEU] addr=200031A7 bit=00000007
[ERR] seq=822 err=88
[ERR] seq=823 err=32
[ERR] seq=824 err=8
[SEU] addr=200031E1 bit=00000005
[SEU] addr=20003172 bit=00000006
[SEU] addr=20003199 bit=00000004
[ERR] seq=835 err=32768
[ERR] seq=836 err=5240
[ERR] seq=837 err=6072
[ERR] seq=838 err=1800
[ERR] seq=839 err=1256
[ERR] seq=840 err=488
[ERR] seq=841 err=272
[ERR] seq=842 err=112
[ERR] seq=843 err=56
[SEU] addr=200031DE bit=00000001
[ERR] seq=844 err=24
[ERR] seq=845 err=8
[SEU] addr=2000315C bit=00000001
[CMD QUEUE CORRUPTED] primary repaired
[SEU] addr=200031E0 bit=00000002
[SEU] addr=2000318E bit=00000007
[ERR] seq=852 err=9008
[ERR] seq=853 err=1432
[ERR] seq=854 err=1648
[SEU] addr=200031A8 bit=00000001
[ERR] seq=855 err=464
[ERR] seq=856 err=312
[SEU] addr=2000317C bit=00000003
[ERR] seq=857 err=96
[ERR] seq=858 err=40
[ERR] seq=859 err=8
[SEU] addr=2000316E bit=00000000
[SEU] addr=20003176 bit=00000007
[SEU] addr=20003156 bit=00000005
[SAMPLE QUEUE backup CORRUPTED] backup repaired
[SEU] addr=20003186 bit=00000004
[SEU] addr=200031CD bit=00000002
[SEU] addr=2000315F bit=00000002
[CMD QUEUE CORRUPTED] primary repaired
[SEU] addr=20003170 bit=00000007
[SEU] addr=200031E5 bit=00000003
[SEU] addr=20003193 bit=00000005
[SEU] addr=20003188 bit=00000002
[SEU] addr=20003189 bit=00000002
[SEU] addr=200031E7 bit=00000001
[SEU] addr=20003154 bit=00000002
[SAMPLE QUEUE backup CORRUPTED] backup repaired
[SEU] addr=20003163 bit=00000002
[SEU] addr=200031B4 bit=00000002
[SEU] addr=200031A7 bit=00000005
[SEU] addr=200031BE bit=00000002
[SEU] addr=2000315E bit=00000005
[CMD QUEUE CORRUPTED] primary repaired
[SEU] addr=2000315F bit=00000002
[CMD QUEUE CORRUPTED] primary repaired
[SEU] addr=200031D7 bit=00000007
[SEU] addr=20003192 bit=00000001
[ERR] seq=985 err=1048576
[ERR] seq=986 err=167768
[ERR] seq=987 err=194608
[SEU] addr=200031BA bit=00000004
[ERR] seq=988 err=57976
[ERR] seq=989 err=40408
[ERR] seq=990 err=15736
[SEU] addr=20003179 bit=00000004
[ERR] seq=991 err=8976
[ERR] seq=992 err=3944
[ERR] seq=993 err=2056
[ERR] seq=994 err=952
[ERR] seq=995 err=480
[ERR] seq=996 err=224
[ERR] seq=997 err=104
[ERR] seq=998 err=48
[SEU] addr=20003152 bit=00000001
[ERR] seq=999 err=16
[SEU] addr=200031E6 bit=00000000
[SEU] addr=2000316D bit=00000001
[SEU] addr=20003168 bit=00000006
[CMD QUEUE backup CORRUPTED] backup repaired
[SEU] addr=200031DA bit=00000004
[SEU] addr=20003182 bit=00000002
[SEU] addr=20003159 bit=00000000
[SEU] addr=20003182 bit=00000006
[SEU] addr=200031C9 bit=00000005
[SEU] addr=200031AC bit=00000003
[SEU] addr=200031AF bit=00000005
[SEU] addr=20003152 bit=00000000
[SEU] addr=20003160 bit=00000000
[CMD QUEUE CORRUPTED] primary repaired
[SEU] addr=2000318F bit=00000001
[ERR] seq=1077 err=1016
[ERR] seq=1078 err=152
[ERR] seq=1079 err=160
[ERR] seq=1080 err=16
[ERR] seq=1081 err=8
[SEU] addr=2000319D bit=00000001
[SEU] addr=2000316A bit=00000007
[SEU] addr=2000315E bit=00000006
[CMD QUEUE CORRUPTED] primary repaired
[SEU] addr=20003184 bit=00000007
[SEU] addr=20003170 bit=00000000
[SEU] addr=200031D6 bit=00000005
[SEU] addr=20003186 bit=00000005
[SEU] addr=2000315D bit=00000007
[CMD QUEUE CORRUPTED] primary repaired
[SEU] addr=2000318E bit=00000007
[ERR] seq=1133 err=13272
[ERR] seq=1134 err=2112
[ERR] seq=1135 err=2440
[ERR] seq=1136 err=704
[ERR] seq=1137 err=472
[ERR] seq=1138 err=160
[ERR] seq=1139 err=72
[SEU] addr=200031AA bit=00000005
[ERR] seq=1140 err=8
[SEU] addr=2000319B bit=00000004
[ERR] seq=1148 err=2147483648
[ERR] seq=1149 err=343597376
[ERR] seq=1150 err=398572952
[ERR] seq=1151 err=118747248
[ERR] seq=1152 err=82771224
[SEU] addr=2000316A bit=00000005
[ERR] seq=1153 err=32242944
[ERR] seq=1154 err=18402256
[ERR] seq=1155 err=8103224
[ERR] seq=1156 err=4240872
[ERR] seq=1157 err=1975048
[ERR] seq=1158 err=994536
[SEU] addr=200031DF bit=00000002
[ERR] seq=1159 err=475120
[SEU] addr=200031BC bit=00000007
[ERR] seq=1160 err=235136
[ERR] seq=1161 err=113632
[ERR] seq=1162 err=55792
[ERR] seq=1163 err=27096
[ERR] seq=1164 err=13248
[SEU] addr=200031A2 bit=00000004
[ERR] seq=1165 err=6440
[ERR] seq=1166 err=3136
[ERR] seq=1167 err=1520
[SEU] addr=20003169 bit=00000005
[ERR] seq=1168 err=736
[ERR] seq=1169 err=352
[ERR] seq=1170 err=168
[ERR] seq=1171 err=80
[ERR] seq=1172 err=32
[ERR] seq=1173 err=8
[SEU] addr=20003180 bit=00000005
[SEU] addr=200031D8 bit=00000007
[SEU] addr=200031C4 bit=00000007
[SEU] addr=200031B4 bit=00000003
[SEU] addr=20003157 bit=00000000
[SAMPLE QUEUE backup CORRUPTED] backup repaired
[SEU] addr=20003170 bit=00000004
[SEU] addr=200031C5 bit=00000002
[SEU] addr=2000315B bit=00000003
[SEU] addr=200031E6 bit=00000003
[SEU] addr=200031B4 bit=00000001
[SEU] addr=20003181 bit=00000003
[SEU] addr=200031D7 bit=00000003
[SEU] addr=200031D0 bit=00000003
[SEU] addr=20003151 bit=00000003
[SEU] addr=2000317C bit=00000001
[SEU] addr=20003169 bit=00000000
[SEU] addr=200031A2 bit=00000003
[SEU] addr=2000315D bit=00000001
[CMD QUEUE CORRUPTED] primary repaired
[SEU] addr=200031B1 bit=00000001
[SEU] addr=2000319B bit=00000000
[ERR] seq=1268 err=134217728
[ERR] seq=1269 err=21474832
[ERR] seq=1270 err=24910800
[ERR] seq=1271 err=7421696
[ERR] seq=1272 err=5173192
[ERR] seq=1273 err=2015168
[ERR] seq=1274 err=1150128
[ERR] seq=1275 err=506440
[ERR] seq=1276 err=265040
[SEU] addr=200031B3 bit=00000003
[ERR] seq=1277 err=123424
[ERR] seq=1278 err=62144
[ERR] seq=1279 err=29680
[ERR] seq=1280 err=14680
[ERR] seq=1281 err=7088
[ERR] seq=1282 err=3472
[ERR] seq=1283 err=1680
[SEU] addr=200031A9 bit=00000002
[ERR] seq=1284 err=816
[ERR] seq=1285 err=392
[ERR] seq=1286 err=184
[ERR] seq=1287 err=80
[SEU] addr=200031CF bit=00000001
[ERR] seq=1288 err=32
[ERR] seq=1289 err=8
[SEU] addr=20003176 bit=00000003
[SEU] addr=200031E6 bit=00000000
[SEU] addr=200031E5 bit=00000003
[SEU] addr=200031CE bit=00000004
[SEU] addr=200031A7 bit=00000002
[SEU] addr=2000319D bit=00000006
[SEU] addr=20003164 bit=00000002
[CMD QUEUE backup CORRUPTED] backup repaired
[SEU] addr=2000316F bit=00000004
[SEU] addr=200031A9 bit=00000005
[SEU] addr=2000316C bit=00000005
[SEU] addr=200031DE bit=00000007
[SEU] addr=20003168 bit=00000000
[CMD QUEUE backup CORRUPTED] backup repaired
[SEU] addr=200031AF bit=00000000
[SEU] addr=200031E4 bit=00000006
[SEU] addr=200031A0 bit=00000001
[SEU] addr=200031D2 bit=00000004
[SEU] addr=200031A2 bit=00000003
[SEU] addr=20003150 bit=00000005
[SAMPLE QUEUE CORRUPTED] primary repaired
[SEU] addr=200031E6 bit=00000004
[SEU] addr=200031DD bit=00000004
[SEU] addr=20003158 bit=00000001
[SAMPLE QUEUE backup CORRUPTED] backup repaired
[SEU] addr=200031DF bit=00000000
[SEU] addr=200031A1 bit=00000004
[SEU] addr=20003156 bit=00000001
[SAMPLE QUEUE backup CORRUPTED] backup repaired
[SEU] addr=2000315D bit=00000006
[CMD QUEUE CORRUPTED] primary repaired
[SEU] addr=2000319F bit=00000007
[SEU] addr=20003188 bit=00000004
[SEU] addr=20003191 bit=00000001
[ERR] seq=1454 err=4096
[ERR] seq=1455 err=648
[ERR] seq=1456 err=744
[SEU] addr=200031CD bit=00000001
[ERR] seq=1457 err=208
[ERR] seq=1458 err=144
[ERR] seq=1459 err=48
[ERR] seq=1460 err=16
[SEU] addr=20003180 bit=00000007
[SEU] addr=20003166 bit=00000001
[CMD QUEUE backup CORRUPTED] backup repaired
[SEU] addr=20003177 bit=00000002
[SEU] addr=20003178 bit=00000007
[SEU] addr=20003167 bit=00000004
[CMD QUEUE backup CORRUPTED] backup repaired
[SEU] addr=20003194 bit=00000002
[ERR] seq=1498 err=32
[SEU] addr=20003198 bit=00000006
[ERR] seq=1506 err=512
[ERR] seq=1507 err=80
[ERR] seq=1508 err=88
[ERR] seq=1509 err=16
[ERR] seq=1510 err=8
[SEU] addr=200031CE bit=00000002
[SEU] addr=200031A8 bit=00000004
[SEU] addr=20003198 bit=00000005
[ERR] seq=1523 err=256
[ERR] seq=1524 err=40
[ERR] seq=1525 err=40
[SEU] addr=200031A4 bit=00000007
[SEU] addr=200031AA bit=00000003
[SEU] addr=200031AF bit=00000001
[SEU] addr=20003167 bit=00000000
[CMD QUEUE backup CORRUPTED] backup repaired
[SEU] addr=200031E3 bit=00000007
[SEU] addr=2000318C bit=00000003
[ERR] seq=1547 err=392
[SEU] addr=20003187 bit=00000005
[ERR] seq=1548 err=56
[ERR] seq=1549 err=56
[SEU] addr=200031CC bit=00000007
[SEU] addr=200031AB bit=00000001
[SEU] addr=200031D7 bit=00000005
[SEU] addr=2000316C bit=00000005
[SEU] addr=200031D0 bit=00000006
[SEU] addr=20003180 bit=00000006
[SEU] addr=20003191 bit=00000003
[ERR] seq=1594 err=16384
[ERR] seq=1595 err=2616
[SEU] addr=2000316E bit=00000004
[ERR] seq=1596 err=3032
[ERR] seq=1597 err=896
[ERR] seq=1598 err=616
[ERR] seq=1599 err=232
[ERR] seq=1600 err=128
[SEU] addr=200031D7 bit=00000000
[ERR] seq=1601 err=48
[ERR] seq=1602 err=16
[SEU] addr=200031A8 bit=00000001
[SEU] addr=200031CA bit=00000005
[SEU] addr=200031E1 bit=00000004
[SEU] addr=20003192 bit=00000004
[ERR] seq=1623 err=8388608
[ERR] seq=1624 err=1342176
[ERR] seq=1625 err=1556920
[SEU] addr=2000315A bit=00000007
[ERR] seq=1626 err=463848
[ERR] seq=1627 err=323312
[ERR] seq=1628 err=125936
[ERR] seq=1629 err=71872
[ERR] seq=1630 err=31640
[ERR] seq=1631 err=16552
[ERR] seq=1632 err=7704
[ERR] seq=1633 err=3880
[ERR] seq=1634 err=1848
[SEU] addr=2000318F bit=00000007
[ERR] seq=1635 err=3208
[ERR] seq=1636 err=368
[ERR] seq=1637 err=528
[ERR] seq=1638 err=112
[ERR] seq=1639 err=88
[SEU] addr=20003154 bit=00000003
[SAMPLE QUEUE backup CORRUPTED] backup repaired
[ERR] seq=1640 err=8
[SEU] addr=20003197 bit=00000003
[ERR] seq=1647 err=1073741824
[ERR] seq=1648 err=171798688
[ERR] seq=1649 err=199286472
[ERR] seq=1650 err=59373616
[ERR] seq=1651 err=41385608
[ERR] seq=1652 err=16121472
[ERR] seq=1653 err=9201128
[ERR] seq=1654 err=4051608
[ERR] seq=1655 err=2120432
[ERR] seq=1656 err=987520
[SEU] addr=2000316A bit=00000000
[ERR] seq=1657 err=497264
[ERR] seq=1658 err=237560
[ERR] seq=1659 err=117568
[SEU] addr=2000316C bit=00000003
[ERR] seq=1660 err=56816
[ERR] seq=1661 err=27896
[SEU] addr=20003155 bit=00000007
[SAMPLE QUEUE backup CORRUPTED] backup repaired
[ERR] seq=1662 err=13544
[ERR] seq=1663 err=6616
[ERR] seq=1664 err=3216
[ERR] seq=1665 err=1568
[ERR] seq=1666 err=760
[ERR] seq=1667 err=368
[ERR] seq=1668 err=176
[ERR] seq=1669 err=80
[SEU] addr=200031E3 bit=00000000
[ERR] seq=1670 err=32
[ERR] seq=1671 err=8
[SEU] addr=20003195 bit=00000002
[ERR] seq=1673 err=8192
[ERR] seq=1674 err=1304
[ERR] seq=1675 err=1512
[SEU] addr=2000317D bit=00000003
[ERR] seq=1676 err=448
[ERR] seq=1677 err=304
[ERR] seq=1678 err=112
[ERR] seq=1679 err=64
[ERR] seq=1680 err=24
[ERR] seq=1681 err=8
[SEU] addr=200031C2 bit=00000005
[SEU] addr=200031C5 bit=00000007
[SEU] addr=200031AB bit=00000003
[SEU] addr=2000314C bit=00000001
[SAMPLE QUEUE CORRUPTED] primary repaired
[SEU] addr=200031CF bit=00000000
[SEU] addr=20003159 bit=00000007
[SEU] addr=20003161 bit=00000004
[SEU] addr=20003169 bit=00000002
[SEU] addr=200031BA bit=00000003
[SEU] addr=2000319E bit=00000002
[SEU] addr=20003180 bit=00000000
[SEU] addr=200031CF bit=00000002
[SEU] addr=200031E3 bit=00000000
[SEU] addr=200031AE bit=00000006
[SEU] addr=20003197 bit=00000001
[ERR] seq=1759 err=268435456
[ERR] seq=1760 err=42949672
[SEU] addr=2000314E bit=00000001
[SAMPLE QUEUE CORRUPTED] primary repaired
[ERR] seq=1761 err=49821616
[ERR] seq=1762 err=14843400
[ERR] seq=1763 err=10346400
[ERR] seq=1764 err=4030368
[ERR] seq=1765 err=2300280
[ERR] seq=1766 err=1012896
[ERR] seq=1767 err=530096
[ERR] seq=1768 err=246864
[SEU] addr=20003187 bit=00000007
[ERR] seq=1769 err=124304
[SEU] addr=200031CA bit=00000000
[ERR] seq=1770 err=59384
[ERR] seq=1771 err=29384
[ERR] seq=1772 err=14192
[ERR] seq=1773 err=6960
[ERR] seq=1774 err=3376
[ERR] seq=1775 err=1648
[ERR] seq=1776 err=792
[ERR] seq=1777 err=376
[ERR] seq=1778 err=176
[SEU] addr=200031B1 bit=00000005
[ERR] seq=1779 err=80
[SEU] addr=200031DB bit=00000007
[ERR] seq=1780 err=32
[ERR] seq=1781 err=8
[SEU] addr=20003153 bit=00000003
[SEU] addr=200031D7 bit=00000007
[SEU] addr=200031B2 bit=00000007
[SEU] addr=200031BF bit=00000001
[SEU] addr=200031D0 bit=00000001
[SEU] addr=200031CA bit=00000003
[SEU] addr=200031D0 bit=00000001
[SEU] addr=20003159 bit=00000004
[SEU] addr=20003173 bit=00000007
[SEU] addr=20003174 bit=00000006
[SEU] addr=200031E3 bit=00000005
[SEU] addr=200031A2 bit=00000003
[SEU] addr=2000319E bit=00000005
[SEU] addr=200031A6 bit=00000001
[SEU] addr=20003177 bit=00000001
[SEU] addr=200031BD bit=00000002
[SEU] addr=20003164 bit=00000007
[CMD QUEUE backup CORRUPTED] backup repaired
[SEU] addr=2000317F bit=00000007
[SEU] addr=2000314F bit=00000006
[SAMPLE QUEUE CORRUPTED] primary repaired
[SEU] addr=2000319A bit=00000004
[ERR] seq=1883 err=8388608
[ERR] seq=1884 err=1342176
[ERR] seq=1885 err=1556920
[ERR] seq=1886 err=463848
[ERR] seq=1887 err=323312
[ERR] seq=1888 err=125936
[ERR] seq=1889 err=71872
[ERR] seq=1890 err=31640
[ERR] seq=1891 err=16552
[SEU] addr=200031D6 bit=00000001
[ERR] seq=1892 err=7704
[ERR] seq=1893 err=3880
[SEU] addr=200031CB bit=00000007
[ERR] seq=1894 err=1848
[ERR] seq=1895 err=904
[ERR] seq=1896 err=432
[ERR] seq=1897 err=208
[ERR] seq=1898 err=96
[ERR] seq=1899 err=40
[ERR] seq=1900 err=8
[SEU] addr=200031B1 bit=00000002
[SEU] addr=200031DB bit=00000001
[SEU] addr=200031A7 bit=00000005
[SEU] addr=20003179 bit=00000002
[SEU] addr=200031E5 bit=00000000
[SEU] addr=20003174 bit=00000007
[SEU] addr=200031AC bit=00000004
[SEU] addr=200031D5 bit=00000007
[SEU] addr=200031AF bit=00000002
[SEU] addr=200031AA bit=00000006
[SEU] addr=200031D5 bit=00000006
[SEU] addr=200031BD bit=00000004
[SEU] addr=200031C0 bit=00000000
[SEU] addr=200031D8 bit=00000001
[SEU] addr=200031C1 bit=00000001
[SEU] addr=2000315B bit=00000006
[SEU] addr=200031E7 bit=00000002
[SEU] addr=200031D4 bit=00000000
[END]
samples=2000
SEUs=365
good samples=1598
errors=402
samples omitted=0
max error=0x0000000080000000
propagations=341
detected disturbances=74
tmr corrections=29
dmr corrections=45
crc detections=0
clamp activations=0
[HARDFAULT]
qemu: fatal: Lockup: can't escalate 3 to HardFault (current priority -1)

R00=0000000a R01=00000002 R02=4000c000 R03=00000000
R04=00000000 R05=00000010 R06=00000000 R07=2000ffd8
R08=00000000 R09=00000000 R10=00000010 R11=00000000
R12=00000020 R13=2000ffd8 R14=00003621 R15=00000e16
XPSR=01000003 ---- T handler
FPSCR: 00000000
