START
SEED=11111111
[SEU] addr=20003150 bit=00000003
[SAMPLE QUEUE CORRUPTED] primary repaired
[SEU] addr=200031D6 bit=00000001
[SEU] addr=20003157 bit=00000002
[SAMPLE QUEUE backup CORRUPTED] backup repaired
[SEU] addr=200031BC bit=00000001
[SEU] addr=20003151 bit=00000006
[SEU] addr=200031E2 bit=00000006
[SEU] addr=2000315D bit=00000007
[CMD QUEUE CORRUPTED] primary repaired
[SEU] addr=20003150 bit=00000001
[SAMPLE QUEUE CORRUPTED] primary repaired
[SEU] addr=20003175 bit=00000007
[SEU] addr=2000316A bit=00000003
[SEU] addr=200031A0 bit=00000000
[SEU] addr=200031DD bit=00000002
[SEU] addr=20003187 bit=00000003
[SEU] addr=200031AE bit=00000003
[SEU] addr=2000319D bit=00000005
[SEU] addr=200031B3 bit=00000005
[SEU] addr=20003187 bit=00000005
[SEU] addr=200031C5 bit=00000001
[SEU] addr=200031D8 bit=00000002
[SEU] addr=200031B8 bit=00000002
[SEU] addr=200031CA bit=00000002
[SEU] addr=2000319C bit=00000000
[SEU] addr=2000319E bit=00000005
[SEU] addr=20003187 bit=00000000
[SEU] addr=20003176 bit=00000001
[SEU] addr=200031A8 bit=00000001
[SEU] addr=200031CA bit=00000003
[SEU] addr=20003175 bit=00000005
[SEU] addr=200031DF bit=00000006
[SEU] addr=200031D0 bit=00000007
[SEU] addr=2000315B bit=00000002
[SEU] addr=20003188 bit=00000006
[SEU] addr=20003197 bit=00000003
[ERR] seq=168 err=2524
[ERR] seq=169 err=400
[ERR] seq=170 err=464
[ERR] seq=171 err=136
[ERR] seq=172 err=88
[ERR] seq=173 err=24
[ERR] seq=174 err=8
[SEU] addr=200031C5 bit=00000006
[SEU] addr=200031CD bit=00000001
[SEU] addr=20003179 bit=00000007
[SEU] addr=20003163 bit=00000000
[SEU] addr=200031B8 bit=00000004
[SEU] addr=20003161 bit=00000000
[SEU] addr=200031A3 bit=00000001
[SEU] addr=20003163 bit=00000007
[SEU] addr=200031BD bit=00000003
[SEU] addr=2000315F bit=00000003
[CMD QUEUE CORRUPTED] primary repaired
[SEU] addr=2000315B bit=00000005
[SEU] addr=20003163 bit=00000004
[SEU] addr=20003165 bit=00000003
[CMD QUEUE backup CORRUPTED] backup repaired
[SEU] addr=20003178 bit=00000003
[SEU] addr=2000317E bit=00000000
[SEU] addr=20003170 bit=00000004
[SEU] addr=200031BB bit=00000006
[SEU] addr=2000318D bit=00000000
[ERR] seq=267 err=7064
[ERR] seq=268 err=1112
[ERR] seq=269 err=1280
[ERR] seq=270 err=360
[ERR] seq=271 err=232
[ERR] seq=272 err=64
[ERR] seq=273 err=32
[ERR] seq=274 err=8
[SEU] addr=2000319F bit=00000002
[SEU] addr=2000316C bit=00000001
[SEU] addr=20003161 bit=00000004
[SEU] addr=200031BC bit=00000000
[SEU] addr=2000319A bit=00000007
[ERR] seq=302 err=2516
[ERR] seq=303 err=400
[ERR] seq=304 err=464
[ERR] seq=305 err=136
[SEU] addr=2000315D bit=00000003
[CMD QUEUE CORRUPTED] primary repaired
[ERR] seq=306 err=88
[ERR] seq=307 err=24
[ERR] seq=308 err=8
[SEU] addr=200031CC bit=00000005
[SEU] addr=200031C4 bit=00000002
[SEU] addr=200031CD bit=00000004
[SEU] addr=2000315B bit=00000006
[SEU] addr=20003160 bit=00000001
[CMD QUEUE CORRUPTED] primary repaired
[SEU] addr=200031D3 bit=00000001
[SEU] addr=200031C0 bit=00000004
[SEU] addr=2000315A bit=00000006
[SEU] addr=200031DE bit=00000002
[SEU] addr=20003156 bit=00000003
[SAMPLE QUEUE backup CORRUPTED] backup repaired
[SEU] addr=200031C8 bit=00000005
[SEU] addr=200031E1 bit=00000002
[SEU] addr=200031B1 bit=00000001
[SEU] addr=2000319F bit=00000004
[SEU] addr=200031D6 bit=00000001
[SEU] addr=20003165 bit=00000002
[CMD QUEUE backup CORRUPTED] backup repaired
[SEU] addr=2000314C bit=00000005
[SAMPLE QUEUE CORRUPTED] primary repaired
[SEU] addr=200031E1 bit=00000004
[SEU] addr=200031C8 bit=00000000
[SEU] addr=20003160 bit=00000006
[CMD QUEUE CORRUPTED] primary repaired
[SEU] addr=200031DF bit=00000004
[SEU] addr=200031D7 bit=00000002
[SEU] addr=20003194 bit=00000003
[ERR] seq=424 err=64
[ERR] seq=425 err=8
[ERR] seq=426 err=8
[SEU] addr=20003171 bit=00000006
[SEU] addr=200031D5 bit=00000003
[SEU] addr=2000315B bit=00000002
[SEU] addr=200031DF bit=00000007
[SEU] addr=2000319A bit=00000006
[ERR] seq=455 err=2492
[ERR] seq=456 err=392
[ERR] seq=457 err=448
[ERR] seq=458 err=120
[ERR] seq=459 err=80
[ERR] seq=460 err=24
[ERR] seq=461 err=8
[SEU] addr=2000315B bit=00000004
[SEU] addr=2000315D bit=00000005
[CMD QUEUE CORRUPTED] primary repaired
[SEU] addr=2000319A bit=00000005
[ERR] seq=474 err=2492
[ERR] seq=475 err=392
[SEU] addr=200031DE bit=00000002
[ERR] seq=476 err=448
[ERR] seq=477 err=120
[ERR] seq=478 err=80
[ERR] seq=479 err=24
[SEU] addr=200031D3 bit=00000007
[ERR] seq=480 err=8
[SEU] addr=200031A1 bit=00000002
[SEU] addr=200031C1 bit=00000003
[SEU] addr=200031BD bit=00000004
[SEU] addr=2000318B bit=00000001
[SEU] addr=2000318E bit=00000004
[ERR] seq=516 err=7192
[ERR] seq=517 err=1144
[ERR] seq=518 err=1320
[ERR] seq=519 err=376
[ERR] seq=520 err=256
[ERR] seq=521 err=80
[ERR] seq=522 err=24
[SEU] addr=2000316A bit=00000006
[SEU] addr=20003189 bit=00000002
[SEU] addr=200031B4 bit=00000006
[SEU] addr=2000318C bit=00000007
[ERR] seq=542 err=2312
[ERR] seq=543 err=360
[ERR] seq=544 err=400
[ERR] seq=545 err=96
[ERR] seq=546 err=64
[ERR] seq=547 err=8
[SEU] addr=20003185 bit=00000000
[SEU] addr=20003154 bit=00000003
[SAMPLE QUEUE backup CORRUPTED] backup repaired
[SEU] addr=20003183 bit=00000004
[SEU] addr=200031D3 bit=00000003
[SEU] addr=2000314D bit=00000000
[SAMPLE QUEUE CORRUPTED] primary repaired
[SEU] addr=200031C2 bit=00000004
[SEU] addr=20003161 bit=00000002
[SEU] addr=2000318B bit=00000000
[SEU] addr=20003171 bit=00000003
[SEU] addr=20003171 bit=00000006
[SEU] addr=200031A7 bit=00000004
[SEU] addr=20003165 bit=00000006
[CMD QUEUE backup CORRUPTED] backup repaired
[SEU] addr=20003166 bit=00000001
[CMD QUEUE backup CORRUPTED] backup repaired
[SEU] addr=200031A6 bit=00000003
[SEU] addr=200031A0 bit=00000007
[SEU] addr=20003196 bit=00000004
[ERR] seq=653 err=2484
[ERR] seq=654 err=392
[ERR] seq=655 err=448
[ERR] seq=656 err=120
[ERR] seq=657 err=80
[ERR] seq=658 err=24
[ERR] seq=659 err=8
[SEU] addr=200031CA bit=00000007
[SEU] addr=2000318E bit=00000001
[ERR] seq=663 err=7376
[ERR] seq=664 err=1168
[ERR] seq=665 err=1344
[ERR] seq=666 err=376
[ERR] seq=667 err=256
[ERR] seq=668 err=80
[SEU] addr=20003159 bit=00000003
[ERR] seq=669 err=24
[SEU] addr=20003171 bit=00000005
[SEU] addr=200031C5 bit=00000003
[SEU] addr=200031C2 bit=00000003
[SEU] addr=200031DC bit=00000000
[SEU] addr=200031CD bit=00000002
[SEU] addr=20003198 bit=00000006
[ERR] seq=699 err=512
[ERR] seq=700 err=80
[ERR] seq=701 err=88
[ERR] seq=702 err=16
[ERR] seq=703 err=8
[SEU] addr=2000317C bit=00000006
[SEU] addr=2000317C bit=00000006
[SEU] addr=200031D6 bit=00000000
[SEU] addr=20003160 bit=00000002
[CMD QUEUE CORRUPTED] primary repaired
[SEU] addr=200031E5 bit=00000002
[SEU] addr=20003166 bit=00000002
[CMD QUEUE backup CORRUPTED] backup repaired
[SEU] addr=200031DC bit=00000005
[SEU] addr=2000315E bit=00000005
[CMD QUEUE CORRUPTED] primary repaired
[SEU] addr=200031DC bit=00000007
[SEU] addr=200031DF bit=00000000
[SEU] addr=20003196 bit=00000007
[ERR] seq=773 err=2484
[ERR] seq=774 err=392
[ERR] seq=775 err=448
[ERR] seq=776 err=120
[ERR] seq=777 err=80
[ERR] seq=778 err=24
[ERR] seq=779 err=8
[SEU] addr=200031E5 bit=00000003
[SEU] addr=200031C9 bit=00000002
[SEU] addr=2000318F bit=00000000
[ERR] seq=791 err=88
[SEU] addr=2000316C bit=00000002
[SEU] addr=2000318A bit=00000003
[SEU] addr=200031E3 bit=00000000
[SEU] addr=200031C2 bit=00000001
[SEU] addr=200031C5 bit=00000005
[SEU] addr=20003177 bit=00000003
[SEU] addr=200031BF bit=00000002
[SEU] addr=200031B3 bit=00000007
[SEU] addr=2000314C bit=00000002
[SAMPLE QUEUE CORRUPTED] primary repaired
[SEU] addr=200031D7 bit=00000004
[SEU] addr=20003150 bit=00000004
[SAMPLE QUEUE CORRUPTED] primary repaired
[SEU] addr=20003154 bit=00000000
[SAMPLE QUEUE backup CORRUPTED] backup repaired
[SEU] addr=2000316B bit=00000005
[SEU] addr=200031A4 bit=00000000
[SEU] addr=200031E1 bit=00000007
[SEU] addr=20003174 bit=00000004
[SEU] addr=200031C9 bit=00000007
[SEU] addr=200031C7 bit=00000001
[SEU] addr=20003186 bit=00000005
[SEU] addr=2000319A bit=00000000
[ERR] seq=911 err=2484
[ERR] seq=912 err=392
[SEU] addr=200031A4 bit=00000007
[ERR] seq=913 err=448
[SEU] addr=200031A0 bit=00000005
[ERR] seq=914 err=120
[ERR] seq=915 err=80
[ERR] seq=916 err=24
[ERR] seq=917 err=8
[SEU] addr=2000319B bit=00000001
[ERR] seq=923 err=2484
[SEU] addr=20003179 bit=00000005
[ERR] seq=924 err=392
[ERR] seq=925 err=448
[ERR] seq=926 err=120
[ERR] seq=927 err=80
[ERR] seq=928 err=24
[SEU] addr=200031E7 bit=00000005
[ERR] seq=929 err=8
[SEU] addr=200031DD bit=00000003
[SEU] addr=20003163 bit=00000007
[SEU] addr=2000319F bit=00000006
[SEU] addr=200031D2 bit=00000001
[SEU] addr=2000316B bit=00000007
[SEU] addr=20003156 bit=00000000
[SAMPLE QUEUE backup CORRUPTED] backup repaired
[SEU] addr=20003193 bit=00000006
[SEU] addr=20003173 bit=00000000
[SEU] addr=2000315F bit=00000000
[CMD QUEUE CORRUPTED] primary repaired
[SEU] addr=20003165 bit=00000007
[CMD QUEUE backup CORRUPTED] backup repaired
[SEU] addr=20003162 bit=00000002
[SEU] addr=20003163 bit=00000000
[SEU] addr=2000317F bit=00000001
[SEU] addr=200031A3 bit=00000006
[SEU] addr=2000315D bit=00000007
[CMD QUEUE CORRUPTED] primary repaired
[SEU] addr=20003167 bit=00000007
[CMD QUEUE backup CORRUPTED] backup repaired
[SEU] addr=200031AD bit=00000006
[SEU] addr=200031E2 bit=00000003
[SEU] addr=2000319C bit=00000000
[SEU] addr=200031A4 bit=00000003
[SEU] addr=200031BB bit=00000001
[SEU] addr=20003194 bit=00000007
[ERR] seq=1030 err=1024
[ERR] seq=1031 err=160
[ERR] seq=1032 err=184
[ERR] seq=1033 err=48
[ERR] seq=1034 err=24
[SEU] addr=2000316F bit=00000001
[SEU] addr=200031D9 bit=00000000
[SEU] addr=20003192 bit=00000006
[ERR] seq=1045 err=2572
[ERR] seq=1046 err=408
[ERR] seq=1047 err=472
[ERR] seq=1048 err=136
[SEU] addr=20003172 bit=00000007
[ERR] seq=1049 err=88
[ERR] seq=1050 err=24
[ERR] seq=1051 err=8
[SEU] addr=200031C1 bit=00000004
[SEU] addr=2000319B bit=00000001
[ERR] seq=1061 err=2524
[ERR] seq=1062 err=400
[ERR] seq=1063 err=464
[ERR] seq=1064 err=136
[ERR] seq=1065 err=88
[ERR] seq=1066 err=24
[ERR] seq=1067 err=8
[SEU] addr=20003179 bit=00000002
[SEU] addr=2000319A bit=00000004
[ERR] seq=1074 err=2524
[ERR] seq=1075 err=400
[ERR] seq=1076 err=464
[ERR] seq=1077 err=136
[ERR] seq=1078 err=88
[SEU] addr=20003193 bit=00000002
[ERR] seq=1079 err=2596
[ERR] seq=1080 err=416
[ERR] seq=1081 err=472
[ERR] seq=1082 err=136
[ERR] seq=1083 err=88
[ERR] seq=1084 err=24
[ERR] seq=1085 err=8
[SEU] addr=200031DA bit=00000006
[SEU] addr=2000317B bit=00000004
[SEU] addr=2000318E bit=00000006
[ERR] seq=1096 err=9720
[ERR] seq=1097 err=1544
[ERR] seq=1098 err=1776
[ERR] seq=1099 err=504
[ERR] seq=1100 err=336
[ERR] seq=1101 err=104
[ERR] seq=1102 err=48
[ERR] seq=1103 err=8
[SEU] addr=20003187 bit=00000000
[SEU] addr=200031CF bit=00000006
[SEU] addr=200031E7 bit=00000006
[SEU] addr=200031B7 bit=00000005
[SEU] addr=2000315A bit=00000004
[SEU] addr=2000319B bit=00000000
[ERR] seq=1129 err=2508
[ERR] seq=1130 err=400
[ERR] seq=1131 err=464
[SEU] addr=2000316B bit=00000000
[ERR] seq=1132 err=136
[ERR] seq=1133 err=88
[ERR] seq=1134 err=24
[ERR] seq=1135 err=8
[SEU] addr=200031C7 bit=00000005
[SEU] addr=200031A5 bit=00000005
[SEU] addr=200031DF bit=00000001
[SEU] addr=200031BE bit=00000002
[SEU] addr=200031D6 bit=00000006
[SEU] addr=20003155 bit=00000003
[SAMPLE QUEUE backup CORRUPTED] backup repaired
[SEU] addr=20003190 bit=00000002
[ERR] seq=1174 err=32
[SEU] addr=200031AF bit=00000004
[SEU] addr=200031DC bit=00000002
[SEU] addr=20003156 bit=00000006
[SAMPLE QUEUE backup CORRUPTED] backup repaired
[SEU] addr=20003170 bit=00000001
[SEU] addr=200031E6 bit=00000003
[SEU] addr=200031CC bit=00000001
[SEU] addr=200031CC bit=00000007
[SEU] addr=20003156 bit=00000003
[SAMPLE QUEUE backup CORRUPTED] backup repaired
[SEU] addr=20003181 bit=00000007
[SEU] addr=2000318B bit=00000001
[SEU] addr=20003182 bit=00000003
[SEU] addr=200031C2 bit=00000005
[SEU] addr=200031A6 bit=00000006
[SEU] addr=200031DA bit=00000005
[SEU] addr=200031C6 bit=00000006
[SEU] addr=200031B5 bit=00000005
[SEU] addr=20003176 bit=00000007
[SEU] addr=2000314D bit=00000004
[SAMPLE QUEUE CORRUPTED] primary repaired
[SEU] addr=2000314E bit=00000002
[SAMPLE QUEUE CORRUPTED] primary repaired
[SEU] addr=2000318F bit=00000001
[ERR] seq=1282 err=792
[ERR] seq=1283 err=112
[ERR] seq=1284 err=120
[SEU] addr=200031A4 bit=00000000
[ERR] seq=1285 err=16
[ERR] seq=1286 err=8
[SEU] addr=200031A9 bit=00000006
[SEU] addr=200031AF bit=00000004
[SEU] addr=200031CD bit=00000001
[SEU] addr=20003184 bit=00000003
[SEU] addr=2000316C bit=00000002
[SEU] addr=2000317B bit=00000000
[SEU] addr=2000319C bit=00000007
[SEU] addr=2000317F bit=00000001
[SEU] addr=200031A0 bit=00000007
[SEU] addr=20003172 bit=00000001
[SEU] addr=2000314F bit=00000003
[SAMPLE QUEUE CORRUPTED] primary repaired
[SEU] addr=20003171 bit=00000003
[SEU] addr=200031C1 bit=00000002
[SEU] addr=200031D9 bit=00000005
[SEU] addr=20003157 bit=00000004
[SAMPLE QUEUE backup CORRUPTED] backup repaired
[SEU] addr=200031CA bit=00000002
[SEU] addr=200031D3 bit=00000007
[SEU] addr=200031B1 bit=00000002
[SEU] addr=200031B5 bit=00000005
[SEU] addr=2000315C bit=00000004
[CMD QUEUE CORRUPTED] primary repaired
[SEU] addr=200031BF bit=00000007
[SEU] addr=20003160 bit=00000006
[CMD QUEUE CORRUPTED] primary repaired
[SEU] addr=200031AA bit=00000002
[SEU] addr=2000317A bit=00000000
[SEU] addr=20003160 bit=00000002
[CMD QUEUE CORRUPTED] primary repaired
[SEU] addr=200031AC bit=00000004
[SEU] addr=20003171 bit=00000002
[SEU] addr=2000319E bit=00000002
[SEU] addr=20003155 bit=00000003
[SAMPLE QUEUE backup CORRUPTED] backup repaired
[SEU] addr=20003173 bit=00000001
[SEU] addr=20003185 bit=00000001
[SEU] addr=200031BF bit=00000000
[SEU] addr=200031C1 bit=00000007
[SEU] addr=200031C5 bit=00000001
[SEU] addr=20003196 bit=00000006
[ERR] seq=1459 err=2468
[ERR] seq=1460 err=392
[ERR] seq=1461 err=448
[SEU] addr=20003177 bit=00000006
[ERR] seq=1462 err=120
[ERR] seq=1463 err=80
[ERR] seq=1464 err=24
[ERR] seq=1465 err=8
[SEU] addr=200031E7 bit=00000004
[SEU] addr=200031C0 bit=00000005
[SEU] addr=200031E0 bit=00000001
[SEU] addr=200031D1 bit=00000005
[SEU] addr=200031E3 bit=00000005
[SEU] addr=200031C5 bit=00000005
[SEU] addr=2000317D bit=00000003
[SEU] addr=200031C5 bit=00000007
[SEU] addr=20003170 bit=00000003
[SEU] addr=200031D8 bit=00000006
[SEU] addr=2000319B bit=00000004
[ERR] seq=1526 err=2508
[ERR] seq=1527 err=400
[ERR] seq=1528 err=464
[SEU] addr=2000316A bit=00000001
[ERR] seq=1529 err=136
[ERR] seq=1530 err=88
[ERR] seq=1531 err=24
[ERR] seq=1532 err=8
[SEU] addr=200031AF bit=00000000
[SEU] addr=200031E6 bit=00000004
[SEU] addr=20003190 bit=00000002
[ERR] seq=1541 err=32
[SEU] addr=20003165 bit=00000007
[CMD QUEUE backup CORRUPTED] backup repaired
[SEU] addr=200031A1 bit=00000000
[SEU] addr=20003173 bit=00000000
[SEU] addr=2000319A bit=00000002
[ERR] seq=1553 err=2484
[ERR] seq=1554 err=392
[ERR] seq=1555 err=448
[ERR] seq=1556 err=120
[ERR] seq=1557 err=80
[ERR] seq=1558 err=24
[ERR] seq=1559 err=8
[SEU] addr=20003155 bit=00000003
[SAMPLE QUEUE backup CORRUPTED] backup repaired
[SEU] addr=2000319D bit=00000007
[SEU] addr=200031C8 bit=00000005
[SEU] addr=20003192 bit=00000007
[ERR] seq=1585 err=2444
[ERR] seq=1586 err=384
[ERR] seq=1587 err=440
[ERR] seq=1588 err=120
[ERR] seq=1589 err=80
[ERR] seq=1590 err=24
[ERR] seq=1591 err=8
[SEU] addr=20003196 bit=00000000
[ERR] seq=1595 err=2532
[ERR] seq=1596 err=400
[ERR] seq=1597 err=464
[ERR] seq=1598 err=136
[ERR] seq=1599 err=88
[ERR] seq=1600 err=24
[ERR] seq=1601 err=8
[SEU] addr=20003197 bit=00000005
[SEU] addr=200031CC bit=00000000
[SEU] addr=200031AF bit=00000007
[SEU] addr=2000316E bit=00000001
[SEU] addr=20003183 bit=00000002
[SEU] addr=20003180 bit=00000007
[SEU] addr=20003162 bit=00000006
[SEU] addr=20003154 bit=00000005
[SAMPLE QUEUE backup CORRUPTED] backup repaired
[SEU] addr=200031DD bit=00000001
[SEU] addr=2000316B bit=00000003
[SEU] addr=200031AD bit=00000004
[SEU] addr=200031D8 bit=00000006
[SEU] addr=200031E5 bit=00000005
[SEU] addr=200031D5 bit=00000002
[SEU] addr=200031A1 bit=00000004
[SEU] addr=20003189 bit=00000001
[SEU] addr=20003171 bit=00000002
[SEU] addr=200031DE bit=00000000
[SEU] addr=20003165 bit=00000002
[CMD QUEUE backup CORRUPTED] backup repaired
[SEU] addr=200031BF bit=00000000
[SEU] addr=20003187 bit=00000007
[SEU] addr=2000319A bit=00000007
[ERR] seq=1708 err=2516
[ERR] seq=1709 err=400
[ERR] seq=1710 err=464
[SEU] addr=20003184 bit=00000000
[ERR] seq=1711 err=136
[ERR] seq=1712 err=88
[ERR] seq=1713 err=24
[ERR] seq=1714 err=8
[SEU] addr=200031DF bit=00000002
[SEU] addr=20003171 bit=00000005
[SEU] addr=20003152 bit=00000005
[SEU] addr=20003163 bit=00000001
[SEU] addr=2000316C bit=00000001
[SEU] addr=2000315D bit=00000001
[CMD QUEUE CORRUPTED] primary repaired
[SEU] addr=200031D8 bit=00000002
[SEU] addr=2000316D bit=00000001
[SEU] addr=20003180 bit=00000006
[SEU] addr=200031A7 bit=00000001
[SEU] addr=200031E1 bit=00000007
[SEU] addr=2000318C bit=00000006
[ERR] seq=1770 err=6592
[ERR] seq=1771 err=1048
[ERR] seq=1772 err=1200
[ERR] seq=1773 err=336
[ERR] seq=1774 err=224
[ERR] seq=1775 err=64
[ERR] seq=1776 err=24
[SEU] addr=2000317B bit=00000003
[SEU] addr=20003154 bit=00000003
[SAMPLE QUEUE backup CORRUPTED] backup repaired
[SEU] addr=2000319C bit=00000005
[SEU] addr=20003186 bit=00000002
[SEU] addr=20003180 bit=00000000
[SEU] addr=20003164 bit=00000007
[CMD QUEUE backup CORRUPTED] backup repaired
[SEU] addr=200031B3 bit=00000000
[SEU] addr=200031DA bit=00000006
[SEU] addr=200031A1 bit=00000001
[SEU] addr=200031E7 bit=00000001
[SEU] addr=200031BF bit=00000004
[SEU] addr=2000317B bit=00000005
[SEU] addr=2000316F bit=00000001
[SEU] addr=200031C0 bit=00000007
[SEU] addr=200031E4 bit=00000000
[SEU] addr=20003176 bit=00000004
[SEU] addr=2000316E bit=00000004
[SEU] addr=2000316C bit=00000006
[SEU] addr=200031B6 bit=00000002
[SEU] addr=200031D8 bit=00000001
[SEU] addr=2000316E bit=00000007
[SEU] addr=20003175 bit=00000004
[SEU] addr=200031DA bit=00000002
[SEU] addr=200031C7 bit=00000004
[SEU] addr=200031A6 bit=00000007
[SEU] addr=20003168 bit=00000006
[CMD QUEUE backup CORRUPTED] backup repaired
[SEU] addr=200031BB bit=00000004
[SEU] addr=20003180 bit=00000007
[SEU] addr=2000318F bit=00000004
[ERR] seq=1937 err=7632
[ERR] seq=1938 err=1208
[ERR] seq=1939 err=1392
[ERR] seq=1940 err=392
[ERR] seq=1941 err=264
[ERR] seq=1942 err=88
[ERR] seq=1943 err=40
[ERR] seq=1944 err=8
[SEU] addr=200031A0 bit=00000000
[SEU] addr=200031CB bit=00000007
[SEU] addr=20003184 bit=00000007
[SEU] addr=200031AA bit=00000004
[SEU] addr=200031BD bit=00000007
[SEU] addr=200031B9 bit=00000002
[SEU] addr=200031B5 bit=00000000
[SEU] addr=200031AE bit=00000006
[SEU] addr=20003157 bit=00000002
[SAMPLE QUEUE backup CORRUPTED] backup repaired
[SEU] addr=200031C3 bit=00000005
[SEU] addr=20003181 bit=00000002
[SEU] addr=200031B0 bit=00000003
[END]
samples=2000
SEUs=368
good samples=1797
errors=203
samples omitted=0
max error=0x00000000000025F8
propagations=142
detected disturbances=102
tmr corrections=35
dmr corrections=48
crc detections=0
clamp activations=19
[HARDFAULT]
qemu: fatal: Lockup: can't escalate 3 to HardFault (current priority -1)

R00=0000000a R01=00000002 R02=4000c000 R03=00000000
R04=00000000 R05=00000010 R06=00000000 R07=2000ffd8
R08=00000000 R09=00000000 R10=00000010 R11=00000000
R12=00000020 R13=2000ffd8 R14=00003711 R15=00000f0a
XPSR=01000003 ---- T handler
FPSCR: 00000000
