START
SEED=11111111
[SEU] addr=2000316C bit=00000003
[SEU] addr=200031C2 bit=00000001
[SEU] addr=2000315B bit=00000002
[SEU] addr=20003190 bit=00000001
[PREVIOUS SENSOR SAMPLE CORRUPTED] omitting sample
[SEU] addr=20003155 bit=00000006
[CMD QUEUE CORRUPTED] primary repaired
[SEU] addr=20003162 bit=00000006
[SEU] addr=200031CD bit=00000007
[SEU] addr=200031A8 bit=00000001
[SEU] addr=20003185 bit=00000007
[SEU] addr=200031B6 bit=00000003
[SEU] addr=200031E0 bit=00000000
[SEU] addr=200031A5 bit=00000002
[SEU] addr=2000317F bit=00000003
[SEU] addr=20003146 bit=00000003
[SAMPLE QUEUE CORRUPTED] primary repaired
[SEU] addr=20003189 bit=00000005
[SEU] addr=2000317B bit=00000005
[SEU] addr=20003197 bit=00000005
[PREVIOUS SENSOR SAMPLE CORRUPTED] omitting sample
[SEU] addr=200031A5 bit=00000001
[SEU] addr=20003164 bit=00000002
[SEU] addr=200031D4 bit=00000002
[SEU] addr=200031CE bit=00000002
[SEU] addr=20003164 bit=00000000
[SEU] addr=200031DE bit=00000005
[SEU] addr=20003173 bit=00000000
[SEU] addr=200031DA bit=00000001
[SEU] addr=20003164 bit=00000001
[SEU] addr=200031C2 bit=00000003
[SEU] addr=20003179 bit=00000005
[SEU] addr=20003147 bit=00000006
[SAMPLE QUEUE CORRUPTED] primary repaired
[SEU] addr=200031C8 bit=00000007
[SEU] addr=2000318F bit=00000002
[PREVIOUS SENSOR SAMPLE CORRUPTED] omitting sample
[SEU] addr=20003150 bit=00000006
[SAMPLE QUEUE backup CORRUPTED] backup repaired
[SEU] addr=20003147 bit=00000003
[SAMPLE QUEUE CORRUPTED] primary repaired
[SEU] addr=20003145 bit=00000006
[SAMPLE QUEUE CORRUPTED] primary repaired
[SEU] addr=2000314D bit=00000001
[SAMPLE QUEUE backup CORRUPTED] backup repaired
[SEU] addr=20003171 bit=00000007
[SEU] addr=20003173 bit=00000000
[SEU] addr=200031D4 bit=00000004
[SEU] addr=20003165 bit=00000000
[SEU] addr=2000316B bit=00000001
[SEU] addr=200031AF bit=00000007
[SEU] addr=2000316D bit=00000003
[SEU] addr=200031E7 bit=00000003
[SEU] addr=20003183 bit=00000005
[SEU] addr=2000318B bit=00000004
[SEU] addr=200031E1 bit=00000003
[SEU] addr=20003164 bit=00000003
[SEU] addr=2000316A bit=00000000
[SEU] addr=200031D4 bit=00000004
[SEU] addr=200031BF bit=00000006
[SEU] addr=20003155 bit=00000000
[CMD QUEUE CORRUPTED] primary repaired
[SEU] addr=200031D3 bit=00000002
[SEU] addr=20003164 bit=00000001
[SEU] addr=200031D1 bit=00000004
[SEU] addr=20003178 bit=00000000
[SEU] addr=200031E6 bit=00000007
[SEU] addr=20003191 bit=00000003
[PREVIOUS SENSOR SAMPLE CORRUPTED] omitting sample
[SEU] addr=200031D0 bit=00000005
[SEU] addr=20003144 bit=00000002
[SAMPLE QUEUE CORRUPTED] primary repaired
[SEU] addr=2000314D bit=00000004
[SAMPLE QUEUE backup CORRUPTED] backup repaired
[SEU] addr=200031CB bit=00000006
[SEU] addr=200031A0 bit=00000001
[SEU] addr=20003153 bit=00000001
[SEU] addr=200031DC bit=00000004
[SEU] addr=20003182 bit=00000006
[SEU] addr=20003176 bit=00000002
[SEU] addr=200031AE bit=00000003
[SEU] addr=200031A8 bit=00000005
[SEU] addr=20003155 bit=00000002
[CMD QUEUE CORRUPTED] primary repaired
[SEU] addr=20003149 bit=00000001
[SEU] addr=200031C7 bit=00000004
[SEU] addr=200031C2 bit=00000001
[SEU] addr=20003151 bit=00000002
[SEU] addr=20003198 bit=00000005
[PREVIOUS SENSOR SAMPLE CORRUPTED] omitting sample
[SEU] addr=20003179 bit=00000004
[SEU] addr=20003178 bit=00000000
[SEU] addr=200031A0 bit=00000006
[SEU] addr=200031B3 bit=00000004
[SEU] addr=2000319F bit=00000002
[SEU] addr=200031BC bit=00000003
[SEU] addr=20003181 bit=00000006
[SEU] addr=20003179 bit=00000003
[SEU] addr=200031E3 bit=00000002
[SEU] addr=200031A7 bit=00000007
[SEU] addr=20003192 bit=00000006
[PREVIOUS SENSOR SAMPLE CORRUPTED] omitting sample
[SEU] addr=20003177 bit=00000004
[SEU] addr=20003185 bit=00000005
[SEU] addr=200031CE bit=00000005
[SEU] addr=200031E2 bit=00000002
[SEU] addr=20003153 bit=00000007
[SEU] addr=20003181 bit=00000002
[SEU] addr=200031D1 bit=00000003
[SEU] addr=2000316D bit=00000004
[SEU] addr=2000319B bit=00000001
[PREVIOUS SENSOR SAMPLE CORRUPTED] omitting sample
[SEU] addr=2000314A bit=00000004
[SEU] addr=2000317A bit=00000006
[SEU] addr=20003181 bit=00000002
[SEU] addr=200031A0 bit=00000006
[SEU] addr=2000319C bit=00000007
[PREVIOUS SENSOR SAMPLE CORRUPTED] omitting sample
[SEU] addr=20003165 bit=00000000
[SEU] addr=2000317C bit=00000003
[SEU] addr=20003193 bit=00000004
[PREVIOUS SENSOR SAMPLE CORRUPTED] omitting sample
[SEU] addr=20003153 bit=00000003
[SEU] addr=20003145 bit=00000000
[SAMPLE QUEUE CORRUPTED] primary repaired
[SEU] addr=20003196 bit=00000004
[PREVIOUS SENSOR SAMPLE CORRUPTED] omitting sample
[SEU] addr=20003165 bit=00000002
[SEU] addr=20003147 bit=00000000
[SAMPLE QUEUE CORRUPTED] primary repaired
[SEU] addr=20003199 bit=00000003
[PREVIOUS SENSOR SAMPLE CORRUPTED] omitting sample
[SEU] addr=200031D5 bit=00000006
[SEU] addr=200031AB bit=00000004
[SEU] addr=20003181 bit=00000006
[SEU] addr=2000319A bit=00000001
[PREVIOUS SENSOR SAMPLE CORRUPTED] omitting sample
[SEU] addr=2000316E bit=00000003
[SEU] addr=20003150 bit=00000007
[SAMPLE QUEUE backup CORRUPTED] backup repaired
[SEU] addr=200031B2 bit=00000004
[SEU] addr=200031C2 bit=00000007
[SEU] addr=200031AA bit=00000001
[SEU] addr=200031B1 bit=00000003
[SEU] addr=200031B1 bit=00000005
[SEU] addr=200031D5 bit=00000003
[SEU] addr=200031A2 bit=00000003
[SEU] addr=200031E0 bit=00000000
[SEU] addr=200031DD bit=00000002
[SEU] addr=200031CC bit=00000006
[SEU] addr=200031B0 bit=00000006
[SEU] addr=200031BC bit=00000006
[SEU] addr=20003156 bit=00000000
[CMD QUEUE CORRUPTED] primary repaired
[SEU] addr=200031AC bit=00000002
[SEU] addr=200031E9 bit=00000002
[SEU] addr=200031D6 bit=00000002
[SEU] addr=200031B0 bit=00000005
[SEU] addr=2000314A bit=00000005
[SEU] addr=200031A4 bit=00000007
[SEU] addr=20003177 bit=00000000
[SEU] addr=200031E2 bit=00000007
[SEU] addr=200031C5 bit=00000003
[SEU] addr=200031D9 bit=00000002
[SEU] addr=200031E7 bit=00000000
[SEU] addr=200031AC bit=00000002
[SEU] addr=200031D6 bit=00000003
[SEU] addr=200031C3 bit=00000000
[SEU] addr=200031BA bit=00000001
[SEU] addr=200031E1 bit=00000005
[SEU] addr=200031E7 bit=00000003
[SEU] addr=200031E7 bit=00000002
[SEU] addr=20003163 bit=00000007
[SEU] addr=200031B0 bit=00000002
[SEU] addr=200031CF bit=00000004
[SEU] addr=200031C0 bit=00000004
[SEU] addr=20003170 bit=00000000
[SEU] addr=2000317B bit=00000005
[SEU] addr=200031C0 bit=00000000
[SEU] addr=20003191 bit=00000007
[PREVIOUS SENSOR SAMPLE CORRUPTED] omitting sample
[SEU] addr=200031CC bit=00000004
[SEU] addr=200031B5 bit=00000007
[SEU] addr=20003183 bit=00000001
[SEU] addr=200031AE bit=00000005
[SEU] addr=20003192 bit=00000000
[PREVIOUS SENSOR SAMPLE CORRUPTED] omitting sample
[SEU] addr=2000319C bit=00000007
[PREVIOUS SENSOR SAMPLE CORRUPTED] omitting sample
[SEU] addr=20003174 bit=00000005
[SEU] addr=20003163 bit=00000001
[SEU] addr=2000314D bit=00000005
[SAMPLE QUEUE backup CORRUPTED] backup repaired
[SEU] addr=2000318B bit=00000005
[SEU] addr=200031B1 bit=00000003
[SEU] addr=200031A3 bit=00000007
[SEU] addr=2000314F bit=00000006
[SAMPLE QUEUE backup CORRUPTED] backup repaired
[SEU] addr=2000318E bit=00000001
[PREVIOUS SENSOR SAMPLE CORRUPTED] omitting sample
[SEU] addr=200031DB bit=00000007
[SEU] addr=200031BA bit=00000000
[SEU] addr=2000318B bit=00000006
[SEU] addr=20003183 bit=00000000
[SEU] addr=200031DB bit=00000000
[SEU] addr=200031BD bit=00000007
[SEU] addr=200031DE bit=00000002
[SEU] addr=2000315B bit=00000000
[SEU] addr=20003183 bit=00000001
[SEU] addr=2000316B bit=00000006
[SEU] addr=200031E5 bit=00000007
[SEU] addr=20003147 bit=00000007
[SAMPLE QUEUE CORRUPTED] primary repaired
[SEU] addr=200031BD bit=00000006
[SEU] addr=200031C2 bit=00000003
[SEU] addr=200031B8 bit=00000000
[SEU] addr=200031D8 bit=00000003
[SEU] addr=2000315F bit=00000001
[CMD QUEUE backup CORRUPTED] backup repaired
[SEU] addr=200031A4 bit=00000007
[SEU] addr=2000314F bit=00000001
[SAMPLE QUEUE backup CORRUPTED] backup repaired
[SEU] addr=20003171 bit=00000000
[SEU] addr=2000318A bit=00000006
[SEU] addr=200031B2 bit=00000007
[SEU] addr=20003159 bit=00000004
[SEU] addr=2000316F bit=00000001
[SEU] addr=200031A1 bit=00000002
[SEU] addr=20003192 bit=00000004
[PREVIOUS SENSOR SAMPLE CORRUPTED] omitting sample
[SEU] addr=2000314F bit=00000002
[SAMPLE QUEUE backup CORRUPTED] backup repaired
[SEU] addr=200031AE bit=00000006
[SEU] addr=200031D3 bit=00000004
[SEU] addr=2000319E bit=00000006
[SEU] addr=2000317F bit=00000000
[SEU] addr=200031EB bit=00000006
[SEU] addr=200031D3 bit=00000006
[SEU] addr=200031EB bit=00000005
[SEU] addr=200031BE bit=00000004
[SEU] addr=2000314B bit=00000000
[SEU] addr=200031DB bit=00000000
[SEU] addr=2000316B bit=00000005
[SEU] addr=200031E5 bit=00000005
[SEU] addr=200031BF bit=00000001
[SEU] addr=2000316E bit=00000002
[SEU] addr=20003192 bit=00000006
[PREVIOUS SENSOR SAMPLE CORRUPTED] omitting sample
[SEU] addr=2000314D bit=00000003
[SAMPLE QUEUE backup CORRUPTED] backup repaired
[SEU] addr=200031C4 bit=00000002
[SEU] addr=2000316B bit=00000004
[SEU] addr=20003174 bit=00000002
[SEU] addr=2000315A bit=00000006
[SEU] addr=200031A4 bit=00000001
[SEU] addr=2000315A bit=00000003
[SEU] addr=20003158 bit=00000001
[CMD QUEUE CORRUPTED] primary repaired
[SEU] addr=20003188 bit=00000007
[SEU] addr=2000317E bit=00000003
[SEU] addr=200031D9 bit=00000007
[SEU] addr=200031BF bit=00000001
[SEU] addr=200031AA bit=00000003
[SEU] addr=2000317E bit=00000005
[SEU] addr=200031B6 bit=00000006
[SEU] addr=2000315A bit=00000005
[SEU] addr=2000319A bit=00000006
[PREVIOUS SENSOR SAMPLE CORRUPTED] omitting sample
[SEU] addr=200031AD bit=00000005
[SEU] addr=200031CE bit=00000007
[SEU] addr=200031A5 bit=00000004
[SEU] addr=2000318E bit=00000002
[PREVIOUS SENSOR SAMPLE CORRUPTED] omitting sample
[SEU] addr=200031B7 bit=00000001
[SEU] addr=2000316C bit=00000000
[SEU] addr=200031DD bit=00000006
[SEU] addr=20003177 bit=00000004
[SEU] addr=200031D1 bit=00000001
[SEU] addr=20003188 bit=00000003
[SEU] addr=20003188 bit=00000002
[SEU] addr=200031D3 bit=00000000
[SEU] addr=200031C4 bit=00000007
[SEU] addr=20003153 bit=00000001
[SEU] addr=20003180 bit=00000007
[SEU] addr=200031D6 bit=00000001
[SEU] addr=200031A7 bit=00000003
[SEU] addr=2000318D bit=00000003
[PREVIOUS SENSOR SAMPLE CORRUPTED] omitting sample
[SEU] addr=20003195 bit=00000002
[PREVIOUS SENSOR SAMPLE CORRUPTED] omitting sample
[SEU] addr=200031A1 bit=00000005
[SEU] addr=20003197 bit=00000004
[PREVIOUS SENSOR SAMPLE CORRUPTED] omitting sample
[SEU] addr=20003162 bit=00000002
[SEU] addr=200031D7 bit=00000007
[SEU] addr=20003161 bit=00000002
[SEU] addr=2000314D bit=00000005
[SAMPLE QUEUE backup CORRUPTED] backup repaired
[SEU] addr=200031CC bit=00000004
[SEU] addr=200031E7 bit=00000007
[SEU] addr=200031AC bit=00000006
[SEU] addr=200031A2 bit=00000002
[SEU] addr=2000315A bit=00000000
[SEU] addr=20003158 bit=00000002
[CMD QUEUE CORRUPTED] primary repaired
[SEU] addr=200031B0 bit=00000004
[SEU] addr=200031B1 bit=00000002
[SEU] addr=200031DE bit=00000002
[SEU] addr=200031A1 bit=00000003
[SEU] addr=200031A7 bit=00000001
[SEU] addr=200031B9 bit=00000001
[SEU] addr=200031C3 bit=00000000
[SEU] addr=200031C5 bit=00000007
[SEU] addr=2000315D bit=00000001
[CMD QUEUE backup CORRUPTED] backup repaired
[SEU] addr=200031A6 bit=00000006
[SEU] addr=2000317B bit=00000006
[SEU] addr=200031EB bit=00000004
[SEU] addr=200031AC bit=00000005
[SEU] addr=200031C0 bit=00000001
[SEU] addr=200031B1 bit=00000005
[SEU] addr=20003193 bit=00000005
[PREVIOUS SENSOR SAMPLE CORRUPTED] omitting sample
[SEU] addr=2000318D bit=00000005
[PREVIOUS SENSOR SAMPLE CORRUPTED] omitting sample
[SEU] addr=200031D5 bit=00000003
[SEU] addr=20003151 bit=00000007
[SEU] addr=200031E0 bit=00000003
[SEU] addr=20003188 bit=00000006
[SEU] addr=200031AB bit=00000004
[SEU] addr=200031C2 bit=00000001
[SEU] addr=20003153 bit=00000000
[SEU] addr=2000317E bit=00000004
[SEU] addr=20003194 bit=00000002
[PREVIOUS SENSOR SAMPLE CORRUPTED] omitting sample
[SEU] addr=2000318D bit=00000007
[PREVIOUS SENSOR SAMPLE CORRUPTED] omitting sample
[SEU] addr=200031D5 bit=00000000
[SEU] addr=2000319B bit=00000000
[PREVIOUS SENSOR SAMPLE CORRUPTED] omitting sample
[SEU] addr=200031DA bit=00000002
[SEU] addr=2000314D bit=00000003
[SAMPLE QUEUE backup CORRUPTED] backup repaired
[SEU] addr=200031A1 bit=00000007
[SEU] addr=20003184 bit=00000005
[SEU] addr=2000318A bit=00000007
[SEU] addr=200031D6 bit=00000000
[SEU] addr=200031E3 bit=00000005
[SEU] addr=200031DC bit=00000000
[SEU] addr=2000318F bit=00000007
[PREVIOUS SENSOR SAMPLE CORRUPTED] omitting sample
[SEU] addr=200031D2 bit=00000001
[SEU] addr=200031E7 bit=00000002
[SEU] addr=20003178 bit=00000007
[SEU] addr=200031D2 bit=00000006
[SEU] addr=2000317C bit=00000005
[SEU] addr=20003169 bit=00000001
[SEU] addr=20003193 bit=00000003
[PREVIOUS SENSOR SAMPLE CORRUPTED] omitting sample
[SEU] addr=200031E1 bit=00000004
[SEU] addr=200031AC bit=00000006
[SEU] addr=200031D1 bit=00000005
[SEU] addr=200031B5 bit=00000002
[SEU] addr=200031D5 bit=00000004
[SEU] addr=20003145 bit=00000001
[SAMPLE QUEUE CORRUPTED] primary repaired
[SEU] addr=20003169 bit=00000002
[SEU] addr=20003146 bit=00000000
[SAMPLE QUEUE CORRUPTED] primary repaired
[SEU] addr=20003169 bit=00000002
[SEU] addr=20003187 bit=00000000
[SEU] addr=200031D3 bit=00000007
[SEU] addr=200031CE bit=00000007
[SEU] addr=200031B8 bit=00000000
[SEU] addr=20003153 bit=00000002
[SEU] addr=200031D5 bit=00000005
[SEU] addr=20003156 bit=00000005
[CMD QUEUE CORRUPTED] primary repaired
[SEU] addr=2000315B bit=00000001
[SEU] addr=200031A0 bit=00000001
[SEU] addr=20003161 bit=00000001
[SEU] addr=200031D0 bit=00000002
[SEU] addr=20003165 bit=00000001
[SEU] addr=20003148 bit=00000006
[SAMPLE QUEUE CORRUPTED] primary repaired
[SEU] addr=20003157 bit=00000001
[CMD QUEUE CORRUPTED] primary repaired
[SEU] addr=20003185 bit=00000007
[SEU] addr=20003178 bit=00000006
[SEU] addr=200031AF bit=00000003
[SEU] addr=20003188 bit=00000003
[SEU] addr=2000317C bit=00000005
[SEU] addr=200031EA bit=00000002
[SEU] addr=200031A8 bit=00000000
[SEU] addr=20003174 bit=00000007
[SEU] addr=200031CF bit=00000000
[SEU] addr=20003172 bit=00000006
[SEU] addr=200031BD bit=00000001
[SEU] addr=2000318B bit=00000001
[SEU] addr=200031AB bit=00000004
[SEU] addr=2000318B bit=00000005
[SEU] addr=20003173 bit=00000001
[SEU] addr=2000317C bit=00000007
[SEU] addr=20003194 bit=00000000
[PREVIOUS SENSOR SAMPLE CORRUPTED] omitting sample
[SEU] addr=2000317A bit=00000004
[SEU] addr=2000315A bit=00000004
[SEU] addr=200031DC bit=00000006
[SEU] addr=20003172 bit=00000002
[SEU] addr=20003158 bit=00000001
[CMD QUEUE CORRUPTED] primary repaired
[SEU] addr=2000315A bit=00000007
[SEU] addr=20003179 bit=00000004
[SEU] addr=200031DE bit=00000002
[SEU] addr=20003177 bit=00000004
[SEU] addr=20003156 bit=00000007
[CMD QUEUE CORRUPTED] primary repaired
[SEU] addr=200031B4 bit=00000006
[SEU] addr=2000318F bit=00000004
[PREVIOUS SENSOR SAMPLE CORRUPTED] omitting sample
[SEU] addr=200031E4 bit=00000007
[SEU] addr=200031CF bit=00000004
[SEU] addr=200031D4 bit=00000000
[SEU] addr=2000314B bit=00000007
[SEU] addr=2000317C bit=00000007
[SEU] addr=200031A2 bit=00000004
[SEU] addr=200031D9 bit=00000007
[SEU] addr=20003181 bit=00000002
[SEU] addr=200031E9 bit=00000000
[SEU] addr=2000319A bit=00000006
[PREVIOUS SENSOR SAMPLE CORRUPTED] omitting sample
[SEU] addr=200031D3 bit=00000002
[SEU] addr=20003173 bit=00000005
[SEU] addr=200031CD bit=00000002
[SEU] addr=2000316C bit=00000003
[SEU] addr=20003157 bit=00000003
[CMD QUEUE CORRUPTED] primary repaired
[SEU] addr=200031C9 bit=00000004
[SEU] addr=200031C0 bit=00000002
[SEU] addr=200031A3 bit=00000005
[SEU] addr=200031C7 bit=00000000
[SEU] addr=20003153 bit=00000002
[SEU] addr=200031B9 bit=00000005
[SEU] addr=2000318A bit=00000004
[SEU] addr=2000316C bit=00000004
[SEU] addr=200031E6 bit=00000006
[SEU] addr=20003185 bit=00000006
[SEU] addr=2000317C bit=00000004
[SEU] addr=2000318B bit=00000001
[SEU] addr=200031E3 bit=00000001
[SEU] addr=20003188 bit=00000001
[SEU] addr=20003189 bit=00000001
[SEU] addr=2000318C bit=00000001
[PREVIOUS SENSOR SAMPLE CORRUPTED] omitting sample
[SEU] addr=20003151 bit=00000001
[SEU] addr=200031E9 bit=00000007
[SEU] addr=2000317F bit=00000005
[SEU] addr=20003169 bit=00000001
[SEU] addr=200031E7 bit=00000002
[SEU] addr=200031E2 bit=00000004
[SEU] addr=20003173 bit=00000004
[SEU] addr=20003170 bit=00000003
[SEU] addr=200031C6 bit=00000006
[SEU] addr=200031A9 bit=00000004
[SEU] addr=200031BA bit=00000000
[SEU] addr=20003145 bit=00000006
[SAMPLE QUEUE CORRUPTED] primary repaired
[SEU] addr=200031E6 bit=00000003
[SEU] addr=2000318A bit=00000000
[SEU] addr=20003156 bit=00000004
[CMD QUEUE CORRUPTED] primary repaired
[SEU] addr=20003159 bit=00000002
[SEU] addr=2000318D bit=00000003
[PREVIOUS SENSOR SAMPLE CORRUPTED] omitting sample
[SEU] addr=200031EA bit=00000006
[SEU] addr=200031B2 bit=00000006
[SEU] addr=200031CE bit=00000002
[SEU] addr=2000317D bit=00000004
[SEU] addr=200031B4 bit=00000005
[SEU] addr=2000316D bit=00000002
[SEU] addr=200031AC bit=00000006
[SEU] addr=200031B4 bit=00000006
[SEU] addr=2000314E bit=00000000
[SAMPLE QUEUE backup CORRUPTED] backup repaired
[SEU] addr=200031BB bit=00000003
[SEU] addr=200031B0 bit=00000006
[SEU] addr=200031B2 bit=00000002
[SEU] addr=20003181 bit=00000006
[SEU] addr=20003170 bit=00000002
[SEU] addr=20003188 bit=00000007
[SEU] addr=200031A9 bit=00000005
[SEU] addr=200031B0 bit=00000000
[SEU] addr=2000318A bit=00000002
[SEU] addr=200031CA bit=00000004
[SEU] addr=20003175 bit=00000001
[SEU] addr=2000314D bit=00000001
[SAMPLE QUEUE backup CORRUPTED] backup repaired
[SEU] addr=200031BF bit=00000002
[SEU] addr=20003189 bit=00000004
[SEU] addr=2000319D bit=00000000
[SEU] addr=2000318F bit=00000001
[PREVIOUS SENSOR SAMPLE CORRUPTED] omitting sample
[SEU] addr=200031B2 bit=00000004
[SEU] addr=200031B7 bit=00000001
[SEU] addr=20003163 bit=00000007
[SEU] addr=2000314B bit=00000005
[SEU] addr=20003171 bit=00000002
[SEU] addr=2000317D bit=00000004
[SEU] addr=20003160 bit=00000003
[CMD QUEUE backup CORRUPTED] backup repaired
[SEU] addr=200031D2 bit=00000002
[SEU] addr=20003146 bit=00000007
[SAMPLE QUEUE CORRUPTED] primary repaired
[SEU] addr=20003174 bit=00000003
[SEU] addr=20003146 bit=00000006
[SAMPLE QUEUE CORRUPTED] primary repaired
[SEU] addr=20003159 bit=00000003
[SEU] addr=2000318E bit=00000002
[PREVIOUS SENSOR SAMPLE CORRUPTED] omitting sample
[SEU] addr=20003194 bit=00000007
[PREVIOUS SENSOR SAMPLE CORRUPTED] omitting sample
[SEU] addr=200031C4 bit=00000006
[SEU] addr=20003150 bit=00000003
[SAMPLE QUEUE backup CORRUPTED] backup repaired
[SEU] addr=2000314B bit=00000002
[SEU] addr=20003176 bit=00000000
[SEU] addr=20003152 bit=00000000
[SEU] addr=2000317B bit=00000005
[SEU] addr=200031DB bit=00000007
[SEU] addr=2000318A bit=00000004
[SEU] addr=200031A6 bit=00000007
[SEU] addr=2000314D bit=00000000
[SAMPLE QUEUE backup CORRUPTED] backup repaired
[SEU] addr=20003193 bit=00000000
[PREVIOUS SENSOR SAMPLE CORRUPTED] omitting sample
[SEU] addr=200031B4 bit=00000005
[SEU] addr=20003163 bit=00000000
[SEU] addr=200031C4 bit=00000004
[SEU] addr=20003149 bit=00000000
[SEU] addr=20003169 bit=00000006
[SEU] addr=20003152 bit=00000007
[SEU] addr=200031C8 bit=00000007
[SEU] addr=200031B6 bit=00000000
[SEU] addr=2000315D bit=00000005
[CMD QUEUE backup CORRUPTED] backup repaired
[SEU] addr=200031AC bit=00000006
[SEU] addr=20003190 bit=00000007
[PREVIOUS SENSOR SAMPLE CORRUPTED] omitting sample
[SEU] addr=2000314C bit=00000000
[SAMPLE QUEUE backup CORRUPTED] backup repaired
[SEU] addr=20003189 bit=00000000
[SEU] addr=200031BC bit=00000001
[SEU] addr=200031E7 bit=00000006
[SEU] addr=200031B8 bit=00000000
[SEU] addr=20003176 bit=00000001
[SEU] addr=200031EB bit=00000003
[SEU] addr=200031A1 bit=00000005
[SEU] addr=200031C9 bit=00000002
[SEU] addr=200031B0 bit=00000000
[SEU] addr=200031C0 bit=00000003
[SEU] addr=20003161 bit=00000003
[SEU] addr=200031C8 bit=00000007
[SEU] addr=20003185 bit=00000003
[SEU] addr=20003183 bit=00000007
[SEU] addr=200031BB bit=00000007
[SEU] addr=200031E5 bit=00000006
[SEU] addr=20003164 bit=00000002
[SEU] addr=2000316C bit=00000006
[SEU] addr=20003175 bit=00000003
[SEU] addr=200031B5 bit=00000006
[SEU] addr=20003180 bit=00000002
[SEU] addr=200031B8 bit=00000005
[SEU] addr=200031DF bit=00000006
[SEU] addr=200031A2 bit=00000000
[SEU] addr=200031E0 bit=00000003
[SEU] addr=200031DB bit=00000002
[SEU] addr=2000318A bit=00000003
[SEU] addr=20003170 bit=00000005
[SEU] addr=20003147 bit=00000004
[SAMPLE QUEUE CORRUPTED] primary repaired
[SEU] addr=200031DF bit=00000005
[SEU] addr=200031B7 bit=00000001
[SEU] addr=200031D4 bit=00000003
[SEU] addr=2000314E bit=00000002
[SAMPLE QUEUE backup CORRUPTED] backup repaired
[SEU] addr=2000318B bit=00000005
[SEU] addr=200031C8 bit=00000004
[SEU] addr=200031CE bit=00000001
[SEU] addr=20003187 bit=00000007
[SEU] addr=20003175 bit=00000003
[SEU] addr=200031AF bit=00000005
[SEU] addr=2000317A bit=00000007
[SEU] addr=20003172 bit=00000002
[SEU] addr=200031D5 bit=00000002
[SEU] addr=2000317D bit=00000005
[SEU] addr=200031C8 bit=00000005
[SEU] addr=2000314D bit=00000001
[SAMPLE QUEUE backup CORRUPTED] backup repaired
[SEU] addr=200031E5 bit=00000005
[SEU] addr=20003175 bit=00000004
[SEU] addr=2000317D bit=00000002
[SEU] addr=200031A9 bit=00000004
[SEU] addr=200031C1 bit=00000000
[SEU] addr=2000319A bit=00000002
[PREVIOUS SENSOR SAMPLE CORRUPTED] omitting sample
[SEU] addr=2000314B bit=00000000
[SEU] addr=2000318C bit=00000007
[PREVIOUS SENSOR SAMPLE CORRUPTED] omitting sample
[SEU] addr=2000318A bit=00000004
[SEU] addr=20003176 bit=00000003
[SEU] addr=200031C6 bit=00000001
[SEU] addr=20003191 bit=00000000
[PREVIOUS SENSOR SAMPLE CORRUPTED] omitting sample
[SEU] addr=2000316C bit=00000001
[SEU] addr=200031BD bit=00000003
[SEU] addr=200031C0 bit=00000001
[SEU] addr=200031D7 bit=00000004
[SEU] addr=200031DE bit=00000004
[SEU] addr=200031D2 bit=00000001
[SEU] addr=200031E3 bit=00000005
[SEU] addr=200031B3 bit=00000003
[SEU] addr=200031B0 bit=00000004
[SEU] addr=2000318F bit=00000002
[PREVIOUS SENSOR SAMPLE CORRUPTED] omitting sample
[SEU] addr=20003164 bit=00000005
[SEU] addr=20003186 bit=00000003
[SEU] addr=200031CB bit=00000005
[SEU] addr=200031BB bit=00000000
[SEU] addr=200031A7 bit=00000002
[SEU] addr=200031B7 bit=00000005
[SEU] addr=20003147 bit=00000001
[SAMPLE QUEUE CORRUPTED] primary repaired
[SEU] addr=2000318C bit=00000007
[PREVIOUS SENSOR SAMPLE CORRUPTED] omitting sample
[SEU] addr=20003190 bit=00000005
[PREVIOUS SENSOR SAMPLE CORRUPTED] omitting sample
[SEU] addr=20003165 bit=00000001
[SEU] addr=200031DE bit=00000001
[SEU] addr=20003188 bit=00000007
[SEU] addr=200031A6 bit=00000000
[SEU] addr=200031C3 bit=00000005
[SEU] addr=2000319E bit=00000006
[SEU] addr=200031B6 bit=00000007
[SEU] addr=2000316C bit=00000004
[SEU] addr=200031C6 bit=00000005
[SEU] addr=2000314E bit=00000006
[SAMPLE QUEUE backup CORRUPTED] backup repaired
[SEU] addr=200031BB bit=00000003
[SEU] addr=200031BC bit=00000004
[SEU] addr=200031E6 bit=00000005
[SEU] addr=20003156 bit=00000006
[CMD QUEUE CORRUPTED] primary repaired
[SEU] addr=2000314B bit=00000002
[SEU] addr=2000315B bit=00000000
[SEU] addr=2000318B bit=00000002
[SEU] addr=20003171 bit=00000004
[SEU] addr=20003190 bit=00000001
[PREVIOUS SENSOR SAMPLE CORRUPTED] omitting sample
[SEU] addr=20003176 bit=00000007
[SEU] addr=2000314E bit=00000000
[SAMPLE QUEUE backup CORRUPTED] backup repaired
[SEU] addr=200031A4 bit=00000004
[SEU] addr=2000317B bit=00000002
[SEU] addr=20003154 bit=00000002
[CMD QUEUE CORRUPTED] primary repaired
[SEU] addr=200031D2 bit=00000007
[SEU] addr=200031D4 bit=00000007
[SEU] addr=20003192 bit=00000007
[PREVIOUS SENSOR SAMPLE CORRUPTED] omitting sample
[SEU] addr=20003148 bit=00000003
[SAMPLE QUEUE CORRUPTED] primary repaired
[SEU] addr=20003160 bit=00000006
[CMD QUEUE backup CORRUPTED] backup repaired
[SEU] addr=200031C9 bit=00000006
[SEU] addr=200031AA bit=00000006
[SEU] addr=20003185 bit=00000006
[SEU] addr=2000316D bit=00000006
[SEU] addr=200031C9 bit=00000003
[SEU] addr=20003188 bit=00000003
[SEU] addr=200031C7 bit=00000003
[SEU] addr=200031E9 bit=00000006
[SEU] addr=200031C2 bit=00000005
[SEU] addr=200031BC bit=00000005
[SEU] addr=200031C1 bit=00000001
[SEU] addr=2000318A bit=00000002
[SEU] addr=200031B7 bit=00000005
[SEU] addr=2000315E bit=00000005
[CMD QUEUE backup CORRUPTED] backup repaired
[SEU] addr=200031AA bit=00000001
[SEU] addr=200031D8 bit=00000006
[SEU] addr=20003188 bit=00000000
[SEU] addr=20003159 bit=00000005
[SEU] addr=2000314B bit=00000007
[SEU] addr=2000314D bit=00000006
[SAMPLE QUEUE backup CORRUPTED] backup repaired
[SEU] addr=200031AD bit=00000006
[SEU] addr=2000315A bit=00000002
[SEU] addr=200031AE bit=00000001
[SEU] addr=200031B8 bit=00000001
[SEU] addr=20003186 bit=00000001
[SEU] addr=2000318B bit=00000004
[SEU] addr=2000315A bit=00000004
[SEU] addr=200031DA bit=00000003
[SEU] addr=2000315F bit=00000003
[CMD QUEUE backup CORRUPTED] backup repaired
[SEU] addr=200031A2 bit=00000001
[SEU] addr=200031AE bit=00000007
[SEU] addr=2000315D bit=00000006
[CMD QUEUE backup CORRUPTED] backup repaired
[SEU] addr=20003155 bit=00000007
[CMD QUEUE CORRUPTED] primary repaired
[SEU] addr=20003154 bit=00000001
[CMD QUEUE CORRUPTED] primary repaired
[SEU] addr=20003173 bit=00000002
[SEU] addr=20003165 bit=00000002
[SEU] addr=20003156 bit=00000006
[CMD QUEUE CORRUPTED] primary repaired
[SEU] addr=200031A4 bit=00000000
[SEU] addr=2000318E bit=00000002
[PREVIOUS SENSOR SAMPLE CORRUPTED] omitting sample
[SEU] addr=20003199 bit=00000001
[PREVIOUS SENSOR SAMPLE CORRUPTED] omitting sample
[SEU] addr=200031D4 bit=00000004
[SEU] addr=20003170 bit=00000001
[SEU] addr=200031B9 bit=00000000
[SEU] addr=20003160 bit=00000006
[CMD QUEUE backup CORRUPTED] backup repaired
[SEU] addr=2000317E bit=00000004
[SEU] addr=200031E3 bit=00000005
[SEU] addr=20003172 bit=00000006
[SEU] addr=200031D8 bit=00000001
[SEU] addr=20003199 bit=00000001
[PREVIOUS SENSOR SAMPLE CORRUPTED] omitting sample
[SEU] addr=20003193 bit=00000004
[PREVIOUS SENSOR SAMPLE CORRUPTED] omitting sample
[SEU] addr=20003178 bit=00000006
[SEU] addr=20003176 bit=00000005
[SEU] addr=200031A6 bit=00000006
[SEU] addr=20003150 bit=00000004
[SAMPLE QUEUE backup CORRUPTED] backup repaired
[SEU] addr=200031C1 bit=00000000
[SEU] addr=2000317A bit=00000001
[SEU] addr=200031A3 bit=00000007
[SEU] addr=200031B3 bit=00000007
[SEU] addr=2000317B bit=00000005
[SEU] addr=20003192 bit=00000005
[PREVIOUS SENSOR SAMPLE CORRUPTED] omitting sample
[SEU] addr=200031B3 bit=00000005
[SEU] addr=2000318E bit=00000005
[PREVIOUS SENSOR SAMPLE CORRUPTED] omitting sample
[SEU] addr=200031A6 bit=00000002
[SEU] addr=20003152 bit=00000000
[SEU] addr=200031DE bit=00000001
[SEU] addr=20003184 bit=00000005
[SEU] addr=2000315B bit=00000006
[SEU] addr=200031D0 bit=00000004
[SEU] addr=200031D2 bit=00000005
[SEU] addr=2000315F bit=00000001
[CMD QUEUE backup CORRUPTED] backup repaired
[SEU] addr=200031A1 bit=00000004
[SEU] addr=200031A8 bit=00000003
[SEU] addr=2000317D bit=00000005
[SEU] addr=2000314C bit=00000003
[SAMPLE QUEUE backup CORRUPTED] backup repaired
[SEU] addr=200031AB bit=00000002
[SEU] addr=200031BC bit=00000000
[SEU] addr=200031CD bit=00000000
[SEU] addr=20003195 bit=00000001
[PREVIOUS SENSOR SAMPLE CORRUPTED] omitting sample
[SEU] addr=2000318B bit=00000003
[SEU] addr=200031A3 bit=00000004
[SEU] addr=20003182 bit=00000004
[SEU] addr=2000314E bit=00000003
[SAMPLE QUEUE backup CORRUPTED] backup repaired
[SEU] addr=200031D4 bit=00000005
[SEU] addr=200031D2 bit=00000007
[SEU] addr=20003170 bit=00000002
[SEU] addr=20003194 bit=00000003
[PREVIOUS SENSOR SAMPLE CORRUPTED] omitting sample
[SEU] addr=20003176 bit=00000007
[SEU] addr=2000319A bit=00000000
[PREVIOUS SENSOR SAMPLE CORRUPTED] omitting sample
[SEU] addr=20003167 bit=00000001
[SEU] addr=200031C3 bit=00000004
[SEU] addr=20003158 bit=00000004
[CMD QUEUE CORRUPTED] primary repaired
[SEU] addr=200031EB bit=00000005
[SEU] addr=20003144 bit=00000002
[SAMPLE QUEUE CORRUPTED] primary repaired
[SEU] addr=200031CF bit=00000001
[SEU] addr=20003147 bit=00000000
[SAMPLE QUEUE CORRUPTED] primary repaired
[SEU] addr=2000314B bit=00000006
[SEU] addr=20003171 bit=00000007
[SEU] addr=200031D5 bit=00000005
[SEU] addr=20003189 bit=00000000
[SEU] addr=20003166 bit=00000006
[SEU] addr=20003161 bit=00000002
[SEU] addr=20003149 bit=00000006
[SEU] addr=2000316F bit=00000007
[SEU] addr=20003177 bit=00000007
[SEU] addr=20003197 bit=00000001
[PREVIOUS SENSOR SAMPLE CORRUPTED] omitting sample
[SEU] addr=200031E4 bit=00000007
[SEU] addr=2000318B bit=00000007
[SEU] addr=200031DF bit=00000004
[SEU] addr=200031A9 bit=00000004
[SEU] addr=200031E3 bit=00000004
[SEU] addr=2000315B bit=00000006
[SEU] addr=200031E1 bit=00000001
[SEU] addr=20003163 bit=00000005
[SEU] addr=20003181 bit=00000003
[SEU] addr=2000315E bit=00000004
[CMD QUEUE backup CORRUPTED] backup repaired
[SEU] addr=2000315E bit=00000001
[CMD QUEUE backup CORRUPTED] backup repaired
[SEU] addr=20003177 bit=00000007
[SEU] addr=20003151 bit=00000000
[SEU] addr=2000316B bit=00000005
[SEU] addr=20003171 bit=00000007
[SEU] addr=2000318C bit=00000002
[PREVIOUS SENSOR SAMPLE CORRUPTED] omitting sample
[SEU] addr=20003196 bit=00000007
[PREVIOUS SENSOR SAMPLE CORRUPTED] omitting sample
[SEU] addr=20003173 bit=00000000
[SEU] addr=2000317B bit=00000001
[SEU] addr=20003183 bit=00000002
[SEU] addr=200031E8 bit=00000005
[SEU] addr=20003158 bit=00000004
[CMD QUEUE CORRUPTED] primary repaired
[SEU] addr=20003168 bit=00000007
[SEU] addr=200031B4 bit=00000001
[SEU] addr=2000317F bit=00000002
[SEU] addr=20003190 bit=00000007
[PREVIOUS SENSOR SAMPLE CORRUPTED] omitting sample
[SEU] addr=20003191 bit=00000002
[PREVIOUS SENSOR SAMPLE CORRUPTED] omitting sample
[SEU] addr=200031D8 bit=00000002
[SEU] addr=200031B6 bit=00000005
[SEU] addr=200031C5 bit=00000004
[SEU] addr=20003155 bit=00000001
[CMD QUEUE CORRUPTED] primary repaired
[SEU] addr=200031A6 bit=00000003
[SEU] addr=2000315F bit=00000002
[CMD QUEUE backup CORRUPTED] backup repaired
[SEU] addr=200031AE bit=00000002
[SEU] addr=20003171 bit=00000005
[SEU] addr=200031B1 bit=00000005
[SEU] addr=20003186 bit=00000005
[SEU] addr=20003163 bit=00000001
[SEU] addr=200031A8 bit=00000001
[SEU] addr=20003146 bit=00000006
[SAMPLE QUEUE CORRUPTED] primary repaired
[SEU] addr=200031B5 bit=00000006
[SEU] addr=200031BE bit=00000004
[SEU] addr=2000314A bit=00000005
[SEU] addr=200031E4 bit=00000006
[SEU] addr=200031DB bit=00000004
[SEU] addr=200031E1 bit=00000007
[SEU] addr=20003169 bit=00000000
[SEU] addr=2000315F bit=00000007
[CMD QUEUE backup CORRUPTED] backup repaired
[SEU] addr=200031CF bit=00000002
[SEU] addr=20003188 bit=00000005
[SEU] addr=200031E0 bit=00000006
[SEU] addr=200031A6 bit=00000000
[SEU] addr=200031A5 bit=00000004
[SEU] addr=200031C1 bit=00000004
[SEU] addr=20003172 bit=00000007
[SEU] addr=20003189 bit=00000003
[SEU] addr=200031A0 bit=00000006
[SEU] addr=200031AB bit=00000005
[SEU] addr=200031AE bit=00000001
[SEU] addr=20003146 bit=00000006
[SAMPLE QUEUE CORRUPTED] primary repaired
[SEU] addr=20003163 bit=00000007
[SEU] addr=20003156 bit=00000007
[CMD QUEUE CORRUPTED] primary repaired
[SEU] addr=20003197 bit=00000000
[PREVIOUS SENSOR SAMPLE CORRUPTED] omitting sample
[SEU] addr=20003160 bit=00000004
[CMD QUEUE backup CORRUPTED] backup repaired
[SEU] addr=200031C9 bit=00000006
[SEU] addr=20003190 bit=00000000
[PREVIOUS SENSOR SAMPLE CORRUPTED] omitting sample
[SEU] addr=200031EA bit=00000000
[SEU] addr=2000317F bit=00000000
[SEU] addr=20003144 bit=00000000
[SAMPLE QUEUE CORRUPTED] primary repaired
[SEU] addr=2000314C bit=00000007
[SAMPLE QUEUE backup CORRUPTED] backup repaired
[SEU] addr=20003188 bit=00000001
[SEU] addr=20003145 bit=00000006
[SAMPLE QUEUE CORRUPTED] primary repaired
[SEU] addr=200031AF bit=00000007
[SEU] addr=20003174 bit=00000002
[SEU] addr=20003198 bit=00000001
[PREVIOUS SENSOR SAMPLE CORRUPTED] omitting sample
[SEU] addr=2000315F bit=00000007
[CMD QUEUE backup CORRUPTED] backup repaired
[SEU] addr=20003158 bit=00000007
[CMD QUEUE CORRUPTED] primary repaired
[SEU] addr=200031E9 bit=00000007
[SEU] addr=20003177 bit=00000000
[SEU] addr=20003174 bit=00000002
[SEU] addr=2000314F bit=00000007
[SAMPLE QUEUE backup CORRUPTED] backup repaired
[SEU] addr=2000319F bit=00000007
[SEU] addr=20003166 bit=00000006
[SEU] addr=200031A4 bit=00000001
[SEU] addr=200031C0 bit=00000007
[SEU] addr=2000319C bit=00000002
[PREVIOUS SENSOR SAMPLE CORRUPTED] omitting sample
[SEU] addr=200031D8 bit=00000000
[SEU] addr=200031C7 bit=00000005
[SEU] addr=200031D1 bit=00000007
[SEU] addr=200031D4 bit=00000004
[SEU] addr=2000318A bit=00000001
[SEU] addr=20003178 bit=00000002
[SEU] addr=200031BA bit=00000003
[SEU] addr=200031E1 bit=00000002
[SEU] addr=20003194 bit=00000007
[PREVIOUS SENSOR SAMPLE CORRUPTED] omitting sample
[SEU] addr=20003181 bit=00000003
[SEU] addr=2000318B bit=00000004
[SEU] addr=200031D9 bit=00000007
[SEU] addr=20003169 bit=00000005
[SEU] addr=200031D8 bit=00000001
[SEU] addr=200031A0 bit=00000007
[SEU] addr=20003185 bit=00000005
[SEU] addr=2000314F bit=00000001
[SAMPLE QUEUE backup CORRUPTED] backup repaired
[SEU] addr=200031D0 bit=00000007
[SEU] addr=200031E9 bit=00000005
[SEU] addr=200031BF bit=00000005
[SEU] addr=200031B9 bit=00000003
[SEU] addr=20003154 bit=00000003
[CMD QUEUE CORRUPTED] primary repaired
[SEU] addr=20003158 bit=00000002
[CMD QUEUE CORRUPTED] primary repaired
[SEU] addr=20003175 bit=00000007
[SEU] addr=2000317D bit=00000003
[SEU] addr=200031BE bit=00000005
[SEU] addr=20003180 bit=00000005
[SEU] addr=200031DB bit=00000003
[SEU] addr=200031DC bit=00000000
[SEU] addr=200031EB bit=00000004
[SEU] addr=200031CA bit=00000006
[SEU] addr=2000319F bit=00000004
[SEU] addr=200031C1 bit=00000002
[SEU] addr=20003189 bit=00000002
[SEU] addr=200031E9 bit=00000005
[SEU] addr=20003169 bit=00000007
[SEU] addr=200031CC bit=00000001
[SEU] addr=2000316B bit=00000004
[SEU] addr=200031C7 bit=00000004
[SEU] addr=2000315E bit=00000004
[CMD QUEUE backup CORRUPTED] backup repaired
[SEU] addr=2000319F bit=00000003
[SEU] addr=200031BB bit=00000005
[SEU] addr=2000315E bit=00000005
[CMD QUEUE backup CORRUPTED] backup repaired
[SEU] addr=20003155 bit=00000004
[CMD QUEUE CORRUPTED] primary repaired
[SEU] addr=2000316A bit=00000002
[SEU] addr=20003153 bit=00000001
[SEU] addr=200031CA bit=00000002
[SEU] addr=20003174 bit=00000003
[SEU] addr=2000315B bit=00000006
[SEU] addr=20003195 bit=00000004
[PREVIOUS SENSOR SAMPLE CORRUPTED] omitting sample
[SEU] addr=200031E0 bit=00000005
[SEU] addr=200031B9 bit=00000000
[SEU] addr=20003161 bit=00000006
[SEU] addr=20003167 bit=00000000
[SEU] addr=2000315F bit=00000005
[CMD QUEUE backup CORRUPTED] backup repaired
[SEU] addr=200031B1 bit=00000002
[SEU] addr=200031B5 bit=00000000
[SEU] addr=2000314E bit=00000000
[SAMPLE QUEUE backup CORRUPTED] backup repaired
[SEU] addr=200031E5 bit=00000005
[SEU] addr=20003174 bit=00000001
[SEU] addr=20003166 bit=00000004
[SEU] addr=200031AC bit=00000002
[SEU] addr=200031A6 bit=00000000
[SEU] addr=20003167 bit=00000007
[SEU] addr=20003195 bit=00000007
[PREVIOUS SENSOR SAMPLE CORRUPTED] omitting sample
[SEU] addr=200031B6 bit=00000003
[SEU] addr=20003175 bit=00000004
[SEU] addr=200031BB bit=00000003
[SEU] addr=20003169 bit=00000005
[SEU] addr=200031D5 bit=00000001
[SEU] addr=2000319B bit=00000005
[PREVIOUS SENSOR SAMPLE CORRUPTED] omitting sample
[SEU] addr=200031BB bit=00000004
[SEU] addr=200031E7 bit=00000000
[SEU] addr=2000318E bit=00000000
[PREVIOUS SENSOR SAMPLE CORRUPTED] omitting sample
[SEU] addr=2000317A bit=00000002
[SEU] addr=200031BD bit=00000006
[SEU] addr=20003163 bit=00000007
[SEU] addr=2000315F bit=00000001
[CMD QUEUE backup CORRUPTED] backup repaired
[SEU] addr=200031CA bit=00000000
[SEU] addr=20003184 bit=00000005
[SEU] addr=200031D1 bit=00000005
[SEU] addr=200031DE bit=00000004
[SEU] addr=200031DD bit=00000002
[SEU] addr=200031A3 bit=00000003
[SEU] addr=200031BF bit=00000003
[SEU] addr=200031A3 bit=00000001
[SEU] addr=20003174 bit=00000000
[SEU] addr=200031B5 bit=00000001
[SEU] addr=20003188 bit=00000000
[SEU] addr=20003194 bit=00000002
[PREVIOUS SENSOR SAMPLE CORRUPTED] omitting sample
[SEU] addr=2000317C bit=00000002
[SEU] addr=20003181 bit=00000001
[SEU] addr=200031A6 bit=00000001
[SEU] addr=20003170 bit=00000005
[SEU] addr=20003198 bit=00000004
[PREVIOUS SENSOR SAMPLE CORRUPTED] omitting sample
[SEU] addr=2000314E bit=00000006
[SAMPLE QUEUE backup CORRUPTED] backup repaired
[SEU] addr=2000317B bit=00000004
[SEU] addr=2000318F bit=00000007
[PREVIOUS SENSOR SAMPLE CORRUPTED] omitting sample
[SEU] addr=2000315B bit=00000002
[SEU] addr=20003153 bit=00000004
[SEU] addr=20003161 bit=00000000
[SEU] addr=2000319E bit=00000001
[SEU] addr=200031A1 bit=00000004
[SEU] addr=20003168 bit=00000007
[SEU] addr=2000318D bit=00000002
[PREVIOUS SENSOR SAMPLE CORRUPTED] omitting sample
[SEU] addr=2000319C bit=00000000
[PREVIOUS SENSOR SAMPLE CORRUPTED] omitting sample
[SEU] addr=200031A1 bit=00000001
[SEU] addr=200031D7 bit=00000007
[SEU] addr=20003189 bit=00000005
[SEU] addr=200031C5 bit=00000005
[SEU] addr=20003149 bit=00000000
[SEU] addr=2000318C bit=00000000
[PREVIOUS SENSOR SAMPLE CORRUPTED] omitting sample
[SEU] addr=200031D0 bit=00000003
[SEU] addr=20003190 bit=00000007
[PREVIOUS SENSOR SAMPLE CORRUPTED] omitting sample
[SEU] addr=20003169 bit=00000003
[SEU] addr=20003198 bit=00000004
[PREVIOUS SENSOR SAMPLE CORRUPTED] omitting sample
[SEU] addr=20003177 bit=00000003
[SEU] addr=200031DE bit=00000002
[SEU] addr=20003171 bit=00000001
[SEU] addr=2000317E bit=00000004
[SEU] addr=200031CB bit=00000003
[SEU] addr=200031AF bit=00000000
[SEU] addr=200031D0 bit=00000004
[SEU] addr=2000315C bit=00000006
[CMD QUEUE backup CORRUPTED] backup repaired
[SEU] addr=200031B9 bit=00000000
[SEU] addr=200031BE bit=00000004
[SEU] addr=20003187 bit=00000000
[SEU] addr=20003163 bit=00000001
[SEU] addr=200031E4 bit=00000006
[SEU] addr=20003146 bit=00000005
[SAMPLE QUEUE CORRUPTED] primary repaired
[SEU] addr=20003166 bit=00000005
[SEU] addr=200031AF bit=00000003
[SEU] addr=20003180 bit=00000006
[SEU] addr=2000315A bit=00000007
[SEU] addr=200031D4 bit=00000007
[SEU] addr=200031D6 bit=00000003
[SEU] addr=2000315B bit=00000005
[SEU] addr=2000317D bit=00000000
[SEU] addr=200031D1 bit=00000000
[SEU] addr=200031EA bit=00000006
[SEU] addr=200031C5 bit=00000003
[SEU] addr=200031A7 bit=00000007
[SEU] addr=200031BB bit=00000005
[SEU] addr=20003160 bit=00000002
[CMD QUEUE backup CORRUPTED] backup repaired
[SEU] addr=2000316D bit=00000001
[SEU] addr=200031D8 bit=00000004
[SEU] addr=2000316F bit=00000006
[SEU] addr=200031BE bit=00000001
[SEU] addr=200031B5 bit=00000007
[SEU] addr=200031EA bit=00000006
[SEU] addr=20003152 bit=00000005
[SEU] addr=200031D2 bit=00000000
[SEU] addr=200031BB bit=00000004
[SEU] addr=200031C3 bit=00000006
[SEU] addr=2000317A bit=00000006
[SEU] addr=20003159 bit=00000004
[SEU] addr=200031B7 bit=00000004
[SEU] addr=20003192 bit=00000004
[PREVIOUS SENSOR SAMPLE CORRUPTED] omitting sample
[SEU] addr=200031BA bit=00000003
[SEU] addr=200031C2 bit=00000002
[SEU] addr=200031D2 bit=00000000
[SEU] addr=200031CD bit=00000001
[SEU] addr=20003182 bit=00000000
[SEU] addr=200031AD bit=00000001
[SEU] addr=200031CE bit=00000000
[SEU] addr=200031C6 bit=00000001
[SEU] addr=20003151 bit=00000006
[SEU] addr=20003156 bit=00000007
[CMD QUEUE CORRUPTED] primary repaired
[SEU] addr=2000317A bit=00000006
[SEU] addr=200031C4 bit=00000007
[SEU] addr=200031EB bit=00000007
[SEU] addr=2000317C bit=00000002
[SEU] addr=2000315B bit=00000003
[SEU] addr=200031D9 bit=00000001
[SEU] addr=20003149 bit=00000006
[SEU] addr=2000314B bit=00000004
[SEU] addr=200031DD bit=00000003
[SEU] addr=20003146 bit=00000000
[SAMPLE QUEUE CORRUPTED] primary repaired
[SEU] addr=200031EB bit=00000007
[SEU] addr=20003197 bit=00000005
[PREVIOUS SENSOR SAMPLE CORRUPTED] omitting sample
[SEU] addr=20003164 bit=00000005
[SEU] addr=200031A3 bit=00000007
[SEU] addr=20003161 bit=00000002
[SEU] addr=20003191 bit=00000005
[PREVIOUS SENSOR SAMPLE CORRUPTED] omitting sample
[SEU] addr=20003192 bit=00000001
[PREVIOUS SENSOR SAMPLE CORRUPTED] omitting sample
[SEU] addr=20003191 bit=00000004
[PREVIOUS SENSOR SAMPLE CORRUPTED] omitting sample
[SEU] addr=20003154 bit=00000006
[CMD QUEUE CORRUPTED] primary repaired
[SEU] addr=200031A7 bit=00000002
[SEU] addr=200031A5 bit=00000003
[SEU] addr=20003190 bit=00000007
[PREVIOUS SENSOR SAMPLE CORRUPTED] omitting sample
[SEU] addr=200031D2 bit=00000002
[SEU] addr=20003157 bit=00000002
[CMD QUEUE CORRUPTED] primary repaired
[SEU] addr=200031A5 bit=00000005
[SEU] addr=20003177 bit=00000003
[SEU] addr=200031A0 bit=00000004
[SEU] addr=20003151 bit=00000001
[SEU] addr=2000315A bit=00000002
[SEU] addr=200031CC bit=00000006
[SEU] addr=200031E6 bit=00000005
[SEU] addr=20003171 bit=00000003
[SEU] addr=2000314F bit=00000001
[SAMPLE QUEUE backup CORRUPTED] backup repaired
[SEU] addr=2000319C bit=00000004
[PREVIOUS SENSOR SAMPLE CORRUPTED] omitting sample
[SEU] addr=200031AC bit=00000006
[SEU] addr=200031D5 bit=00000005
[SEU] addr=20003187 bit=00000004
[SEU] addr=200031CA bit=00000007
[SEU] addr=200031B1 bit=00000001
[SEU] addr=20003188 bit=00000002
[SEU] addr=2000319C bit=00000000
[PREVIOUS SENSOR SAMPLE CORRUPTED] omitting sample
[SEU] addr=2000316B bit=00000002
[SEU] addr=20003146 bit=00000003
[SAMPLE QUEUE CORRUPTED] primary repaired
[SEU] addr=20003194 bit=00000000
[PREVIOUS SENSOR SAMPLE CORRUPTED] omitting sample
[SEU] addr=200031BA bit=00000003
[SEU] addr=20003169 bit=00000000
[SEU] addr=20003194 bit=00000007
[PREVIOUS SENSOR SAMPLE CORRUPTED] omitting sample
[SEU] addr=200031DE bit=00000002
[SEU] addr=200031E5 bit=00000001
[SEU] addr=200031C2 bit=00000006
[SEU] addr=20003198 bit=00000007
[PREVIOUS SENSOR SAMPLE CORRUPTED] omitting sample
[SEU] addr=2000318C bit=00000004
[PREVIOUS SENSOR SAMPLE CORRUPTED] omitting sample
[SEU] addr=200031EA bit=00000000
[SEU] addr=200031B2 bit=00000006
[SEU] addr=200031E7 bit=00000002
[SEU] addr=2000316B bit=00000001
[SEU] addr=20003187 bit=00000006
[SEU] addr=20003154 bit=00000006
[CMD QUEUE CORRUPTED] primary repaired
[SEU] addr=20003181 bit=00000003
[SEU] addr=200031DF bit=00000004
[SEU] addr=200031B4 bit=00000006
[SEU] addr=2000315A bit=00000001
[SEU] addr=200031D6 bit=00000005
[SEU] addr=200031D8 bit=00000000
[SEU] addr=20003163 bit=00000001
[SEU] addr=200031E2 bit=00000005
[SEU] addr=200031B6 bit=00000007
[SEU] addr=2000316B bit=00000007
[SEU] addr=200031EB bit=00000003
[SEU] addr=20003171 bit=00000002
[SEU] addr=20003180 bit=00000006
[SEU] addr=20003181 bit=00000006
[SEU] addr=200031BB bit=00000007
[SEU] addr=20003185 bit=00000003
[SEU] addr=200031BC bit=00000007
[SEU] addr=200031E5 bit=00000006
[SEU] addr=20003196 bit=00000005
[PREVIOUS SENSOR SAMPLE CORRUPTED] omitting sample
[SEU] addr=2000316B bit=00000003
[SEU] addr=20003170 bit=00000004
[SEU] addr=20003173 bit=00000001
[SEU] addr=200031D1 bit=00000000
[SEU] addr=200031AA bit=00000001
[SEU] addr=200031B6 bit=00000006
[SEU] addr=200031D5 bit=00000007
[SEU] addr=20003148 bit=00000005
[SAMPLE QUEUE CORRUPTED] primary repaired
[SEU] addr=200031BD bit=00000004
[SEU] addr=200031CF bit=00000002
[SEU] addr=20003149 bit=00000003
[SEU] addr=200031A1 bit=00000003
[SEU] addr=20003184 bit=00000004
[SEU] addr=200031CA bit=00000003
[SEU] addr=200031BD bit=00000002
[SEU] addr=2000315B bit=00000002
[SEU] addr=200031BA bit=00000001
[SEU] addr=200031DD bit=00000000
[SEU] addr=20003189 bit=00000001
[SEU] addr=2000319A bit=00000005
[PREVIOUS SENSOR SAMPLE CORRUPTED] omitting sample
[SEU] addr=20003146 bit=00000003
[SAMPLE QUEUE CORRUPTED] primary repaired
[SEU] addr=200031E0 bit=00000001
[SEU] addr=20003163 bit=00000000
[SEU] addr=200031B8 bit=00000003
[SEU] addr=200031DA bit=00000003
[SEU] addr=20003156 bit=00000002
[CMD QUEUE CORRUPTED] primary repaired
[SEU] addr=2000314E bit=00000001
[SAMPLE QUEUE backup CORRUPTED] backup repaired
[SEU] addr=200031EB bit=00000004
[SEU] addr=200031AD bit=00000007
[SEU] addr=200031C0 bit=00000002
[SEU] addr=20003149 bit=00000004
[SEU] addr=20003165 bit=00000001
[SEU] addr=200031DF bit=00000003
[SEU] addr=200031BE bit=00000005
[SEU] addr=20003174 bit=00000005
[SEU] addr=200031E9 bit=00000007
[SEU] addr=20003160 bit=00000005
[CMD QUEUE backup CORRUPTED] backup repaired
[SEU] addr=20003174 bit=00000001
[SEU] addr=200031D7 bit=00000000
[SEU] addr=200031E4 bit=00000000
[SEU] addr=20003191 bit=00000003
[PREVIOUS SENSOR SAMPLE CORRUPTED] omitting sample
[SEU] addr=2000318B bit=00000005
[SEU] addr=20003188 bit=00000006
[SEU] addr=200031D2 bit=00000002
[SEU] addr=20003194 bit=00000000
[PREVIOUS SENSOR SAMPLE CORRUPTED] omitting sample
[SEU] addr=20003167 bit=00000001
[SEU] addr=200031EB bit=00000004
[SEU] addr=200031DC bit=00000005
[SEU] addr=200031B4 bit=00000007
[SEU] addr=200031B8 bit=00000002
[SEU] addr=20003188 bit=00000000
[SEU] addr=200031E3 bit=00000006
[SEU] addr=20003165 bit=00000007
[SEU] addr=2000317A bit=00000005
[SEU] addr=200031BE bit=00000003
[SEU] addr=200031BF bit=00000003
[SEU] addr=200031AA bit=00000001
[SEU] addr=2000315B bit=00000005
[SEU] addr=20003185 bit=00000001
[SEU] addr=200031B3 bit=00000002
[SEU] addr=20003181 bit=00000006
[SEU] addr=200031A2 bit=00000006
[SEU] addr=200031A7 bit=00000000
[SEU] addr=20003167 bit=00000002
[SEU] addr=2000314D bit=00000005
[SAMPLE QUEUE backup CORRUPTED] backup repaired
[SEU] addr=200031E0 bit=00000003
[SEU] addr=20003162 bit=00000006
[SEU] addr=200031D8 bit=00000007
[SEU] addr=20003174 bit=00000001
[SEU] addr=200031E8 bit=00000000
[SEU] addr=2000314C bit=00000005
[SAMPLE QUEUE backup CORRUPTED] backup repaired
[SEU] addr=200031CA bit=00000005
[SEU] addr=20003193 bit=00000006
[PREVIOUS SENSOR SAMPLE CORRUPTED] omitting sample
[SEU] addr=200031C9 bit=00000002
[SEU] addr=20003186 bit=00000001
[SEU] addr=200031A1 bit=00000001
[SEU] addr=200031AA bit=00000000
[SEU] addr=200031DE bit=00000007
[SEU] addr=2000317A bit=00000003
[SEU] addr=2000314A bit=00000005
[SEU] addr=20003190 bit=00000001
[PREVIOUS SENSOR SAMPLE CORRUPTED] omitting sample
[SEU] addr=20003195 bit=00000000
[PREVIOUS SENSOR SAMPLE CORRUPTED] omitting sample
[SEU] addr=2000314B bit=00000003
[SEU] addr=200031E2 bit=00000007
[SEU] addr=20003189 bit=00000000
[SEU] addr=20003188 bit=00000000
[SEU] addr=200031D3 bit=00000002
[SEU] addr=200031D4 bit=00000005
[SEU] addr=200031D9 bit=00000005
[SEU] addr=20003171 bit=00000007
[SEU] addr=200031DF bit=00000006
[SEU] addr=200031C5 bit=00000002
[SEU] addr=2000317E bit=00000006
[SEU] addr=200031E7 bit=00000002
[SEU] addr=20003190 bit=00000003
[PREVIOUS SENSOR SAMPLE CORRUPTED] omitting sample
[SEU] addr=200031DD bit=00000005
[SEU] addr=200031CF bit=00000001
[SEU] addr=20003173 bit=00000001
[SEU] addr=200031AF bit=00000006
[SEU] addr=20003157 bit=00000002
[CMD QUEUE CORRUPTED] primary repaired
[SEU] addr=20003160 bit=00000007
[CMD QUEUE backup CORRUPTED] backup repaired
[SEU] addr=200031C5 bit=00000005
[SEU] addr=2000315A bit=00000000
[SEU] addr=200031A0 bit=00000005
[SEU] addr=20003163 bit=00000004
[SEU] addr=200031DA bit=00000002
[SEU] addr=2000317E bit=00000005
[SEU] addr=200031C5 bit=00000002
[SEU] addr=200031CF bit=00000001
[SEU] addr=20003194 bit=00000007
[PREVIOUS SENSOR SAMPLE CORRUPTED] omitting sample
[SEU] addr=200031DC bit=00000001
[SEU] addr=200031BB bit=00000004
[SEU] addr=200031D3 bit=00000004
[SEU] addr=200031AD bit=00000001
[SEU] addr=20003179 bit=00000002
[SEU] addr=20003164 bit=00000005
[SEU] addr=200031B3 bit=00000001
[SEU] addr=200031CA bit=00000006
[SEU] addr=200031B7 bit=00000002
[SEU] addr=200031A4 bit=00000001
[SEU] addr=20003185 bit=00000004
[SEU] addr=200031A3 bit=00000004
[SEU] addr=20003176 bit=00000004
[SEU] addr=200031E5 bit=00000004
[SEU] addr=20003194 bit=00000007
[PREVIOUS SENSOR SAMPLE CORRUPTED] omitting sample
[SEU] addr=200031B4 bit=00000007
[SEU] addr=20003152 bit=00000004
[SEU] addr=200031DB bit=00000000
[SEU] addr=2000317E bit=00000001
[SEU] addr=2000316D bit=00000000
[SEU] addr=20003157 bit=00000002
[CMD QUEUE CORRUPTED] primary repaired
[SEU] addr=2000317E bit=00000005
[SEU] addr=200031D2 bit=00000005
[SEU] addr=20003148 bit=00000006
[SAMPLE QUEUE CORRUPTED] primary repaired
[SEU] addr=20003187 bit=00000006
[SEU] addr=20003185 bit=00000004
[SEU] addr=200031D1 bit=00000004
[SEU] addr=200031CE bit=00000001
[SEU] addr=200031E0 bit=00000004
[SEU] addr=20003154 bit=00000006
[CMD QUEUE CORRUPTED] primary repaired
[SEU] addr=200031C6 bit=00000006
[SEU] addr=200031E8 bit=00000003
[SEU] addr=20003164 bit=00000004
[SEU] addr=200031B2 bit=00000005
[SEU] addr=2000317B bit=00000004
[SEU] addr=2000314C bit=00000002
[SAMPLE QUEUE backup CORRUPTED] backup repaired
[SEU] addr=200031AB bit=00000001
[SEU] addr=20003185 bit=00000007
[SEU] addr=20003171 bit=00000002
[SEU] addr=2000315A bit=00000003
[SEU] addr=2000316C bit=00000001
[SEU] addr=200031B6 bit=00000007
[SEU] addr=2000316B bit=00000005
[SEU] addr=200031C7 bit=00000006
[SEU] addr=2000315C bit=00000006
[CMD QUEUE backup CORRUPTED] backup repaired
[SEU] addr=200031C0 bit=00000007
[SEU] addr=2000319F bit=00000007
[SEU] addr=20003149 bit=00000006
[SEU] addr=200031AB bit=00000002
[SEU] addr=2000319B bit=00000005
[PREVIOUS SENSOR SAMPLE CORRUPTED] omitting sample
[SEU] addr=20003152 bit=00000005
[SEU] addr=200031AF bit=00000000
[SEU] addr=2000316A bit=00000001
[SEU] addr=200031E5 bit=00000003
[SEU] addr=2000315B bit=00000001
[SEU] addr=200031B0 bit=00000004
[SEU] addr=20003166 bit=00000002
[SEU] addr=20003169 bit=00000007
[SEU] addr=200031B1 bit=00000004
[SEU] addr=200031BB bit=00000007
[SEU] addr=20003169 bit=00000004
[SEU] addr=20003153 bit=00000001
[SEU] addr=20003167 bit=00000000
[SEU] addr=20003175 bit=00000003
[SEU] addr=200031CD bit=00000004
[SEU] addr=20003186 bit=00000003
[SEU] addr=20003170 bit=00000003
[SEU] addr=20003152 bit=00000003
[SEU] addr=20003163 bit=00000004
[SEU] addr=20003159 bit=00000005
[SEU] addr=2000314F bit=00000004
[SAMPLE QUEUE backup CORRUPTED] backup repaired
[SEU] addr=200031BB bit=00000001
[SEU] addr=200031B4 bit=00000001
[SEU] addr=20003159 bit=00000004
[SEU] addr=200031D7 bit=00000007
[SEU] addr=200031EA bit=00000005
[SEU] addr=2000315B bit=00000001
[SEU] addr=200031B0 bit=00000005
[SEU] addr=20003146 bit=00000000
[SAMPLE QUEUE CORRUPTED] primary repaired
[SEU] addr=2000314E bit=00000007
[SAMPLE QUEUE backup CORRUPTED] backup repaired
[SEU] addr=2000314A bit=00000001
[SEU] addr=2000317C bit=00000000
[SEU] addr=20003156 bit=00000001
[CMD QUEUE CORRUPTED] primary repaired
[SEU] addr=200031DC bit=00000001
[SEU] addr=200031EA bit=00000000
[SEU] addr=200031D5 bit=00000002
[SEU] addr=20003187 bit=00000003
[SEU] addr=200031CC bit=00000006
[SEU] addr=20003170 bit=00000004
[SEU] addr=200031C7 bit=00000000
[SEU] addr=200031E2 bit=00000003
[SEU] addr=20003167 bit=00000007
[SEU] addr=200031A6 bit=00000007
[SEU] addr=20003188 bit=00000007
[SEU] addr=200031D4 bit=00000005
[SEU] addr=20003182 bit=00000004
[SEU] addr=200031E0 bit=00000004
[SEU] addr=2000314F bit=00000004
[SAMPLE QUEUE backup CORRUPTED] backup repaired
[SEU] addr=200031C0 bit=00000006
[SEU] addr=200031AD bit=00000006
[SEU] addr=20003189 bit=00000007
[SEU] addr=2000317B bit=00000001
[SEU] addr=200031B4 bit=00000003
[SEU] addr=200031B7 bit=00000002
[SEU] addr=2000314D bit=00000006
[SAMPLE QUEUE backup CORRUPTED] backup repaired
[SEU] addr=200031C1 bit=00000002
[SEU] addr=200031BE bit=00000002
[SEU] addr=200031CE bit=00000003
[SEU] addr=200031AA bit=00000006
[SEU] addr=20003193 bit=00000007
[PREVIOUS SENSOR SAMPLE CORRUPTED] omitting sample
[SEU] addr=20003183 bit=00000005
[SEU] addr=20003168 bit=00000001
[SEU] addr=200031B0 bit=00000003
[SEU] addr=2000315F bit=00000006
[CMD QUEUE backup CORRUPTED] backup repaired
[SEU] addr=20003145 bit=00000006
[SAMPLE QUEUE CORRUPTED] primary repaired
[SEU] addr=20003144 bit=00000003
[SAMPLE QUEUE CORRUPTED] primary repaired
[SEU] addr=20003154 bit=00000002
[CMD QUEUE CORRUPTED] primary repaired
[SEU] addr=20003180 bit=00000001
[SEU] addr=20003179 bit=00000006
[SEU] addr=20003193 bit=00000005
[PREVIOUS SENSOR SAMPLE CORRUPTED] omitting sample
[SEU] addr=200031AE bit=00000000
[SEU] addr=2000314C bit=00000004
[SAMPLE QUEUE backup CORRUPTED] backup repaired
[SEU] addr=2000317D bit=00000006
[SEU] addr=20003162 bit=00000001
[SEU] addr=20003189 bit=00000007
[SEU] addr=200031DA bit=00000004
[SEU] addr=200031D6 bit=00000003
[SEU] addr=200031A8 bit=00000005
[SEU] addr=20003185 bit=00000003
[SEU] addr=20003173 bit=00000002
[SEU] addr=200031DD bit=00000002
[SEU] addr=2000314B bit=00000001
[SEU] addr=2000319F bit=00000006
[SEU] addr=20003186 bit=00000004
[SEU] addr=20003157 bit=00000001
[CMD QUEUE CORRUPTED] primary repaired
[SEU] addr=200031C4 bit=00000002
[SEU] addr=20003161 bit=00000006
[SEU] addr=20003170 bit=00000003
[SEU] addr=2000316C bit=00000005
[SEU] addr=200031B3 bit=00000005
[SEU] addr=20003172 bit=00000005
[SEU] addr=2000316B bit=00000000
[SEU] addr=200031B5 bit=00000006
[SEU] addr=20003198 bit=00000001
[PREVIOUS SENSOR SAMPLE CORRUPTED] omitting sample
[SEU] addr=2000319A bit=00000002
[PREVIOUS SENSOR SAMPLE CORRUPTED] omitting sample
[SEU] addr=200031C9 bit=00000007
[SEU] addr=200031BA bit=00000003
[SEU] addr=200031E5 bit=00000006
[SEU] addr=200031B5 bit=00000001
[SEU] addr=20003162 bit=00000007
[SEU] addr=20003144 bit=00000006
[SAMPLE QUEUE CORRUPTED] primary repaired
[SEU] addr=2000314C bit=00000000
[SAMPLE QUEUE backup CORRUPTED] backup repaired
[SEU] addr=200031AD bit=00000000
[SEU] addr=2000316E bit=00000004
[SEU] addr=20003194 bit=00000006
[PREVIOUS SENSOR SAMPLE CORRUPTED] omitting sample
[SEU] addr=200031D1 bit=00000006
[SEU] addr=200031BC bit=00000002
[SEU] addr=200031B6 bit=00000004
[SEU] addr=200031A8 bit=00000006
[SEU] addr=20003179 bit=00000003
[SEU] addr=200031A8 bit=00000002
[SEU] addr=20003151 bit=00000004
[SEU] addr=20003165 bit=00000006
[SEU] addr=2000314D bit=00000004
[SAMPLE QUEUE backup CORRUPTED] backup repaired
[SEU] addr=200031BD bit=00000006
[SEU] addr=2000315E bit=00000005
[CMD QUEUE backup CORRUPTED] backup repaired
[SEU] addr=20003179 bit=00000006
[SEU] addr=2000314F bit=00000005
[SAMPLE QUEUE backup CORRUPTED] backup repaired
[SEU] addr=20003150 bit=00000004
[SAMPLE QUEUE backup CORRUPTED] backup repaired
[SEU] addr=200031AE bit=00000001
[SEU] addr=200031C8 bit=00000003
[SEU] addr=20003161 bit=00000000
[SEU] addr=2000318B bit=00000007
[SEU] addr=20003191 bit=00000002
[PREVIOUS SENSOR SAMPLE CORRUPTED] omitting sample
[SEU] addr=20003180 bit=00000005
[SEU] addr=200031B8 bit=00000003
[SEU] addr=200031DD bit=00000006
[SEU] addr=20003198 bit=00000004
[PREVIOUS SENSOR SAMPLE CORRUPTED] omitting sample
[SEU] addr=2000316E bit=00000004
[SEU] addr=2000317F bit=00000007
[SEU] addr=200031B8 bit=00000003
[SEU] addr=2000315B bit=00000001
[SEU] addr=200031B2 bit=00000002
[SEU] addr=20003179 bit=00000006
[SEU] addr=200031D9 bit=00000002
[SEU] addr=200031D0 bit=00000002
[SEU] addr=200031AF bit=00000001
[SEU] addr=20003181 bit=00000007
[SEU] addr=20003147 bit=00000005
[SAMPLE QUEUE CORRUPTED] primary repaired
[SEU] addr=20003165 bit=00000003
[SEU] addr=20003199 bit=00000002
[PREVIOUS SENSOR SAMPLE CORRUPTED] omitting sample
[SEU] addr=200031C9 bit=00000007
[SEU] addr=2000316B bit=00000003
[SEU] addr=20003168 bit=00000004
[SEU] addr=20003164 bit=00000005
[SEU] addr=20003160 bit=00000000
[CMD QUEUE backup CORRUPTED] backup repaired
[SEU] addr=200031A2 bit=00000002
[SEU] addr=20003188 bit=00000000
[SEU] addr=200031C7 bit=00000007
[SEU] addr=200031A4 bit=00000004
[SEU] addr=2000319A bit=00000001
[PREVIOUS SENSOR SAMPLE CORRUPTED] omitting sample
[SEU] addr=2000318C bit=00000005
[PREVIOUS SENSOR SAMPLE CORRUPTED] omitting sample
[SEU] addr=200031A6 bit=00000003
[SEU] addr=20003168 bit=00000005
[SEU] addr=20003195 bit=00000005
[PREVIOUS SENSOR SAMPLE CORRUPTED] omitting sample
[SEU] addr=200031EB bit=00000003
[SEU] addr=200031C5 bit=00000000
[SEU] addr=20003154 bit=00000000
[CMD QUEUE CORRUPTED] primary repaired
[SEU] addr=2000314C bit=00000004
[SAMPLE QUEUE backup CORRUPTED] backup repaired
[SEU] addr=200031BB bit=00000004
[SEU] addr=20003186 bit=00000005
[SEU] addr=20003181 bit=00000006
[SEU] addr=2000316C bit=00000000
[SEU] addr=2000314C bit=00000006
[SAMPLE QUEUE backup CORRUPTED] backup repaired
[SEU] addr=200031B1 bit=00000004
[SEU] addr=2000318B bit=00000004
[SEU] addr=200031AD bit=00000005
[SEU] addr=2000317B bit=00000004
[SEU] addr=200031C0 bit=00000000
[SEU] addr=200031C6 bit=00000005
[SEU] addr=2000317A bit=00000002
[SEU] addr=2000319D bit=00000007
[SEU] addr=200031C7 bit=00000006
[SEU] addr=20003174 bit=00000002
[SEU] addr=20003168 bit=00000000
[SEU] addr=2000316F bit=00000003
[SEU] addr=200031CD bit=00000002
[SEU] addr=20003194 bit=00000005
[PREVIOUS SENSOR SAMPLE CORRUPTED] omitting sample
[SEU] addr=200031B7 bit=00000002
[SEU] addr=2000315C bit=00000001
[CMD QUEUE backup CORRUPTED] backup repaired
[SEU] addr=200031D1 bit=00000001
[SEU] addr=20003153 bit=00000006
[SEU] addr=200031DC bit=00000000
[SEU] addr=200031B1 bit=00000006
[SEU] addr=200031B0 bit=00000004
[SEU] addr=20003188 bit=00000002
[SEU] addr=200031E4 bit=00000005
[SEU] addr=2000314A bit=00000001
[SEU] addr=2000314B bit=00000003
[SEU] addr=20003183 bit=00000000
[SEU] addr=20003151 bit=00000001
[SEU] addr=20003174 bit=00000006
[SEU] addr=200031B9 bit=00000000
[SEU] addr=200031D5 bit=00000000
[SEU] addr=200031C8 bit=00000007
[SEU] addr=2000317B bit=00000007
[SEU] addr=200031E0 bit=00000004
[SEU] addr=200031CA bit=00000006
[SEU] addr=200031B1 bit=00000006
[SEU] addr=200031D8 bit=00000005
[SEU] addr=20003169 bit=00000006
[SEU] addr=20003192 bit=00000001
[PREVIOUS SENSOR SAMPLE CORRUPTED] omitting sample
[SEU] addr=20003189 bit=00000007
[SEU] addr=20003163 bit=00000001
[SEU] addr=200031BC bit=00000007
[SEU] addr=20003189 bit=00000005
[SEU] addr=20003151 bit=00000004
[SEU] addr=200031AA bit=00000005
[SEU] addr=20003169 bit=00000005
[SEU] addr=200031E1 bit=00000004
[SEU] addr=200031D1 bit=00000007
[SEU] addr=200031AB bit=00000002
[SEU] addr=200031C0 bit=00000000
[SEU] addr=2000314C bit=00000004
[SAMPLE QUEUE backup CORRUPTED] backup repaired
[SEU] addr=200031CB bit=00000003
[SEU] addr=20003169 bit=00000000
[SEU] addr=200031DC bit=00000004
[SEU] addr=20003154 bit=00000002
[CMD QUEUE CORRUPTED] primary repaired
[SEU] addr=200031EA bit=00000001
[SEU] addr=2000316C bit=00000002
[SEU] addr=20003162 bit=00000000
[SEU] addr=20003161 bit=00000004
[SEU] addr=20003153 bit=00000007
[SEU] addr=200031D7 bit=00000005
[SEU] addr=2000316F bit=00000003
[SEU] addr=20003151 bit=00000002
[SEU] addr=200031A7 bit=00000007
[SEU] addr=20003174 bit=00000003
[SEU] addr=20003161 bit=00000001
[SEU] addr=20003186 bit=00000000
[SEU] addr=20003147 bit=00000007
[SAMPLE QUEUE CORRUPTED] primary repaired
[SEU] addr=2000318C bit=00000003
[PREVIOUS SENSOR SAMPLE CORRUPTED] omitting sample
[SEU] addr=200031D5 bit=00000006
[SEU] addr=20003159 bit=00000000
[SEU] addr=20003167 bit=00000004
[SEU] addr=200031C8 bit=00000004
[SEU] addr=200031CF bit=00000002
[SEU] addr=200031B8 bit=00000003
[SEU] addr=200031CB bit=00000004
[SEU] addr=200031D4 bit=00000003
[SEU] addr=200031E2 bit=00000002
[SEU] addr=200031E3 bit=00000007
[SEU] addr=200031BE bit=00000002
[SEU] addr=2000316F bit=00000000
[SEU] addr=200031D9 bit=00000001
[SEU] addr=2000319A bit=00000005
[PREVIOUS SENSOR SAMPLE CORRUPTED] omitting sample
[SEU] addr=200031A3 bit=00000005
[SEU] addr=20003159 bit=00000005
[SEU] addr=200031CC bit=00000005
[SEU] addr=20003197 bit=00000007
[PREVIOUS SENSOR SAMPLE CORRUPTED] omitting sample
[SEU] addr=200031C7 bit=00000003
[SEU] addr=200031DA bit=00000005
[SEU] addr=200031D5 bit=00000006
[SEU] addr=200031AC bit=00000001
[SEU] addr=20003172 bit=00000007
[SEU] addr=200031AD bit=00000007
[SEU] addr=20003154 bit=00000002
[CMD QUEUE CORRUPTED] primary repaired
[SEU] addr=20003174 bit=00000003
[SEU] addr=20003167 bit=00000004
[SEU] addr=200031E4 bit=00000002
[SEU] addr=2000316E bit=00000001
[SEU] addr=2000317E bit=00000001
[SEU] addr=20003174 bit=00000004
[SEU] addr=200031A3 bit=00000004
[SEU] addr=20003181 bit=00000004
[SEU] addr=2000317E bit=00000007
[SEU] addr=20003177 bit=00000006
[SEU] addr=2000319E bit=00000005
[SEU] addr=200031AD bit=00000001
[SEU] addr=20003186 bit=00000000
[SEU] addr=2000317F bit=00000001
[SEU] addr=20003183 bit=00000007
[SEU] addr=200031E1 bit=00000006
[SEU] addr=200031B5 bit=00000007
[SEU] addr=200031EB bit=00000004
[SEU] addr=20003186 bit=00000007
[SEU] addr=20003189 bit=00000004
[SEU] addr=20003195 bit=00000002
[PREVIOUS SENSOR SAMPLE CORRUPTED] omitting sample
[SEU] addr=2000316F bit=00000006
[SEU] addr=200031E4 bit=00000006
[SEU] addr=20003155 bit=00000000
[CMD QUEUE CORRUPTED] primary repaired
[SEU] addr=2000317F bit=00000006
[SEU] addr=2000314D bit=00000004
[SAMPLE QUEUE backup CORRUPTED] backup repaired
[SEU] addr=200031C1 bit=00000005
[SEU] addr=2000317C bit=00000004
[SEU] addr=2000316D bit=00000000
[SEU] addr=200031A3 bit=00000000
[SEU] addr=200031A2 bit=00000001
[SEU] addr=200031A7 bit=00000002
[SEU] addr=200031DF bit=00000003
[SEU] addr=2000317D bit=00000000
[SEU] addr=200031E7 bit=00000006
[SEU] addr=2000316A bit=00000005
[SEU] addr=200031E9 bit=00000000
[SEU] addr=20003172 bit=00000005
[SEU] addr=200031A2 bit=00000006
[SEU] addr=20003151 bit=00000003
[SEU] addr=200031CA bit=00000001
[SEU] addr=200031A2 bit=00000000
[SEU] addr=20003169 bit=00000005
[SEU] addr=2000318A bit=00000007
[SEU] addr=20003188 bit=00000006
[SEU] addr=200031E5 bit=00000005
[SEU] addr=200031D0 bit=00000007
[SEU] addr=2000319E bit=00000005
[SEU] addr=20003180 bit=00000000
[SEU] addr=2000319E bit=00000007
[SEU] addr=200031CA bit=00000004
[SEU] addr=20003177 bit=00000003
[SEU] addr=20003153 bit=00000000
[SEU] addr=2000314D bit=00000005
[SAMPLE QUEUE backup CORRUPTED] backup repaired
[SEU] addr=2000315F bit=00000006
[CMD QUEUE backup CORRUPTED] backup repaired
[SEU] addr=20003175 bit=00000000
[SEU] addr=20003159 bit=00000003
[SEU] addr=200031BC bit=00000006
[SEU] addr=200031A2 bit=00000003
[SEU] addr=2000317C bit=00000001
[SEU] addr=20003183 bit=00000006
[SEU] addr=200031D2 bit=00000006
[SEU] addr=200031C2 bit=00000002
[SEU] addr=200031AE bit=00000005
[SEU] addr=200031CE bit=00000002
[SEU] addr=20003178 bit=00000003
[SEU] addr=200031C4 bit=00000004
[SEU] addr=20003175 bit=00000000
[SEU] addr=200031C7 bit=00000001
[SEU] addr=2000319E bit=00000001
[SEU] addr=200031B2 bit=00000001
[SEU] addr=20003188 bit=00000002
[SEU] addr=200031C4 bit=00000005
[SEU] addr=20003155 bit=00000001
[CMD QUEUE CORRUPTED] primary repaired
[SEU] addr=200031B5 bit=00000002
[SEU] addr=200031BC bit=00000002
[SEU] addr=20003167 bit=00000001
[SEU] addr=20003161 bit=00000001
[SEU] addr=200031AB bit=00000002
[SEU] addr=200031DE bit=00000000
[SEU] addr=200031C3 bit=00000001
[SEU] addr=200031CF bit=00000002
[SEU] addr=20003184 bit=00000001
[SEU] addr=2000315B bit=00000007
[SEU] addr=200031BB bit=00000001
[SEU] addr=200031B2 bit=00000002
[SEU] addr=200031BD bit=00000006
[SEU] addr=20003145 bit=00000007
[SAMPLE QUEUE CORRUPTED] primary repaired
[SEU] addr=20003144 bit=00000006
[SAMPLE QUEUE CORRUPTED] primary repaired
[SEU] addr=200031EB bit=00000000
[SEU] addr=20003185 bit=00000001
[SEU] addr=200031E0 bit=00000003
[SEU] addr=200031DB bit=00000005
[SEU] addr=2000318C bit=00000001
[PREVIOUS SENSOR SAMPLE CORRUPTED] omitting sample
[SEU] addr=200031D9 bit=00000007
[SEU] addr=20003151 bit=00000003
[SEU] addr=2000318B bit=00000004
[SEU] addr=200031D6 bit=00000004
[SEU] addr=20003193 bit=00000005
[PREVIOUS SENSOR SAMPLE CORRUPTED] omitting sample
[SEU] addr=2000319E bit=00000007
[SEU] addr=20003170 bit=00000003
[SEU] addr=200031C8 bit=00000006
[SEU] addr=20003175 bit=00000006
[SEU] addr=20003193 bit=00000006
[PREVIOUS SENSOR SAMPLE CORRUPTED] omitting sample
[SEU] addr=20003184 bit=00000005
[SEU] addr=20003175 bit=00000007
[SEU] addr=2000316F bit=00000005
[SEU] addr=20003175 bit=00000004
[SEU] addr=20003181 bit=00000005
[SEU] addr=200031A8 bit=00000003
[SEU] addr=200031C2 bit=00000000
[SEU] addr=20003182 bit=00000002
[SEU] addr=20003160 bit=00000007
[CMD QUEUE backup CORRUPTED] backup repaired
[SEU] addr=2000318D bit=00000004
[PREVIOUS SENSOR SAMPLE CORRUPTED] omitting sample
[SEU] addr=2000316F bit=00000005
[SEU] addr=2000314B bit=00000005
[SEU] addr=2000316D bit=00000000
[SEU] addr=200031BD bit=00000005
[SEU] addr=200031D1 bit=00000004
[SEU] addr=2000314B bit=00000002
[SEU] addr=2000317A bit=00000003
[SEU] addr=200031DE bit=00000003
[SEU] addr=20003166 bit=00000004
[SEU] addr=200031B5 bit=00000003
[SEU] addr=2000316C bit=00000002
[SEU] addr=20003193 bit=00000006
[PREVIOUS SENSOR SAMPLE CORRUPTED] omitting sample
[SEU] addr=200031C8 bit=00000006
[SEU] addr=200031DD bit=00000007
[SEU] addr=2000319C bit=00000005
[PREVIOUS SENSOR SAMPLE CORRUPTED] omitting sample
[SEU] addr=200031E2 bit=00000001
[SEU] addr=20003152 bit=00000007
[SEU] addr=200031E5 bit=00000000
[SEU] addr=20003165 bit=00000003
[SEU] addr=20003146 bit=00000003
[SAMPLE QUEUE CORRUPTED] primary repaired
[SEU] addr=2000317D bit=00000002
[SEU] addr=200031A0 bit=00000006
[SEU] addr=200031AB bit=00000001
[SEU] addr=200031E7 bit=00000001
[SEU] addr=2000318B bit=00000001
[SEU] addr=2000314A bit=00000006
[SEU] addr=200031A9 bit=00000004
[SEU] addr=2000317C bit=00000005
[SEU] addr=2000318B bit=00000003
[SEU] addr=200031B4 bit=00000000
[SEU] addr=2000314F bit=00000003
[SAMPLE QUEUE backup CORRUPTED] backup repaired
[SEU] addr=2000319B bit=00000002
[PREVIOUS SENSOR SAMPLE CORRUPTED] omitting sample
[SEU] addr=20003167 bit=00000007
[SEU] addr=200031B2 bit=00000004
[SEU] addr=200031A7 bit=00000003
[SEU] addr=20003149 bit=00000006
[SEU] addr=20003176 bit=00000005
[SEU] addr=20003197 bit=00000003
[PREVIOUS SENSOR SAMPLE CORRUPTED] omitting sample
[SEU] addr=20003150 bit=00000001
[SAMPLE QUEUE backup CORRUPTED] backup repaired
[SEU] addr=200031A7 bit=00000001
[SEU] addr=2000317E bit=00000002
[SEU] addr=200031C3 bit=00000001
[SEU] addr=200031D2 bit=00000005
[SEU] addr=2000318A bit=00000007
[SEU] addr=2000319D bit=00000001
[SEU] addr=20003152 bit=00000004
[SEU] addr=20003150 bit=00000002
[SAMPLE QUEUE backup CORRUPTED] backup repaired
[SEU] addr=200031BC bit=00000006
[SEU] addr=20003178 bit=00000001
[SEU] addr=200031E6 bit=00000003
[SEU] addr=2000318E bit=00000002
[PREVIOUS SENSOR SAMPLE CORRUPTED] omitting sample
[SEU] addr=20003162 bit=00000001
[SEU] addr=20003148 bit=00000006
[SAMPLE QUEUE CORRUPTED] primary repaired
[SEU] addr=20003173 bit=00000007
[SEU] addr=200031A2 bit=00000003
[SEU] addr=200031D9 bit=00000005
[SEU] addr=2000317D bit=00000001
[SEU] addr=20003188 bit=00000000
[SEU] addr=20003197 bit=00000004
[PREVIOUS SENSOR SAMPLE CORRUPTED] omitting sample
[SEU] addr=20003182 bit=00000003
[SEU] addr=200031D4 bit=00000002
[SEU] addr=2000314A bit=00000003
[SEU] addr=20003145 bit=00000001
[SAMPLE QUEUE CORRUPTED] primary repaired
[SEU] addr=20003176 bit=00000007
[SEU] addr=2000316B bit=00000007
[SEU] addr=2000316D bit=00000000
[SEU] addr=200031E4 bit=00000004
[SEU] addr=200031EA bit=00000002
[SEU] addr=2000317A bit=00000006
[SEU] addr=200031A5 bit=00000005
[SEU] addr=2000317D bit=00000003
[SEU] addr=200031AE bit=00000004
[SEU] addr=200031D2 bit=00000004
[SEU] addr=20003186 bit=00000004
[SEU] addr=200031E9 bit=00000007
[SEU] addr=2000316F bit=00000006
[SEU] addr=200031C8 bit=00000003
[SEU] addr=200031A7 bit=00000004
[SEU] addr=2000319F bit=00000004
[SEU] addr=20003172 bit=00000005
[SEU] addr=200031AD bit=00000003
[SEU] addr=200031E5 bit=00000006
[SEU] addr=200031C6 bit=00000003
[SEU] addr=200031A5 bit=00000000
[SEU] addr=20003161 bit=00000003
[SEU] addr=20003145 bit=00000003
[SAMPLE QUEUE CORRUPTED] primary repaired
[SEU] addr=2000315A bit=00000006
[SEU] addr=200031D1 bit=00000001
[SEU] addr=2000317B bit=00000004
[SEU] addr=2000317D bit=00000005
[SEU] addr=200031D6 bit=00000006
[SEU] addr=20003169 bit=00000005
[SEU] addr=200031DB bit=00000003
[SEU] addr=200031C7 bit=00000000
[SEU] addr=200031AE bit=00000002
[SEU] addr=2000316E bit=00000002
[SEU] addr=200031A2 bit=00000005
[SEU] addr=20003188 bit=00000000
[SEU] addr=20003154 bit=00000002
[CMD QUEUE CORRUPTED] primary repaired
[SEU] addr=200031BF bit=00000001
[SEU] addr=200031A0 bit=00000000
[SEU] addr=200031B6 bit=00000001
[SEU] addr=200031B7 bit=00000003
[SEU] addr=200031DC bit=00000000
[SEU] addr=200031D6 bit=00000000
[SEU] addr=2000316E bit=00000006
[SEU] addr=200031B8 bit=00000004
[SEU] addr=200031C5 bit=00000005
[SEU] addr=200031B1 bit=00000000
[SEU] addr=200031DA bit=00000005
[SEU] addr=20003191 bit=00000003
[PREVIOUS SENSOR SAMPLE CORRUPTED] omitting sample
[SEU] addr=2000317F bit=00000007
[SEU] addr=20003147 bit=00000006
[SAMPLE QUEUE CORRUPTED] primary repaired
[SEU] addr=2000316C bit=00000000
[SEU] addr=200031A3 bit=00000000
[SEU] addr=200031C3 bit=00000006
[SEU] addr=2000314E bit=00000001
[SAMPLE QUEUE backup CORRUPTED] backup repaired
[SEU] addr=200031D1 bit=00000004
[SEU] addr=200031C9 bit=00000000
[SEU] addr=200031AF bit=00000002
[SEU] addr=2000315D bit=00000007
[CMD QUEUE backup CORRUPTED] backup repaired
[SEU] addr=200031AF bit=00000004
[SEU] addr=20003185 bit=00000004
[SEU] addr=20003192 bit=00000004
[PREVIOUS SENSOR SAMPLE CORRUPTED] omitting sample
[SEU] addr=2000315E bit=00000002
[CMD QUEUE backup CORRUPTED] backup repaired
[SEU] addr=2000318A bit=00000005
[SEU] addr=200031AC bit=00000006
[SEU] addr=20003170 bit=00000007
[SEU] addr=2000319F bit=00000006
[SEU] addr=200031C7 bit=00000005
[SEU] addr=200031D1 bit=00000002
[SEU] addr=20003163 bit=00000007
[SEU] addr=200031D4 bit=00000006
[SEU] addr=200031B3 bit=00000003
[SEU] addr=200031D1 bit=00000000
[SEU] addr=20003151 bit=00000002
[SEU] addr=200031D0 bit=00000006
[SEU] addr=2000314C bit=00000007
[SAMPLE QUEUE backup CORRUPTED] backup repaired
[SEU] addr=2000314B bit=00000004
[SEU] addr=200031D9 bit=00000002
[SEU] addr=200031AC bit=00000003
[SEU] addr=200031D6 bit=00000005
[SEU] addr=200031EB bit=00000000
[SEU] addr=2000315A bit=00000005
[SEU] addr=200031C2 bit=00000007
[SEU] addr=200031D8 bit=00000003
[SEU] addr=200031E9 bit=00000005
[SEU] addr=200031BA bit=00000000
[SEU] addr=2000318B bit=00000004
[SEU] addr=200031D7 bit=00000000
[SEU] addr=200031D8 bit=00000000
[SEU] addr=200031B2 bit=00000002
[SEU] addr=20003177 bit=00000002
[SEU] addr=200031A5 bit=00000000
[SEU] addr=20003172 bit=00000001
[SEU] addr=200031A6 bit=00000001
[SEU] addr=20003199 bit=00000004
[PREVIOUS SENSOR SAMPLE CORRUPTED] omitting sample
[SEU] addr=20003179 bit=00000005
[SEU] addr=2000319F bit=00000007
[SEU] addr=200031DA bit=00000007
[SEU] addr=2000319E bit=00000006
[SEU] addr=200031B3 bit=00000000
[SEU] addr=200031B8 bit=00000002
[SEU] addr=200031E3 bit=00000003
[SEU] addr=20003150 bit=00000005
[SAMPLE QUEUE backup CORRUPTED] backup repaired
[SEU] addr=200031B3 bit=00000006
[SEU] addr=20003197 bit=00000000
[PREVIOUS SENSOR SAMPLE CORRUPTED] omitting sample
[SEU] addr=20003160 bit=00000005
[CMD QUEUE backup CORRUPTED] backup repaired
[SEU] addr=2000316F bit=00000000
[SEU] addr=2000315F bit=00000000
[CMD QUEUE backup CORRUPTED] backup repaired
[SEU] addr=2000314F bit=00000000
[SAMPLE QUEUE backup CORRUPTED] backup repaired
[SEU] addr=2000319B bit=00000004
[PREVIOUS SENSOR SAMPLE CORRUPTED] omitting sample
[SEU] addr=200031D2 bit=00000003
[SEU] addr=200031A4 bit=00000005
[SEU] addr=200031DE bit=00000004
[SEU] addr=2000316E bit=00000000
[SEU] addr=200031D8 bit=00000007
[SEU] addr=20003166 bit=00000003
[SEU] addr=200031AA bit=00000001
[SEU] addr=200031A0 bit=00000005
[SEU] addr=200031D5 bit=00000003
[SEU] addr=200031A1 bit=00000002
[SEU] addr=20003167 bit=00000003
[SEU] addr=200031DA bit=00000004
[SEU] addr=200031C9 bit=00000001
[SEU] addr=2000314D bit=00000001
[SAMPLE QUEUE backup CORRUPTED] backup repaired
[SEU] addr=20003194 bit=00000006
[PREVIOUS SENSOR SAMPLE CORRUPTED] omitting sample
[SEU] addr=2000316B bit=00000005
[SEU] addr=20003149 bit=00000006
[SEU] addr=2000317D bit=00000002
[SEU] addr=200031A0 bit=00000000
[SEU] addr=2000314A bit=00000000
[SEU] addr=200031D7 bit=00000002
[SEU] addr=200031C4 bit=00000002
[SEU] addr=200031E7 bit=00000000
[SEU] addr=200031C8 bit=00000003
[SEU] addr=200031CB bit=00000006
[SEU] addr=20003175 bit=00000000
[SEU] addr=20003190 bit=00000005
[PREVIOUS SENSOR SAMPLE CORRUPTED] omitting sample
[SEU] addr=2000314F bit=00000002
[SAMPLE QUEUE backup CORRUPTED] backup repaired
[SEU] addr=20003146 bit=00000006
[SAMPLE QUEUE CORRUPTED] primary repaired
[SEU] addr=200031A7 bit=00000006
[SEU] addr=200031C4 bit=00000000
[SEU] addr=20003172 bit=00000003
[SEU] addr=200031AF bit=00000006
[SEU] addr=20003171 bit=00000001
[SEU] addr=200031B4 bit=00000000
[SEU] addr=200031AB bit=00000001
[SEU] addr=20003179 bit=00000005
[SEU] addr=20003181 bit=00000004
[SEU] addr=20003173 bit=00000007
[SEU] addr=20003184 bit=00000000
[SEU] addr=200031B7 bit=00000002
[SEU] addr=20003194 bit=00000003
[PREVIOUS SENSOR SAMPLE CORRUPTED] omitting sample
[SEU] addr=2000316F bit=00000002
[SEU] addr=2000316D bit=00000007
[SEU] addr=2000315E bit=00000006
[CMD QUEUE backup CORRUPTED] backup repaired
[SEU] addr=2000314A bit=00000003
[SEU] addr=200031B3 bit=00000004
[SEU] addr=2000314C bit=00000004
[SAMPLE QUEUE backup CORRUPTED] backup repaired
[SEU] addr=200031D3 bit=00000003
[SEU] addr=200031A8 bit=00000004
[SEU] addr=2000319C bit=00000001
[PREVIOUS SENSOR SAMPLE CORRUPTED] omitting sample
[SEU] addr=200031D6 bit=00000005
[SEU] addr=20003186 bit=00000007
[SEU] addr=2000317D bit=00000005
[SEU] addr=200031B6 bit=00000004
[SEU] addr=200031C9 bit=00000001
[SEU] addr=20003153 bit=00000007
[SEU] addr=20003174 bit=00000000
[SEU] addr=20003187 bit=00000003
[SEU] addr=200031E3 bit=00000003
[SEU] addr=20003186 bit=00000005
[SEU] addr=200031B1 bit=00000007
[SEU] addr=20003198 bit=00000007
[PREVIOUS SENSOR SAMPLE CORRUPTED] omitting sample
[SEU] addr=2000317B bit=00000003
[SEU] addr=20003184 bit=00000003
[SEU] addr=200031B2 bit=00000005
[SEU] addr=20003179 bit=00000002
[SEU] addr=200031CF bit=00000000
[SEU] addr=200031C9 bit=00000000
[SEU] addr=200031E4 bit=00000002
[SEU] addr=200031CF bit=00000005
[SEU] addr=200031DC bit=00000005
[SEU] addr=200031C8 bit=00000005
[SEU] addr=200031AC bit=00000003
[SEU] addr=20003154 bit=00000005
[CMD QUEUE CORRUPTED] primary repaired
[SEU] addr=2000317B bit=00000003
[SEU] addr=20003161 bit=00000001
[SEU] addr=200031A6 bit=00000000
[SEU] addr=200031A6 bit=00000003
[SEU] addr=200031A1 bit=00000005
[SEU] addr=200031B9 bit=00000004
[SEU] addr=200031BC bit=00000001
[SEU] addr=200031B2 bit=00000000
[SEU] addr=200031D8 bit=00000007
[SEU] addr=200031AF bit=00000002
[SEU] addr=2000315A bit=00000000
[SEU] addr=2000317E bit=00000003
[SEU] addr=20003145 bit=00000002
[SAMPLE QUEUE CORRUPTED] primary repaired
[SEU] addr=20003180 bit=00000000
[SEU] addr=200031A1 bit=00000006
[SEU] addr=20003157 bit=00000005
[CMD QUEUE CORRUPTED] primary repaired
[SEU] addr=200031D7 bit=00000007
[SEU] addr=20003185 bit=00000000
[SEU] addr=200031D2 bit=00000005
[SEU] addr=200031DA bit=00000004
[SEU] addr=2000319D bit=00000003
[SEU] addr=20003151 bit=00000002
[SEU] addr=200031BB bit=00000007
[SEU] addr=20003189 bit=00000004
[SEU] addr=2000319D bit=00000001
[SEU] addr=2000318B bit=00000006
[SEU] addr=200031C5 bit=00000000
[SEU] addr=200031B3 bit=00000006
[SEU] addr=200031A3 bit=00000003
[SEU] addr=20003183 bit=00000007
[SEU] addr=2000315D bit=00000007
[CMD QUEUE backup CORRUPTED] backup repaired
[SEU] addr=200031DC bit=00000002
[SEU] addr=200031AC bit=00000003
[SEU] addr=200031BC bit=00000000
[SEU] addr=2000317B bit=00000000
[SEU] addr=2000314F bit=00000000
[SAMPLE QUEUE backup CORRUPTED] backup repaired
[SEU] addr=20003144 bit=00000006
[SAMPLE QUEUE CORRUPTED] primary repaired
[SEU] addr=200031C3 bit=00000000
[SEU] addr=200031EA bit=00000002
[SEU] addr=2000315A bit=00000005
[SEU] addr=20003167 bit=00000000
[SEU] addr=200031E6 bit=00000000
[END]
samples=10000
SEUs=1825
good samples=9861
errors=0
samples omitted=139
max_error=0x00000000
propagations=0
detected_errors=446
tmr_corrections=122
dmr_corrections=185
crc detections=139
clamp_activations=0
rate limit activations=0
[HARDFAULT]
