START
SEED=11111111
[SEU] addr=20003194 bit=00000003
[ERR] seq=5 err=64
[ERR] seq=6 err=8
[ERR] seq=7 err=8
[SEU] addr=20003176 bit=00000001
[SEU] addr=2000317F bit=00000002
[SEU] addr=20003184 bit=00000001
[SEU] addr=200031DD bit=00000006
[ERR] seq=16403 err=936
[ERR] seq=16404 err=784
[ERR] seq=16405 err=960
[ERR] seq=16406 err=896
[ERR] seq=16407 err=920
[ERR] seq=16408 err=896
[SEU] addr=200031CE bit=00000006
[ERR] seq=16409 err=912
[ERR] seq=16410 err=872
[ERR] seq=16411 err=888
[ERR] seq=16412 err=880
[ERR] seq=16413 err=864
[ERR] seq=16414 err=848
[SEU] addr=200031D5 bit=00000007
[ERR] seq=16415 err=840
[ERR] seq=16416 err=824
[ERR] seq=16417 err=832
[ERR] seq=16418 err=800
[SEU] addr=20003158 bit=00000001
[SAMPLE QUEUE backup CORRUPTED] backup repaired
[ERR] seq=16419 err=808
[ERR] seq=16420 err=760
[ERR] seq=16421 err=768
[ERR] seq=16422 err=744
[SEU] addr=2000318D bit=00000007
[ERR] seq=16423 err=1952
[ERR] seq=16424 err=536
[ERR] seq=16425 err=944
[ERR] seq=16426 err=648
[ERR] seq=16427 err=736
[ERR] seq=16428 err=680
[ERR] seq=16429 err=696
[ERR] seq=16430 err=664
[SEU] addr=200031CE bit=00000003
[ERR] seq=16431 err=648
[ERR] seq=16432 err=640
[ERR] seq=16433 err=624
[ERR] seq=16434 err=608
[SEU] addr=20003158 bit=00000000
[SAMPLE QUEUE backup CORRUPTED] backup repaired
[ERR] seq=16435 err=584
[SEU] addr=2000319D bit=00000002
[ERR] seq=16436 err=568
[ERR] seq=16437 err=552
[ERR] seq=16438 err=552
[ERR] seq=16439 err=536
[ERR] seq=16440 err=504
[ERR] seq=16441 err=512
[ERR] seq=16442 err=480
[ERR] seq=16443 err=472
[SEU] addr=20003157 bit=00000003
[SAMPLE QUEUE backup CORRUPTED] backup repaired
[ERR] seq=16444 err=440
[ERR] seq=16445 err=448
[ERR] seq=16446 err=424
[ERR] seq=16447 err=408
[ERR] seq=16448 err=384
[ERR] seq=16449 err=368
[SEU] addr=2000317E bit=00000003
[ERR] seq=16450 err=344
[ERR] seq=16451 err=352
[ERR] seq=16452 err=320
[ERR] seq=16453 err=296
[ERR] seq=16454 err=280
[ERR] seq=16455 err=264
[ERR] seq=16456 err=272
[ERR] seq=16457 err=224
[SEU] addr=20003179 bit=00000005
[ERR] seq=16458 err=224
[ERR] seq=16459 err=192
[ERR] seq=16460 err=176
[ERR] seq=16461 err=184
[ERR] seq=16462 err=136
[ERR] seq=16463 err=128
[ERR] seq=16464 err=112
[ERR] seq=16465 err=88
[SEU] addr=2000318F bit=00000005
[ERR] seq=16466 err=11848
[ERR] seq=16467 err=1928
[ERR] seq=16468 err=2160
[ERR] seq=16469 err=632
[ERR] seq=16470 err=456
[ERR] seq=16471 err=120
[ERR] seq=16472 err=144
[ERR] seq=16473 err=72
[ERR] seq=16474 err=120
[ERR] seq=16475 err=112
[SEU] addr=200031D7 bit=00000005
[ERR] seq=16476 err=144
[ERR] seq=16477 err=168
[ERR] seq=16478 err=176
[ERR] seq=16479 err=192
[SEU] addr=200031B1 bit=00000001
[ERR] seq=16480 err=200
[ERR] seq=16481 err=240
[ERR] seq=16482 err=248
[ERR] seq=16483 err=264
[SEU] addr=20003188 bit=00000002
[ERR] seq=16484 err=280
[ERR] seq=16485 err=280
[ERR] seq=16486 err=328
[ERR] seq=16487 err=328
[SEU] addr=2000318C bit=00000002
[ERR] seq=16488 err=216
[ERR] seq=16489 err=384
[ERR] seq=16490 err=352
[ERR] seq=16491 err=424
[ERR] seq=16492 err=408
[SEU] addr=2000314E bit=00000002
[SAMPLE QUEUE CORRUPTED] primary repaired
[ERR] seq=16493 err=440
[ERR] seq=16494 err=440
[ERR] seq=16495 err=472
[ERR] seq=16496 err=472
[ERR] seq=16497 err=504
[ERR] seq=16498 err=504
[ERR] seq=16499 err=528
[ERR] seq=16500 err=544
[ERR] seq=16501 err=544
[ERR] seq=16502 err=560
[SEU] addr=20003160 bit=00000000
[CMD QUEUE CORRUPTED] primary repaired
[ERR] seq=16503 err=584
[ERR] seq=16504 err=608
[ERR] seq=16505 err=608
[ERR] seq=16506 err=640
[SEU] addr=2000315E bit=00000005
[CMD QUEUE CORRUPTED] primary repaired
[ERR] seq=16507 err=648
[ERR] seq=16508 err=656
[ERR] seq=16509 err=680
[ERR] seq=16510 err=696
[ERR] seq=16511 err=696
[ERR] seq=16512 err=712
[ERR] seq=16513 err=712
[ERR] seq=16514 err=728
[SEU] addr=20003177 bit=00000000
[ERR] seq=16515 err=728
[ERR] seq=16516 err=752
[ERR] seq=16517 err=752
[ERR] seq=16518 err=768
[ERR] seq=16519 err=792
[ERR] seq=16520 err=808
[ERR] seq=16521 err=824
[SEU] addr=20003172 bit=00000001
[ERR] seq=16522 err=816
[ERR] seq=16523 err=848
[ERR] seq=16524 err=832
[ERR] seq=16525 err=872
[SEU] addr=200031C4 bit=00000001
[ERR] seq=16526 err=872
[ERR] seq=16527 err=880
[ERR] seq=16528 err=880
[SEU] addr=200031AA bit=00000003
[ERR] seq=16529 err=896
[ERR] seq=16530 err=912
[ERR] seq=16531 err=904
[ERR] seq=16532 err=928
[ERR] seq=16533 err=912
[ERR] seq=16534 err=944
[ERR] seq=16535 err=920
[ERR] seq=16536 err=960
[SEU] addr=20003159 bit=00000005
[ERR] seq=16537 err=944
[ERR] seq=16538 err=952
[ERR] seq=16539 err=960
[ERR] seq=16540 err=968
[ERR] seq=16541 err=976
[ERR] seq=16542 err=984
[SEU] addr=20003177 bit=00000006
[ERR] seq=16543 err=1000
[ERR] seq=16544 err=984
[ERR] seq=16545 err=992
[SEU] addr=200031A4 bit=00000007
[ERR] seq=16546 err=1016
[ERR] seq=16547 err=992
[ERR] seq=16548 err=1016
[ERR] seq=16549 err=1008
[SEU] addr=20003157 bit=00000002
[SAMPLE QUEUE backup CORRUPTED] backup repaired
[ERR] seq=16550 err=1024
[SEU] addr=20003180 bit=00000006
[ERR] seq=16551 err=1000
[SEU] addr=2000318F bit=00000003
[ERR] seq=16552 err=4960
[ERR] seq=16553 err=392
[ERR] seq=16554 err=1736
[ERR] seq=16555 err=784
[ERR] seq=16556 err=1160
[ERR] seq=16557 err=936
[ERR] seq=16558 err=1040
[ERR] seq=16559 err=992
[SEU] addr=2000319D bit=00000006
[ERR] seq=16560 err=1008
[SEU] addr=200031D9 bit=00000001
[ERR] seq=16561 err=992
[ERR] seq=16562 err=1016
[ERR] seq=16563 err=1024
[ERR] seq=16564 err=1032
[SEU] addr=20003191 bit=00000007
[ERR] seq=16565 err=263152
[ERR] seq=16566 err=41848
[ERR] seq=16567 err=49656
[ERR] seq=16568 err=14384
[SEU] addr=2000319F bit=00000000
[ERR] seq=16569 err=11088
[ERR] seq=16570 err=3832
[ERR] seq=16571 err=3224
[ERR] seq=16572 err=888
[ERR] seq=16573 err=1504
[ERR] seq=16574 err=760
[ERR] seq=16575 err=1088
[ERR] seq=16576 err=920
[ERR] seq=16577 err=992
[SEU] addr=200031B8 bit=00000004
[ERR] seq=16578 err=928
[ERR] seq=16579 err=960
[ERR] seq=16580 err=952
[ERR] seq=16581 err=936
[ERR] seq=16582 err=928
[ERR] seq=16583 err=928
[ERR] seq=16584 err=928
[ERR] seq=16585 err=904
[ERR] seq=16586 err=928
[SEU] addr=200031D5 bit=00000000
[ERR] seq=16587 err=880
[ERR] seq=16588 err=896
[SEU] addr=20003157 bit=00000001
[SAMPLE QUEUE backup CORRUPTED] backup repaired
[ERR] seq=16589 err=880
[ERR] seq=16590 err=880
[ERR] seq=16591 err=864
[ERR] seq=16592 err=848
[ERR] seq=16593 err=840
[ERR] seq=16594 err=824
[ERR] seq=16595 err=832
[SEU] addr=200031D7 bit=00000007
[ERR] seq=16596 err=800
[ERR] seq=16597 err=808
[ERR] seq=16598 err=760
[ERR] seq=16599 err=768
[ERR] seq=16600 err=744
[ERR] seq=16601 err=744
[ERR] seq=16602 err=728
[SEU] addr=200031C9 bit=00000003
[ERR] seq=16603 err=712
[ERR] seq=16604 err=728
[ERR] seq=16605 err=680
[SEU] addr=200031AB bit=00000003
[ERR] seq=16606 err=712
[ERR] seq=16607 err=672
[ERR] seq=16608 err=672
[ERR] seq=16609 err=648
[ERR] seq=16610 err=640
[SEU] addr=2000314F bit=00000005
[SAMPLE QUEUE CORRUPTED] primary repaired
[ERR] seq=16611 err=624
[ERR] seq=16612 err=608
[ERR] seq=16613 err=584
[ERR] seq=16614 err=568
[ERR] seq=16615 err=552
[ERR] seq=16616 err=552
[ERR] seq=16617 err=536
[SEU] addr=2000315F bit=00000004
[CMD QUEUE CORRUPTED] primary repaired
[ERR] seq=16618 err=504
[ERR] seq=16619 err=512
[ERR] seq=16620 err=480
[ERR] seq=16621 err=472
[ERR] seq=16622 err=440
[ERR] seq=16623 err=448
[SEU] addr=20003191 bit=00000003
[ERR] seq=16624 err=16344
[ERR] seq=16625 err=3024
[ERR] seq=16626 err=3000
[ERR] seq=16627 err=1264
[ERR] seq=16628 err=592
[ERR] seq=16629 err=576
[SEU] addr=20003160 bit=00000003
[CMD QUEUE CORRUPTED] primary repaired
[ERR] seq=16630 err=192
[ERR] seq=16631 err=360
[ERR] seq=16632 err=248
[ERR] seq=16633 err=280
[ERR] seq=16634 err=256
[ERR] seq=16635 err=232
[ERR] seq=16636 err=224
[SEU] addr=200031D6 bit=00000000
[ERR] seq=16637 err=192
[ERR] seq=16638 err=176
[SEU] addr=200031AC bit=00000004
[ERR] seq=16639 err=184
[ERR] seq=16640 err=136
[ERR] seq=16641 err=128
[SEU] addr=200031DF bit=00000006
[ERR] seq=1073758466 err=8736
[ERR] seq=1073758467 err=7232
[ERR] seq=1073758468 err=8768
[ERR] seq=1073758469 err=8176
[ERR] seq=1073758470 err=8376
[ERR] seq=1073758471 err=8160
[ERR] seq=1073758472 err=8104
[ERR] seq=1073758473 err=7944
[ERR] seq=1073758474 err=7864
[SEU] addr=200031B1 bit=00000000
[ERR] seq=1073758475 err=7720
[ERR] seq=1073758476 err=7584
[ERR] seq=1073758477 err=7448
[ERR] seq=1073758478 err=7336
[ERR] seq=1073758479 err=7200
[ERR] seq=1073758480 err=7064
[ERR] seq=1073758481 err=6920
[ERR] seq=1073758482 err=6776
[SEU] addr=2000317B bit=00000002
[ERR] seq=1073758483 err=6648
[ERR] seq=1073758484 err=6464
[ERR] seq=1073758485 err=6336
[ERR] seq=1073758486 err=6176
[ERR] seq=1073758487 err=6024
[ERR] seq=1073758488 err=5864
[ERR] seq=1073758489 err=5704
[ERR] seq=1073758490 err=5552
[SEU] addr=20003198 bit=00000001
[ERR] seq=1073758491 err=5376
[ERR] seq=1073758492 err=5224
[ERR] seq=1073758493 err=5064
[ERR] seq=1073758494 err=4888
[ERR] seq=1073758495 err=4736
[ERR] seq=1073758496 err=4552
[ERR] seq=1073758497 err=4392
[ERR] seq=1073758498 err=4208
[ERR] seq=1073758499 err=4056
[SEU] addr=2000316D bit=00000004
[ERR] seq=1073758500 err=3864
[ERR] seq=1073758501 err=3696
[ERR] seq=1073758502 err=3520
[ERR] seq=1073758503 err=3344
[ERR] seq=1073758504 err=3160
[ERR] seq=1073758505 err=2984
[SEU] addr=2000316C bit=00000000
[ERR] seq=1073758506 err=2816
[ERR] seq=1073758507 err=2616
[ERR] seq=1073758508 err=2440
[ERR] seq=1073758509 err=2264
[SEU] addr=2000317E bit=00000007
[ERR] seq=1073758510 err=2064
[ERR] seq=1073758511 err=1896
[ERR] seq=1073758512 err=1712
[ERR] seq=1073758513 err=1520
[SEU] addr=20003199 bit=00000003
[ERR] seq=1073758514 err=17712
[ERR] seq=1073758515 err=3352
[ERR] seq=1073758516 err=3984
[ERR] seq=1073758517 err=1392
[SEU] addr=200031D0 bit=00000005
[ERR] seq=1073758518 err=1208
[ERR] seq=1073758519 err=488
[ERR] seq=1073758520 err=344
[ERR] seq=1073758521 err=72
[ERR] seq=1073758522 err=136
[ERR] seq=1073758523 err=352
[ERR] seq=1073758524 err=520
[ERR] seq=1073758525 err=720
[SEU] addr=200031D4 bit=00000002
[ERR] seq=1073758526 err=888
[ERR] seq=1073758527 err=1080
[ERR] seq=1073758528 err=1272
[ERR] seq=1073758529 err=1456
[ERR] seq=1073758530 err=1648
[ERR] seq=1073758531 err=1840
[SEU] addr=200031D5 bit=00000004
[ERR] seq=1073758532 err=2008
[ERR] seq=1073758533 err=2200
[ERR] seq=1073758534 err=2376
[ERR] seq=1073758535 err=2568
[SEU] addr=2000319B bit=00000006
[ERR] seq=1073758536 err=2752
[ERR] seq=1073758537 err=2928
[ERR] seq=1073758538 err=3104
[SEU] addr=20003194 bit=00000001
[ERR] seq=1073758539 err=3296
[SEU] addr=2000316F bit=00000001
[ERR] seq=1073758540 err=3472
[ERR] seq=1073758541 err=3640
[ERR] seq=1073758542 err=3800
[ERR] seq=1073758543 err=4008
[SEU] addr=200031C0 bit=00000004
[ERR] seq=1073758544 err=4160
[ERR] seq=1073758545 err=4328
[ERR] seq=1073758546 err=4504
[ERR] seq=1073758547 err=4672
[ERR] seq=1073758548 err=4840
[SEU] addr=200031BE bit=00000006
[ERR] seq=1073758549 err=5016
[ERR] seq=1073758550 err=5160
[ERR] seq=1073758551 err=5344
[ERR] seq=1073758552 err=5488
[ERR] seq=1073758553 err=5680
[ERR] seq=1073758554 err=5800
[ERR] seq=1073758555 err=5968
[ERR] seq=1073758556 err=6136
[ERR] seq=1073758557 err=6280
[ERR] seq=1073758558 err=6432
[SEU] addr=200031A6 bit=00000002
[ERR] seq=1073758559 err=6584
[ERR] seq=1073758560 err=6736
[ERR] seq=1073758561 err=6872
[ERR] seq=1073758562 err=7024
[ERR] seq=1073758563 err=7160
[ERR] seq=1073758564 err=7280
[ERR] seq=1073758565 err=7416
[ERR] seq=1073758566 err=7552
[ERR] seq=1073758567 err=7672
[SEU] addr=200031DA bit=00000003
[ERR] seq=1073758568 err=7824
[ERR] seq=1073758569 err=7904
[ERR] seq=1073758570 err=8056
[ERR] seq=1073758571 err=8168
[ERR] seq=1073758572 err=8272
[ERR] seq=1073758573 err=8400
[ERR] seq=1073758574 err=8512
[SEU] addr=20003150 bit=00000005
[SAMPLE QUEUE CORRUPTED] primary repaired
[ERR] seq=1073758575 err=8600
[ERR] seq=1073758576 err=8720
[SEU] addr=200031DD bit=00000002
[ERR] seq=1073759601 err=7616
[ERR] seq=1073759602 err=8016
[ERR] seq=1073759603 err=7960
[ERR] seq=1073759604 err=8248
[ERR] seq=1073759605 err=8368
[SEU] addr=2000318D bit=00000001
[ERR] seq=1073759606 err=3128
[ERR] seq=1073759607 err=10608
[ERR] seq=1073759608 err=6784
[ERR] seq=1073759609 err=9744
[ERR] seq=1073759610 err=8848
[ERR] seq=1073759611 err=9632
[ERR] seq=1073759612 err=9544
[ERR] seq=1073759613 err=9840
[SEU] addr=2000314F bit=00000004
[SAMPLE QUEUE CORRUPTED] primary repaired
[ERR] seq=1073759614 err=9952
[ERR] seq=1073759615 err=10136
[ERR] seq=1073759616 err=10296
[ERR] seq=1073759617 err=10440
[ERR] seq=1073759618 err=10608
[ERR] seq=1073759619 err=10744
[ERR] seq=1073759620 err=10896
[ERR] seq=1073759621 err=11040
[ERR] seq=1073759622 err=11160
[SEU] addr=20003186 bit=00000001
[ERR] seq=1073759623 err=11328
[SEU] addr=20003199 bit=00000002
[ERR] seq=1073759624 err=15480
[ERR] seq=1073759625 err=12888
[SEU] addr=20003180 bit=00000005
[ERR] seq=1073759626 err=10184
[ERR] seq=1073759627 err=12280
[ERR] seq=1073759628 err=11624
[ERR] seq=1073759629 err=12184
[SEU] addr=2000318D bit=00000004
[ERR] seq=1073759630 err=2488
[ERR] seq=1073759631 err=14624
[ERR] seq=1073759632 err=9672
[ERR] seq=1073759633 err=13280
[ERR] seq=1073759634 err=12000
[ERR] seq=1073759635 err=12872
[SEU] addr=200031B0 bit=00000000
[ERR] seq=1073759636 err=12624
[ERR] seq=1073759637 err=12880
[ERR] seq=1073759638 err=12872
[ERR] seq=1073759639 err=12992
[ERR] seq=1073759640 err=13040
[ERR] seq=1073759641 err=13104
[SEU] addr=200031C0 bit=00000006
[ERR] seq=1073759642 err=13168
[ERR] seq=1073759643 err=13232
[ERR] seq=1073759644 err=13264
[ERR] seq=1073759645 err=13328
[ERR] seq=1073759646 err=13376
[SEU] addr=200031AB bit=00000004
[ERR] seq=1073759647 err=13408
[ERR] seq=1073759648 err=13432
[ERR] seq=1073759649 err=13480
[ERR] seq=1073759650 err=13496
[SEU] addr=20003183 bit=00000002
[ERR] seq=1073759651 err=13520
[ERR] seq=1073759652 err=13544
[ERR] seq=1073759653 err=13560
[ERR] seq=1073759654 err=13576
[ERR] seq=1073759655 err=13576
[SEU] addr=20003194 bit=00000003
[ERR] seq=1073759656 err=13512
[ERR] seq=1073759657 err=13592
[ERR] seq=1073759658 err=13568
[ERR] seq=1073759659 err=13576
[SEU] addr=20003191 bit=00000006
[ERR] seq=1073759660 err=129816
[ERR] seq=1073759661 err=34504
[ERR] seq=1073759662 err=23088
[ERR] seq=1073759663 err=20728
[ERR] seq=1073759664 err=8408
[ERR] seq=1073759665 err=15384
[ERR] seq=1073759666 err=12264
[ERR] seq=1073759667 err=13832
[ERR] seq=1073759668 err=13032
[ERR] seq=1073759669 err=13360
[SEU] addr=200031DD bit=00000003
[ERR] seq=1073761718 err=11504
[ERR] seq=1073761719 err=11984
[ERR] seq=1073761720 err=11712
[SEU] addr=2000317F bit=00000002
[ERR] seq=1073761721 err=11952
[ERR] seq=1073761722 err=11976
[ERR] seq=1073761723 err=12120
[ERR] seq=1073761724 err=12192
[ERR] seq=1073761725 err=12312
[SEU] addr=200031C7 bit=00000007
[ERR] seq=1073761726 err=12392
[ERR] seq=1073761727 err=12472
[ERR] seq=1073761728 err=12544
[ERR] seq=1073761729 err=12640
[ERR] seq=1073761730 err=12712
[ERR] seq=1073761731 err=12768
[ERR] seq=1073761732 err=12856
[ERR] seq=1073761733 err=12912
[ERR] seq=1073761734 err=12992
[SEU] addr=200031D6 bit=00000006
[ERR] seq=1073761735 err=13024
[ERR] seq=1073761736 err=13072
[ERR] seq=1073761737 err=13128
[ERR] seq=1073761738 err=13168
[ERR] seq=1073761739 err=13216
[ERR] seq=1073761740 err=13232
[ERR] seq=1073761741 err=13280
[ERR] seq=1073761742 err=13304
[ERR] seq=1073761743 err=13320
[ERR] seq=1073761744 err=13352
[SEU] addr=200031A7 bit=00000004
[ERR] seq=1073761745 err=13360
[ERR] seq=1073761746 err=13360
[ERR] seq=1073761747 err=13384
[SEU] addr=200031A1 bit=00000005
[ERR] seq=1073761748 err=13384
[ERR] seq=1073761749 err=13384
[ERR] seq=1073761750 err=13360
[ERR] seq=1073761751 err=13368
[ERR] seq=1073761752 err=13344
[ERR] seq=1073761753 err=13336
[SEU] addr=20003192 bit=00000005
[ERR] seq=1073761754 err=16790520
[ERR] seq=1073761755 err=2683136
[SEU] addr=20003162 bit=00000002
[ERR] seq=1073761756 err=3127104
[ERR] seq=1073761757 err=926488
[ERR] seq=1073761758 err=659816
[ERR] seq=1073761759 err=250688
[SEU] addr=200031DB bit=00000007
[ERR] seq=1073761760 err=156848
[ERR] seq=1073761761 err=62096
[ERR] seq=1073761762 err=46120
[ERR] seq=1073761763 err=14240
[ERR] seq=1073761764 err=20640
[ERR] seq=1073761765 err=9096
[ERR] seq=1073761766 err=14560
[ERR] seq=1073761767 err=11768
[ERR] seq=1073761768 err=13024
[SEU] addr=200031AD bit=00000002
[ERR] seq=1073761769 err=12272
[ERR] seq=1073761770 err=12520
[ERR] seq=1073761771 err=12296
[ERR] seq=1073761772 err=12256
[ERR] seq=1073761773 err=12120
[ERR] seq=1073761774 err=12032
[ERR] seq=1073761775 err=11928
[ERR] seq=1073761776 err=11800
[ERR] seq=1073761777 err=11712
[SEU] addr=20003151 bit=00000003
[ERR] seq=1073761778 err=11584
[ERR] seq=1073761779 err=11448
[ERR] seq=1073761780 err=11328
[ERR] seq=1073761781 err=11200
[ERR] seq=1073761782 err=11064
[ERR] seq=1073761783 err=10920
[SEU] addr=20003169 bit=00000004
[ERR] seq=1073761784 err=10792
[ERR] seq=1073761785 err=10648
[ERR] seq=1073761786 err=10488
[ERR] seq=1073761787 err=10352
[ERR] seq=1073761788 err=10192
[ERR] seq=1073761789 err=10040
[ERR] seq=1073761790 err=9888
[ERR] seq=1073761791 err=9720
[ERR] seq=1073761792 err=9544
[SEU] addr=200031A7 bit=00000001
[ERR] seq=1073761793 err=9384
[ERR] seq=1073761794 err=9224
[ERR] seq=1073761795 err=9056
[SEU] addr=200031D2 bit=00000004
[ERR] seq=1073761796 err=8864
[ERR] seq=1073761797 err=8680
[ERR] seq=1073761798 err=8520
[ERR] seq=1073761799 err=8312
[ERR] seq=1073761800 err=8144
[ERR] seq=1073761801 err=7944
[ERR] seq=1073761802 err=7768
[SEU] addr=200031C2 bit=00000006
[ERR] seq=1073761803 err=7544
[ERR] seq=1073761804 err=7376
[ERR] seq=1073761805 err=7168
[ERR] seq=1073761806 err=6952
[ERR] seq=1073761807 err=6776
[ERR] seq=1073761808 err=6576
[ERR] seq=1073761809 err=6344
[ERR] seq=1073761810 err=6136
[SEU] addr=200031A9 bit=00000002
[ERR] seq=1073761811 err=5928
[ERR] seq=1073761812 err=5712
[ERR] seq=1073761813 err=5488
[ERR] seq=1073761814 err=5296
[ERR] seq=1073761815 err=5088
[ERR] seq=1073761816 err=4872
[ERR] seq=1073761817 err=4648
[ERR] seq=1073761818 err=4432
[ERR] seq=1073761819 err=4208
[SEU] addr=200031C0 bit=00000006
[ERR] seq=1073761820 err=3984
[ERR] seq=1073761821 err=3752
[SEU] addr=200031D0 bit=00000007
[ERR] seq=1073761822 err=3544
[ERR] seq=1073761823 err=3296
[ERR] seq=1073761824 err=3072
[ERR] seq=1073761825 err=2856
[ERR] seq=1073761826 err=2600
[ERR] seq=1073761827 err=2384
[SEU] addr=2000318D bit=00000000
[ERR] seq=1073761828 err=2024
[ERR] seq=1073761829 err=1960
[ERR] seq=1073761830 err=1624
[SEU] addr=20003184 bit=00000003
[ERR] seq=1073761831 err=1464
[ERR] seq=1073761832 err=1192
[ERR] seq=1073761833 err=976
[ERR] seq=1073761834 err=744
[ERR] seq=1073761835 err=504
[ERR] seq=1073761836 err=280
[ERR] seq=1073761837 err=32
[ERR] seq=1073761838 err=200
[ERR] seq=1073761839 err=448
[SEU] addr=20003193 bit=00000004
[ERR] seq=1073761840 err=2147483584
[ERR] seq=1073761841 err=343598272
[ERR] seq=1073761842 err=398572856
[ERR] seq=1073761843 err=118748608
[ERR] seq=1073761844 err=82771080
[ERR] seq=1073761845 err=32244776
[ERR] seq=1073761846 err=18402056
[SEU] addr=20003197 bit=00000003
[ERR] seq=1073761847 err=1081847352
[ERR] seq=1073761848 err=176037960
[ERR] seq=1073761849 err=201264304
[ERR] seq=1073761850 err=60366248
[ERR] seq=1073761851 err=41863976
[ERR] seq=1073761852 err=16354392
[SEU] addr=20003159 bit=00000000
[ERR] seq=1073761853 err=9318424
[ERR] seq=1073761854 err=4104912
[ERR] seq=1073761855 err=2151672
[ERR] seq=1073761856 err=998008
[ERR] seq=1073761857 err=508304
[ERR] seq=1073761858 err=237648
[ERR] seq=1073761859 err=124112
[SEU] addr=20003156 bit=00000004
[SAMPLE QUEUE backup CORRUPTED] backup repaired
[ERR] seq=1073761860 err=58440
[ERR] seq=1073761861 err=33680
[ERR] seq=1073761862 err=15936
[ERR] seq=1073761863 err=12568
[ERR] seq=1073761864 err=5952
[ERR] seq=1073761865 err=7872
[ERR] seq=1073761866 err=5736
[ERR] seq=1073761867 err=7072
[ERR] seq=1073761868 err=6712
[SEU] addr=2000319D bit=00000002
[ERR] seq=1073761869 err=7192
[ERR] seq=1073761870 err=7272
[ERR] seq=1073761871 err=7504
[SEU] addr=2000319B bit=00000000
[ERR] seq=1073761872 err=134222640
[ERR] seq=1073761873 err=21482712
[ERR] seq=1073761874 err=24915952
[ERR] seq=1073761875 err=7429952
[ERR] seq=1073761876 err=5178560
[ERR] seq=1073761877 err=2023800
[ERR] seq=1073761878 err=1155728
[ERR] seq=1073761879 err=515440
[ERR] seq=1073761880 err=270872
[ERR] seq=1073761881 err=132768
[SEU] addr=20003155 bit=00000003
[SAMPLE QUEUE backup CORRUPTED] backup repaired
[ERR] seq=1073761882 err=68192
[ERR] seq=1073761883 err=39360
[ERR] seq=1073761884 err=20952
[ERR] seq=1073761885 err=17080
[ERR] seq=1073761886 err=9936
[ERR] seq=1073761887 err=11992
[ERR] seq=1073761888 err=9624
[ERR] seq=1073761889 err=11016
[ERR] seq=1073761890 err=10544
[SEU] addr=200031BD bit=00000006
[ERR] seq=1073761891 err=10960
[ERR] seq=1073761892 err=10984
[ERR] seq=1073761893 err=11168
[ERR] seq=1073761894 err=11288
[ERR] seq=1073761895 err=11416
[SEU] addr=2000314F bit=00000004
[SAMPLE QUEUE CORRUPTED] primary repaired
[ERR] seq=1073761896 err=11544
[ERR] seq=1073761897 err=11664
[ERR] seq=1073761898 err=11768
[ERR] seq=1073761899 err=11888
[ERR] seq=1073761900 err=12000
[ERR] seq=1073761901 err=12096
[ERR] seq=1073761902 err=12208
[ERR] seq=1073761903 err=12304
[ERR] seq=1073761904 err=12392
[SEU] addr=200031C9 bit=00000006
[ERR] seq=1073761905 err=12472
[ERR] seq=1073761906 err=12544
[ERR] seq=1073761907 err=12640
[ERR] seq=1073761908 err=12712
[ERR] seq=1073761909 err=12768
[ERR] seq=1073761910 err=12856
[ERR] seq=1073761911 err=12912
[SEU] addr=2000315A bit=00000001
[ERR] seq=1073761912 err=12992
[ERR] seq=1073761913 err=13024
[ERR] seq=1073761914 err=13072
[ERR] seq=1073761915 err=13128
[ERR] seq=1073761916 err=13168
[ERR] seq=1073761917 err=13216
[ERR] seq=1073761918 err=13232
[ERR] seq=1073761919 err=13280
[ERR] seq=1073761920 err=13304
[ERR] seq=1073761921 err=13320
[SEU] addr=20003176 bit=00000003
[ERR] seq=1073761922 err=13352
[ERR] seq=1073761923 err=13360
[ERR] seq=1073761924 err=13360
[ERR] seq=1073761925 err=13384
[SEU] addr=200031DC bit=00000007
[ERR] seq=1073761798 err=1568
[ERR] seq=1073761799 err=816
[ERR] seq=1073761800 err=1920
[ERR] seq=1073761801 err=1128
[ERR] seq=1073761802 err=1680
[ERR] seq=1073761803 err=1432
[ERR] seq=1073761804 err=1560
[SEU] addr=200031C2 bit=00000004
[ERR] seq=1073761805 err=1496
[ERR] seq=1073761806 err=1496
[ERR] seq=1073761807 err=1504
[ERR] seq=1073761808 err=1496
[ERR] seq=1073761809 err=1488
[ERR] seq=1073761810 err=1480
[ERR] seq=1073761811 err=1464
[ERR] seq=1073761812 err=1464
[SEU] addr=200031DA bit=00000007
[ERR] seq=1073761813 err=1440
[ERR] seq=1073761814 err=1448
[SEU] addr=200031BA bit=00000001
[ERR] seq=1073761815 err=1432
[ERR] seq=1073761816 err=1448
[ERR] seq=1073761817 err=1432
[ERR] seq=1073761818 err=1440
[ERR] seq=1073761819 err=1424
[ERR] seq=1073761820 err=1424
[SEU] addr=20003151 bit=00000003
[ERR] seq=1073761821 err=1392
[ERR] seq=1073761822 err=1416
[ERR] seq=1073761823 err=1392
[ERR] seq=1073761824 err=1400
[SEU] addr=200031C5 bit=00000005
[ERR] seq=1073761825 err=1392
[ERR] seq=1073761826 err=1368
[ERR] seq=1073761827 err=1384
[SEU] addr=200031D9 bit=00000003
[ERR] seq=1073761828 err=1344
[ERR] seq=1073761829 err=1368
[ERR] seq=1073761830 err=1360
[ERR] seq=1073761831 err=1360
[ERR] seq=1073761832 err=1336
[SEU] addr=200031DA bit=00000003
[ERR] seq=1073761833 err=1360
[ERR] seq=1073761834 err=1328
[SEU] addr=2000315C bit=00000000
[CMD QUEUE CORRUPTED] primary repaired
[ERR] seq=1073761835 err=1344
[ERR] seq=1073761836 err=1328
[ERR] seq=1073761837 err=1328
[ERR] seq=1073761838 err=1320
[ERR] seq=1073761839 err=1320
[ERR] seq=1073761840 err=1328
[ERR] seq=1073761841 err=1320
[ERR] seq=1073761842 err=1312
[SEU] addr=20003185 bit=00000002
[ERR] seq=1073761843 err=1312
[ERR] seq=1073761844 err=1312
[ERR] seq=1073761845 err=1296
[ERR] seq=1073761846 err=1304
[ERR] seq=1073761847 err=1296
[ERR] seq=1073761848 err=1288
[ERR] seq=1073761849 err=1288
[ERR] seq=1073761850 err=1296
[SEU] addr=20003174 bit=00000006
[ERR] seq=1073761851 err=1296
[ERR] seq=1073761852 err=1280
[ERR] seq=1073761853 err=1304
[ERR] seq=1073761854 err=1272
[ERR] seq=1073761855 err=1280
[ERR] seq=1073761856 err=1280
[ERR] seq=1073761857 err=1288
[ERR] seq=1073761858 err=1264
[SEU] addr=20003184 bit=00000006
[ERR] seq=1073761859 err=1288
[ERR] seq=1073761860 err=1280
[ERR] seq=1073761861 err=1312
[ERR] seq=1073761862 err=1304
[ERR] seq=1073761863 err=1312
[ERR] seq=1073761864 err=1280
[SEU] addr=200031D0 bit=00000006
[ERR] seq=1073761865 err=1288
[ERR] seq=1073761866 err=1264
[ERR] seq=1073761867 err=1288
[ERR] seq=1073761868 err=1280
[ERR] seq=1073761869 err=1280
[ERR] seq=1073761870 err=1272
[ERR] seq=1073761871 err=1304
[ERR] seq=1073761872 err=1272
[ERR] seq=1073761873 err=1304
[SEU] addr=20003192 bit=00000000
[ERR] seq=1073761874 err=525576
[ERR] seq=1073761875 err=83664
[ERR] seq=1073761876 err=98584
[ERR] seq=1073761877 err=28768
[ERR] seq=1073761878 err=21496
[ERR] seq=1073761879 err=7656
[ERR] seq=1073761880 err=5800
[ERR] seq=1073761881 err=1760
[SEU] addr=200031A8 bit=00000002
[ERR] seq=1073761882 err=2336
[ERR] seq=1073761883 err=848
[ERR] seq=1073761884 err=1568
[ERR] seq=1073761885 err=1200
[ERR] seq=1073761886 err=1384
[ERR] seq=1073761887 err=1296
[ERR] seq=1073761888 err=1344
[ERR] seq=1073761889 err=1328
[ERR] seq=1073761890 err=1336
[SEU] addr=200031C5 bit=00000002
[ERR] seq=1073761891 err=1352
[ERR] seq=1073761892 err=1344
[ERR] seq=1073761893 err=1352
[ERR] seq=1073761894 err=1368
[ERR] seq=1073761895 err=1344
[SEU] addr=20003166 bit=00000002
[CMD QUEUE backup CORRUPTED] backup repaired
[ERR] seq=1073761896 err=1368
[ERR] seq=1073761897 err=1360
[ERR] seq=1073761898 err=1376
[ERR] seq=1073761899 err=1384
[ERR] seq=1073761900 err=1400
[ERR] seq=1073761901 err=1384
[SEU] addr=20003158 bit=00000005
[SAMPLE QUEUE backup CORRUPTED] backup repaired
[ERR] seq=1073761902 err=1416
[ERR] seq=1073761903 err=1392
[ERR] seq=1073761904 err=1416
[ERR] seq=1073761905 err=1432
[ERR] seq=1073761906 err=1432
[SEU] addr=200031CE bit=00000005
[ERR] seq=1073761907 err=1440
[ERR] seq=1073761908 err=1440
[ERR] seq=1073761909 err=1440
[ERR] seq=1073761910 err=1440
[ERR] seq=1073761911 err=1448
[SEU] addr=2000318C bit=00000007
[ERR] seq=1073761912 err=5456
[ERR] seq=1073761913 err=824
[ERR] seq=1073761914 err=2208
[SEU] addr=2000315F bit=00000000
[CMD QUEUE CORRUPTED] primary repaired
[ERR] seq=1073761915 err=1280
[ERR] seq=1073761916 err=1640
[ERR] seq=1073761917 err=1448
[ERR] seq=1073761918 err=1520
[ERR] seq=1073761919 err=1504
[ERR] seq=1073761920 err=1824
[ERR] seq=1073761921 err=1496
[ERR] seq=1073761922 err=1872
[ERR] seq=1073761923 err=1752
[ERR] seq=1073761924 err=1840
[SEU] addr=2000319E bit=00000007
[ERR] seq=1073761925 err=1792
[ERR] seq=1073761926 err=1824
[ERR] seq=1073761927 err=1800
[ERR] seq=1073761928 err=1816
[ERR] seq=1073761929 err=1808
[ERR] seq=1073761930 err=1816
[ERR] seq=1073761931 err=1808
[ERR] seq=1073761932 err=1808
[ERR] seq=1073761933 err=1800
[SEU] addr=200031B5 bit=00000003
[ERR] seq=1073761934 err=1800
[ERR] seq=1073761935 err=1800
[ERR] seq=1073761936 err=1808
[ERR] seq=1073761937 err=1808
[ERR] seq=1073761938 err=1816
[ERR] seq=1073761939 err=1800
[ERR] seq=1073761940 err=1800
[ERR] seq=1073761941 err=1800
[SEU] addr=20003181 bit=00000002
[ERR] seq=1073761942 err=1800
[SEU] addr=2000317F bit=00000000
[ERR] seq=1073761943 err=1792
[ERR] seq=1073761944 err=1808
[ERR] seq=1073761945 err=1792
[ERR] seq=1073761946 err=1800
[SEU] addr=200031D4 bit=00000002
[ERR] seq=1073761947 err=1800
[ERR] seq=1073761948 err=1792
[ERR] seq=1073761949 err=1800
[ERR] seq=1073761950 err=1784
[ERR] seq=1073761951 err=1808
[ERR] seq=1073761952 err=1776
[ERR] seq=1073761953 err=1792
[SEU] addr=2000319E bit=00000003
[ERR] seq=1073761954 err=1784
[ERR] seq=1073761955 err=1784
[ERR] seq=1073761956 err=1784
[ERR] seq=1073761957 err=1800
[ERR] seq=1073761958 err=1768
[ERR] seq=1073761959 err=1800
[ERR] seq=1073761960 err=1784
[ERR] seq=1073761961 err=1784
[ERR] seq=1073761962 err=1792
[SEU] addr=2000319B bit=00000000
[ERR] seq=1073761963 err=134219504
[ERR] seq=1073761964 err=21476056
[ERR] seq=1073761965 err=24912584
[SEU] addr=200031B2 bit=00000001
[ERR] seq=1073761966 err=7422912
[ERR] seq=1073761967 err=5174976
[ERR] seq=1073761968 err=2016384
[ERR] seq=1073761969 err=1151912
[ERR] seq=1073761970 err=507640
[ERR] seq=1073761971 err=266816
[SEU] addr=20003151 bit=00000005
[ERR] seq=1073761972 err=124632
[ERR] seq=1073761973 err=63912
[SEU] addr=20003183 bit=00000003
[ERR] seq=1073761974 err=30864
[ERR] seq=1073761975 err=16456
[ERR] seq=1073761976 err=8264
[ERR] seq=1073761977 err=5256
[ERR] seq=1073761978 err=2848
[ERR] seq=1073761979 err=2592
[ERR] seq=1073761980 err=1552
[ERR] seq=1073761981 err=1952
[ERR] seq=1073761982 err=1680
[ERR] seq=1073761983 err=1808
[SEU] addr=200031BB bit=00000002
[ERR] seq=1073761984 err=1752
[ERR] seq=1073761985 err=1768
[ERR] seq=1073761986 err=1760
[ERR] seq=1073761987 err=1760
[ERR] seq=1073761988 err=1768
[ERR] seq=1073761989 err=1760
[ERR] seq=1073761990 err=1784
[ERR] seq=1073761991 err=1760
[SEU] addr=200031DB bit=00000007
[ERR] seq=1073761992 err=1760
[ERR] seq=1073761993 err=1760
[SEU] addr=20003154 bit=00000002
[SAMPLE QUEUE backup CORRUPTED] backup repaired
[ERR] seq=1073761994 err=1760
[ERR] seq=1073761995 err=1760
[ERR] seq=1073761996 err=1752
[ERR] seq=1073761997 err=1752
[ERR] seq=1073761998 err=1752
[ERR] seq=1073761999 err=1752
[ERR] seq=1073762000 err=1760
[SEU] addr=2000317F bit=00000004
[ERR] seq=1073762001 err=1760
[ERR] seq=1073762002 err=1752
[ERR] seq=1073762003 err=1760
[ERR] seq=1073762004 err=1752
[ERR] seq=1073762005 err=1760
[ERR] seq=1073762006 err=1752
[ERR] seq=1073762007 err=1760
[ERR] seq=1073762008 err=1752
[ERR] seq=1073762009 err=1752
[ERR] seq=1073762010 err=1744
[SEU] addr=200031B4 bit=00000004
[ERR] seq=1073762011 err=1752
[ERR] seq=1073762012 err=1752
[ERR] seq=1073762013 err=1752
[ERR] seq=1073762014 err=1760
[ERR] seq=1073762015 err=1744
[ERR] seq=1073762016 err=1752
[SEU] addr=200031DC bit=00000000
[ERR] seq=1073762016 err=1752
[ERR] seq=1073762017 err=1752
[ERR] seq=1073762018 err=1752
[ERR] seq=1073762019 err=1768
[SEU] addr=2000317B bit=00000005
[ERR] seq=1073762020 err=1744
[ERR] seq=1073762021 err=1760
[ERR] seq=1073762022 err=1744
[ERR] seq=1073762023 err=1768
[ERR] seq=1073762024 err=1752
[SEU] addr=200031B4 bit=00000000
[ERR] seq=1073762025 err=1760
[ERR] seq=1073762026 err=1752
[ERR] seq=1073762027 err=1768
[ERR] seq=1073762028 err=1752
[ERR] seq=1073762029 err=1752
[ERR] seq=1073762030 err=1744
[ERR] seq=1073762031 err=1768
[ERR] seq=1073762032 err=1752
[ERR] seq=1073762033 err=1760
[SEU] addr=200031C1 bit=00000007
[ERR] seq=1073762034 err=1752
[ERR] seq=1073762035 err=1768
[ERR] seq=1073762036 err=1752
[ERR] seq=1073762037 err=1752
[ERR] seq=1073762038 err=1744
[ERR] seq=1073762039 err=1752
[ERR] seq=1073762040 err=1736
[ERR] seq=1073762041 err=1752
[SEU] addr=20003190 bit=00000004
[ERR] seq=1073762042 err=1616
[ERR] seq=1073762043 err=1792
[ERR] seq=1073762044 err=1728
[ERR] seq=1073762045 err=1768
[ERR] seq=1073762046 err=1744
[SEU] addr=2000314D bit=00000007
[SAMPLE QUEUE CORRUPTED] primary repaired
[ERR] seq=1073762047 err=1768
[ERR] seq=1073762048 err=2184
[ERR] seq=1073762049 err=1864
[ERR] seq=1073762050 err=2224
[ERR] seq=1073762051 err=2128
[ERR] seq=1073762052 err=2200
[ERR] seq=1073762053 err=2160
[ERR] seq=1073762054 err=2192
[SEU] addr=2000319B bit=00000001
[ERR] seq=1073762055 err=268437640
[ERR] seq=1073762056 err=42951200
[ERR] seq=1073762057 err=49823784
[SEU] addr=2000315A bit=00000005
[ERR] seq=1073762058 err=14844912
[ERR] seq=1073762059 err=10348568
[ERR] seq=1073762060 err=4031872
[ERR] seq=1073762061 err=2302432
[SEU] addr=20003186 bit=00000000
[ERR] seq=1073762062 err=1014400
[ERR] seq=1073762063 err=532264
[SEU] addr=20003178 bit=00000007
[ERR] seq=1073762064 err=248384
[SEU] addr=200031CC bit=00000005
[ERR] seq=1073762065 err=126472
[ERR] seq=1073762066 err=60888
[ERR] seq=1073762067 err=31536
[ERR] seq=1073762068 err=15704
[ERR] seq=1073762069 err=9104
[ERR] seq=1073762070 err=4872
[ERR] seq=1073762071 err=3784
[ERR] seq=1073762072 err=2288
[ERR] seq=1073762073 err=2512
[SEU] addr=2000319B bit=00000001
[ERR] seq=1073762074 err=268437408
[SEU] addr=200031BD bit=00000005
[ERR] seq=1073762075 err=42951088
[ERR] seq=1073762076 err=49823688
[ERR] seq=1073762077 err=14844864
[ERR] seq=1073762078 err=10348488
[ERR] seq=1073762079 err=4031824
[SEU] addr=2000315F bit=00000005
[CMD QUEUE CORRUPTED] primary repaired
[ERR] seq=1073762080 err=2302360
[ERR] seq=1073762081 err=1014376
[ERR] seq=1073762082 err=532168
[ERR] seq=1073762083 err=248344
[ERR] seq=1073762084 err=126368
[ERR] seq=1073762085 err=60856
[ERR] seq=1073762086 err=31440
[ERR] seq=1073762087 err=15656
[SEU] addr=200031C9 bit=00000003
[ERR] seq=1073762088 err=9016
[ERR] seq=1073762089 err=4840
[ERR] seq=1073762090 err=3696
[ERR] seq=1073762091 err=2240
[ERR] seq=1073762092 err=2416
[SEU] addr=2000314F bit=00000007
[SAMPLE QUEUE CORRUPTED] primary repaired
[ERR] seq=1073762093 err=1848
[ERR] seq=1073762094 err=2112
[ERR] seq=1073762095 err=1992
[ERR] seq=1073762096 err=2040
[ERR] seq=1073762097 err=2000
[ERR] seq=1073762098 err=2024
[ERR] seq=1073762099 err=1984
[ERR] seq=1073762100 err=2008
[ERR] seq=1073762101 err=1976
[SEU] addr=20003187 bit=00000006
[ERR] seq=1073762102 err=1984
[ERR] seq=1073762103 err=1992
[ERR] seq=1073762104 err=1976
[ERR] seq=1073762105 err=1976
[ERR] seq=1073762106 err=1944
[ERR] seq=1073762107 err=1960
[ERR] seq=1073762108 err=1944
[SEU] addr=200031BA bit=00000001
[ERR] seq=1073762109 err=1952
[ERR] seq=1073762110 err=1920
[ERR] seq=1073762111 err=1952
[ERR] seq=1073762112 err=1896
[SEU] addr=20003153 bit=00000007
[ERR] seq=1073762113 err=1944
[ERR] seq=1073762114 err=1880
[ERR] seq=1073762115 err=1928
[SEU] addr=200031A2 bit=00000000
[ERR] seq=1073762116 err=1880
[ERR] seq=1073762117 err=1904
[ERR] seq=1073762118 err=1872
[SEU] addr=200031C7 bit=00000006
[ERR] seq=1073762119 err=1896
[ERR] seq=1073762120 err=1856
[SEU] addr=20003187 bit=00000000
[ERR] seq=1073762121 err=1872
[ERR] seq=1073762122 err=1840
[SEU] addr=20003193 bit=00000000
[ERR] seq=1073762123 err=134219592
[ERR] seq=1073762124 err=21474560
[SEU] addr=200031D9 bit=00000007
[ERR] seq=1073762125 err=24912640
[ERR] seq=1073762126 err=7421416
[ERR] seq=1073762127 err=5175016
[SEU] addr=2000317A bit=00000002
[ERR] seq=1073762128 err=2014904
[ERR] seq=1073762129 err=1151920
[ERR] seq=1073762130 err=506176
[ERR] seq=1073762131 err=266840
[ERR] seq=1073762132 err=123168
[ERR] seq=1073762133 err=63928
[ERR] seq=1073762134 err=29416
[ERR] seq=1073762135 err=16480
[ERR] seq=1073762136 err=6816
[SEU] addr=200031CB bit=00000000
[ERR] seq=1073762137 err=5232
[ERR] seq=1073762138 err=1416
[ERR] seq=1073762139 err=2560
[SEU] addr=20003177 bit=00000001
[ERR] seq=1073762140 err=1312
[ERR] seq=1073762141 err=1928
[ERR] seq=1073762142 err=1600
[SEU] addr=20003183 bit=00000006
[ERR] seq=1073762143 err=1776
[ERR] seq=1073762144 err=1648
[ERR] seq=1073762145 err=1720
[ERR] seq=1073762146 err=1672
[SEU] addr=20003151 bit=00000007
[ERR] seq=1073762147 err=1696
[ERR] seq=1073762148 err=1656
[ERR] seq=1073762149 err=1664
[SEU] addr=20003173 bit=00000007
[ERR] seq=1073762150 err=1656
[ERR] seq=1073762151 err=1672
[ERR] seq=1073762152 err=1632
[ERR] seq=1073762153 err=1640
[ERR] seq=1073762154 err=1624
[ERR] seq=1073762155 err=1640
[ERR] seq=1073762156 err=1624
[SEU] addr=20003159 bit=00000006
[ERR] seq=1073762157 err=1616
[ERR] seq=1073762158 err=1616
[ERR] seq=1073762159 err=1608
[ERR] seq=1073762160 err=1600
[ERR] seq=1073762161 err=1584
[ERR] seq=1073762162 err=1584
[ERR] seq=1073762163 err=1592
[ERR] seq=1073762164 err=1584
[ERR] seq=1073762165 err=1576
[SEU] addr=200031C6 bit=00000003
[ERR] seq=1073762166 err=1560
[SEU] addr=200031C0 bit=00000000
[ERR] seq=1073762167 err=1568
[ERR] seq=1073762168 err=1544
[ERR] seq=1073762169 err=1544
[ERR] seq=1073762170 err=1536
[ERR] seq=1073762171 err=1560
[ERR] seq=1073762172 err=1528
[ERR] seq=1073762173 err=1552
[ERR] seq=1073762174 err=1520
[ERR] seq=1073762175 err=4592
[SEU] addr=200031C4 bit=00000003
[ERR] seq=1073762176 err=3680
[ERR] seq=1073762177 err=4768
[SEU] addr=20003153 bit=00000001
[ERR] seq=1073762178 err=4480
[ERR] seq=1073762179 err=4664
[ERR] seq=1073762180 err=4600
[SEU] addr=20003198 bit=00000007
[ERR] seq=1073762181 err=5680
[ERR] seq=1073762182 err=4496
[ERR] seq=1073762183 err=4848
[ERR] seq=1073762184 err=4608
[ERR] seq=1073762185 err=4704
[ERR] seq=1073762186 err=4648
[SEU] addr=200031B3 bit=00000001
[ERR] seq=1073762187 err=4672
[ERR] seq=1073762188 err=4656
[ERR] seq=1073762189 err=4696
[ERR] seq=1073762190 err=4664
[ERR] seq=1073762191 err=4688
[ERR] seq=1073762192 err=4680
[SEU] addr=200031C1 bit=00000000
[ERR] seq=1073762193 err=4696
[ERR] seq=1073762194 err=4688
[ERR] seq=1073762195 err=4688
[SEU] addr=200031CA bit=00000006
[ERR] seq=1073762196 err=4688
[ERR] seq=1073762197 err=4696
[ERR] seq=1073762198 err=4696
[ERR] seq=1073762199 err=4704
[SEU] addr=200031BE bit=00000007
[ERR] seq=1073762200 err=4696
[ERR] seq=1073762201 err=4712
[ERR] seq=1073762202 err=4704
[ERR] seq=1073762203 err=4720
[ERR] seq=1073762204 err=4704
[ERR] seq=1073762205 err=4720
[ERR] seq=1073762206 err=4712
[SEU] addr=2000314D bit=00000004
[SAMPLE QUEUE CORRUPTED] primary repaired
[ERR] seq=1073762207 err=4704
[ERR] seq=1073762208 err=4728
[ERR] seq=1073762209 err=4712
[ERR] seq=1073762210 err=4728
[ERR] seq=1073762211 err=4712
[SEU] addr=200031B7 bit=00000001
[ERR] seq=1073762212 err=4728
[ERR] seq=1073762213 err=4720
[ERR] seq=1073762214 err=4728
[ERR] seq=1073762215 err=4720
[ERR] seq=1073762216 err=4720
[ERR] seq=1073762217 err=4688
[ERR] seq=1073762218 err=4704
[SEU] addr=20003195 bit=00000002
[ERR] seq=1073762219 err=12888
[ERR] seq=1073762220 err=3432
[ERR] seq=1073762221 err=6232
[ERR] seq=1073762222 err=4272
[ERR] seq=1073762223 err=5032
[ERR] seq=1073762224 err=4600
[SEU] addr=200031DA bit=00000004
[ERR] seq=1073762225 err=4792
[ERR] seq=1073762226 err=4696
[ERR] seq=1073762227 err=4720
[ERR] seq=1073762228 err=4728
[ERR] seq=1073762229 err=4696
[SEU] addr=2000318B bit=00000002
[ERR] seq=1073762230 err=4736
[ERR] seq=1073762231 err=4688
[ERR] seq=1073762232 err=4736
[ERR] seq=1073762233 err=4696
[ERR] seq=1073762234 err=4720
[ERR] seq=1073762235 err=4680
[ERR] seq=1073762236 err=4720
[ERR] seq=1073762237 err=4688
[SEU] addr=200031DA bit=00000006
[ERR] seq=1073762238 err=4704
[ERR] seq=1073762239 err=4672
[ERR] seq=1073762240 err=4704
[ERR] seq=1073762241 err=4680
[ERR] seq=1073762242 err=4704
[SEU] addr=20003197 bit=00000004
[ERR] seq=1073762243 err=2147485072
[ERR] seq=1073762244 err=343602072
[ERR] seq=1073762245 err=398574376
[ERR] seq=1073762246 err=118751944
[SEU] addr=2000318E bit=00000006
[ERR] seq=1073762247 err=82776536
[ERR] seq=1073762248 err=32249216
[ERR] seq=1073762249 err=18402856
[ERR] seq=1073762250 err=8108456
[ERR] seq=1073762251 err=4242128
[ERR] seq=1073762252 err=1979880
[ERR] seq=1073762253 err=995928
[ERR] seq=1073762254 err=479832
[ERR] seq=1073762255 err=236528
[SEU] addr=200031AF bit=00000000
[ERR] seq=1073762256 err=118296
[ERR] seq=1073762257 err=57208
[ERR] seq=1073762258 err=31752
[ERR] seq=1073762259 err=14648
[ERR] seq=1073762260 err=11072
[ERR] seq=1073762261 err=4552
[ERR] seq=1073762262 err=6136
[ERR] seq=1073762263 err=3856
[SEU] addr=20003167 bit=00000006
[CMD QUEUE backup CORRUPTED] backup repaired
[ERR] seq=1073762264 err=4968
[ERR] seq=1073762265 err=4424
[ERR] seq=1073762266 err=4696
[ERR] seq=1073762267 err=4544
[ERR] seq=1073762268 err=4616
[ERR] seq=1073762269 err=4568
[ERR] seq=1073762270 err=4592
[ERR] seq=1073762271 err=4528
[SEU] addr=200031CB bit=00000006
[ERR] seq=1073762272 err=4584
[ERR] seq=1073762273 err=4544
[ERR] seq=1073762274 err=4576
[SEU] addr=200031C3 bit=00000005
[ERR] seq=1073762275 err=4520
[ERR] seq=1073762276 err=4560
[ERR] seq=1073762277 err=4512
[ERR] seq=1073762278 err=4544
[SEU] addr=20003162 bit=00000004
[ERR] seq=1073762279 err=4504
[SEU] addr=20003197 bit=00000000
[ERR] seq=1073762280 err=134222248
[ERR] seq=1073762281 err=21476200
[ERR] seq=1073762282 err=24915328
[SEU] addr=200031D7 bit=00000000
[ERR] seq=1073762283 err=7423040
[ERR] seq=1073762284 err=5177680
[ERR] seq=1073762285 err=2016528
[ERR] seq=1073762286 err=1154616
[SEU] addr=200031B3 bit=00000005
[ERR] seq=1073762287 err=507792
[ERR] seq=1073762288 err=269504
[ERR] seq=1073762289 err=124776
[ERR] seq=1073762290 err=66608
[ERR] seq=1073762291 err=31016
[ERR] seq=1073762292 err=19128
[ERR] seq=1073762293 err=8416
[SEU] addr=20003165 bit=00000005
[CMD QUEUE backup CORRUPTED] backup repaired
[ERR] seq=1073762294 err=7904
[ERR] seq=1073762295 err=2992
[ERR] seq=1073762296 err=5240
[ERR] seq=1073762297 err=4016
[ERR] seq=1073762298 err=4600
[ERR] seq=1073762299 err=4304
[SEU] addr=20003167 bit=00000001
[CMD QUEUE backup CORRUPTED] backup repaired
[ERR] seq=1073762300 err=4424
[ERR] seq=1073762301 err=4368
[ERR] seq=1073762302 err=4400
[ERR] seq=1073762303 err=4344
[ERR] seq=1073762304 err=1760
[ERR] seq=1073762305 err=960
[SEU] addr=20003166 bit=00000002
[CMD QUEUE backup CORRUPTED] backup repaired
[ERR] seq=1073762306 err=1912
[ERR] seq=1073762307 err=1680
[ERR] seq=1073762308 err=1848
[ERR] seq=1073762309 err=1800
[ERR] seq=1073762310 err=1848
[ERR] seq=1073762311 err=1840
[ERR] seq=1073762312 err=1856
[SEU] addr=2000318A bit=00000006
[ERR] seq=1073762313 err=1840
[ERR] seq=1073762314 err=1864
[ERR] seq=1073762315 err=1872
[ERR] seq=1073762316 err=1872
[SEU] addr=20003195 bit=00000003
[ERR] seq=1073762317 err=17184
[ERR] seq=1073762318 err=4496
[ERR] seq=1073762319 err=3840
[ERR] seq=1073762320 err=2784
[ERR] seq=1073762321 err=1432
[ERR] seq=1073762322 err=2152
[ERR] seq=1073762323 err=1800
[ERR] seq=1073762324 err=1976
[SEU] addr=2000319C bit=00000002
[ERR] seq=1073762325 err=1896
[ERR] seq=1073762326 err=1960
[SEU] addr=200031B7 bit=00000004
[ERR] seq=1073762327 err=1944
[ERR] seq=1073762328 err=1944
[SEU] addr=200031DC bit=00000002
[ERR] seq=1073762333 err=2136
[ERR] seq=1073762334 err=2112
[ERR] seq=1073762335 err=2184
[ERR] seq=1073762336 err=2168
[ERR] seq=1073762337 err=2192
[ERR] seq=1073762338 err=2192
[ERR] seq=1073762339 err=2232
[SEU] addr=200031A6 bit=00000006
[ERR] seq=1073762340 err=2216
[ERR] seq=1073762341 err=2248
[ERR] seq=1073762342 err=2240
[ERR] seq=1073762343 err=2288
[ERR] seq=1073762344 err=2264
[ERR] seq=1073762345 err=2312
[ERR] seq=1073762346 err=2288
[SEU] addr=200031D0 bit=00000001
[ERR] seq=1073762347 err=2344
[ERR] seq=1073762348 err=2320
[ERR] seq=1073762349 err=2368
[ERR] seq=1073762350 err=2344
[ERR] seq=1073762351 err=2376
[ERR] seq=1073762352 err=2368
[SEU] addr=2000319A bit=00000003
[ERR] seq=1073762353 err=4196680
[ERR] seq=1073762354 err=672752
[ERR] seq=1073762355 err=780864
[SEU] addr=20003190 bit=00000001
[ERR] seq=1073762356 err=233600
[ERR] seq=1073762357 err=164080
[ERR] seq=1073762358 err=64656
[ERR] seq=1073762359 err=38392
[ERR] seq=1073762360 err=17536
[ERR] seq=1073762361 err=10744
[ERR] seq=1073762362 err=5560
[ERR] seq=1073762363 err=4448
[ERR] seq=1073762364 err=2624
[SEU] addr=20003160 bit=00000007
[CMD QUEUE CORRUPTED] primary repaired
[ERR] seq=1073762365 err=2976
[ERR] seq=1073762366 err=2296
[ERR] seq=1073762367 err=2640
[ERR] seq=1073762368 err=2456
[SEU] addr=20003172 bit=00000003
[ERR] seq=1073762369 err=2576
[ERR] seq=1073762370 err=2520
[ERR] seq=1073762371 err=2576
[ERR] seq=1073762372 err=2544
[ERR] seq=1073762373 err=2576
[ERR] seq=1073762374 err=2552
[ERR] seq=1073762375 err=2592
[ERR] seq=1073762376 err=2568
[ERR] seq=1073762377 err=2584
[SEU] addr=20003189 bit=00000007
[ERR] seq=1073762378 err=2576
[ERR] seq=1073762379 err=2608
[ERR] seq=1073762380 err=2584
[ERR] seq=1073762381 err=2624
[ERR] seq=1073762382 err=2600
[ERR] seq=1073762383 err=2632
[SEU] addr=200031DF bit=00000001
[ERR] seq=1107316816 err=3640
[ERR] seq=1107316817 err=3504
[ERR] seq=1107316818 err=3648
[ERR] seq=1107316819 err=3624
[SEU] addr=2000315A bit=00000003
[ERR] seq=1107316820 err=3624
[ERR] seq=1107316821 err=3648
[ERR] seq=1107316822 err=3632
[ERR] seq=1107316823 err=3656
[ERR] seq=1107316824 err=3640
[ERR] seq=1107316825 err=3656
[SEU] addr=200031B6 bit=00000005
[ERR] seq=1107316826 err=3632
[SEU] addr=2000318E bit=00000006
[ERR] seq=1107316827 err=4552
[ERR] seq=1107316828 err=4920
[ERR] seq=1107316829 err=2152
[ERR] seq=1107316830 err=4080
[ERR] seq=1107316831 err=3336
[ERR] seq=1107316832 err=3744
[SEU] addr=200031C6 bit=00000005
[ERR] seq=1107316833 err=3576
[ERR] seq=1107316834 err=3672
[ERR] seq=1107316835 err=3648
[ERR] seq=1107316836 err=3632
[ERR] seq=1107316837 err=3624
[SEU] addr=20003156 bit=00000006
[SAMPLE QUEUE backup CORRUPTED] backup repaired
[ERR] seq=1107316838 err=3632
[ERR] seq=1107316839 err=3608
[ERR] seq=1107316840 err=3600
[SEU] addr=20003189 bit=00000005
[ERR] seq=1107316841 err=3600
[ERR] seq=1107316842 err=3568
[ERR] seq=1107316843 err=3584
[ERR] seq=1107316844 err=3568
[ERR] seq=1107316845 err=3552
[ERR] seq=1107316846 err=3536
[ERR] seq=1107316847 err=3544
[ERR] seq=1107316848 err=3512
[ERR] seq=1107316849 err=3496
[SEU] addr=200031CA bit=00000007
[ERR] seq=1107316850 err=3488
[ERR] seq=1107316851 err=3488
[ERR] seq=1107316852 err=3456
[ERR] seq=1107316853 err=3448
[ERR] seq=1107316854 err=3440
[ERR] seq=1107316855 err=3432
[ERR] seq=1107316856 err=3400
[ERR] seq=1107316857 err=3392
[SEU] addr=200031B1 bit=00000004
[ERR] seq=1107316858 err=3360
[ERR] seq=1107316859 err=3376
[ERR] seq=1107316860 err=3304
[SEU] addr=20003166 bit=00000002
[CMD QUEUE backup CORRUPTED] backup repaired
[ERR] seq=1107316861 err=3328
[ERR] seq=1107316862 err=3280
[ERR] seq=1107316863 err=3272
[ERR] seq=1107316864 err=3240
[ERR] seq=1107316865 err=3216
[ERR] seq=1107316866 err=3192
[ERR] seq=1107316867 err=1672
[ERR] seq=1107316868 err=1416
[SEU] addr=200031B7 bit=00000001
[ERR] seq=1107316869 err=1720
[ERR] seq=1107316870 err=1632
[ERR] seq=1107316871 err=1688
[SEU] addr=200031A8 bit=00000000
[ERR] seq=1107316872 err=1672
[ERR] seq=1107316873 err=1680
[ERR] seq=1107316874 err=1680
[ERR] seq=1107316875 err=1688
[SEU] addr=20003151 bit=00000006
[ERR] seq=1107316876 err=1688
[ERR] seq=1107316877 err=1696
[ERR] seq=1107316878 err=1680
[ERR] seq=1107316879 err=1704
[ERR] seq=1107316880 err=1696
[ERR] seq=1107316881 err=1704
[ERR] seq=1107316882 err=1696
[SEU] addr=200031DB bit=00000004
[ERR] seq=1107316883 err=1728
[ERR] seq=1107316884 err=1696
[SEU] addr=2000318D bit=00000001
[ERR] seq=1107316885 err=12128
[ERR] seq=1107316886 err=2672
[ERR] seq=1107316887 err=2056
[SEU] addr=200031AC bit=00000003
[ERR] seq=1107316888 err=1704
[ERR] seq=1107316889 err=1720
[SEU] addr=2000318C bit=00000002
[ERR] seq=1107316890 err=1720
[ERR] seq=1107316891 err=1736
[ERR] seq=1107316892 err=1728
[ERR] seq=1107316893 err=1728
[ERR] seq=1107316894 err=1736
[SEU] addr=200031AB bit=00000000
[ERR] seq=1107316895 err=1744
[SEU] addr=200031B0 bit=00000007
[ERR] seq=1107316896 err=1736
[ERR] seq=1107316897 err=1744
[ERR] seq=1107316898 err=1736
[ERR] seq=1107316899 err=1760
[ERR] seq=1107316900 err=1736
[ERR] seq=1107316901 err=1776
[ERR] seq=1107316902 err=1752
[SEU] addr=200031AB bit=00000001
[ERR] seq=1107316903 err=1768
[ERR] seq=1107316904 err=1760
[ERR] seq=1107316905 err=1768
[ERR] seq=1107316906 err=1752
[SEU] addr=20003194 bit=00000007
[ERR] seq=1107316907 err=2808
[ERR] seq=1107316908 err=1600
[ERR] seq=1107316909 err=1976
[ERR] seq=1107316910 err=1720
[ERR] seq=1107316911 err=1840
[SEU] addr=20003196 bit=00000001
[ERR] seq=1107316912 err=1049336
[ERR] seq=1107316913 err=169560
[SEU] addr=20003187 bit=00000003
[ERR] seq=1107316914 err=195408
[SEU] addr=20003179 bit=00000003
[ERR] seq=1107316915 err=59784
[ERR] seq=1107316916 err=41248
[SEU] addr=20003159 bit=00000002
[ERR] seq=1107316917 err=17544
[ERR] seq=1107316918 err=9864
[ERR] seq=1107316919 err=5768
[ERR] seq=1107316920 err=2992
[ERR] seq=1107316921 err=2776
[ERR] seq=1107316922 err=1464
[ERR] seq=1107316923 err=2056
[SEU] addr=200031C5 bit=00000005
[ERR] seq=1107316924 err=1720
[ERR] seq=1107316925 err=1896
[SEU] addr=2000317B bit=00000004
[ERR] seq=1107316926 err=1784
[ERR] seq=1107316927 err=1864
[ERR] seq=1107316928 err=1824
[ERR] seq=1107316929 err=1848
[ERR] seq=1107316930 err=1840
[ERR] seq=1107316931 err=1864
[ERR] seq=1107316932 err=1832
[ERR] seq=1107316933 err=1872
[SEU] addr=200031A6 bit=00000002
[ERR] seq=1107316934 err=1848
[ERR] seq=1107316935 err=1872
[ERR] seq=1107316936 err=1856
[ERR] seq=1107316937 err=1872
[ERR] seq=1107316938 err=1848
[SEU] addr=200031BB bit=00000007
[ERR] seq=1107316939 err=1888
[ERR] seq=1107316940 err=1880
[ERR] seq=1107316941 err=1880
[ERR] seq=1107316942 err=1880
[ERR] seq=1107316943 err=1896
[ERR] seq=1107316944 err=1872
[ERR] seq=1107316945 err=1904
[SEU] addr=200031A5 bit=00000002
[ERR] seq=1107316946 err=1872
[ERR] seq=1107316947 err=1904
[ERR] seq=1107316948 err=1888
[ERR] seq=1107316949 err=1904
[ERR] seq=1107316950 err=1888
[ERR] seq=1107316951 err=1920
[ERR] seq=1107316952 err=1896
[ERR] seq=1107316953 err=1904
[SEU] addr=200031BD bit=00000005
[ERR] seq=1107316954 err=1904
[ERR] seq=1107316955 err=1920
[ERR] seq=1107316956 err=1912
[ERR] seq=1107316957 err=1920
[ERR] seq=1107316958 err=1904
[ERR] seq=1107316959 err=1936
[ERR] seq=1107316960 err=1920
[ERR] seq=1107316961 err=1936
[ERR] seq=1107316962 err=1944
[ERR] seq=1107316963 err=1960
[SEU] addr=20003154 bit=00000004
[SAMPLE QUEUE backup CORRUPTED] backup repaired
[ERR] seq=1107316964 err=1960
[ERR] seq=1107316965 err=1992
[SEU] addr=20003197 bit=00000007
[ERR] seq=1107316966 err=1968
[ERR] seq=1107316967 err=2008
[SEU] addr=2000318C bit=00000006
[ERR] seq=1107316968 err=2792
[ERR] seq=1107316969 err=2600
[ERR] seq=1107316970 err=1840
[SEU] addr=20003162 bit=00000002
[ERR] seq=1107316971 err=2160
[ERR] seq=1107316972 err=1944
[SEU] addr=20003152 bit=00000000
[ERR] seq=1107316973 err=2088
[ERR] seq=1107316974 err=2032
[ERR] seq=1107316975 err=2080
[ERR] seq=1107316976 err=2048
[ERR] seq=1107316977 err=2088
[ERR] seq=1107316978 err=2072
[ERR] seq=1107316979 err=2096
[ERR] seq=1107316980 err=2080
[ERR] seq=1107316981 err=2112
[SEU] addr=200031A8 bit=00000002
[ERR] seq=1107316982 err=2088
[ERR] seq=1107316983 err=2112
[SEU] addr=200031C8 bit=00000004
[ERR] seq=1107316984 err=2120
[ERR] seq=1107316985 err=2136
[ERR] seq=1107316986 err=2120
[ERR] seq=1107316987 err=2128
[ERR] seq=1107316988 err=2152
[ERR] seq=1107316989 err=2136
[ERR] seq=1107316990 err=2168
[SEU] addr=2000316D bit=00000002
[ERR] seq=1107316991 err=2160
[ERR] seq=1107316992 err=136
[ERR] seq=1107316993 err=456
[ERR] seq=1107316994 err=144
[ERR] seq=1107316995 err=208
[ERR] seq=1107316996 err=136
[ERR] seq=1107316997 err=136
[SEU] addr=200031BE bit=00000002
[ERR] seq=1107316998 err=136
[ERR] seq=1107316999 err=136
[ERR] seq=1107317000 err=144
[ERR] seq=1107317001 err=144
[ERR] seq=1107317002 err=160
[ERR] seq=1107317003 err=136
[ERR] seq=1107317004 err=152
[ERR] seq=1107317005 err=152
[ERR] seq=1107317006 err=152
[SEU] addr=20003195 bit=00000003
[ERR] seq=1107317007 err=16512
[ERR] seq=1107317008 err=2720
[ERR] seq=1107317009 err=3152
[ERR] seq=1107317010 err=992
[ERR] seq=1107317011 err=744
[ERR] seq=1107317012 err=352
[ERR] seq=1107317013 err=264
[ERR] seq=1107317014 err=160
[ERR] seq=1107317015 err=128
[ERR] seq=1107317016 err=144
[SEU] addr=20003183 bit=00000001
[ERR] seq=1107317017 err=96
[ERR] seq=1107317018 err=112
[SEU] addr=200031AD bit=00000001
[ERR] seq=1107317019 err=88
[ERR] seq=1107317020 err=80
[ERR] seq=1107317021 err=96
[SEU] addr=2000315B bit=00000000
[ERR] seq=1107317022 err=96
[ERR] seq=1107317023 err=104
[ERR] seq=1107317024 err=112
[ERR] seq=1107317025 err=120
[ERR] seq=1107317026 err=112
[ERR] seq=1107317027 err=136
[SEU] addr=200031D5 bit=00000007
[ERR] seq=1107317028 err=144
[ERR] seq=1107317029 err=152
[ERR] seq=1107317030 err=160
[ERR] seq=1107317031 err=160
[ERR] seq=1107317032 err=184
[ERR] seq=1107317033 err=184
[ERR] seq=1107317034 err=192
[ERR] seq=1107317035 err=200
[ERR] seq=1107317036 err=216
[ERR] seq=1107317037 err=232
[SEU] addr=20003199 bit=00000001
[ERR] seq=1107317038 err=4344
[ERR] seq=1107317039 err=856
[ERR] seq=1107317040 err=1024
[ERR] seq=1107317041 err=456
[ERR] seq=1107317042 err=440
[ERR] seq=1107317043 err=344
[ERR] seq=1107317044 err=336
[ERR] seq=1107317045 err=344
[SEU] addr=20003176 bit=00000006
[ERR] seq=1107317046 err=344
[ERR] seq=1107317047 err=384
[SEU] addr=2000318F bit=00000006
[ERR] seq=1107317048 err=2744
[ERR] seq=1107317049 err=168
[ERR] seq=1107317050 err=848
[ERR] seq=1107317051 err=344
[ERR] seq=1107317052 err=560
[ERR] seq=1107317053 err=480
[SEU] addr=20003197 bit=00000004
[ERR] seq=1107317054 err=2147484184
[ERR] seq=1107317055 err=343597928
[ERR] seq=1107317056 err=398573184
[ERR] seq=1107317057 err=118747848
[ERR] seq=1107317058 err=82771464
[ERR] seq=1107317059 err=32243616
[SEU] addr=200031D4 bit=00000005
[ERR] seq=1107317060 err=18402520
[ERR] seq=1107317061 err=8103960
[ERR] seq=1107317062 err=4241160
[ERR] seq=1107317063 err=1975848
[ERR] seq=1107317064 err=994864
[ERR] seq=1107317065 err=475960
[ERR] seq=1107317066 err=235496
[SEU] addr=200031C8 bit=00000001
[ERR] seq=1107317067 err=114528
[SEU] addr=200031B5 bit=00000005
[ERR] seq=1107317068 err=56168
[ERR] seq=1107317069 err=28064
[ERR] seq=1107317070 err=13648
[ERR] seq=1107317071 err=7480
[SEU] addr=200031BF bit=00000005
[ERR] seq=1107317072 err=3568
[ERR] seq=1107317073 err=2608
[ERR] seq=1107317074 err=1192
[ERR] seq=1107317075 err=1496
[ERR] seq=1107317076 err=992
[ERR] seq=1107317077 err=1288
[SEU] addr=20003199 bit=00000005
[ERR] seq=1107317078 err=66424
[ERR] seq=1107317079 err=11768
[ERR] seq=1107317080 err=13112
[ERR] seq=1107317081 err=4936
[ERR] seq=1107317082 err=3520
[ERR] seq=1107317083 err=2376
[ERR] seq=1107317084 err=1576
[ERR] seq=1107317085 err=1704
[ERR] seq=1107317086 err=1376
[SEU] addr=200031D1 bit=00000003
[ERR] seq=1107317087 err=1600
[ERR] seq=1107317088 err=1536
[ERR] seq=1107317089 err=1624
[ERR] seq=1107317090 err=1640
[ERR] seq=1107317091 err=1696
[ERR] seq=1107317092 err=1728
[ERR] seq=1107317093 err=1768
[ERR] seq=1107317094 err=1776
[ERR] seq=1107317095 err=1856
[ERR] seq=1107317096 err=1872
[SEU] addr=2000315D bit=00000007
[CMD QUEUE CORRUPTED] primary repaired
[ERR] seq=1107317097 err=1920
[ERR] seq=1107317098 err=1944
[ERR] seq=1107317099 err=2008
[ERR] seq=1107317100 err=2024
[SEU] addr=200031CC bit=00000003
[ERR] seq=1107317101 err=2064
[ERR] seq=1107317102 err=2088
[ERR] seq=1107317103 err=2144
[ERR] seq=1107317104 err=2144
[ERR] seq=1107317105 err=2192
[SEU] addr=2000319C bit=00000006
[ERR] seq=1107317106 err=2232
[ERR] seq=1107317107 err=2264
[ERR] seq=1107317108 err=2280
[ERR] seq=1107317109 err=2336
[ERR] seq=1107317110 err=2336
[ERR] seq=1107317111 err=2408
[ERR] seq=1107317112 err=2408
[SEU] addr=2000315F bit=00000004
[CMD QUEUE CORRUPTED] primary repaired
[ERR] seq=1107317113 err=2456
[ERR] seq=1107317114 err=2480
[ERR] seq=1107317115 err=2520
[SEU] addr=200031D2 bit=00000001
[ERR] seq=1107317116 err=2520
[ERR] seq=1107317117 err=2584
[ERR] seq=1107317118 err=2592
[ERR] seq=1107317119 err=2656
[ERR] seq=1107317120 err=2648
[SEU] addr=200031CB bit=00000000
[ERR] seq=1107317121 err=2688
[ERR] seq=1107317122 err=2704
[ERR] seq=1107317123 err=2208
[ERR] seq=1107317124 err=1568
[SEU] addr=2000316A bit=00000004
[ERR] seq=1107317125 err=2264
[ERR] seq=1107317126 err=2048
[SEU] addr=200031D8 bit=00000002
[ERR] seq=1107317127 err=2176
[ERR] seq=1107317128 err=2096
[ERR] seq=1107317129 err=2120
[ERR] seq=1107317130 err=2080
[ERR] seq=1107317131 err=2072
[ERR] seq=1107317132 err=2064
[SEU] addr=2000319D bit=00000007
[ERR] seq=1107317133 err=2040
[SEU] addr=20003165 bit=00000000
[CMD QUEUE backup CORRUPTED] backup repaired
[ERR] seq=1107317134 err=2024
[ERR] seq=1107317135 err=2016
[ERR] seq=1107317136 err=2016
[ERR] seq=1107317137 err=1960
[SEU] addr=200031CF bit=00000000
[ERR] seq=1107317138 err=1976
[ERR] seq=1107317139 err=1960
[SEU] addr=200031CA bit=00000002
[ERR] seq=1107317140 err=1920
[ERR] seq=1107317141 err=1928
[ERR] seq=1107317142 err=1904
[ERR] seq=1107317143 err=1904
[ERR] seq=1107317144 err=1896
[ERR] seq=1107317145 err=1856
[ERR] seq=1107317146 err=1856
[ERR] seq=1107317147 err=1856
[ERR] seq=1107317148 err=1816
[SEU] addr=20003185 bit=00000003
[ERR] seq=1107317149 err=1824
[ERR] seq=1107317150 err=1808
[ERR] seq=1107317151 err=1784
[ERR] seq=1107317152 err=1792
[ERR] seq=1107317153 err=1768
[ERR] seq=1107317154 err=1760
[ERR] seq=1107317155 err=1776
[ERR] seq=1107317156 err=1736
[ERR] seq=1107317157 err=1736
[SEU] addr=20003165 bit=00000007
[CMD QUEUE backup CORRUPTED] backup repaired
[ERR] seq=1107317158 err=1744
[ERR] seq=1107317159 err=1704
[ERR] seq=1107317160 err=1720
[ERR] seq=1107317161 err=1704
[ERR] seq=1107317162 err=1704
[ERR] seq=1107317163 err=1696
[ERR] seq=1107317164 err=1696
[ERR] seq=1107317165 err=1664
[ERR] seq=1107317166 err=1688
[SEU] addr=200031D4 bit=00000005
[ERR] seq=1107317167 err=1664
[ERR] seq=1107317168 err=1672
[ERR] seq=1107317169 err=1640
[ERR] seq=1107317170 err=1664
[SEU] addr=200031CA bit=00000007
[ERR] seq=1107317171 err=1656
[ERR] seq=1107317172 err=1632
[ERR] seq=1107317173 err=1640
[ERR] seq=1107317174 err=1640
[ERR] seq=1107317175 err=1648
[ERR] seq=1107317176 err=1632
[ERR] seq=1107317177 err=1624
[ERR] seq=1107317178 err=1632
[ERR] seq=1107317179 err=1640
[ERR] seq=1107317180 err=1624
[SEU] addr=20003162 bit=00000000
[ERR] seq=1107317181 err=1640
[ERR] seq=1107317182 err=1632
[ERR] seq=1107317183 err=1640
[ERR] seq=1107317184 err=1632
[ERR] seq=1107317185 err=1632
[ERR] seq=1107317186 err=1624
[ERR] seq=1107317187 err=1640
[ERR] seq=1107317188 err=1640
[ERR] seq=1107317189 err=1640
[ERR] seq=1107317190 err=1640
[SEU] addr=200031DB bit=00000005
[ERR] seq=1107317191 err=1632
[ERR] seq=1107317192 err=1664
[SEU] addr=20003178 bit=00000000
[ERR] seq=1107317193 err=1640
[ERR] seq=1107317194 err=1664
[ERR] seq=1107317195 err=1656
[ERR] seq=1107317196 err=1680
[ERR] seq=1107317197 err=1664
[SEU] addr=2000318F bit=00000007
[ERR] seq=1107317198 err=186376
[ERR] seq=1107317199 err=29216
[SEU] addr=2000319E bit=00000001
[ERR] seq=1107317200 err=35000
[ERR] seq=1107317201 err=9712
[ERR] seq=1107317202 err=7688
[SEU] addr=200031B3 bit=00000002
[ERR] seq=1107317203 err=2808
[ERR] seq=1107317204 err=2720
[ERR] seq=1107317205 err=1848
[ERR] seq=1107317206 err=1960
[ERR] seq=1107317207 err=1640
[ERR] seq=1107317208 err=1824
[ERR] seq=1107317209 err=1712
[ERR] seq=1107317210 err=1800
[SEU] addr=200031C4 bit=00000007
[ERR] seq=1107317211 err=1776
[ERR] seq=1107317212 err=1784
[SEU] addr=200031D2 bit=00000006
[ERR] seq=1107317213 err=1808
[ERR] seq=1107317214 err=1808
[ERR] seq=1107317215 err=1824
[ERR] seq=1107317216 err=1848
[ERR] seq=1107317217 err=1840
[ERR] seq=1107317218 err=1872
[SEU] addr=2000316C bit=00000005
[ERR] seq=1107317219 err=1880
[ERR] seq=1107317220 err=1896
[ERR] seq=1107317221 err=1904
[ERR] seq=1107317222 err=1928
[ERR] seq=1107317223 err=1912
[ERR] seq=1107317224 err=1960
[ERR] seq=1107317225 err=1952
[ERR] seq=1107317226 err=1984
[SEU] addr=2000319D bit=00000001
[ERR] seq=1107317227 err=1992
[ERR] seq=1107317228 err=2016
[ERR] seq=1107317229 err=2016
[ERR] seq=1107317230 err=2048
[ERR] seq=1107317231 err=2040
[ERR] seq=1107317232 err=2072
[ERR] seq=1107317233 err=2080
[ERR] seq=1107317234 err=2096
[SEU] addr=2000318B bit=00000003
[ERR] seq=1107317235 err=2120
[ERR] seq=1107317236 err=2144
[ERR] seq=1107317237 err=2152
[ERR] seq=1107317238 err=2176
[ERR] seq=1107317239 err=2192
[ERR] seq=1107317240 err=2208
[ERR] seq=1107317241 err=2224
[ERR] seq=1107317242 err=2240
[ERR] seq=1107317243 err=2264
[SEU] addr=2000316D bit=00000004
[ERR] seq=1107317244 err=2272
[ERR] seq=1107317245 err=2272
[ERR] seq=1107317246 err=2328
[ERR] seq=1107317247 err=2336
[ERR] seq=1107317248 err=2512
[ERR] seq=1107317249 err=1856
[ERR] seq=1107317250 err=2560
[ERR] seq=1107317251 err=2320
[SEU] addr=200031AC bit=00000006
[ERR] seq=1107317252 err=2424
[ERR] seq=1107317253 err=2352
[ERR] seq=1107317254 err=2328
[SEU] addr=20003181 bit=00000005
[ERR] seq=1107317255 err=2304
[ERR] seq=1107317256 err=2264
[ERR] seq=1107317257 err=2256
[ERR] seq=1107317258 err=2184
[ERR] seq=1107317259 err=2184
[SEU] addr=2000314D bit=00000002
[SAMPLE QUEUE CORRUPTED] primary repaired
[ERR] seq=1107317260 err=2128
[ERR] seq=1107317261 err=2104
[ERR] seq=1107317262 err=2072
[ERR] seq=1107317263 err=2056
[ERR] seq=1107317264 err=1992
[ERR] seq=1107317265 err=1976
[ERR] seq=1107317266 err=1920
[SEU] addr=200031C5 bit=00000004
[ERR] seq=1107317267 err=1912
[ERR] seq=1107317268 err=1824
[ERR] seq=1107317269 err=1824
[ERR] seq=1107317270 err=1760
[SEU] addr=20003161 bit=00000001
[ERR] seq=1107317271 err=1752
[ERR] seq=1107317272 err=1696
[ERR] seq=1107317273 err=1672
[ERR] seq=1107317274 err=1608
[ERR] seq=1107317275 err=1592
[ERR] seq=1107317276 err=1536
[SEU] addr=2000315D bit=00000002
[CMD QUEUE CORRUPTED] primary repaired
[ERR] seq=1107317277 err=1520
[ERR] seq=1107317278 err=1456
[ERR] seq=1107317279 err=1448
[ERR] seq=1107317280 err=1392
[ERR] seq=1107317281 err=1376
[ERR] seq=1107317282 err=1336
[SEU] addr=200031B6 bit=00000000
[ERR] seq=1107317283 err=1328
[ERR] seq=1107317284 err=1256
[ERR] seq=1107317285 err=1248
[SEU] addr=200031DD bit=00000002
[ERR] seq=1107318310 err=1288
[ERR] seq=1107318311 err=1376
[ERR] seq=1107318312 err=1432
[ERR] seq=1107318313 err=1504
[ERR] seq=1107318314 err=1552
[SEU] addr=2000315B bit=00000000
[ERR] seq=1107318315 err=1664
[ERR] seq=1107318316 err=1688
[SEU] addr=2000317B bit=00000007
[ERR] seq=1107318317 err=1784
[ERR] seq=1107318318 err=1816
[SEU] addr=20003192 bit=00000007
[ERR] seq=1107318319 err=67110800
[ERR] seq=1107318320 err=10737152
[ERR] seq=1107318321 err=12457456
[SEU] addr=200031A0 bit=00000000
[ERR] seq=1107318322 err=3710568
[ERR] seq=1107318323 err=2588800
[ERR] seq=1107318324 err=1007288
[ERR] seq=1107318325 err=577384
[ERR] seq=1107318326 err=252888
[ERR] seq=1107318327 err=135000
[ERR] seq=1107318328 err=61384
[ERR] seq=1107318329 err=33664
[ERR] seq=1107318330 err=14496
[ERR] seq=1107318331 err=10064
[SEU] addr=2000318F bit=00000002
[ERR] seq=1107318332 err=3224
[ERR] seq=1107318333 err=4624
[ERR] seq=1107318334 err=2008
[ERR] seq=1107318335 err=3424
[ERR] seq=1107318336 err=2808
[ERR] seq=1107318337 err=3200
[SEU] addr=200031C9 bit=00000005
[ERR] seq=1107318338 err=3088
[ERR] seq=1107318339 err=3232
[ERR] seq=1107318340 err=3248
[ERR] seq=1107318341 err=3336
[SEU] addr=2000316A bit=00000005
[ERR] seq=1107318342 err=3384
[ERR] seq=1107318343 err=3456
[ERR] seq=1107318344 err=3488
[ERR] seq=1107318345 err=3568
[ERR] seq=1107318346 err=3608
[ERR] seq=1107318347 err=3680
[SEU] addr=200031CB bit=00000001
[ERR] seq=1107318348 err=3704
[ERR] seq=1107318349 err=3776
[ERR] seq=1107318350 err=3808
[ERR] seq=1107318351 err=3896
[ERR] seq=1107318352 err=3920
[SEU] addr=200031DC bit=00000001
[ERR] seq=1107318355 err=3856
[ERR] seq=1107318356 err=3888
[SEU] addr=2000319D bit=00000001
[ERR] seq=1107318357 err=3928
[ERR] seq=1107318358 err=3984
[ERR] seq=1107318359 err=4016
[ERR] seq=1107318360 err=4072
[SEU] addr=200031BC bit=00000002
[ERR] seq=1107318361 err=4112
[ERR] seq=1107318362 err=4168
[ERR] seq=1107318363 err=4192
[ERR] seq=1107318364 err=4240
[ERR] seq=1107318365 err=4272
[ERR] seq=1107318366 err=4320
[ERR] seq=1107318367 err=4352
[ERR] seq=1107318368 err=4400
[SEU] addr=200031D1 bit=00000001
[ERR] seq=1107318369 err=4448
[ERR] seq=1107318370 err=4464
[ERR] seq=1107318371 err=4512
[ERR] seq=1107318372 err=4504
[ERR] seq=1107318373 err=4584
[ERR] seq=1107318374 err=4576
[ERR] seq=1107318375 err=4632
[SEU] addr=200031AC bit=00000006
[ERR] seq=1107318376 err=4656
[ERR] seq=1107318377 err=4696
[SEU] addr=20003153 bit=00000001
[ERR] seq=1107318378 err=4712
[ERR] seq=1107318379 err=4768
[SEU] addr=20003191 bit=00000007
[ERR] seq=1107318380 err=266912
[ERR] seq=1107318381 err=41440
[ERR] seq=1107318382 err=53488
[SEU] addr=20003174 bit=00000006
[ERR] seq=1107318383 err=13960
[ERR] seq=1107318384 err=14960
[ERR] seq=1107318385 err=3400
[ERR] seq=1107318386 err=7152
[ERR] seq=1107318387 err=3968
[ERR] seq=1107318388 err=5480
[ERR] seq=1107318389 err=4744
[SEU] addr=200031A7 bit=00000003
[ERR] seq=1107318390 err=5128
[ERR] seq=1107318391 err=4976
[ERR] seq=1107318392 err=5048
[ERR] seq=1107318393 err=5040
[ERR] seq=1107318394 err=5040
[ERR] seq=1107318395 err=5056
[ERR] seq=1107318396 err=5048
[ERR] seq=1107318397 err=5096
[ERR] seq=1107318398 err=5064
[SEU] addr=200031B4 bit=00000003
[ERR] seq=1107318399 err=5120
[ERR] seq=1107318400 err=5088
[ERR] seq=1107318401 err=5128
[ERR] seq=1107318402 err=5112
[ERR] seq=1107318403 err=5136
[ERR] seq=1107318404 err=5120
[ERR] seq=1107318405 err=3088
[SEU] addr=2000317C bit=00000005
[ERR] seq=1107318406 err=3400
[ERR] seq=1107318407 err=3040
[ERR] seq=1107318408 err=3128
[ERR] seq=1107318409 err=3072
[SEU] addr=200031D6 bit=00000002
[ERR] seq=1107318410 err=3096
[ERR] seq=1107318411 err=3072
[ERR] seq=1107318412 err=3064
[SEU] addr=2000316C bit=00000000
[ERR] seq=1107318413 err=3064
[ERR] seq=1107318414 err=3056
[ERR] seq=1107318415 err=3040
[ERR] seq=1107318416 err=3024
[ERR] seq=1107318417 err=3032
[ERR] seq=1107318418 err=2992
[ERR] seq=1107318419 err=3016
[SEU] addr=2000317C bit=00000007
[ERR] seq=1107318420 err=2968
[ERR] seq=1107318421 err=3016
[ERR] seq=1107318422 err=2968
[ERR] seq=1107318423 err=2984
[ERR] seq=1107318424 err=2904
[ERR] seq=1107318425 err=2952
[ERR] seq=1107318426 err=2896
[ERR] seq=1107318427 err=2888
[SEU] addr=20003193 bit=00000000
[ERR] seq=1107318428 err=134220584
[ERR] seq=1107318429 err=21476360
[ERR] seq=1107318430 err=24913616
[ERR] seq=1107318431 err=7423232
[ERR] seq=1107318432 err=5175936
[SEU] addr=200031AE bit=00000006
[ERR] seq=1107318433 err=2016712
[ERR] seq=1107318434 err=1152848
[ERR] seq=1107318435 err=507976
[SEU] addr=2000318D bit=00000001
[ERR] seq=1107318436 err=275008
[ERR] seq=1107318437 err=124888
[ERR] seq=1107318438 err=66096
[SEU] addr=20003197 bit=00000001
[ERR] seq=1107318439 err=268464288
[ERR] seq=1107318440 err=42967152
[SEU] addr=200031DB bit=00000004
[ERR] seq=1107318441 err=49827776
[ERR] seq=1107318442 err=14849400
[ERR] seq=1107318443 err=10347144
[ERR] seq=1107318444 err=4033592
[ERR] seq=1107318445 err=2299792
[SEU] addr=2000319B bit=00000005
[ERR] seq=1107318446 err=1015400
[ERR] seq=1107318447 err=529872
[ERR] seq=1107318448 err=249144
[ERR] seq=1107318449 err=124128
[ERR] seq=1107318450 err=61544
[ERR] seq=1107318451 err=29176
[ERR] seq=1107318452 err=16248
[ERR] seq=1107318453 err=6744
[ERR] seq=1107318454 err=5360
[ERR] seq=1107318455 err=1360
[SEU] addr=200031CB bit=00000001
[ERR] seq=1107318456 err=2672
[ERR] seq=1107318457 err=1480
[SEU] addr=200031B4 bit=00000007
[ERR] seq=1107318458 err=1992
[ERR] seq=1107318459 err=1696
[ERR] seq=1107318460 err=1752
[ERR] seq=1107318461 err=1640
[ERR] seq=1107318462 err=1632
[SEU] addr=20003178 bit=00000000
[ERR] seq=1107318463 err=1640
[ERR] seq=1107318464 err=1632
[SEU] addr=20003196 bit=00000004
[ERR] seq=1107318465 err=8388272
[ERR] seq=1107318466 err=1343816
[ERR] seq=1107318467 err=1556648
[ERR] seq=1107318468 err=465496
[ERR] seq=1107318469 err=323120
[SEU] addr=20003182 bit=00000004
[ERR] seq=1107318470 err=127600
[ERR] seq=1107318471 err=71736
[ERR] seq=1107318472 err=33296
[ERR] seq=1107318473 err=16496
[ERR] seq=1107318474 err=9368
[ERR] seq=1107318475 err=3896
[ERR] seq=1107318476 err=3520
[ERR] seq=1107318477 err=984
[SEU] addr=2000315C bit=00000006
[CMD QUEUE CORRUPTED] primary repaired
[ERR] seq=1107318478 err=2136
[ERR] seq=1107318479 err=1512
[ERR] seq=1107318480 err=1808
[ERR] seq=1107318481 err=1672
[ERR] seq=1107318482 err=1736
[ERR] seq=1107318483 err=1728
[ERR] seq=1107318484 err=1736
[ERR] seq=1107318485 err=1744
[SEU] addr=200031BE bit=00000002
[ERR] seq=1107318486 err=1752
[ERR] seq=1107318487 err=1744
[ERR] seq=1107318488 err=1760
[ERR] seq=1107318489 err=1776
[ERR] seq=1107318490 err=1760
[ERR] seq=1107318491 err=1792
[ERR] seq=1107318492 err=1760
[ERR] seq=1107318493 err=1800
[ERR] seq=1107318494 err=1784
[ERR] seq=1107318495 err=1792
[SEU] addr=200031A8 bit=00000001
[ERR] seq=1107318496 err=1808
[ERR] seq=1107318497 err=1824
[ERR] seq=1107318498 err=1808
[ERR] seq=1107318499 err=1840
[ERR] seq=1107318500 err=1800
[SEU] addr=20003166 bit=00000007
[CMD QUEUE backup CORRUPTED] backup repaired
[ERR] seq=1107318501 err=1840
[ERR] seq=1107318502 err=1832
[ERR] seq=1107318503 err=1848
[SEU] addr=20003185 bit=00000004
[ERR] seq=1107318504 err=1840
[ERR] seq=1107318505 err=1864
[ERR] seq=1107318506 err=1864
[ERR] seq=1107318507 err=1864
[ERR] seq=1107318508 err=1864
[ERR] seq=1107318509 err=1896
[ERR] seq=1107318510 err=1864
[ERR] seq=1107318511 err=1904
[ERR] seq=1107318512 err=1888
[SEU] addr=20003182 bit=00000002
[ERR] seq=1107318513 err=1904
[ERR] seq=1107318514 err=1896
[ERR] seq=1107318515 err=1928
[ERR] seq=1107318516 err=1896
[ERR] seq=1107318517 err=1936
[ERR] seq=1107318518 err=1912
[ERR] seq=1107318519 err=1952
[ERR] seq=1107318520 err=1992
[ERR] seq=1107318521 err=2008
[SEU] addr=2000318F bit=00000004
[ERR] seq=1107318522 err=3584
[ERR] seq=1107318523 err=2824
[ERR] seq=1107318524 err=1840
[SEU] addr=20003176 bit=00000007
[ERR] seq=1107318525 err=2344
[ERR] seq=1107318526 err=2008
[SEU] addr=20003168 bit=00000006
[CMD QUEUE backup CORRUPTED] backup repaired
[ERR] seq=1107318527 err=2224
[ERR] seq=1107318528 err=136
[ERR] seq=1107318529 err=560
[ERR] seq=1107318530 err=184
[ERR] seq=1107318531 err=376
[ERR] seq=1107318532 err=352
[SEU] addr=2000316B bit=00000004
[ERR] seq=1107318533 err=408
[ERR] seq=1107318534 err=440
[ERR] seq=1107318535 err=472
[ERR] seq=1107318536 err=544
[ERR] seq=1107318537 err=576
[ERR] seq=1107318538 err=632
[ERR] seq=1107318539 err=656
[ERR] seq=1107318540 err=736
[SEU] addr=200031C8 bit=00000007
[ERR] seq=1107318541 err=736
[ERR] seq=1107318542 err=808
[ERR] seq=1107318543 err=816
[ERR] seq=1107318544 err=888
[ERR] seq=1107318545 err=904
[ERR] seq=1107318546 err=960
[ERR] seq=1107318547 err=992
[ERR] seq=1107318548 err=1040
[ERR] seq=1107318549 err=1032
[SEU] addr=200031C3 bit=00000004
[ERR] seq=1107318550 err=1104
[ERR] seq=1107318551 err=1096
[ERR] seq=1107318552 err=1160
[ERR] seq=1107318553 err=1184
[ERR] seq=1107318554 err=1216
[ERR] seq=1107318555 err=1232
[ERR] seq=1107318556 err=1296
[ERR] seq=1107318557 err=1296
[SEU] addr=200031C8 bit=00000000
[ERR] seq=1107318558 err=1352
[ERR] seq=1107318559 err=1344
[ERR] seq=1107318560 err=1416
[SEU] addr=20003163 bit=00000007
[ERR] seq=1107318561 err=1392
[ERR] seq=1107318562 err=1448
[ERR] seq=1107318563 err=1464
[ERR] seq=1107318564 err=1480
[ERR] seq=1107318565 err=1496
[ERR] seq=1107318566 err=1536
[ERR] seq=1107318567 err=1520
[ERR] seq=1107318568 err=1584
[SEU] addr=200031DC bit=00000007
[ERR] seq=1107318697 err=7392
[ERR] seq=1107318698 err=5792
[ERR] seq=1107318699 err=7328
[ERR] seq=1107318700 err=6664
[ERR] seq=1107318701 err=6880
[ERR] seq=1107318702 err=6560
[SEU] addr=2000314E bit=00000004
[SAMPLE QUEUE CORRUPTED] primary repaired
[ERR] seq=1107318703 err=6488
[ERR] seq=1107318704 err=6272
[ERR] seq=1107318705 err=6136
[ERR] seq=1107318706 err=5952
[SEU] addr=20003151 bit=00000007
[ERR] seq=1107318707 err=5800
[ERR] seq=1107318708 err=5576
[ERR] seq=1107318709 err=5448
[ERR] seq=1107318710 err=5264
[ERR] seq=1107318711 err=5080
[SEU] addr=20003175 bit=00000002
[ERR] seq=1107318712 err=4888
[ERR] seq=1107318713 err=4720
[ERR] seq=1107318714 err=4528
[ERR] seq=1107318715 err=4344
[ERR] seq=1107318716 err=4160
[ERR] seq=1107318717 err=3976
[ERR] seq=1107318718 err=3792
[SEU] addr=2000316D bit=00000000
[ERR] seq=1107318719 err=3600
[ERR] seq=1107318720 err=3400
[SEU] addr=200031C6 bit=00000006
[ERR] seq=1107318721 err=3224
[ERR] seq=1107318722 err=3024
[ERR] seq=1107318723 err=2848
[ERR] seq=1107318724 err=2632
[ERR] seq=1107318725 err=2456
[ERR] seq=1107318726 err=2248
[SEU] addr=200031AF bit=00000002
[ERR] seq=1107318727 err=2048
[ERR] seq=1107318728 err=1840
[SEU] addr=200031AB bit=00000005
[ERR] seq=1107318729 err=1656
[ERR] seq=1107318730 err=1448
[ERR] seq=1107318731 err=1256
[ERR] seq=1107318732 err=1048
[ERR] seq=1107318733 err=880
[ERR] seq=1107318734 err=648
[ERR] seq=1107318735 err=464
[SEU] addr=200031D1 bit=00000002
[ERR] seq=1107318736 err=256
[ERR] seq=1107318737 err=56
[ERR] seq=1107318738 err=136
[SEU] addr=200031B0 bit=00000003
[ERR] seq=1107318739 err=352
[ERR] seq=1107318740 err=544
[END]
samples=2000
SEUs=368
good samples=16
errors=1984
samples omitted=0
max error=0x0000000080000590
propagations=1976
detected disturbances=43
tmr corrections=0
dmr corrections=43
crc detections=0
clamp activations=0
[HARDFAULT]
qemu: fatal: Lockup: can't escalate 3 to HardFault (current priority -1)

R00=0000000a R01=00000002 R02=4000c000 R03=00000000
R04=00000000 R05=fffffff0 R06=ffffffff R07=2000ffd8
R08=000001c0 R09=00000000 R10=00000050 R11=00000000
R12=00000080 R13=2000ffd8 R14=00003541 R15=00000d3e
XPSR=01000003 ---- T handler
FPSCR: 00000000
