START
SEED=11111111
[SEU] addr=2000316C bit=00000003
[SEU] addr=200031C2 bit=00000001
[SEU] addr=2000315B bit=00000002
[SEU] addr=20003190 bit=00000001
[ERR] seq=23 err=16
[SEU] addr=20003155 bit=00000006
[CMD QUEUE CORRUPTED] primary repaired
[SEU] addr=20003162 bit=00000006
[SEU] addr=200031CD bit=00000007
[SEU] addr=200031A8 bit=00000001
[SEU] addr=20003185 bit=00000007
[SEU] addr=200031B6 bit=00000003
[SEU] addr=200031E0 bit=00000000
[SEU] addr=200031A5 bit=00000002
[SEU] addr=2000317F bit=00000003
[SEU] addr=20003146 bit=00000003
[SAMPLE QUEUE CORRUPTED] primary repaired
[SEU] addr=20003189 bit=00000005
[SEU] addr=2000317B bit=00000005
[SEU] addr=20003197 bit=00000005
[SEU] addr=200031A5 bit=00000001
[SEU] addr=20003164 bit=00000002
[SEU] addr=200031D4 bit=00000002
[SEU] addr=200031CE bit=00000002
[SEU] addr=20003164 bit=00000000
[SEU] addr=200031DE bit=00000005
[SEU] addr=20003173 bit=00000000
[SEU] addr=200031DA bit=00000001
[SEU] addr=20003164 bit=00000001
[SEU] addr=200031C2 bit=00000003
[SEU] addr=20003179 bit=00000005
[SEU] addr=20003147 bit=00000006
[SAMPLE QUEUE CORRUPTED] primary repaired
[SEU] addr=200031C8 bit=00000007
[SEU] addr=2000318F bit=00000002
[ERR] seq=152 err=6640
[ERR] seq=153 err=528
[ERR] seq=154 err=552
[ERR] seq=155 err=56
[ERR] seq=156 err=32
[SEU] addr=20003150 bit=00000006
[SAMPLE QUEUE backup CORRUPTED] backup repaired
[SEU] addr=20003147 bit=00000003
[SAMPLE QUEUE CORRUPTED] primary repaired
[SEU] addr=20003145 bit=00000006
[SAMPLE QUEUE CORRUPTED] primary repaired
[SEU] addr=2000314D bit=00000001
[SAMPLE QUEUE backup CORRUPTED] backup repaired
[SEU] addr=20003171 bit=00000007
[SEU] addr=20003173 bit=00000000
[SEU] addr=200031D4 bit=00000004
[SEU] addr=20003165 bit=00000000
[SEU] addr=2000316B bit=00000001
[SEU] addr=200031AF bit=00000007
[SEU] addr=2000316D bit=00000003
[SEU] addr=200031E7 bit=00000003
[SEU] addr=20003183 bit=00000005
[SEU] addr=2000318B bit=00000004
[SEU] addr=200031E1 bit=00000003
[SEU] addr=20003164 bit=00000003
[SEU] addr=2000316A bit=00000000
[SEU] addr=200031D4 bit=00000004
[SEU] addr=200031BF bit=00000006
[SEU] addr=20003155 bit=00000000
[CMD QUEUE CORRUPTED] primary repaired
[SEU] addr=200031D3 bit=00000002
[SEU] addr=20003164 bit=00000001
[SEU] addr=200031D1 bit=00000004
[SEU] addr=20003178 bit=00000000
[SEU] addr=200031E6 bit=00000007
[SEU] addr=20003191 bit=00000003
[ERR] seq=297 err=2476
[ERR] seq=298 err=192
[ERR] seq=299 err=200
[ERR] seq=300 err=24
[ERR] seq=301 err=16
[SEU] addr=200031D0 bit=00000005
[SEU] addr=20003144 bit=00000002
[SAMPLE QUEUE CORRUPTED] primary repaired
[SEU] addr=2000314D bit=00000004
[SAMPLE QUEUE backup CORRUPTED] backup repaired
[SEU] addr=200031CB bit=00000006
[SEU] addr=200031A0 bit=00000001
[SEU] addr=20003153 bit=00000001
[SEU] addr=200031DC bit=00000004
[SEU] addr=20003182 bit=00000006
[SEU] addr=20003176 bit=00000002
[SEU] addr=200031AE bit=00000003
[SEU] addr=200031A8 bit=00000005
[SEU] addr=20003155 bit=00000002
[CMD QUEUE CORRUPTED] primary repaired
[SEU] addr=20003149 bit=00000001
[SEU] addr=200031C7 bit=00000004
[SEU] addr=200031C2 bit=00000001
[SEU] addr=20003151 bit=00000002
[SEU] addr=20003198 bit=00000005
[ERR] seq=389 err=256
[SEU] addr=20003179 bit=00000004
[ERR] seq=390 err=16
[ERR] seq=391 err=16
[SEU] addr=20003178 bit=00000000
[SEU] addr=200031A0 bit=00000006
[SEU] addr=200031B3 bit=00000004
[SEU] addr=2000319F bit=00000002
[SEU] addr=200031BC bit=00000003
[SEU] addr=20003181 bit=00000006
[SEU] addr=20003179 bit=00000003
[SEU] addr=200031E3 bit=00000002
[SEU] addr=200031A7 bit=00000007
[SEU] addr=20003192 bit=00000006
[ERR] seq=452 err=2500
[ERR] seq=453 err=200
[ERR] seq=454 err=216
[SEU] addr=20003177 bit=00000004
[ERR] seq=455 err=32
[ERR] seq=456 err=16
[SEU] addr=20003185 bit=00000005
[SEU] addr=200031CE bit=00000005
[SEU] addr=200031E2 bit=00000002
[SEU] addr=20003153 bit=00000007
[SEU] addr=20003181 bit=00000002
[SEU] addr=200031D1 bit=00000003
[SEU] addr=2000316D bit=00000004
[SEU] addr=2000319B bit=00000001
[ERR] seq=490 err=2484
[ERR] seq=491 err=192
[ERR] seq=492 err=200
[SEU] addr=2000314A bit=00000004
[ERR] seq=493 err=24
[ERR] seq=494 err=16
[SEU] addr=2000317A bit=00000006
[SEU] addr=20003181 bit=00000002
[SEU] addr=200031A0 bit=00000006
[SEU] addr=2000319C bit=00000007
[SEU] addr=20003165 bit=00000000
[SEU] addr=2000317C bit=00000003
[SEU] addr=20003193 bit=00000004
[ERR] seq=542 err=2548
[ERR] seq=543 err=200
[ERR] seq=544 err=216
[ERR] seq=545 err=32
[SEU] addr=20003153 bit=00000003
[ERR] seq=546 err=16
[SEU] addr=20003145 bit=00000000
[SAMPLE QUEUE CORRUPTED] primary repaired
[SEU] addr=20003196 bit=00000004
[ERR] seq=555 err=2532
[ERR] seq=556 err=200
[ERR] seq=557 err=216
[ERR] seq=558 err=32
[ERR] seq=559 err=16
[SEU] addr=20003165 bit=00000002
[SEU] addr=20003147 bit=00000000
[SAMPLE QUEUE CORRUPTED] primary repaired
[SEU] addr=20003199 bit=00000003
[ERR] seq=579 err=2516
[ERR] seq=580 err=200
[ERR] seq=581 err=216
[SEU] addr=200031D5 bit=00000006
[ERR] seq=582 err=32
[ERR] seq=583 err=16
[SEU] addr=200031AB bit=00000004
[SEU] addr=20003181 bit=00000006
[SEU] addr=2000319A bit=00000001
[ERR] seq=590 err=2484
[ERR] seq=591 err=192
[ERR] seq=592 err=200
[ERR] seq=593 err=24
[ERR] seq=594 err=16
[SEU] addr=2000316E bit=00000003
[SEU] addr=20003150 bit=00000007
[SAMPLE QUEUE backup CORRUPTED] backup repaired
[SEU] addr=200031B2 bit=00000004
[SEU] addr=200031C2 bit=00000007
[SEU] addr=200031AA bit=00000001
[SEU] addr=200031B1 bit=00000003
[SEU] addr=200031B1 bit=00000005
[SEU] addr=200031D5 bit=00000003
[SEU] addr=200031A2 bit=00000003
[SEU] addr=200031E0 bit=00000000
[SEU] addr=200031DD bit=00000002
[SEU] addr=200031CC bit=00000006
[SEU] addr=200031B0 bit=00000006
[SEU] addr=200031BC bit=00000006
[SEU] addr=20003156 bit=00000000
[CMD QUEUE CORRUPTED] primary repaired
[SEU] addr=200031AC bit=00000002
[SEU] addr=200031E9 bit=00000002
[SEU] addr=200031D6 bit=00000002
[SEU] addr=200031B0 bit=00000005
[SEU] addr=2000314A bit=00000005
[SEU] addr=200031A4 bit=00000007
[SEU] addr=20003177 bit=00000000
[SEU] addr=200031E2 bit=00000007
[SEU] addr=200031C5 bit=00000003
[SEU] addr=200031D9 bit=00000002
[SEU] addr=200031E7 bit=00000000
[SEU] addr=200031AC bit=00000002
[SEU] addr=200031D6 bit=00000003
[SEU] addr=200031C3 bit=00000000
[SEU] addr=200031BA bit=00000001
[SEU] addr=200031E1 bit=00000005
[SEU] addr=200031E7 bit=00000003
[SEU] addr=200031E7 bit=00000002
[SEU] addr=20003163 bit=00000007
[SEU] addr=200031B0 bit=00000002
[SEU] addr=200031CF bit=00000004
[SEU] addr=200031C0 bit=00000004
[SEU] addr=20003170 bit=00000000
[SEU] addr=2000317B bit=00000005
[SEU] addr=200031C0 bit=00000000
[SEU] addr=20003191 bit=00000007
[ERR] seq=830 err=2484
[ERR] seq=831 err=192
[ERR] seq=832 err=200
[ERR] seq=833 err=24
[ERR] seq=834 err=16
[SEU] addr=200031CC bit=00000004
[SEU] addr=200031B5 bit=00000007
[SEU] addr=20003183 bit=00000001
[SEU] addr=200031AE bit=00000005
[SEU] addr=20003192 bit=00000000
[ERR] seq=857 err=2468
[ERR] seq=858 err=192
[ERR] seq=859 err=200
[ERR] seq=860 err=24
[SEU] addr=2000319C bit=00000007
[ERR] seq=861 err=16
[SEU] addr=20003174 bit=00000005
[SEU] addr=20003163 bit=00000001
[SEU] addr=2000314D bit=00000005
[SAMPLE QUEUE backup CORRUPTED] backup repaired
[SEU] addr=2000318B bit=00000005
[SEU] addr=200031B1 bit=00000003
[SEU] addr=200031A3 bit=00000007
[SEU] addr=2000314F bit=00000006
[SAMPLE QUEUE backup CORRUPTED] backup repaired
[SEU] addr=2000318E bit=00000001
[ERR] seq=901 err=3320
[ERR] seq=902 err=264
[ERR] seq=903 err=272
[ERR] seq=904 err=16
[SEU] addr=200031DB bit=00000007
[ERR] seq=905 err=8
[SEU] addr=200031BA bit=00000000
[SEU] addr=2000318B bit=00000006
[SEU] addr=20003183 bit=00000000
[SEU] addr=200031DB bit=00000000
[SEU] addr=200031BD bit=00000007
[SEU] addr=200031DE bit=00000002
[SEU] addr=2000315B bit=00000000
[SEU] addr=20003183 bit=00000001
[SEU] addr=2000316B bit=00000006
[SEU] addr=200031E5 bit=00000007
[SEU] addr=20003147 bit=00000007
[SAMPLE QUEUE CORRUPTED] primary repaired
[SEU] addr=200031BD bit=00000006
[SEU] addr=200031C2 bit=00000003
[SEU] addr=200031B8 bit=00000000
[SEU] addr=200031D8 bit=00000003
[SEU] addr=2000315F bit=00000001
[CMD QUEUE backup CORRUPTED] backup repaired
[SEU] addr=200031A4 bit=00000007
[SEU] addr=2000314F bit=00000001
[SAMPLE QUEUE backup CORRUPTED] backup repaired
[SEU] addr=20003171 bit=00000000
[SEU] addr=2000318A bit=00000006
[SEU] addr=200031B2 bit=00000007
[SEU] addr=20003159 bit=00000004
[SEU] addr=2000316F bit=00000001
[SEU] addr=200031A1 bit=00000002
[SEU] addr=20003192 bit=00000004
[ERR] seq=1032 err=2548
[ERR] seq=1033 err=200
[ERR] seq=1034 err=216
[ERR] seq=1035 err=32
[ERR] seq=1036 err=16
[SEU] addr=2000314F bit=00000002
[SAMPLE QUEUE backup CORRUPTED] backup repaired
[SEU] addr=200031AE bit=00000006
[SEU] addr=200031D3 bit=00000004
[SEU] addr=2000319E bit=00000006
[SEU] addr=2000317F bit=00000000
[SEU] addr=200031EB bit=00000006
[SEU] addr=200031D3 bit=00000006
[SEU] addr=200031EB bit=00000005
[SEU] addr=200031BE bit=00000004
[SEU] addr=2000314B bit=00000000
[SEU] addr=200031DB bit=00000000
[SEU] addr=2000316B bit=00000005
[SEU] addr=200031E5 bit=00000005
[SEU] addr=200031BF bit=00000001
[SEU] addr=2000316E bit=00000002
[SEU] addr=20003192 bit=00000006
[ERR] seq=1129 err=2548
[ERR] seq=1130 err=200
[ERR] seq=1131 err=216
[ERR] seq=1132 err=32
[ERR] seq=1133 err=16
[SEU] addr=2000314D bit=00000003
[SAMPLE QUEUE backup CORRUPTED] backup repaired
[SEU] addr=200031C4 bit=00000002
[SEU] addr=2000316B bit=00000004
[SEU] addr=20003174 bit=00000002
[SEU] addr=2000315A bit=00000006
[SEU] addr=200031A4 bit=00000001
[SEU] addr=2000315A bit=00000003
[SEU] addr=20003158 bit=00000001
[CMD QUEUE CORRUPTED] primary repaired
[SEU] addr=20003188 bit=00000007
[SEU] addr=2000317E bit=00000003
[SEU] addr=200031D9 bit=00000007
[SEU] addr=200031BF bit=00000001
[SEU] addr=200031AA bit=00000003
[SEU] addr=2000317E bit=00000005
[SEU] addr=200031B6 bit=00000006
[SEU] addr=2000315A bit=00000005
[SEU] addr=2000319A bit=00000006
[ERR] seq=1213 err=2484
[ERR] seq=1214 err=192
[ERR] seq=1215 err=200
[ERR] seq=1216 err=24
[ERR] seq=1217 err=16
[SEU] addr=200031AD bit=00000005
[SEU] addr=200031CE bit=00000007
[SEU] addr=200031A5 bit=00000004
[SEU] addr=2000318E bit=00000002
[ERR] seq=1237 err=6568
[ERR] seq=1238 err=504
[ERR] seq=1239 err=528
[ERR] seq=1240 err=48
[ERR] seq=1241 err=24
[SEU] addr=200031B7 bit=00000001
[SEU] addr=2000316C bit=00000000
[SEU] addr=200031DD bit=00000006
[SEU] addr=20003177 bit=00000004
[SEU] addr=200031D1 bit=00000001
[SEU] addr=20003188 bit=00000003
[SEU] addr=20003188 bit=00000002
[SEU] addr=200031D3 bit=00000000
[SEU] addr=200031C4 bit=00000007
[SEU] addr=20003153 bit=00000001
[SEU] addr=20003180 bit=00000007
[SEU] addr=200031D6 bit=00000001
[SEU] addr=200031A7 bit=00000003
[SEU] addr=2000318D bit=00000003
[ERR] seq=1329 err=10344
[SEU] addr=20003195 bit=00000002
[ERR] seq=1330 err=3084
[SEU] addr=200031A1 bit=00000005
[ERR] seq=1331 err=1048
[ERR] seq=1332 err=304
[ERR] seq=1333 err=88
[ERR] seq=1334 err=16
[SEU] addr=20003197 bit=00000004
[ERR] seq=1335 err=2516
[ERR] seq=1336 err=200
[SEU] addr=20003162 bit=00000002
[ERR] seq=1337 err=216
[ERR] seq=1338 err=32
[ERR] seq=1339 err=16
[SEU] addr=200031D7 bit=00000007
[SEU] addr=20003161 bit=00000002
[SEU] addr=2000314D bit=00000005
[SAMPLE QUEUE backup CORRUPTED] backup repaired
[SEU] addr=200031CC bit=00000004
[SEU] addr=200031E7 bit=00000007
[SEU] addr=200031AC bit=00000006
[SEU] addr=200031A2 bit=00000002
[SEU] addr=2000315A bit=00000000
[SEU] addr=20003158 bit=00000002
[CMD QUEUE CORRUPTED] primary repaired
[SEU] addr=200031B0 bit=00000004
[SEU] addr=200031B1 bit=00000002
[SEU] addr=200031DE bit=00000002
[SEU] addr=200031A1 bit=00000003
[SEU] addr=200031A7 bit=00000001
[SEU] addr=200031B9 bit=00000001
[SEU] addr=200031C3 bit=00000000
[SEU] addr=200031C5 bit=00000007
[SEU] addr=2000315D bit=00000001
[CMD QUEUE backup CORRUPTED] backup repaired
[SEU] addr=200031A6 bit=00000006
[SEU] addr=2000317B bit=00000006
[SEU] addr=200031EB bit=00000004
[SEU] addr=200031AC bit=00000005
[SEU] addr=200031C0 bit=00000001
[SEU] addr=200031B1 bit=00000005
[SEU] addr=20003193 bit=00000005
[SEU] addr=2000318D bit=00000005
[ERR] seq=1495 err=10136
[ERR] seq=1496 err=800
[ERR] seq=1497 err=856
[ERR] seq=1498 err=112
[ERR] seq=1499 err=56
[SEU] addr=200031D5 bit=00000003
[SEU] addr=20003151 bit=00000007
[SEU] addr=200031E0 bit=00000003
[SEU] addr=20003188 bit=00000006
[SEU] addr=200031AB bit=00000004
[SEU] addr=200031C2 bit=00000001
[SEU] addr=20003153 bit=00000000
[SEU] addr=2000317E bit=00000004
[SEU] addr=20003194 bit=00000002
[ERR] seq=1544 err=32
[SEU] addr=2000318D bit=00000007
[ERR] seq=1552 err=424
[ERR] seq=1553 err=24
[ERR] seq=1554 err=24
[SEU] addr=200031D5 bit=00000000
[SEU] addr=2000319B bit=00000000
[ERR] seq=1562 err=2492
[SEU] addr=200031DA bit=00000002
[ERR] seq=1563 err=192
[ERR] seq=1564 err=200
[ERR] seq=1565 err=24
[ERR] seq=1566 err=16
[SEU] addr=2000314D bit=00000003
[SAMPLE QUEUE backup CORRUPTED] backup repaired
[SEU] addr=200031A1 bit=00000007
[SEU] addr=20003184 bit=00000005
[SEU] addr=2000318A bit=00000007
[SEU] addr=200031D6 bit=00000000
[SEU] addr=200031E3 bit=00000005
[SEU] addr=200031DC bit=00000000
[SEU] addr=2000318F bit=00000007
[ERR] seq=1610 err=153128
[ERR] seq=1611 err=7136
[ERR] seq=1612 err=7464
[ERR] seq=1613 err=1152
[ERR] seq=1614 err=664
[ERR] seq=1615 err=120
[ERR] seq=1616 err=48
[SEU] addr=200031D2 bit=00000001
[SEU] addr=200031E7 bit=00000002
[SEU] addr=20003178 bit=00000007
[SEU] addr=200031D2 bit=00000006
[SEU] addr=2000317C bit=00000005
[SEU] addr=20003169 bit=00000001
[SEU] addr=20003193 bit=00000003
[ERR] seq=1650 err=2460
[ERR] seq=1651 err=192
[ERR] seq=1652 err=200
[ERR] seq=1653 err=24
[SEU] addr=200031E1 bit=00000004
[ERR] seq=1654 err=16
[SEU] addr=200031AC bit=00000006
[SEU] addr=200031D1 bit=00000005
[SEU] addr=200031B5 bit=00000002
[SEU] addr=200031D5 bit=00000004
[SEU] addr=20003145 bit=00000001
[SAMPLE QUEUE CORRUPTED] primary repaired
[SEU] addr=20003169 bit=00000002
[SEU] addr=20003146 bit=00000000
[SAMPLE QUEUE CORRUPTED] primary repaired
[SEU] addr=20003169 bit=00000002
[SEU] addr=20003187 bit=00000000
[SEU] addr=200031D3 bit=00000007
[SEU] addr=200031CE bit=00000007
[SEU] addr=200031B8 bit=00000000
[SEU] addr=20003153 bit=00000002
[SEU] addr=200031D5 bit=00000005
[SEU] addr=20003156 bit=00000005
[CMD QUEUE CORRUPTED] primary repaired
[SEU] addr=2000315B bit=00000001
[SEU] addr=200031A0 bit=00000001
[SEU] addr=20003161 bit=00000001
[SEU] addr=200031D0 bit=00000002
[SEU] addr=20003165 bit=00000001
[SEU] addr=20003148 bit=00000006
[SAMPLE QUEUE CORRUPTED] primary repaired
[SEU] addr=20003157 bit=00000001
[CMD QUEUE CORRUPTED] primary repaired
[SEU] addr=20003185 bit=00000007
[SEU] addr=20003178 bit=00000006
[SEU] addr=200031AF bit=00000003
[SEU] addr=20003188 bit=00000003
[SEU] addr=2000317C bit=00000005
[SEU] addr=200031EA bit=00000002
[SEU] addr=200031A8 bit=00000000
[SEU] addr=20003174 bit=00000007
[SEU] addr=200031CF bit=00000000
[SEU] addr=20003172 bit=00000006
[SEU] addr=200031BD bit=00000001
[SEU] addr=2000318B bit=00000001
[SEU] addr=200031AB bit=00000004
[SEU] addr=2000318B bit=00000005
[SEU] addr=20003173 bit=00000001
[SEU] addr=2000317C bit=00000007
[SEU] addr=20003194 bit=00000000
[ERR] seq=1868 err=8
[SEU] addr=2000317A bit=00000004
[SEU] addr=2000315A bit=00000004
[SEU] addr=200031DC bit=00000006
[SEU] addr=20003172 bit=00000002
[SEU] addr=20003158 bit=00000001
[CMD QUEUE CORRUPTED] primary repaired
[SEU] addr=2000315A bit=00000007
[SEU] addr=20003179 bit=00000004
[SEU] addr=200031DE bit=00000002
[SEU] addr=20003177 bit=00000004
[SEU] addr=20003156 bit=00000007
[CMD QUEUE CORRUPTED] primary repaired
[SEU] addr=200031B4 bit=00000006
[SEU] addr=2000318F bit=00000004
[ERR] seq=1931 err=1288
[ERR] seq=1932 err=96
[ERR] seq=1933 err=96
[SEU] addr=200031E4 bit=00000007
[SEU] addr=200031CF bit=00000004
[SEU] addr=200031D4 bit=00000000
[SEU] addr=2000314B bit=00000007
[SEU] addr=2000317C bit=00000007
[SEU] addr=200031A2 bit=00000004
[SEU] addr=200031D9 bit=00000007
[SEU] addr=20003181 bit=00000002
[SEU] addr=200031E9 bit=00000000
[SEU] addr=2000319A bit=00000006
[ERR] seq=2000 err=2492
[ERR] seq=2001 err=192
[ERR] seq=2002 err=200
[ERR] seq=2003 err=24
[ERR] seq=2004 err=16
[SEU] addr=200031D3 bit=00000002
[SEU] addr=20003173 bit=00000005
[SEU] addr=200031CD bit=00000002
[SEU] addr=2000316C bit=00000003
[SEU] addr=20003157 bit=00000003
[CMD QUEUE CORRUPTED] primary repaired
[SEU] addr=200031C9 bit=00000004
[SEU] addr=200031C0 bit=00000002
[SEU] addr=200031A3 bit=00000005
[SEU] addr=200031C7 bit=00000000
[SEU] addr=20003153 bit=00000002
[SEU] addr=200031B9 bit=00000005
[SEU] addr=2000318A bit=00000004
[SEU] addr=2000316C bit=00000004
[SEU] addr=200031E6 bit=00000006
[SEU] addr=20003185 bit=00000006
[SEU] addr=2000317C bit=00000004
[SEU] addr=2000318B bit=00000001
[SEU] addr=200031E3 bit=00000001
[SEU] addr=20003188 bit=00000001
[SEU] addr=20003189 bit=00000001
[SEU] addr=2000318C bit=00000001
[ERR] seq=2117 err=176
[ERR] seq=2118 err=8
[ERR] seq=2119 err=8
[SEU] addr=20003151 bit=00000001
[SEU] addr=200031E9 bit=00000007
[SEU] addr=2000317F bit=00000005
[SEU] addr=20003169 bit=00000001
[SEU] addr=200031E7 bit=00000002
[SEU] addr=200031E2 bit=00000004
[SEU] addr=20003173 bit=00000004
[SEU] addr=20003170 bit=00000003
[SEU] addr=200031C6 bit=00000006
[SEU] addr=200031A9 bit=00000004
[SEU] addr=200031BA bit=00000000
[SEU] addr=20003145 bit=00000006
[SAMPLE QUEUE CORRUPTED] primary repaired
[SEU] addr=200031E6 bit=00000003
[SEU] addr=2000318A bit=00000000
[SEU] addr=20003156 bit=00000004
[CMD QUEUE CORRUPTED] primary repaired
[SEU] addr=20003159 bit=00000002
[SEU] addr=2000318D bit=00000003
[ERR] seq=2194 err=216
[ERR] seq=2195 err=8
[ERR] seq=2196 err=8
[SEU] addr=200031EA bit=00000006
[SEU] addr=200031B2 bit=00000006
[SEU] addr=200031CE bit=00000002
[SEU] addr=2000317D bit=00000004
[SEU] addr=200031B4 bit=00000005
[SEU] addr=2000316D bit=00000002
[SEU] addr=200031AC bit=00000006
[SEU] addr=200031B4 bit=00000006
[SEU] addr=2000314E bit=00000000
[SAMPLE QUEUE backup CORRUPTED] backup repaired
[SEU] addr=200031BB bit=00000003
[SEU] addr=200031B0 bit=00000006
[SEU] addr=200031B2 bit=00000002
[SEU] addr=20003181 bit=00000006
[SEU] addr=20003170 bit=00000002
[SEU] addr=20003188 bit=00000007
[SEU] addr=200031A9 bit=00000005
[SEU] addr=200031B0 bit=00000000
[SEU] addr=2000318A bit=00000002
[SEU] addr=200031CA bit=00000004
[SEU] addr=20003175 bit=00000001
[SEU] addr=2000314D bit=00000001
[SAMPLE QUEUE backup CORRUPTED] backup repaired
[SEU] addr=200031BF bit=00000002
[SEU] addr=20003189 bit=00000004
[SEU] addr=2000319D bit=00000000
[SEU] addr=2000318F bit=00000001
[ERR] seq=2330 err=5304
[ERR] seq=2331 err=408
[SEU] addr=200031B2 bit=00000004
[ERR] seq=2332 err=432
[ERR] seq=2333 err=48
[ERR] seq=2334 err=24
[SEU] addr=200031B7 bit=00000001
[SEU] addr=20003163 bit=00000007
[SEU] addr=2000314B bit=00000005
[SEU] addr=20003171 bit=00000002
[SEU] addr=2000317D bit=00000004
[SEU] addr=20003160 bit=00000003
[CMD QUEUE backup CORRUPTED] backup repaired
[SEU] addr=200031D2 bit=00000002
[SEU] addr=20003146 bit=00000007
[SAMPLE QUEUE CORRUPTED] primary repaired
[SEU] addr=20003174 bit=00000003
[SEU] addr=20003146 bit=00000006
[SAMPLE QUEUE CORRUPTED] primary repaired
[SEU] addr=20003159 bit=00000003
[SEU] addr=2000318E bit=00000002
[ERR] seq=2380 err=2944
[SEU] addr=20003194 bit=00000007
[ERR] seq=2381 err=1128
[ERR] seq=2382 err=184
[ERR] seq=2383 err=88
[ERR] seq=2384 err=8
[SEU] addr=200031C4 bit=00000006
[SEU] addr=20003150 bit=00000003
[SAMPLE QUEUE backup CORRUPTED] backup repaired
[SEU] addr=2000314B bit=00000002
[SEU] addr=20003176 bit=00000000
[SEU] addr=20003152 bit=00000000
[SEU] addr=2000317B bit=00000005
[SEU] addr=200031DB bit=00000007
[SEU] addr=2000318A bit=00000004
[SEU] addr=200031A6 bit=00000007
[SEU] addr=2000314D bit=00000000
[SAMPLE QUEUE backup CORRUPTED] backup repaired
[SEU] addr=20003193 bit=00000000
[ERR] seq=2441 err=2508
[ERR] seq=2442 err=200
[ERR] seq=2443 err=216
[ERR] seq=2444 err=32
[ERR] seq=2445 err=16
[SEU] addr=200031B4 bit=00000005
[SEU] addr=20003163 bit=00000000
[SEU] addr=200031C4 bit=00000004
[SEU] addr=20003149 bit=00000000
[SEU] addr=20003169 bit=00000006
[SEU] addr=20003152 bit=00000007
[SEU] addr=200031C8 bit=00000007
[SEU] addr=200031B6 bit=00000000
[SEU] addr=2000315D bit=00000005
[CMD QUEUE backup CORRUPTED] backup repaired
[SEU] addr=200031AC bit=00000006
[SEU] addr=20003190 bit=00000007
[ERR] seq=2499 err=1024
[SEU] addr=2000314C bit=00000000
[SAMPLE QUEUE backup CORRUPTED] backup repaired
[ERR] seq=2500 err=80
[ERR] seq=2501 err=80
[SEU] addr=20003189 bit=00000000
[SEU] addr=200031BC bit=00000001
[SEU] addr=200031E7 bit=00000006
[SEU] addr=200031B8 bit=00000000
[SEU] addr=20003176 bit=00000001
[SEU] addr=200031EB bit=00000003
[SEU] addr=200031A1 bit=00000005
[SEU] addr=200031C9 bit=00000002
[SEU] addr=200031B0 bit=00000000
[SEU] addr=200031C0 bit=00000003
[SEU] addr=20003161 bit=00000003
[SEU] addr=200031C8 bit=00000007
[SEU] addr=20003185 bit=00000003
[SEU] addr=20003183 bit=00000007
[SEU] addr=200031BB bit=00000007
[SEU] addr=200031E5 bit=00000006
[SEU] addr=20003164 bit=00000002
[SEU] addr=2000316C bit=00000006
[SEU] addr=20003175 bit=00000003
[SEU] addr=200031B5 bit=00000006
[SEU] addr=20003180 bit=00000002
[SEU] addr=200031B8 bit=00000005
[SEU] addr=200031DF bit=00000006
[SEU] addr=200031A2 bit=00000000
[SEU] addr=200031E0 bit=00000003
[SEU] addr=200031DB bit=00000002
[SEU] addr=2000318A bit=00000003
[SEU] addr=20003170 bit=00000005
[SEU] addr=20003147 bit=00000004
[SAMPLE QUEUE CORRUPTED] primary repaired
[SEU] addr=200031DF bit=00000005
[SEU] addr=200031B7 bit=00000001
[SEU] addr=200031D4 bit=00000003
[SEU] addr=2000314E bit=00000002
[SAMPLE QUEUE backup CORRUPTED] backup repaired
[SEU] addr=2000318B bit=00000005
[SEU] addr=200031C8 bit=00000004
[SEU] addr=200031CE bit=00000001
[SEU] addr=20003187 bit=00000007
[SEU] addr=20003175 bit=00000003
[SEU] addr=200031AF bit=00000005
[SEU] addr=2000317A bit=00000007
[SEU] addr=20003172 bit=00000002
[SEU] addr=200031D5 bit=00000002
[SEU] addr=2000317D bit=00000005
[SEU] addr=200031C8 bit=00000005
[SEU] addr=2000314D bit=00000001
[SAMPLE QUEUE backup CORRUPTED] backup repaired
[SEU] addr=200031E5 bit=00000005
[SEU] addr=20003175 bit=00000004
[SEU] addr=2000317D bit=00000002
[SEU] addr=200031A9 bit=00000004
[SEU] addr=200031C1 bit=00000000
[SEU] addr=2000319A bit=00000002
[ERR] seq=2760 err=2492
[ERR] seq=2761 err=192
[ERR] seq=2762 err=200
[SEU] addr=2000314B bit=00000000
[ERR] seq=2763 err=24
[ERR] seq=2764 err=16
[SEU] addr=2000318C bit=00000007
[ERR] seq=2768 err=9664
[ERR] seq=2769 err=768
[ERR] seq=2770 err=824
[ERR] seq=2771 err=112
[ERR] seq=2772 err=56
[SEU] addr=2000318A bit=00000004
[SEU] addr=20003176 bit=00000003
[SEU] addr=200031C6 bit=00000001
[SEU] addr=20003191 bit=00000000
[ERR] seq=2787 err=2048
[ERR] seq=2788 err=160
[ERR] seq=2789 err=168
[ERR] seq=2790 err=16
[ERR] seq=2791 err=8
[SEU] addr=2000316C bit=00000001
[SEU] addr=200031BD bit=00000003
[SEU] addr=200031C0 bit=00000001
[SEU] addr=200031D7 bit=00000004
[SEU] addr=200031DE bit=00000004
[SEU] addr=200031D2 bit=00000001
[SEU] addr=200031E3 bit=00000005
[SEU] addr=200031B3 bit=00000003
[SEU] addr=200031B0 bit=00000004
[SEU] addr=2000318F bit=00000002
[ERR] seq=2851 err=6880
[ERR] seq=2852 err=536
[ERR] seq=2853 err=560
[ERR] seq=2854 err=56
[SEU] addr=20003164 bit=00000005
[ERR] seq=2855 err=32
[SEU] addr=20003186 bit=00000003
[SEU] addr=200031CB bit=00000005
[SEU] addr=200031BB bit=00000000
[SEU] addr=200031A7 bit=00000002
[SEU] addr=200031B7 bit=00000005
[SEU] addr=20003147 bit=00000001
[SAMPLE QUEUE CORRUPTED] primary repaired
[SEU] addr=2000318C bit=00000007
[ERR] seq=2897 err=3632
[ERR] seq=2898 err=280
[ERR] seq=2899 err=288
[ERR] seq=2900 err=16
[ERR] seq=2901 err=8
[SEU] addr=20003190 bit=00000005
[ERR] seq=2904 err=256
[ERR] seq=2905 err=16
[ERR] seq=2906 err=16
[SEU] addr=20003165 bit=00000001
[SEU] addr=200031DE bit=00000001
[SEU] addr=20003188 bit=00000007
[SEU] addr=200031A6 bit=00000000
[SEU] addr=200031C3 bit=00000005
[SEU] addr=2000319E bit=00000006
[SEU] addr=200031B6 bit=00000007
[SEU] addr=2000316C bit=00000004
[SEU] addr=200031C6 bit=00000005
[SEU] addr=2000314E bit=00000006
[SAMPLE QUEUE backup CORRUPTED] backup repaired
[SEU] addr=200031BB bit=00000003
[SEU] addr=200031BC bit=00000004
[SEU] addr=200031E6 bit=00000005
[SEU] addr=20003156 bit=00000006
[CMD QUEUE CORRUPTED] primary repaired
[SEU] addr=2000314B bit=00000002
[SEU] addr=2000315B bit=00000000
[SEU] addr=2000318B bit=00000002
[SEU] addr=20003171 bit=00000004
[SEU] addr=20003190 bit=00000001
[ERR] seq=3005 err=16
[SEU] addr=20003176 bit=00000007
[SEU] addr=2000314E bit=00000000
[SAMPLE QUEUE backup CORRUPTED] backup repaired
[SEU] addr=200031A4 bit=00000004
[SEU] addr=2000317B bit=00000002
[SEU] addr=20003154 bit=00000002
[CMD QUEUE CORRUPTED] primary repaired
[SEU] addr=200031D2 bit=00000007
[SEU] addr=200031D4 bit=00000007
[SEU] addr=20003192 bit=00000007
[ERR] seq=3040 err=2452
[ERR] seq=3041 err=192
[ERR] seq=3042 err=200
[ERR] seq=3043 err=24
[SEU] addr=20003148 bit=00000003
[SAMPLE QUEUE CORRUPTED] primary repaired
[ERR] seq=3044 err=16
[SEU] addr=20003160 bit=00000006
[CMD QUEUE backup CORRUPTED] backup repaired
[SEU] addr=200031C9 bit=00000006
[SEU] addr=200031AA bit=00000006
[SEU] addr=20003185 bit=00000006
[SEU] addr=2000316D bit=00000006
[SEU] addr=200031C9 bit=00000003
[SEU] addr=20003188 bit=00000003
[SEU] addr=200031C7 bit=00000003
[SEU] addr=200031E9 bit=00000006
[SEU] addr=200031C2 bit=00000005
[SEU] addr=200031BC bit=00000005
[SEU] addr=200031C1 bit=00000001
[SEU] addr=2000318A bit=00000002
[SEU] addr=200031B7 bit=00000005
[SEU] addr=2000315E bit=00000005
[CMD QUEUE backup CORRUPTED] backup repaired
[SEU] addr=200031AA bit=00000001
[SEU] addr=200031D8 bit=00000006
[SEU] addr=20003188 bit=00000000
[SEU] addr=20003159 bit=00000005
[SEU] addr=2000314B bit=00000007
[SEU] addr=2000314D bit=00000006
[SAMPLE QUEUE backup CORRUPTED] backup repaired
[SEU] addr=200031AD bit=00000006
[SEU] addr=2000315A bit=00000002
[SEU] addr=200031AE bit=00000001
[SEU] addr=200031B8 bit=00000001
[SEU] addr=20003186 bit=00000001
[SEU] addr=2000318B bit=00000004
[SEU] addr=2000315A bit=00000004
[SEU] addr=200031DA bit=00000003
[SEU] addr=2000315F bit=00000003
[CMD QUEUE backup CORRUPTED] backup repaired
[SEU] addr=200031A2 bit=00000001
[SEU] addr=200031AE bit=00000007
[SEU] addr=2000315D bit=00000006
[CMD QUEUE backup CORRUPTED] backup repaired
[SEU] addr=20003155 bit=00000007
[CMD QUEUE CORRUPTED] primary repaired
[SEU] addr=20003154 bit=00000001
[CMD QUEUE CORRUPTED] primary repaired
[SEU] addr=20003173 bit=00000002
[SEU] addr=20003165 bit=00000002
[SEU] addr=20003156 bit=00000006
[CMD QUEUE CORRUPTED] primary repaired
[SEU] addr=200031A4 bit=00000000
[SEU] addr=2000318E bit=00000002
[ERR] seq=3287 err=968
[ERR] seq=3288 err=64
[ERR] seq=3289 err=64
[SEU] addr=20003199 bit=00000001
[ERR] seq=3291 err=2484
[ERR] seq=3292 err=192
[ERR] seq=3293 err=200
[ERR] seq=3294 err=24
[ERR] seq=3295 err=16
[SEU] addr=200031D4 bit=00000004
[SEU] addr=20003170 bit=00000001
[SEU] addr=200031B9 bit=00000000
[SEU] addr=20003160 bit=00000006
[CMD QUEUE backup CORRUPTED] backup repaired
[SEU] addr=2000317E bit=00000004
[SEU] addr=200031E3 bit=00000005
[SEU] addr=20003172 bit=00000006
[SEU] addr=200031D8 bit=00000001
[SEU] addr=20003199 bit=00000001
[ERR] seq=3338 err=2500
[ERR] seq=3339 err=200
[SEU] addr=20003193 bit=00000004
[ERR] seq=3340 err=2724
[ERR] seq=3341 err=232
[ERR] seq=3342 err=232
[ERR] seq=3343 err=32
[SEU] addr=20003178 bit=00000006
[ERR] seq=3344 err=16
[SEU] addr=20003176 bit=00000005
[SEU] addr=200031A6 bit=00000006
[SEU] addr=20003150 bit=00000004
[SAMPLE QUEUE backup CORRUPTED] backup repaired
[SEU] addr=200031C1 bit=00000000
[SEU] addr=2000317A bit=00000001
[SEU] addr=200031A3 bit=00000007
[SEU] addr=200031B3 bit=00000007
[SEU] addr=2000317B bit=00000005
[SEU] addr=20003192 bit=00000005
[ERR] seq=3400 err=2452
[ERR] seq=3401 err=192
[ERR] seq=3402 err=200
[ERR] seq=3403 err=24
[ERR] seq=3404 err=16
[SEU] addr=200031B3 bit=00000005
[SEU] addr=2000318E bit=00000005
[ERR] seq=3410 err=6248
[ERR] seq=3411 err=496
[ERR] seq=3412 err=520
[ERR] seq=3413 err=48
[ERR] seq=3414 err=24
[SEU] addr=200031A6 bit=00000002
[SEU] addr=20003152 bit=00000000
[SEU] addr=200031DE bit=00000001
[SEU] addr=20003184 bit=00000005
[SEU] addr=2000315B bit=00000006
[SEU] addr=200031D0 bit=00000004
[SEU] addr=200031D2 bit=00000005
[SEU] addr=2000315F bit=00000001
[CMD QUEUE backup CORRUPTED] backup repaired
[SEU] addr=200031A1 bit=00000004
[SEU] addr=200031A8 bit=00000003
[SEU] addr=2000317D bit=00000005
[SEU] addr=2000314C bit=00000003
[SAMPLE QUEUE backup CORRUPTED] backup repaired
[SEU] addr=200031AB bit=00000002
[SEU] addr=200031BC bit=00000000
[SEU] addr=200031CD bit=00000000
[SEU] addr=20003195 bit=00000001
[ERR] seq=3493 err=2516
[ERR] seq=3494 err=200
[ERR] seq=3495 err=216
[ERR] seq=3496 err=32
[ERR] seq=3497 err=16
[SEU] addr=2000318B bit=00000003
[SEU] addr=200031A3 bit=00000004
[SEU] addr=20003182 bit=00000004
[SEU] addr=2000314E bit=00000003
[SAMPLE QUEUE backup CORRUPTED] backup repaired
[SEU] addr=200031D4 bit=00000005
[SEU] addr=200031D2 bit=00000007
[SEU] addr=20003170 bit=00000002
[SEU] addr=20003194 bit=00000003
[ERR] seq=3537 err=64
[SEU] addr=20003176 bit=00000007
[SEU] addr=2000319A bit=00000000
[ERR] seq=3545 err=2508
[ERR] seq=3546 err=200
[ERR] seq=3547 err=216
[ERR] seq=3548 err=32
[SEU] addr=20003167 bit=00000001
[ERR] seq=3549 err=16
[SEU] addr=200031C3 bit=00000004
[SEU] addr=20003158 bit=00000004
[CMD QUEUE CORRUPTED] primary repaired
[SEU] addr=200031EB bit=00000005
[SEU] addr=20003144 bit=00000002
[SAMPLE QUEUE CORRUPTED] primary repaired
[SEU] addr=200031CF bit=00000001
[SEU] addr=20003147 bit=00000000
[SAMPLE QUEUE CORRUPTED] primary repaired
[SEU] addr=2000314B bit=00000006
[SEU] addr=20003171 bit=00000007
[SEU] addr=200031D5 bit=00000005
[SEU] addr=20003189 bit=00000000
[SEU] addr=20003166 bit=00000006
[SEU] addr=20003161 bit=00000002
[SEU] addr=20003149 bit=00000006
[SEU] addr=2000316F bit=00000007
[SEU] addr=20003177 bit=00000007
[SEU] addr=20003197 bit=00000001
[ERR] seq=3648 err=2468
[ERR] seq=3649 err=192
[ERR] seq=3650 err=200
[ERR] seq=3651 err=24
[ERR] seq=3652 err=16
[SEU] addr=200031E4 bit=00000007
[SEU] addr=2000318B bit=00000007
[SEU] addr=200031DF bit=00000004
[SEU] addr=200031A9 bit=00000004
[SEU] addr=200031E3 bit=00000004
[SEU] addr=2000315B bit=00000006
[SEU] addr=200031E1 bit=00000001
[SEU] addr=20003163 bit=00000005
[SEU] addr=20003181 bit=00000003
[SEU] addr=2000315E bit=00000004
[CMD QUEUE backup CORRUPTED] backup repaired
[SEU] addr=2000315E bit=00000001
[CMD QUEUE backup CORRUPTED] backup repaired
[SEU] addr=20003177 bit=00000007
[SEU] addr=20003151 bit=00000000
[SEU] addr=2000316B bit=00000005
[SEU] addr=20003171 bit=00000007
[SEU] addr=2000318C bit=00000002
[ERR] seq=3729 err=240
[ERR] seq=3730 err=8
[ERR] seq=3731 err=8
[SEU] addr=20003196 bit=00000007
[ERR] seq=3737 err=2516
[ERR] seq=3738 err=200
[ERR] seq=3739 err=216
[ERR] seq=3740 err=32
[ERR] seq=3741 err=16
[SEU] addr=20003173 bit=00000000
[SEU] addr=2000317B bit=00000001
[SEU] addr=20003183 bit=00000002
[SEU] addr=200031E8 bit=00000005
[SEU] addr=20003158 bit=00000004
[CMD QUEUE CORRUPTED] primary repaired
[SEU] addr=20003168 bit=00000007
[SEU] addr=200031B4 bit=00000001
[SEU] addr=2000317F bit=00000002
[SEU] addr=20003190 bit=00000007
[ERR] seq=3794 err=1024
[ERR] seq=3795 err=80
[SEU] addr=20003191 bit=00000002
[ERR] seq=3796 err=2548
[ERR] seq=3797 err=200
[ERR] seq=3798 err=216
[ERR] seq=3799 err=32
[ERR] seq=3800 err=16
[SEU] addr=200031D8 bit=00000002
[SEU] addr=200031B6 bit=00000005
[SEU] addr=200031C5 bit=00000004
[SEU] addr=20003155 bit=00000001
[CMD QUEUE CORRUPTED] primary repaired
[SEU] addr=200031A6 bit=00000003
[SEU] addr=2000315F bit=00000002
[CMD QUEUE backup CORRUPTED] backup repaired
[SEU] addr=200031AE bit=00000002
[SEU] addr=20003171 bit=00000005
[SEU] addr=200031B1 bit=00000005
[SEU] addr=20003186 bit=00000005
[SEU] addr=20003163 bit=00000001
[SEU] addr=200031A8 bit=00000001
[SEU] addr=20003146 bit=00000006
[SAMPLE QUEUE CORRUPTED] primary repaired
[SEU] addr=200031B5 bit=00000006
[SEU] addr=200031BE bit=00000004
[SEU] addr=2000314A bit=00000005
[SEU] addr=200031E4 bit=00000006
[SEU] addr=200031DB bit=00000004
[SEU] addr=200031E1 bit=00000007
[SEU] addr=20003169 bit=00000000
[SEU] addr=2000315F bit=00000007
[CMD QUEUE backup CORRUPTED] backup repaired
[SEU] addr=200031CF bit=00000002
[SEU] addr=20003188 bit=00000005
[SEU] addr=200031E0 bit=00000006
[SEU] addr=200031A6 bit=00000000
[SEU] addr=200031A5 bit=00000004
[SEU] addr=200031C1 bit=00000004
[SEU] addr=20003172 bit=00000007
[SEU] addr=20003189 bit=00000003
[SEU] addr=200031A0 bit=00000006
[SEU] addr=200031AB bit=00000005
[SEU] addr=200031AE bit=00000001
[SEU] addr=20003146 bit=00000006
[SAMPLE QUEUE CORRUPTED] primary repaired
[SEU] addr=20003163 bit=00000007
[SEU] addr=20003156 bit=00000007
[CMD QUEUE CORRUPTED] primary repaired
[SEU] addr=20003197 bit=00000000
[ERR] seq=3990 err=2468
[ERR] seq=3991 err=192
[ERR] seq=3992 err=200
[SEU] addr=20003160 bit=00000004
[CMD QUEUE backup CORRUPTED] backup repaired
[ERR] seq=3993 err=24
[ERR] seq=3994 err=16
[SEU] addr=200031C9 bit=00000006
[SEU] addr=20003190 bit=00000000
[ERR] seq=3998 err=8
[SEU] addr=200031EA bit=00000000
[SEU] addr=2000317F bit=00000000
[SEU] addr=20003144 bit=00000000
[SAMPLE QUEUE CORRUPTED] primary repaired
[SEU] addr=2000314C bit=00000007
[SAMPLE QUEUE backup CORRUPTED] backup repaired
[SEU] addr=20003188 bit=00000001
[SEU] addr=20003145 bit=00000006
[SAMPLE QUEUE CORRUPTED] primary repaired
[SEU] addr=200031AF bit=00000007
[SEU] addr=20003174 bit=00000002
[SEU] addr=20003198 bit=00000001
[ERR] seq=4047 err=16
[SEU] addr=2000315F bit=00000007
[CMD QUEUE backup CORRUPTED] backup repaired
[SEU] addr=20003158 bit=00000007
[CMD QUEUE CORRUPTED] primary repaired
[SEU] addr=200031E9 bit=00000007
[SEU] addr=20003177 bit=00000000
[SEU] addr=20003174 bit=00000002
[SEU] addr=2000314F bit=00000007
[SAMPLE QUEUE backup CORRUPTED] backup repaired
[SEU] addr=2000319F bit=00000007
[SEU] addr=20003166 bit=00000006
[SEU] addr=200031A4 bit=00000001
[SEU] addr=200031C0 bit=00000007
[SEU] addr=2000319C bit=00000002
[SEU] addr=200031D8 bit=00000000
[SEU] addr=200031C7 bit=00000005
[SEU] addr=200031D1 bit=00000007
[SEU] addr=200031D4 bit=00000004
[SEU] addr=2000318A bit=00000001
[SEU] addr=20003178 bit=00000002
[SEU] addr=200031BA bit=00000003
[SEU] addr=200031E1 bit=00000002
[SEU] addr=20003194 bit=00000007
[ERR] seq=4146 err=1024
[ERR] seq=4147 err=80
[ERR] seq=4148 err=80
[SEU] addr=20003181 bit=00000003
[SEU] addr=2000318B bit=00000004
[SEU] addr=200031D9 bit=00000007
[SEU] addr=20003169 bit=00000005
[SEU] addr=200031D8 bit=00000001
[SEU] addr=200031A0 bit=00000007
[SEU] addr=20003185 bit=00000005
[SEU] addr=2000314F bit=00000001
[SAMPLE QUEUE backup CORRUPTED] backup repaired
[SEU] addr=200031D0 bit=00000007
[SEU] addr=200031E9 bit=00000005
[SEU] addr=200031BF bit=00000005
[SEU] addr=200031B9 bit=00000003
[SEU] addr=20003154 bit=00000003
[CMD QUEUE CORRUPTED] primary repaired
[SEU] addr=20003158 bit=00000002
[CMD QUEUE CORRUPTED] primary repaired
[SEU] addr=20003175 bit=00000007
[SEU] addr=2000317D bit=00000003
[SEU] addr=200031BE bit=00000005
[SEU] addr=20003180 bit=00000005
[SEU] addr=200031DB bit=00000003
[SEU] addr=200031DC bit=00000000
[SEU] addr=200031EB bit=00000004
[SEU] addr=200031CA bit=00000006
[SEU] addr=2000319F bit=00000004
[SEU] addr=200031C1 bit=00000002
[SEU] addr=20003189 bit=00000002
[SEU] addr=200031E9 bit=00000005
[SEU] addr=20003169 bit=00000007
[SEU] addr=200031CC bit=00000001
[SEU] addr=2000316B bit=00000004
[SEU] addr=200031C7 bit=00000004
[SEU] addr=2000315E bit=00000004
[CMD QUEUE backup CORRUPTED] backup repaired
[SEU] addr=2000319F bit=00000003
[SEU] addr=200031BB bit=00000005
[SEU] addr=2000315E bit=00000005
[CMD QUEUE backup CORRUPTED] backup repaired
[SEU] addr=20003155 bit=00000004
[CMD QUEUE CORRUPTED] primary repaired
[SEU] addr=2000316A bit=00000002
[SEU] addr=20003153 bit=00000001
[SEU] addr=200031CA bit=00000002
[SEU] addr=20003174 bit=00000003
[SEU] addr=2000315B bit=00000006
[SEU] addr=20003195 bit=00000004
[ERR] seq=4388 err=2524
[ERR] seq=4389 err=200
[ERR] seq=4390 err=216
[ERR] seq=4391 err=32
[ERR] seq=4392 err=16
[SEU] addr=200031E0 bit=00000005
[SEU] addr=200031B9 bit=00000000
[SEU] addr=20003161 bit=00000006
[SEU] addr=20003167 bit=00000000
[SEU] addr=2000315F bit=00000005
[CMD QUEUE backup CORRUPTED] backup repaired
[SEU] addr=200031B1 bit=00000002
[SEU] addr=200031B5 bit=00000000
[SEU] addr=2000314E bit=00000000
[SAMPLE QUEUE backup CORRUPTED] backup repaired
[SEU] addr=200031E5 bit=00000005
[SEU] addr=20003174 bit=00000001
[SEU] addr=20003166 bit=00000004
[SEU] addr=200031AC bit=00000002
[SEU] addr=200031A6 bit=00000000
[SEU] addr=20003167 bit=00000007
[SEU] addr=20003195 bit=00000007
[ERR] seq=4467 err=2524
[ERR] seq=4468 err=200
[SEU] addr=200031B6 bit=00000003
[ERR] seq=4469 err=216
[ERR] seq=4470 err=32
[ERR] seq=4471 err=16
[SEU] addr=20003175 bit=00000004
[SEU] addr=200031BB bit=00000003
[SEU] addr=20003169 bit=00000005
[SEU] addr=200031D5 bit=00000001
[SEU] addr=2000319B bit=00000005
[SEU] addr=200031BB bit=00000004
[SEU] addr=200031E7 bit=00000000
[SEU] addr=2000318E bit=00000000
[ERR] seq=4515 err=1616
[ERR] seq=4516 err=112
[ERR] seq=4517 err=112
[SEU] addr=2000317A bit=00000002
[SEU] addr=200031BD bit=00000006
[SEU] addr=20003163 bit=00000007
[SEU] addr=2000315F bit=00000001
[CMD QUEUE backup CORRUPTED] backup repaired
[SEU] addr=200031CA bit=00000000
[SEU] addr=20003184 bit=00000005
[SEU] addr=200031D1 bit=00000005
[SEU] addr=200031DE bit=00000004
[SEU] addr=200031DD bit=00000002
[SEU] addr=200031A3 bit=00000003
[SEU] addr=200031BF bit=00000003
[SEU] addr=200031A3 bit=00000001
[SEU] addr=20003174 bit=00000000
[SEU] addr=200031B5 bit=00000001
[SEU] addr=20003188 bit=00000000
[SEU] addr=20003194 bit=00000002
[ERR] seq=4615 err=32
[SEU] addr=2000317C bit=00000002
[SEU] addr=20003181 bit=00000001
[SEU] addr=200031A6 bit=00000001
[SEU] addr=20003170 bit=00000005
[SEU] addr=20003198 bit=00000004
[ERR] seq=4651 err=128
[ERR] seq=4652 err=8
[ERR] seq=4653 err=8
[SEU] addr=2000314E bit=00000006
[SAMPLE QUEUE backup CORRUPTED] backup repaired
[SEU] addr=2000317B bit=00000004
[SEU] addr=2000318F bit=00000007
[ERR] seq=4664 err=213568
[ERR] seq=4665 err=7644
[ERR] seq=4666 err=7364
[ERR] seq=4667 err=1176
[ERR] seq=4668 err=648
[ERR] seq=4669 err=120
[SEU] addr=2000315B bit=00000002
[ERR] seq=4670 err=48
[SEU] addr=20003153 bit=00000004
[SEU] addr=20003161 bit=00000000
[SEU] addr=2000319E bit=00000001
[SEU] addr=200031A1 bit=00000004
[SEU] addr=20003168 bit=00000007
[SEU] addr=2000318D bit=00000002
[ERR] seq=4698 err=6960
[ERR] seq=4699 err=544
[ERR] seq=4700 err=576
[SEU] addr=2000319C bit=00000000
[ERR] seq=4701 err=64
[ERR] seq=4702 err=32
[SEU] addr=200031A1 bit=00000001
[SEU] addr=200031D7 bit=00000007
[SEU] addr=20003189 bit=00000005
[SEU] addr=200031C5 bit=00000005
[SEU] addr=20003149 bit=00000000
[SEU] addr=2000318C bit=00000000
[ERR] seq=4739 err=64
[SEU] addr=200031D0 bit=00000003
[SEU] addr=20003190 bit=00000007
[ERR] seq=4748 err=1024
[ERR] seq=4749 err=80
[ERR] seq=4750 err=80
[SEU] addr=20003169 bit=00000003
[SEU] addr=20003198 bit=00000004
[ERR] seq=4762 err=128
[ERR] seq=4763 err=8
[ERR] seq=4764 err=8
[SEU] addr=20003177 bit=00000003
[SEU] addr=200031DE bit=00000002
[SEU] addr=20003171 bit=00000001
[SEU] addr=2000317E bit=00000004
[SEU] addr=200031CB bit=00000003
[SEU] addr=200031AF bit=00000000
[SEU] addr=200031D0 bit=00000004
[SEU] addr=2000315C bit=00000006
[CMD QUEUE backup CORRUPTED] backup repaired
[SEU] addr=200031B9 bit=00000000
[SEU] addr=200031BE bit=00000004
[SEU] addr=20003187 bit=00000000
[SEU] addr=20003163 bit=00000001
[SEU] addr=200031E4 bit=00000006
[SEU] addr=20003146 bit=00000005
[SAMPLE QUEUE CORRUPTED] primary repaired
[SEU] addr=20003166 bit=00000005
[SEU] addr=200031AF bit=00000003
[SEU] addr=20003180 bit=00000006
[SEU] addr=2000315A bit=00000007
[SEU] addr=200031D4 bit=00000007
[SEU] addr=200031D6 bit=00000003
[SEU] addr=2000315B bit=00000005
[SEU] addr=2000317D bit=00000000
[SEU] addr=200031D1 bit=00000000
[SEU] addr=200031EA bit=00000006
[SEU] addr=200031C5 bit=00000003
[SEU] addr=200031A7 bit=00000007
[SEU] addr=200031BB bit=00000005
[SEU] addr=20003160 bit=00000002
[CMD QUEUE backup CORRUPTED] backup repaired
[SEU] addr=2000316D bit=00000001
[SEU] addr=200031D8 bit=00000004
[SEU] addr=2000316F bit=00000006
[SEU] addr=200031BE bit=00000001
[SEU] addr=200031B5 bit=00000007
[SEU] addr=200031EA bit=00000006
[SEU] addr=20003152 bit=00000005
[SEU] addr=200031D2 bit=00000000
[SEU] addr=200031BB bit=00000004
[SEU] addr=200031C3 bit=00000006
[SEU] addr=2000317A bit=00000006
[SEU] addr=20003159 bit=00000004
[SEU] addr=200031B7 bit=00000004
[SEU] addr=20003192 bit=00000004
[ERR] seq=5003 err=2556
[ERR] seq=5004 err=200
[ERR] seq=5005 err=216
[ERR] seq=5006 err=32
[ERR] seq=5007 err=16
[SEU] addr=200031BA bit=00000003
[SEU] addr=200031C2 bit=00000002
[SEU] addr=200031D2 bit=00000000
[SEU] addr=200031CD bit=00000001
[SEU] addr=20003182 bit=00000000
[SEU] addr=200031AD bit=00000001
[SEU] addr=200031CE bit=00000000
[SEU] addr=200031C6 bit=00000001
[SEU] addr=20003151 bit=00000006
[SEU] addr=20003156 bit=00000007
[CMD QUEUE CORRUPTED] primary repaired
[SEU] addr=2000317A bit=00000006
[SEU] addr=200031C4 bit=00000007
[SEU] addr=200031EB bit=00000007
[SEU] addr=2000317C bit=00000002
[SEU] addr=2000315B bit=00000003
[SEU] addr=200031D9 bit=00000001
[SEU] addr=20003149 bit=00000006
[SEU] addr=2000314B bit=00000004
[SEU] addr=200031DD bit=00000003
[SEU] addr=20003146 bit=00000000
[SAMPLE QUEUE CORRUPTED] primary repaired
[SEU] addr=200031EB bit=00000007
[SEU] addr=20003197 bit=00000005
[SEU] addr=20003164 bit=00000005
[SEU] addr=200031A3 bit=00000007
[SEU] addr=20003161 bit=00000002
[SEU] addr=20003191 bit=00000005
[ERR] seq=5153 err=2484
[ERR] seq=5154 err=192
[ERR] seq=5155 err=200
[ERR] seq=5156 err=24
[ERR] seq=5157 err=16
[SEU] addr=20003192 bit=00000001
[ERR] seq=5161 err=2476
[ERR] seq=5162 err=192
[ERR] seq=5163 err=200
[ERR] seq=5164 err=24
[ERR] seq=5165 err=16
[SEU] addr=20003191 bit=00000004
[ERR] seq=5169 err=2468
[ERR] seq=5170 err=192
[SEU] addr=20003154 bit=00000006
[CMD QUEUE CORRUPTED] primary repaired
[ERR] seq=5171 err=200
[ERR] seq=5172 err=24
[ERR] seq=5173 err=16
[SEU] addr=200031A7 bit=00000002
[SEU] addr=200031A5 bit=00000003
[SEU] addr=20003190 bit=00000007
[ERR] seq=5192 err=1024
[SEU] addr=200031D2 bit=00000002
[ERR] seq=5193 err=80
[ERR] seq=5194 err=80
[SEU] addr=20003157 bit=00000002
[CMD QUEUE CORRUPTED] primary repaired
[SEU] addr=200031A5 bit=00000005
[SEU] addr=20003177 bit=00000003
[SEU] addr=200031A0 bit=00000004
[SEU] addr=20003151 bit=00000001
[SEU] addr=2000315A bit=00000002
[SEU] addr=200031CC bit=00000006
[SEU] addr=200031E6 bit=00000005
[SEU] addr=20003171 bit=00000003
[SEU] addr=2000314F bit=00000001
[SAMPLE QUEUE backup CORRUPTED] backup repaired
[SEU] addr=2000319C bit=00000004
[SEU] addr=200031AC bit=00000006
[SEU] addr=200031D5 bit=00000005
[SEU] addr=20003187 bit=00000004
[SEU] addr=200031CA bit=00000007
[SEU] addr=200031B1 bit=00000001
[SEU] addr=20003188 bit=00000002
[SEU] addr=2000319C bit=00000000
[SEU] addr=2000316B bit=00000002
[SEU] addr=20003146 bit=00000003
[SAMPLE QUEUE CORRUPTED] primary repaired
[SEU] addr=20003194 bit=00000000
[ERR] seq=5293 err=8
[SEU] addr=200031BA bit=00000003
[SEU] addr=20003169 bit=00000000
[SEU] addr=20003194 bit=00000007
[ERR] seq=5306 err=1024
[ERR] seq=5307 err=80
[ERR] seq=5308 err=80
[SEU] addr=200031DE bit=00000002
[SEU] addr=200031E5 bit=00000001
[SEU] addr=200031C2 bit=00000006
[SEU] addr=20003198 bit=00000007
[ERR] seq=5337 err=1024
[ERR] seq=5338 err=80
[ERR] seq=5339 err=80
[SEU] addr=2000318C bit=00000004
[ERR] seq=5346 err=1376
[ERR] seq=5347 err=96
[ERR] seq=5348 err=96
[SEU] addr=200031EA bit=00000000
[SEU] addr=200031B2 bit=00000006
[SEU] addr=200031E7 bit=00000002
[SEU] addr=2000316B bit=00000001
[SEU] addr=20003187 bit=00000006
[SEU] addr=20003154 bit=00000006
[CMD QUEUE CORRUPTED] primary repaired
[SEU] addr=20003181 bit=00000003
[SEU] addr=200031DF bit=00000004
[SEU] addr=200031B4 bit=00000006
[SEU] addr=2000315A bit=00000001
[SEU] addr=200031D6 bit=00000005
[SEU] addr=200031D8 bit=00000000
[SEU] addr=20003163 bit=00000001
[SEU] addr=200031E2 bit=00000005
[SEU] addr=200031B6 bit=00000007
[SEU] addr=2000316B bit=00000007
[SEU] addr=200031EB bit=00000003
[SEU] addr=20003171 bit=00000002
[SEU] addr=20003180 bit=00000006
[SEU] addr=20003181 bit=00000006
[SEU] addr=200031BB bit=00000007
[SEU] addr=20003185 bit=00000003
[SEU] addr=200031BC bit=00000007
[SEU] addr=200031E5 bit=00000006
[SEU] addr=20003196 bit=00000005
[ERR] seq=5481 err=2492
[ERR] seq=5482 err=192
[ERR] seq=5483 err=200
[ERR] seq=5484 err=24
[SEU] addr=2000316B bit=00000003
[ERR] seq=5485 err=16
[SEU] addr=20003170 bit=00000004
[SEU] addr=20003173 bit=00000001
[SEU] addr=200031D1 bit=00000000
[SEU] addr=200031AA bit=00000001
[SEU] addr=200031B6 bit=00000006
[SEU] addr=200031D5 bit=00000007
[SEU] addr=20003148 bit=00000005
[SAMPLE QUEUE CORRUPTED] primary repaired
[SEU] addr=200031BD bit=00000004
[SEU] addr=200031CF bit=00000002
[SEU] addr=20003149 bit=00000003
[SEU] addr=200031A1 bit=00000003
[SEU] addr=20003184 bit=00000004
[SEU] addr=200031CA bit=00000003
[SEU] addr=200031BD bit=00000002
[SEU] addr=2000315B bit=00000002
[SEU] addr=200031BA bit=00000001
[SEU] addr=200031DD bit=00000000
[SEU] addr=20003189 bit=00000001
[SEU] addr=2000319A bit=00000005
[ERR] seq=5596 err=2492
[ERR] seq=5597 err=192
[ERR] seq=5598 err=200
[ERR] seq=5599 err=24
[ERR] seq=5600 err=16
[SEU] addr=20003146 bit=00000003
[SAMPLE QUEUE CORRUPTED] primary repaired
[SEU] addr=200031E0 bit=00000001
[SEU] addr=20003163 bit=00000000
[SEU] addr=200031B8 bit=00000003
[SEU] addr=200031DA bit=00000003
[SEU] addr=20003156 bit=00000002
[CMD QUEUE CORRUPTED] primary repaired
[SEU] addr=2000314E bit=00000001
[SAMPLE QUEUE backup CORRUPTED] backup repaired
[SEU] addr=200031EB bit=00000004
[SEU] addr=200031AD bit=00000007
[SEU] addr=200031C0 bit=00000002
[SEU] addr=20003149 bit=00000004
[SEU] addr=20003165 bit=00000001
[SEU] addr=200031DF bit=00000003
[SEU] addr=200031BE bit=00000005
[SEU] addr=20003174 bit=00000005
[SEU] addr=200031E9 bit=00000007
[SEU] addr=20003160 bit=00000005
[CMD QUEUE backup CORRUPTED] backup repaired
[SEU] addr=20003174 bit=00000001
[SEU] addr=200031D7 bit=00000000
[SEU] addr=200031E4 bit=00000000
[SEU] addr=20003191 bit=00000003
[ERR] seq=5710 err=2452
[ERR] seq=5711 err=192
[ERR] seq=5712 err=200
[ERR] seq=5713 err=24
[ERR] seq=5714 err=16
[SEU] addr=2000318B bit=00000005
[SEU] addr=20003188 bit=00000006
[SEU] addr=200031D2 bit=00000002
[SEU] addr=20003194 bit=00000000
[ERR] seq=5735 err=8
[SEU] addr=20003167 bit=00000001
[SEU] addr=200031EB bit=00000004
[SEU] addr=200031DC bit=00000005
[SEU] addr=200031B4 bit=00000007
[SEU] addr=200031B8 bit=00000002
[SEU] addr=20003188 bit=00000000
[SEU] addr=200031E3 bit=00000006
[SEU] addr=20003165 bit=00000007
[SEU] addr=2000317A bit=00000005
[SEU] addr=200031BE bit=00000003
[SEU] addr=200031BF bit=00000003
[SEU] addr=200031AA bit=00000001
[SEU] addr=2000315B bit=00000005
[SEU] addr=20003185 bit=00000001
[SEU] addr=200031B3 bit=00000002
[SEU] addr=20003181 bit=00000006
[SEU] addr=200031A2 bit=00000006
[SEU] addr=200031A7 bit=00000000
[SEU] addr=20003167 bit=00000002
[SEU] addr=2000314D bit=00000005
[SAMPLE QUEUE backup CORRUPTED] backup repaired
[SEU] addr=200031E0 bit=00000003
[SEU] addr=20003162 bit=00000006
[SEU] addr=200031D8 bit=00000007
[SEU] addr=20003174 bit=00000001
[SEU] addr=200031E8 bit=00000000
[SEU] addr=2000314C bit=00000005
[SAMPLE QUEUE backup CORRUPTED] backup repaired
[SEU] addr=200031CA bit=00000005
[SEU] addr=20003193 bit=00000006
[SEU] addr=200031C9 bit=00000002
[SEU] addr=20003186 bit=00000001
[SEU] addr=200031A1 bit=00000001
[SEU] addr=200031AA bit=00000000
[SEU] addr=200031DE bit=00000007
[SEU] addr=2000317A bit=00000003
[SEU] addr=2000314A bit=00000005
[SEU] addr=20003190 bit=00000001
[ERR] seq=5911 err=16
[SEU] addr=20003195 bit=00000000
[ERR] seq=5917 err=2048
[ERR] seq=5918 err=160
[ERR] seq=5919 err=168
[ERR] seq=5920 err=16
[ERR] seq=5921 err=8
[SEU] addr=2000314B bit=00000003
[SEU] addr=200031E2 bit=00000007
[SEU] addr=20003189 bit=00000000
[SEU] addr=20003188 bit=00000000
[SEU] addr=200031D3 bit=00000002
[SEU] addr=200031D4 bit=00000005
[SEU] addr=200031D9 bit=00000005
[SEU] addr=20003171 bit=00000007
[SEU] addr=200031DF bit=00000006
[SEU] addr=200031C5 bit=00000002
[SEU] addr=2000317E bit=00000006
[SEU] addr=200031E7 bit=00000002
[SEU] addr=20003190 bit=00000003
[ERR] seq=5989 err=64
[SEU] addr=200031DD bit=00000005
[SEU] addr=200031CF bit=00000001
[SEU] addr=20003173 bit=00000001
[SEU] addr=200031AF bit=00000006
[SEU] addr=20003157 bit=00000002
[CMD QUEUE CORRUPTED] primary repaired
[SEU] addr=20003160 bit=00000007
[CMD QUEUE backup CORRUPTED] backup repaired
[SEU] addr=200031C5 bit=00000005
[SEU] addr=2000315A bit=00000000
[SEU] addr=200031A0 bit=00000005
[SEU] addr=20003163 bit=00000004
[SEU] addr=200031DA bit=00000002
[SEU] addr=2000317E bit=00000005
[SEU] addr=200031C5 bit=00000002
[SEU] addr=200031CF bit=00000001
[SEU] addr=20003194 bit=00000007
[ERR] seq=6077 err=1024
[SEU] addr=200031DC bit=00000001
[ERR] seq=6078 err=80
[ERR] seq=6079 err=80
[SEU] addr=200031BB bit=00000004
[SEU] addr=200031D3 bit=00000004
[SEU] addr=200031AD bit=00000001
[SEU] addr=20003179 bit=00000002
[SEU] addr=20003164 bit=00000005
[SEU] addr=200031B3 bit=00000001
[SEU] addr=200031CA bit=00000006
[SEU] addr=200031B7 bit=00000002
[SEU] addr=200031A4 bit=00000001
[SEU] addr=20003185 bit=00000004
[SEU] addr=200031A3 bit=00000004
[SEU] addr=20003176 bit=00000004
[SEU] addr=200031E5 bit=00000004
[SEU] addr=20003194 bit=00000007
[ERR] seq=6153 err=1024
[SEU] addr=200031B4 bit=00000007
[ERR] seq=6154 err=80
[ERR] seq=6155 err=80
[SEU] addr=20003152 bit=00000004
[SEU] addr=200031DB bit=00000000
[SEU] addr=2000317E bit=00000001
[SEU] addr=2000316D bit=00000000
[SEU] addr=20003157 bit=00000002
[CMD QUEUE CORRUPTED] primary repaired
[SEU] addr=2000317E bit=00000005
[SEU] addr=200031D2 bit=00000005
[SEU] addr=20003148 bit=00000006
[SAMPLE QUEUE CORRUPTED] primary repaired
[SEU] addr=20003187 bit=00000006
[SEU] addr=20003185 bit=00000004
[SEU] addr=200031D1 bit=00000004
[SEU] addr=200031CE bit=00000001
[SEU] addr=200031E0 bit=00000004
[SEU] addr=20003154 bit=00000006
[CMD QUEUE CORRUPTED] primary repaired
[SEU] addr=200031C6 bit=00000006
[SEU] addr=200031E8 bit=00000003
[SEU] addr=20003164 bit=00000004
[SEU] addr=200031B2 bit=00000005
[SEU] addr=2000317B bit=00000004
[SEU] addr=2000314C bit=00000002
[SAMPLE QUEUE backup CORRUPTED] backup repaired
[SEU] addr=200031AB bit=00000001
[SEU] addr=20003185 bit=00000007
[SEU] addr=20003171 bit=00000002
[SEU] addr=2000315A bit=00000003
[SEU] addr=2000316C bit=00000001
[SEU] addr=200031B6 bit=00000007
[SEU] addr=2000316B bit=00000005
[SEU] addr=200031C7 bit=00000006
[SEU] addr=2000315C bit=00000006
[CMD QUEUE backup CORRUPTED] backup repaired
[SEU] addr=200031C0 bit=00000007
[SEU] addr=2000319F bit=00000007
[SEU] addr=20003149 bit=00000006
[SEU] addr=200031AB bit=00000002
[SEU] addr=2000319B bit=00000005
[SEU] addr=20003152 bit=00000005
[SEU] addr=200031AF bit=00000000
[SEU] addr=2000316A bit=00000001
[SEU] addr=200031E5 bit=00000003
[SEU] addr=2000315B bit=00000001
[SEU] addr=200031B0 bit=00000004
[SEU] addr=20003166 bit=00000002
[SEU] addr=20003169 bit=00000007
[SEU] addr=200031B1 bit=00000004
[SEU] addr=200031BB bit=00000007
[SEU] addr=20003169 bit=00000004
[SEU] addr=20003153 bit=00000001
[SEU] addr=20003167 bit=00000000
[SEU] addr=20003175 bit=00000003
[SEU] addr=200031CD bit=00000004
[SEU] addr=20003186 bit=00000003
[SEU] addr=20003170 bit=00000003
[SEU] addr=20003152 bit=00000003
[SEU] addr=20003163 bit=00000004
[SEU] addr=20003159 bit=00000005
[SEU] addr=2000314F bit=00000004
[SAMPLE QUEUE backup CORRUPTED] backup repaired
[SEU] addr=200031BB bit=00000001
[SEU] addr=200031B4 bit=00000001
[SEU] addr=20003159 bit=00000004
[SEU] addr=200031D7 bit=00000007
[SEU] addr=200031EA bit=00000005
[SEU] addr=2000315B bit=00000001
[SEU] addr=200031B0 bit=00000005
[SEU] addr=20003146 bit=00000000
[SAMPLE QUEUE CORRUPTED] primary repaired
[SEU] addr=2000314E bit=00000007
[SAMPLE QUEUE backup CORRUPTED] backup repaired
[SEU] addr=2000314A bit=00000001
[SEU] addr=2000317C bit=00000000
[SEU] addr=20003156 bit=00000001
[CMD QUEUE CORRUPTED] primary repaired
[SEU] addr=200031DC bit=00000001
[SEU] addr=200031EA bit=00000000
[SEU] addr=200031D5 bit=00000002
[SEU] addr=20003187 bit=00000003
[SEU] addr=200031CC bit=00000006
[SEU] addr=20003170 bit=00000004
[SEU] addr=200031C7 bit=00000000
[SEU] addr=200031E2 bit=00000003
[SEU] addr=20003167 bit=00000007
[SEU] addr=200031A6 bit=00000007
[SEU] addr=20003188 bit=00000007
[SEU] addr=200031D4 bit=00000005
[SEU] addr=20003182 bit=00000004
[SEU] addr=200031E0 bit=00000004
[SEU] addr=2000314F bit=00000004
[SAMPLE QUEUE backup CORRUPTED] backup repaired
[SEU] addr=200031C0 bit=00000006
[SEU] addr=200031AD bit=00000006
[SEU] addr=20003189 bit=00000007
[SEU] addr=2000317B bit=00000001
[SEU] addr=200031B4 bit=00000003
[SEU] addr=200031B7 bit=00000002
[SEU] addr=2000314D bit=00000006
[SAMPLE QUEUE backup CORRUPTED] backup repaired
[SEU] addr=200031C1 bit=00000002
[SEU] addr=200031BE bit=00000002
[SEU] addr=200031CE bit=00000003
[SEU] addr=200031AA bit=00000006
[SEU] addr=20003193 bit=00000007
[SEU] addr=20003183 bit=00000005
[SEU] addr=20003168 bit=00000001
[SEU] addr=200031B0 bit=00000003
[SEU] addr=2000315F bit=00000006
[CMD QUEUE backup CORRUPTED] backup repaired
[SEU] addr=20003145 bit=00000006
[SAMPLE QUEUE CORRUPTED] primary repaired
[SEU] addr=20003144 bit=00000003
[SAMPLE QUEUE CORRUPTED] primary repaired
[SEU] addr=20003154 bit=00000002
[CMD QUEUE CORRUPTED] primary repaired
[SEU] addr=20003180 bit=00000001
[SEU] addr=20003179 bit=00000006
[SEU] addr=20003193 bit=00000005
[SEU] addr=200031AE bit=00000000
[SEU] addr=2000314C bit=00000004
[SAMPLE QUEUE backup CORRUPTED] backup repaired
[SEU] addr=2000317D bit=00000006
[SEU] addr=20003162 bit=00000001
[SEU] addr=20003189 bit=00000007
[SEU] addr=200031DA bit=00000004
[SEU] addr=200031D6 bit=00000003
[SEU] addr=200031A8 bit=00000005
[SEU] addr=20003185 bit=00000003
[SEU] addr=20003173 bit=00000002
[SEU] addr=200031DD bit=00000002
[SEU] addr=2000314B bit=00000001
[SEU] addr=2000319F bit=00000006
[SEU] addr=20003186 bit=00000004
[SEU] addr=20003157 bit=00000001
[CMD QUEUE CORRUPTED] primary repaired
[SEU] addr=200031C4 bit=00000002
[SEU] addr=20003161 bit=00000006
[SEU] addr=20003170 bit=00000003
[SEU] addr=2000316C bit=00000005
[SEU] addr=200031B3 bit=00000005
[SEU] addr=20003172 bit=00000005
[SEU] addr=2000316B bit=00000000
[SEU] addr=200031B5 bit=00000006
[SEU] addr=20003198 bit=00000001
[ERR] seq=6886 err=16
[SEU] addr=2000319A bit=00000002
[ERR] seq=6893 err=2508
[ERR] seq=6894 err=200
[ERR] seq=6895 err=216
[ERR] seq=6896 err=32
[ERR] seq=6897 err=16
[SEU] addr=200031C9 bit=00000007
[SEU] addr=200031BA bit=00000003
[SEU] addr=200031E5 bit=00000006
[SEU] addr=200031B5 bit=00000001
[SEU] addr=20003162 bit=00000007
[SEU] addr=20003144 bit=00000006
[SAMPLE QUEUE CORRUPTED] primary repaired
[SEU] addr=2000314C bit=00000000
[SAMPLE QUEUE backup CORRUPTED] backup repaired
[SEU] addr=200031AD bit=00000000
[SEU] addr=2000316E bit=00000004
[SEU] addr=20003194 bit=00000006
[ERR] seq=6940 err=512
[ERR] seq=6941 err=40
[ERR] seq=6942 err=40
[SEU] addr=200031D1 bit=00000006
[SEU] addr=200031BC bit=00000002
[SEU] addr=200031B6 bit=00000004
[SEU] addr=200031A8 bit=00000006
[SEU] addr=20003179 bit=00000003
[SEU] addr=200031A8 bit=00000002
[SEU] addr=20003151 bit=00000004
[SEU] addr=20003165 bit=00000006
[SEU] addr=2000314D bit=00000004
[SAMPLE QUEUE backup CORRUPTED] backup repaired
[SEU] addr=200031BD bit=00000006
[SEU] addr=2000315E bit=00000005
[CMD QUEUE backup CORRUPTED] backup repaired
[SEU] addr=20003179 bit=00000006
[SEU] addr=2000314F bit=00000005
[SAMPLE QUEUE backup CORRUPTED] backup repaired
[SEU] addr=20003150 bit=00000004
[SAMPLE QUEUE backup CORRUPTED] backup repaired
[SEU] addr=200031AE bit=00000001
[SEU] addr=200031C8 bit=00000003
[SEU] addr=20003161 bit=00000000
[SEU] addr=2000318B bit=00000007
[SEU] addr=20003191 bit=00000002
[ERR] seq=7041 err=2548
[ERR] seq=7042 err=200
[ERR] seq=7043 err=216
[ERR] seq=7044 err=32
[ERR] seq=7045 err=16
[SEU] addr=20003180 bit=00000005
[SEU] addr=200031B8 bit=00000003
[SEU] addr=200031DD bit=00000006
[SEU] addr=20003198 bit=00000004
[ERR] seq=7063 err=128
[ERR] seq=7064 err=8
[ERR] seq=7065 err=8
[SEU] addr=2000316E bit=00000004
[SEU] addr=2000317F bit=00000007
[SEU] addr=200031B8 bit=00000003
[SEU] addr=2000315B bit=00000001
[SEU] addr=200031B2 bit=00000002
[SEU] addr=20003179 bit=00000006
[SEU] addr=200031D9 bit=00000002
[SEU] addr=200031D0 bit=00000002
[SEU] addr=200031AF bit=00000001
[SEU] addr=20003181 bit=00000007
[SEU] addr=20003147 bit=00000005
[SAMPLE QUEUE CORRUPTED] primary repaired
[SEU] addr=20003165 bit=00000003
[SEU] addr=20003199 bit=00000002
[ERR] seq=7140 err=2484
[ERR] seq=7141 err=192
[ERR] seq=7142 err=200
[ERR] seq=7143 err=24
[ERR] seq=7144 err=16
[SEU] addr=200031C9 bit=00000007
[SEU] addr=2000316B bit=00000003
[SEU] addr=20003168 bit=00000004
[SEU] addr=20003164 bit=00000005
[SEU] addr=20003160 bit=00000000
[CMD QUEUE backup CORRUPTED] backup repaired
[SEU] addr=200031A2 bit=00000002
[SEU] addr=20003188 bit=00000000
[SEU] addr=200031C7 bit=00000007
[SEU] addr=200031A4 bit=00000004
[SEU] addr=2000319A bit=00000001
[ERR] seq=7198 err=2524
[ERR] seq=7199 err=200
[ERR] seq=7200 err=216
[SEU] addr=2000318C bit=00000005
[ERR] seq=7201 err=4592
[ERR] seq=7202 err=336
[ERR] seq=7203 err=368
[ERR] seq=7204 err=32
[ERR] seq=7205 err=16
[SEU] addr=200031A6 bit=00000003
[SEU] addr=20003168 bit=00000005
[SEU] addr=20003195 bit=00000005
[ERR] seq=7221 err=2468
[ERR] seq=7222 err=192
[ERR] seq=7223 err=200
[ERR] seq=7224 err=24
[SEU] addr=200031EB bit=00000003
[ERR] seq=7225 err=16
[SEU] addr=200031C5 bit=00000000
[SEU] addr=20003154 bit=00000000
[CMD QUEUE CORRUPTED] primary repaired
[SEU] addr=2000314C bit=00000004
[SAMPLE QUEUE backup CORRUPTED] backup repaired
[SEU] addr=200031BB bit=00000004
[SEU] addr=20003186 bit=00000005
[SEU] addr=20003181 bit=00000006
[SEU] addr=2000316C bit=00000000
[SEU] addr=2000314C bit=00000006
[SAMPLE QUEUE backup CORRUPTED] backup repaired
[SEU] addr=200031B1 bit=00000004
[SEU] addr=2000318B bit=00000004
[SEU] addr=200031AD bit=00000005
[SEU] addr=2000317B bit=00000004
[SEU] addr=200031C0 bit=00000000
[SEU] addr=200031C6 bit=00000005
[SEU] addr=2000317A bit=00000002
[SEU] addr=2000319D bit=00000007
[SEU] addr=200031C7 bit=00000006
[SEU] addr=20003174 bit=00000002
[SEU] addr=20003168 bit=00000000
[SEU] addr=2000316F bit=00000003
[SEU] addr=200031CD bit=00000002
[SEU] addr=20003194 bit=00000005
[ERR] seq=7343 err=256
[ERR] seq=7344 err=16
[ERR] seq=7345 err=16
[SEU] addr=200031B7 bit=00000002
[SEU] addr=2000315C bit=00000001
[CMD QUEUE backup CORRUPTED] backup repaired
[SEU] addr=200031D1 bit=00000001
[SEU] addr=20003153 bit=00000006
[SEU] addr=200031DC bit=00000000
[SEU] addr=200031B1 bit=00000006
[SEU] addr=200031B0 bit=00000004
[SEU] addr=20003188 bit=00000002
[SEU] addr=200031E4 bit=00000005
[SEU] addr=2000314A bit=00000001
[SEU] addr=2000314B bit=00000003
[SEU] addr=20003183 bit=00000000
[SEU] addr=20003151 bit=00000001
[SEU] addr=20003174 bit=00000006
[SEU] addr=200031B9 bit=00000000
[SEU] addr=200031D5 bit=00000000
[SEU] addr=200031C8 bit=00000007
[SEU] addr=2000317B bit=00000007
[SEU] addr=200031E0 bit=00000004
[SEU] addr=200031CA bit=00000006
[SEU] addr=200031B1 bit=00000006
[SEU] addr=200031D8 bit=00000005
[SEU] addr=20003169 bit=00000006
[SEU] addr=20003192 bit=00000001
[ERR] seq=7484 err=2508
[ERR] seq=7485 err=200
[ERR] seq=7486 err=216
[ERR] seq=7487 err=32
[ERR] seq=7488 err=16
[SEU] addr=20003189 bit=00000007
[SEU] addr=20003163 bit=00000001
[SEU] addr=200031BC bit=00000007
[SEU] addr=20003189 bit=00000005
[SEU] addr=20003151 bit=00000004
[SEU] addr=200031AA bit=00000005
[SEU] addr=20003169 bit=00000005
[SEU] addr=200031E1 bit=00000004
[SEU] addr=200031D1 bit=00000007
[SEU] addr=200031AB bit=00000002
[SEU] addr=200031C0 bit=00000000
[SEU] addr=2000314C bit=00000004
[SAMPLE QUEUE backup CORRUPTED] backup repaired
[SEU] addr=200031CB bit=00000003
[SEU] addr=20003169 bit=00000000
[SEU] addr=200031DC bit=00000004
[SEU] addr=20003154 bit=00000002
[CMD QUEUE CORRUPTED] primary repaired
[SEU] addr=200031EA bit=00000001
[SEU] addr=2000316C bit=00000002
[SEU] addr=20003162 bit=00000000
[SEU] addr=20003161 bit=00000004
[SEU] addr=20003153 bit=00000007
[SEU] addr=200031D7 bit=00000005
[SEU] addr=2000316F bit=00000003
[SEU] addr=20003151 bit=00000002
[SEU] addr=200031A7 bit=00000007
[SEU] addr=20003174 bit=00000003
[SEU] addr=20003161 bit=00000001
[SEU] addr=20003186 bit=00000000
[SEU] addr=20003147 bit=00000007
[SAMPLE QUEUE CORRUPTED] primary repaired
[SEU] addr=2000318C bit=00000003
[ERR] seq=7633 err=240
[ERR] seq=7634 err=8
[ERR] seq=7635 err=8
[SEU] addr=200031D5 bit=00000006
[SEU] addr=20003159 bit=00000000
[SEU] addr=20003167 bit=00000004
[SEU] addr=200031C8 bit=00000004
[SEU] addr=200031CF bit=00000002
[SEU] addr=200031B8 bit=00000003
[SEU] addr=200031CB bit=00000004
[SEU] addr=200031D4 bit=00000003
[SEU] addr=200031E2 bit=00000002
[SEU] addr=200031E3 bit=00000007
[SEU] addr=200031BE bit=00000002
[SEU] addr=2000316F bit=00000000
[SEU] addr=200031D9 bit=00000001
[SEU] addr=2000319A bit=00000005
[ERR] seq=7715 err=2484
[ERR] seq=7716 err=192
[ERR] seq=7717 err=200
[ERR] seq=7718 err=24
[ERR] seq=7719 err=16
[SEU] addr=200031A3 bit=00000005
[SEU] addr=20003159 bit=00000005
[SEU] addr=200031CC bit=00000005
[SEU] addr=20003197 bit=00000007
[SEU] addr=200031C7 bit=00000003
[SEU] addr=200031DA bit=00000005
[SEU] addr=200031D5 bit=00000006
[SEU] addr=200031AC bit=00000001
[SEU] addr=20003172 bit=00000007
[SEU] addr=200031AD bit=00000007
[SEU] addr=20003154 bit=00000002
[CMD QUEUE CORRUPTED] primary repaired
[SEU] addr=20003174 bit=00000003
[SEU] addr=20003167 bit=00000004
[SEU] addr=200031E4 bit=00000002
[SEU] addr=2000316E bit=00000001
[SEU] addr=2000317E bit=00000001
[SEU] addr=20003174 bit=00000004
[SEU] addr=200031A3 bit=00000004
[SEU] addr=20003181 bit=00000004
[SEU] addr=2000317E bit=00000007
[SEU] addr=20003177 bit=00000006
[SEU] addr=2000319E bit=00000005
[SEU] addr=200031AD bit=00000001
[SEU] addr=20003186 bit=00000000
[SEU] addr=2000317F bit=00000001
[SEU] addr=20003183 bit=00000007
[SEU] addr=200031E1 bit=00000006
[SEU] addr=200031B5 bit=00000007
[SEU] addr=200031EB bit=00000004
[SEU] addr=20003186 bit=00000007
[SEU] addr=20003189 bit=00000004
[SEU] addr=20003195 bit=00000002
[ERR] seq=7882 err=2532
[ERR] seq=7883 err=200
[ERR] seq=7884 err=216
[ERR] seq=7885 err=32
[ERR] seq=7886 err=16
[SEU] addr=2000316F bit=00000006
[SEU] addr=200031E4 bit=00000006
[SEU] addr=20003155 bit=00000000
[CMD QUEUE CORRUPTED] primary repaired
[SEU] addr=2000317F bit=00000006
[SEU] addr=2000314D bit=00000004
[SAMPLE QUEUE backup CORRUPTED] backup repaired
[SEU] addr=200031C1 bit=00000005
[SEU] addr=2000317C bit=00000004
[SEU] addr=2000316D bit=00000000
[SEU] addr=200031A3 bit=00000000
[SEU] addr=200031A2 bit=00000001
[SEU] addr=200031A7 bit=00000002
[SEU] addr=200031DF bit=00000003
[SEU] addr=2000317D bit=00000000
[SEU] addr=200031E7 bit=00000006
[SEU] addr=2000316A bit=00000005
[SEU] addr=200031E9 bit=00000000
[SEU] addr=20003172 bit=00000005
[SEU] addr=200031A2 bit=00000006
[SEU] addr=20003151 bit=00000003
[SEU] addr=200031CA bit=00000001
[SEU] addr=200031A2 bit=00000000
[SEU] addr=20003169 bit=00000005
[SEU] addr=2000318A bit=00000007
[SEU] addr=20003188 bit=00000006
[SEU] addr=200031E5 bit=00000005
[SEU] addr=200031D0 bit=00000007
[SEU] addr=2000319E bit=00000005
[SEU] addr=20003180 bit=00000000
[SEU] addr=2000319E bit=00000007
[SEU] addr=200031CA bit=00000004
[SEU] addr=20003177 bit=00000003
[SEU] addr=20003153 bit=00000000
[SEU] addr=2000314D bit=00000005
[SAMPLE QUEUE backup CORRUPTED] backup repaired
[SEU] addr=2000315F bit=00000006
[CMD QUEUE backup CORRUPTED] backup repaired
[SEU] addr=20003175 bit=00000000
[SEU] addr=20003159 bit=00000003
[SEU] addr=200031BC bit=00000006
[SEU] addr=200031A2 bit=00000003
[SEU] addr=2000317C bit=00000001
[SEU] addr=20003183 bit=00000006
[SEU] addr=200031D2 bit=00000006
[SEU] addr=200031C2 bit=00000002
[SEU] addr=200031AE bit=00000005
[SEU] addr=200031CE bit=00000002
[SEU] addr=20003178 bit=00000003
[SEU] addr=200031C4 bit=00000004
[SEU] addr=20003175 bit=00000000
[SEU] addr=200031C7 bit=00000001
[SEU] addr=2000319E bit=00000001
[SEU] addr=200031B2 bit=00000001
[SEU] addr=20003188 bit=00000002
[SEU] addr=200031C4 bit=00000005
[SEU] addr=20003155 bit=00000001
[CMD QUEUE CORRUPTED] primary repaired
[SEU] addr=200031B5 bit=00000002
[SEU] addr=200031BC bit=00000002
[SEU] addr=20003167 bit=00000001
[SEU] addr=20003161 bit=00000001
[SEU] addr=200031AB bit=00000002
[SEU] addr=200031DE bit=00000000
[SEU] addr=200031C3 bit=00000001
[SEU] addr=200031CF bit=00000002
[SEU] addr=20003184 bit=00000001
[SEU] addr=2000315B bit=00000007
[SEU] addr=200031BB bit=00000001
[SEU] addr=200031B2 bit=00000002
[SEU] addr=200031BD bit=00000006
[SEU] addr=20003145 bit=00000007
[SAMPLE QUEUE CORRUPTED] primary repaired
[SEU] addr=20003144 bit=00000006
[SAMPLE QUEUE CORRUPTED] primary repaired
[SEU] addr=200031EB bit=00000000
[SEU] addr=20003185 bit=00000001
[SEU] addr=200031E0 bit=00000003
[SEU] addr=200031DB bit=00000005
[SEU] addr=2000318C bit=00000001
[ERR] seq=8268 err=264
[ERR] seq=8269 err=8
[ERR] seq=8270 err=8
[SEU] addr=200031D9 bit=00000007
[SEU] addr=20003151 bit=00000003
[SEU] addr=2000318B bit=00000004
[SEU] addr=200031D6 bit=00000004
[SEU] addr=20003193 bit=00000005
[SEU] addr=2000319E bit=00000007
[SEU] addr=20003170 bit=00000003
[SEU] addr=200031C8 bit=00000006
[SEU] addr=20003175 bit=00000006
[SEU] addr=20003193 bit=00000006
[SEU] addr=20003184 bit=00000005
[SEU] addr=20003175 bit=00000007
[SEU] addr=2000316F bit=00000005
[SEU] addr=20003175 bit=00000004
[SEU] addr=20003181 bit=00000005
[SEU] addr=200031A8 bit=00000003
[SEU] addr=200031C2 bit=00000000
[SEU] addr=20003182 bit=00000002
[SEU] addr=20003160 bit=00000007
[CMD QUEUE backup CORRUPTED] backup repaired
[SEU] addr=2000318D bit=00000004
[ERR] seq=8386 err=11776
[ERR] seq=8387 err=936
[ERR] seq=8388 err=1000
[ERR] seq=8389 err=128
[ERR] seq=8390 err=64
[SEU] addr=2000316F bit=00000005
[SEU] addr=2000314B bit=00000005
[SEU] addr=2000316D bit=00000000
[SEU] addr=200031BD bit=00000005
[SEU] addr=200031D1 bit=00000004
[SEU] addr=2000314B bit=00000002
[SEU] addr=2000317A bit=00000003
[SEU] addr=200031DE bit=00000003
[SEU] addr=20003166 bit=00000004
[SEU] addr=200031B5 bit=00000003
[SEU] addr=2000316C bit=00000002
[SEU] addr=20003193 bit=00000006
[SEU] addr=200031C8 bit=00000006
[SEU] addr=200031DD bit=00000007
[SEU] addr=2000319C bit=00000005
[SEU] addr=200031E2 bit=00000001
[SEU] addr=20003152 bit=00000007
[SEU] addr=200031E5 bit=00000000
[SEU] addr=20003165 bit=00000003
[SEU] addr=20003146 bit=00000003
[SAMPLE QUEUE CORRUPTED] primary repaired
[SEU] addr=2000317D bit=00000002
[SEU] addr=200031A0 bit=00000006
[SEU] addr=200031AB bit=00000001
[SEU] addr=200031E7 bit=00000001
[SEU] addr=2000318B bit=00000001
[SEU] addr=2000314A bit=00000006
[SEU] addr=200031A9 bit=00000004
[SEU] addr=2000317C bit=00000005
[SEU] addr=2000318B bit=00000003
[SEU] addr=200031B4 bit=00000000
[SEU] addr=2000314F bit=00000003
[SAMPLE QUEUE backup CORRUPTED] backup repaired
[SEU] addr=2000319B bit=00000002
[ERR] seq=8575 err=2508
[SEU] addr=20003167 bit=00000007
[ERR] seq=8576 err=200
[ERR] seq=8577 err=216
[ERR] seq=8578 err=32
[ERR] seq=8579 err=16
[SEU] addr=200031B2 bit=00000004
[SEU] addr=200031A7 bit=00000003
[SEU] addr=20003149 bit=00000006
[SEU] addr=20003176 bit=00000005
[SEU] addr=20003197 bit=00000003
[ERR] seq=8605 err=2468
[ERR] seq=8606 err=192
[ERR] seq=8607 err=200
[ERR] seq=8608 err=24
[ERR] seq=8609 err=16
[SEU] addr=20003150 bit=00000001
[SAMPLE QUEUE backup CORRUPTED] backup repaired
[SEU] addr=200031A7 bit=00000001
[SEU] addr=2000317E bit=00000002
[SEU] addr=200031C3 bit=00000001
[SEU] addr=200031D2 bit=00000005
[SEU] addr=2000318A bit=00000007
[SEU] addr=2000319D bit=00000001
[SEU] addr=20003152 bit=00000004
[SEU] addr=20003150 bit=00000002
[SAMPLE QUEUE backup CORRUPTED] backup repaired
[SEU] addr=200031BC bit=00000006
[SEU] addr=20003178 bit=00000001
[SEU] addr=200031E6 bit=00000003
[SEU] addr=2000318E bit=00000002
[ERR] seq=8686 err=1080
[ERR] seq=8687 err=64
[ERR] seq=8688 err=64
[SEU] addr=20003162 bit=00000001
[SEU] addr=20003148 bit=00000006
[SAMPLE QUEUE CORRUPTED] primary repaired
[SEU] addr=20003173 bit=00000007
[SEU] addr=200031A2 bit=00000003
[SEU] addr=200031D9 bit=00000005
[SEU] addr=2000317D bit=00000001
[SEU] addr=20003188 bit=00000000
[SEU] addr=20003197 bit=00000004
[ERR] seq=8733 err=2500
[ERR] seq=8734 err=200
[ERR] seq=8735 err=216
[ERR] seq=8736 err=32
[SEU] addr=20003182 bit=00000003
[ERR] seq=8737 err=16
[SEU] addr=200031D4 bit=00000002
[SEU] addr=2000314A bit=00000003
[SEU] addr=20003145 bit=00000001
[SAMPLE QUEUE CORRUPTED] primary repaired
[SEU] addr=20003176 bit=00000007
[SEU] addr=2000316B bit=00000007
[SEU] addr=2000316D bit=00000000
[SEU] addr=200031E4 bit=00000004
[SEU] addr=200031EA bit=00000002
[SEU] addr=2000317A bit=00000006
[SEU] addr=200031A5 bit=00000005
[SEU] addr=2000317D bit=00000003
[SEU] addr=200031AE bit=00000004
[SEU] addr=200031D2 bit=00000004
[SEU] addr=20003186 bit=00000004
[SEU] addr=200031E9 bit=00000007
[SEU] addr=2000316F bit=00000006
[SEU] addr=200031C8 bit=00000003
[SEU] addr=200031A7 bit=00000004
[SEU] addr=2000319F bit=00000004
[SEU] addr=20003172 bit=00000005
[SEU] addr=200031AD bit=00000003
[SEU] addr=200031E5 bit=00000006
[SEU] addr=200031C6 bit=00000003
[SEU] addr=200031A5 bit=00000000
[SEU] addr=20003161 bit=00000003
[SEU] addr=20003145 bit=00000003
[SAMPLE QUEUE CORRUPTED] primary repaired
[SEU] addr=2000315A bit=00000006
[SEU] addr=200031D1 bit=00000001
[SEU] addr=2000317B bit=00000004
[SEU] addr=2000317D bit=00000005
[SEU] addr=200031D6 bit=00000006
[SEU] addr=20003169 bit=00000005
[SEU] addr=200031DB bit=00000003
[SEU] addr=200031C7 bit=00000000
[SEU] addr=200031AE bit=00000002
[SEU] addr=2000316E bit=00000002
[SEU] addr=200031A2 bit=00000005
[SEU] addr=20003188 bit=00000000
[SEU] addr=20003154 bit=00000002
[CMD QUEUE CORRUPTED] primary repaired
[SEU] addr=200031BF bit=00000001
[SEU] addr=200031A0 bit=00000000
[SEU] addr=200031B6 bit=00000001
[SEU] addr=200031B7 bit=00000003
[SEU] addr=200031DC bit=00000000
[SEU] addr=200031D6 bit=00000000
[SEU] addr=2000316E bit=00000006
[SEU] addr=200031B8 bit=00000004
[SEU] addr=200031C5 bit=00000005
[SEU] addr=200031B1 bit=00000000
[SEU] addr=200031DA bit=00000005
[SEU] addr=20003191 bit=00000003
[ERR] seq=9026 err=2428
[ERR] seq=9027 err=192
[ERR] seq=9028 err=200
[ERR] seq=9029 err=24
[ERR] seq=9030 err=16
[SEU] addr=2000317F bit=00000007
[SEU] addr=20003147 bit=00000006
[SAMPLE QUEUE CORRUPTED] primary repaired
[SEU] addr=2000316C bit=00000000
[SEU] addr=200031A3 bit=00000000
[SEU] addr=200031C3 bit=00000006
[SEU] addr=2000314E bit=00000001
[SAMPLE QUEUE backup CORRUPTED] backup repaired
[SEU] addr=200031D1 bit=00000004
[SEU] addr=200031C9 bit=00000000
[SEU] addr=200031AF bit=00000002
[SEU] addr=2000315D bit=00000007
[CMD QUEUE backup CORRUPTED] backup repaired
[SEU] addr=200031AF bit=00000004
[SEU] addr=20003185 bit=00000004
[SEU] addr=20003192 bit=00000004
[ERR] seq=9092 err=2500
[ERR] seq=9093 err=200
[ERR] seq=9094 err=216
[ERR] seq=9095 err=32
[SEU] addr=2000315E bit=00000002
[CMD QUEUE backup CORRUPTED] backup repaired
[ERR] seq=9096 err=16
[SEU] addr=2000318A bit=00000005
[SEU] addr=200031AC bit=00000006
[SEU] addr=20003170 bit=00000007
[SEU] addr=2000319F bit=00000006
[SEU] addr=200031C7 bit=00000005
[SEU] addr=200031D1 bit=00000002
[SEU] addr=20003163 bit=00000007
[SEU] addr=200031D4 bit=00000006
[SEU] addr=200031B3 bit=00000003
[SEU] addr=200031D1 bit=00000000
[SEU] addr=20003151 bit=00000002
[SEU] addr=200031D0 bit=00000006
[SEU] addr=2000314C bit=00000007
[SAMPLE QUEUE backup CORRUPTED] backup repaired
[SEU] addr=2000314B bit=00000004
[SEU] addr=200031D9 bit=00000002
[SEU] addr=200031AC bit=00000003
[SEU] addr=200031D6 bit=00000005
[SEU] addr=200031EB bit=00000000
[SEU] addr=2000315A bit=00000005
[SEU] addr=200031C2 bit=00000007
[SEU] addr=200031D8 bit=00000003
[SEU] addr=200031E9 bit=00000005
[SEU] addr=200031BA bit=00000000
[SEU] addr=2000318B bit=00000004
[SEU] addr=200031D7 bit=00000000
[SEU] addr=200031D8 bit=00000000
[SEU] addr=200031B2 bit=00000002
[SEU] addr=20003177 bit=00000002
[SEU] addr=200031A5 bit=00000000
[SEU] addr=20003172 bit=00000001
[SEU] addr=200031A6 bit=00000001
[SEU] addr=20003199 bit=00000004
[ERR] seq=9269 err=2500
[ERR] seq=9270 err=200
[ERR] seq=9271 err=216
[ERR] seq=9272 err=32
[ERR] seq=9273 err=16
[SEU] addr=20003179 bit=00000005
[SEU] addr=2000319F bit=00000007
[SEU] addr=200031DA bit=00000007
[SEU] addr=2000319E bit=00000006
[SEU] addr=200031B3 bit=00000000
[SEU] addr=200031B8 bit=00000002
[SEU] addr=200031E3 bit=00000003
[SEU] addr=20003150 bit=00000005
[SAMPLE QUEUE backup CORRUPTED] backup repaired
[SEU] addr=200031B3 bit=00000006
[SEU] addr=20003197 bit=00000000
[ERR] seq=9311 err=2484
[ERR] seq=9312 err=192
[ERR] seq=9313 err=200
[ERR] seq=9314 err=24
[ERR] seq=9315 err=16
[SEU] addr=20003160 bit=00000005
[CMD QUEUE backup CORRUPTED] backup repaired
[SEU] addr=2000316F bit=00000000
[SEU] addr=2000315F bit=00000000
[CMD QUEUE backup CORRUPTED] backup repaired
[SEU] addr=2000314F bit=00000000
[SAMPLE QUEUE backup CORRUPTED] backup repaired
[SEU] addr=2000319B bit=00000004
[ERR] seq=9335 err=2516
[ERR] seq=9336 err=200
[ERR] seq=9337 err=216
[ERR] seq=9338 err=32
[SEU] addr=200031D2 bit=00000003
[ERR] seq=9339 err=16
[SEU] addr=200031A4 bit=00000005
[SEU] addr=200031DE bit=00000004
[SEU] addr=2000316E bit=00000000
[SEU] addr=200031D8 bit=00000007
[SEU] addr=20003166 bit=00000003
[SEU] addr=200031AA bit=00000001
[SEU] addr=200031A0 bit=00000005
[SEU] addr=200031D5 bit=00000003
[SEU] addr=200031A1 bit=00000002
[SEU] addr=20003167 bit=00000003
[SEU] addr=200031DA bit=00000004
[SEU] addr=200031C9 bit=00000001
[SEU] addr=2000314D bit=00000001
[SAMPLE QUEUE backup CORRUPTED] backup repaired
[SEU] addr=20003194 bit=00000006
[ERR] seq=9428 err=512
[ERR] seq=9429 err=40
[ERR] seq=9430 err=40
[SEU] addr=2000316B bit=00000005
[SEU] addr=20003149 bit=00000006
[SEU] addr=2000317D bit=00000002
[SEU] addr=200031A0 bit=00000000
[SEU] addr=2000314A bit=00000000
[SEU] addr=200031D7 bit=00000002
[SEU] addr=200031C4 bit=00000002
[SEU] addr=200031E7 bit=00000000
[SEU] addr=200031C8 bit=00000003
[SEU] addr=200031CB bit=00000006
[SEU] addr=20003175 bit=00000000
[SEU] addr=20003190 bit=00000005
[ERR] seq=9499 err=256
[ERR] seq=9500 err=16
[ERR] seq=9501 err=16
[SEU] addr=2000314F bit=00000002
[SAMPLE QUEUE backup CORRUPTED] backup repaired
[SEU] addr=20003146 bit=00000006
[SAMPLE QUEUE CORRUPTED] primary repaired
[SEU] addr=200031A7 bit=00000006
[SEU] addr=200031C4 bit=00000000
[SEU] addr=20003172 bit=00000003
[SEU] addr=200031AF bit=00000006
[SEU] addr=20003171 bit=00000001
[SEU] addr=200031B4 bit=00000000
[SEU] addr=200031AB bit=00000001
[SEU] addr=20003179 bit=00000005
[SEU] addr=20003181 bit=00000004
[SEU] addr=20003173 bit=00000007
[SEU] addr=20003184 bit=00000000
[SEU] addr=200031B7 bit=00000002
[SEU] addr=20003194 bit=00000003
[ERR] seq=9575 err=64
[SEU] addr=2000316F bit=00000002
[SEU] addr=2000316D bit=00000007
[SEU] addr=2000315E bit=00000006
[CMD QUEUE backup CORRUPTED] backup repaired
[SEU] addr=2000314A bit=00000003
[SEU] addr=200031B3 bit=00000004
[SEU] addr=2000314C bit=00000004
[SAMPLE QUEUE backup CORRUPTED] backup repaired
[SEU] addr=200031D3 bit=00000003
[SEU] addr=200031A8 bit=00000004
[SEU] addr=2000319C bit=00000001
[SEU] addr=200031D6 bit=00000005
[SEU] addr=20003186 bit=00000007
[SEU] addr=2000317D bit=00000005
[SEU] addr=200031B6 bit=00000004
[SEU] addr=200031C9 bit=00000001
[SEU] addr=20003153 bit=00000007
[SEU] addr=20003174 bit=00000000
[SEU] addr=20003187 bit=00000003
[SEU] addr=200031E3 bit=00000003
[SEU] addr=20003186 bit=00000005
[SEU] addr=200031B1 bit=00000007
[SEU] addr=20003198 bit=00000007
[ERR] seq=9708 err=1024
[ERR] seq=9709 err=80
[ERR] seq=9710 err=80
[SEU] addr=2000317B bit=00000003
[SEU] addr=20003184 bit=00000003
[SEU] addr=200031B2 bit=00000005
[SEU] addr=20003179 bit=00000002
[SEU] addr=200031CF bit=00000000
[SEU] addr=200031C9 bit=00000000
[SEU] addr=200031E4 bit=00000002
[SEU] addr=200031CF bit=00000005
[SEU] addr=200031DC bit=00000005
[SEU] addr=200031C8 bit=00000005
[SEU] addr=200031AC bit=00000003
[SEU] addr=20003154 bit=00000005
[CMD QUEUE CORRUPTED] primary repaired
[SEU] addr=2000317B bit=00000003
[SEU] addr=20003161 bit=00000001
[SEU] addr=200031A6 bit=00000000
[SEU] addr=200031A6 bit=00000003
[SEU] addr=200031A1 bit=00000005
[SEU] addr=200031B9 bit=00000004
[SEU] addr=200031BC bit=00000001
[SEU] addr=200031B2 bit=00000000
[SEU] addr=200031D8 bit=00000007
[SEU] addr=200031AF bit=00000002
[SEU] addr=2000315A bit=00000000
[SEU] addr=2000317E bit=00000003
[SEU] addr=20003145 bit=00000002
[SAMPLE QUEUE CORRUPTED] primary repaired
[SEU] addr=20003180 bit=00000000
[SEU] addr=200031A1 bit=00000006
[SEU] addr=20003157 bit=00000005
[CMD QUEUE CORRUPTED] primary repaired
[SEU] addr=200031D7 bit=00000007
[SEU] addr=20003185 bit=00000000
[SEU] addr=200031D2 bit=00000005
[SEU] addr=200031DA bit=00000004
[SEU] addr=2000319D bit=00000003
[SEU] addr=20003151 bit=00000002
[SEU] addr=200031BB bit=00000007
[SEU] addr=20003189 bit=00000004
[SEU] addr=2000319D bit=00000001
[SEU] addr=2000318B bit=00000006
[SEU] addr=200031C5 bit=00000000
[SEU] addr=200031B3 bit=00000006
[SEU] addr=200031A3 bit=00000003
[SEU] addr=20003183 bit=00000007
[SEU] addr=2000315D bit=00000007
[CMD QUEUE backup CORRUPTED] backup repaired
[SEU] addr=200031DC bit=00000002
[SEU] addr=200031AC bit=00000003
[SEU] addr=200031BC bit=00000000
[SEU] addr=2000317B bit=00000000
[SEU] addr=2000314F bit=00000000
[SAMPLE QUEUE backup CORRUPTED] backup repaired
[SEU] addr=20003144 bit=00000006
[SAMPLE QUEUE CORRUPTED] primary repaired
[SEU] addr=200031C3 bit=00000000
[SEU] addr=200031EA bit=00000002
[SEU] addr=2000315A bit=00000005
[SEU] addr=20003167 bit=00000000
[SEU] addr=200031E6 bit=00000000
[END]
samples=10000
SEUs=1825
good samples=9536
errors=464
samples omitted=0
max_error=0x00034240
propagations=250
detected_errors=366
tmr_corrections=122
dmr_corrections=185
crc detections=0
clamp_activations=65
rate limit activations=0
[HARDFAULT]
