START
SEED=11111111
[SEU] addr=20003150 bit=00000003
[SAMPLE QUEUE CORRUPTED] primary repaired
[SEU] addr=200031D6 bit=00000001
[SEU] addr=20003157 bit=00000002
[SAMPLE QUEUE backup CORRUPTED] backup repaired
[SEU] addr=200031BC bit=00000001
[SEU] addr=20003151 bit=00000006
[SEU] addr=200031E2 bit=00000006
[SEU] addr=2000315D bit=00000007
[CMD QUEUE CORRUPTED] primary repaired
[SEU] addr=20003150 bit=00000001
[SAMPLE QUEUE CORRUPTED] primary repaired
[SEU] addr=20003175 bit=00000007
[SEU] addr=2000316A bit=00000003
[SEU] addr=200031A0 bit=00000000
[SEU] addr=200031DD bit=00000002
[SEU] addr=20003187 bit=00000003
[SEU] addr=200031AE bit=00000003
[SEU] addr=2000319D bit=00000005
[SEU] addr=200031B3 bit=00000005
[SEU] addr=20003187 bit=00000005
[SEU] addr=200031C5 bit=00000001
[SEU] addr=200031D8 bit=00000002
[SEU] addr=200031B8 bit=00000002
[SEU] addr=200031CA bit=00000002
[SEU] addr=2000319C bit=00000000
[SEU] addr=2000319E bit=00000005
[SEU] addr=20003187 bit=00000000
[SEU] addr=20003176 bit=00000001
[SEU] addr=200031A8 bit=00000001
[SEU] addr=200031CA bit=00000003
[SEU] addr=20003175 bit=00000005
[SEU] addr=200031DF bit=00000006
[SEU] addr=200031D0 bit=00000007
[SEU] addr=2000315B bit=00000002
[SEU] addr=20003188 bit=00000006
[SEU] addr=20003197 bit=00000003
[ERR] seq=168 err=1073741824
[ERR] seq=169 err=171798688
[ERR] seq=170 err=199286472
[ERR] seq=171 err=59373616
[ERR] seq=172 err=41385608
[ERR] seq=173 err=16121472
[ERR] seq=174 err=9201128
[ERR] seq=175 err=4051608
[SEU] addr=200031C5 bit=00000006
[ERR] seq=176 err=2120432
[SEU] addr=200031CD bit=00000001
[ERR] seq=177 err=987520
[ERR] seq=178 err=497264
[ERR] seq=179 err=237560
[ERR] seq=180 err=117568
[SEU] addr=20003179 bit=00000007
[ERR] seq=181 err=56816
[ERR] seq=182 err=27896
[ERR] seq=183 err=13544
[ERR] seq=184 err=6616
[SEU] addr=20003163 bit=00000000
[ERR] seq=185 err=3216
[ERR] seq=186 err=1568
[ERR] seq=187 err=760
[ERR] seq=188 err=368
[ERR] seq=189 err=176
[ERR] seq=190 err=80
[ERR] seq=191 err=32
[ERR] seq=192 err=8
[SEU] addr=200031B8 bit=00000004
[SEU] addr=20003161 bit=00000000
[SEU] addr=200031A3 bit=00000001
[SEU] addr=20003163 bit=00000007
[SEU] addr=200031BD bit=00000003
[SEU] addr=2000315F bit=00000003
[CMD QUEUE CORRUPTED] primary repaired
[SEU] addr=2000315B bit=00000005
[SEU] addr=20003163 bit=00000004
[SEU] addr=20003165 bit=00000003
[CMD QUEUE backup CORRUPTED] backup repaired
[SEU] addr=20003178 bit=00000003
[SEU] addr=2000317E bit=00000000
[SEU] addr=20003170 bit=00000004
[SEU] addr=200031BB bit=00000006
[SEU] addr=2000318D bit=00000000
[ERR] seq=267 err=7064
[ERR] seq=268 err=1112
[ERR] seq=269 err=1280
[ERR] seq=270 err=360
[ERR] seq=271 err=232
[ERR] seq=272 err=64
[ERR] seq=273 err=32
[ERR] seq=274 err=8
[SEU] addr=2000319F bit=00000002
[SEU] addr=2000316C bit=00000001
[SEU] addr=20003161 bit=00000004
[SEU] addr=200031BC bit=00000000
[SEU] addr=2000319A bit=00000007
[ERR] seq=302 err=67108864
[ERR] seq=303 err=10737416
[ERR] seq=304 err=12455400
[ERR] seq=305 err=3710848
[SEU] addr=2000315D bit=00000003
[CMD QUEUE CORRUPTED] primary repaired
[ERR] seq=306 err=2586592
[ERR] seq=307 err=1007576
[ERR] seq=308 err=575056
[ERR] seq=309 err=253216
[SEU] addr=200031CC bit=00000005
[ERR] seq=310 err=132520
[ERR] seq=311 err=61712
[ERR] seq=312 err=31072
[ERR] seq=313 err=14840
[ERR] seq=314 err=7336
[ERR] seq=315 err=3536
[ERR] seq=316 err=1728
[ERR] seq=317 err=832
[SEU] addr=200031C4 bit=00000002
[ERR] seq=318 err=400
[ERR] seq=319 err=192
[ERR] seq=320 err=88
[ERR] seq=321 err=32
[ERR] seq=322 err=8
[SEU] addr=200031CD bit=00000004
[SEU] addr=2000315B bit=00000006
[SEU] addr=20003160 bit=00000001
[CMD QUEUE CORRUPTED] primary repaired
[SEU] addr=200031D3 bit=00000001
[SEU] addr=200031C0 bit=00000004
[SEU] addr=2000315A bit=00000006
[SEU] addr=200031DE bit=00000002
[SEU] addr=20003156 bit=00000003
[SAMPLE QUEUE backup CORRUPTED] backup repaired
[SEU] addr=200031C8 bit=00000005
[SEU] addr=200031E1 bit=00000002
[SEU] addr=200031B1 bit=00000001
[SEU] addr=2000319F bit=00000004
[SEU] addr=200031D6 bit=00000001
[SEU] addr=20003165 bit=00000002
[CMD QUEUE backup CORRUPTED] backup repaired
[SEU] addr=2000314C bit=00000005
[SAMPLE QUEUE CORRUPTED] primary repaired
[SEU] addr=200031E1 bit=00000004
[SEU] addr=200031C8 bit=00000000
[SEU] addr=20003160 bit=00000006
[CMD QUEUE CORRUPTED] primary repaired
[SEU] addr=200031DF bit=00000004
[SEU] addr=200031D7 bit=00000002
[SEU] addr=20003194 bit=00000003
[ERR] seq=424 err=64
[ERR] seq=425 err=8
[ERR] seq=426 err=8
[SEU] addr=20003171 bit=00000006
[SEU] addr=200031D5 bit=00000003
[SEU] addr=2000315B bit=00000002
[SEU] addr=200031DF bit=00000007
[SEU] addr=2000319A bit=00000006
[ERR] seq=455 err=33554432
[ERR] seq=456 err=5368704
[ERR] seq=457 err=6227696
[ERR] seq=458 err=1855416
[ERR] seq=459 err=1293288
[ERR] seq=460 err=503784
[ERR] seq=461 err=287520
[ERR] seq=462 err=126600
[ERR] seq=463 err=66256
[ERR] seq=464 err=30856
[SEU] addr=2000315B bit=00000004
[ERR] seq=465 err=15536
[ERR] seq=466 err=7416
[ERR] seq=467 err=3664
[SEU] addr=2000315D bit=00000005
[CMD QUEUE CORRUPTED] primary repaired
[ERR] seq=468 err=1768
[ERR] seq=469 err=864
[ERR] seq=470 err=416
[ERR] seq=471 err=200
[ERR] seq=472 err=96
[ERR] seq=473 err=40
[SEU] addr=2000319A bit=00000005
[ERR] seq=474 err=16777208
[ERR] seq=475 err=2684352
[SEU] addr=200031DE bit=00000002
[ERR] seq=476 err=3113848
[ERR] seq=477 err=927704
[ERR] seq=478 err=646640
[ERR] seq=479 err=251888
[SEU] addr=200031D3 bit=00000007
[ERR] seq=480 err=143752
[ERR] seq=481 err=63296
[ERR] seq=482 err=33120
[ERR] seq=483 err=15416
[ERR] seq=484 err=7760
[ERR] seq=485 err=3704
[ERR] seq=486 err=1832
[ERR] seq=487 err=880
[ERR] seq=488 err=424
[SEU] addr=200031A1 bit=00000002
[ERR] seq=489 err=200
[ERR] seq=490 err=96
[ERR] seq=491 err=40
[ERR] seq=492 err=8
[SEU] addr=200031C1 bit=00000003
[SEU] addr=200031BD bit=00000004
[SEU] addr=2000318B bit=00000001
[SEU] addr=2000318E bit=00000004
[ERR] seq=516 err=7192
[ERR] seq=517 err=1144
[ERR] seq=518 err=1320
[ERR] seq=519 err=376
[ERR] seq=520 err=256
[ERR] seq=521 err=80
[ERR] seq=522 err=24
[SEU] addr=2000316A bit=00000006
[SEU] addr=20003189 bit=00000002
[SEU] addr=200031B4 bit=00000006
[SEU] addr=2000318C bit=00000007
[ERR] seq=542 err=2312
[ERR] seq=543 err=360
[ERR] seq=544 err=400
[ERR] seq=545 err=96
[ERR] seq=546 err=64
[ERR] seq=547 err=8
[SEU] addr=20003185 bit=00000000
[SEU] addr=20003154 bit=00000003
[SAMPLE QUEUE backup CORRUPTED] backup repaired
[SEU] addr=20003183 bit=00000004
[SEU] addr=200031D3 bit=00000003
[SEU] addr=2000314D bit=00000000
[SAMPLE QUEUE CORRUPTED] primary repaired
[SEU] addr=200031C2 bit=00000004
[SEU] addr=20003161 bit=00000002
[SEU] addr=2000318B bit=00000000
[SEU] addr=20003171 bit=00000003
[SEU] addr=20003171 bit=00000006
[SEU] addr=200031A7 bit=00000004
[SEU] addr=20003165 bit=00000006
[CMD QUEUE backup CORRUPTED] backup repaired
[SEU] addr=20003166 bit=00000001
[CMD QUEUE backup CORRUPTED] backup repaired
[SEU] addr=200031A6 bit=00000003
[SEU] addr=200031A0 bit=00000007
[SEU] addr=20003196 bit=00000004
[ERR] seq=653 err=8388608
[ERR] seq=654 err=1342176
[ERR] seq=655 err=1556920
[ERR] seq=656 err=463848
[ERR] seq=657 err=323312
[ERR] seq=658 err=125936
[ERR] seq=659 err=71872
[ERR] seq=660 err=31640
[SEU] addr=200031CA bit=00000007
[ERR] seq=661 err=16552
[ERR] seq=662 err=7704
[SEU] addr=2000318E bit=00000001
[ERR] seq=663 err=11256
[ERR] seq=664 err=3016
[ERR] seq=665 err=2256
[ERR] seq=666 err=816
[ERR] seq=667 err=464
[ERR] seq=668 err=176
[SEU] addr=20003159 bit=00000003
[ERR] seq=669 err=72
[ERR] seq=670 err=24
[ERR] seq=671 err=8
[SEU] addr=20003171 bit=00000005
[SEU] addr=200031C5 bit=00000003
[SEU] addr=200031C2 bit=00000003
[SEU] addr=200031DC bit=00000000
[SEU] addr=200031CD bit=00000002
[SEU] addr=20003198 bit=00000006
[ERR] seq=699 err=512
[ERR] seq=700 err=80
[ERR] seq=701 err=88
[ERR] seq=702 err=16
[ERR] seq=703 err=8
[SEU] addr=2000317C bit=00000006
[SEU] addr=2000317C bit=00000006
[SEU] addr=200031D6 bit=00000000
[SEU] addr=20003160 bit=00000002
[CMD QUEUE CORRUPTED] primary repaired
[SEU] addr=200031E5 bit=00000002
[SEU] addr=20003166 bit=00000002
[CMD QUEUE backup CORRUPTED] backup repaired
[SEU] addr=200031DC bit=00000005
[SEU] addr=2000315E bit=00000005
[CMD QUEUE CORRUPTED] primary repaired
[SEU] addr=200031DC bit=00000007
[SEU] addr=200031DF bit=00000000
[SEU] addr=20003196 bit=00000007
[ERR] seq=773 err=67108864
[ERR] seq=774 err=10737416
[ERR] seq=775 err=12455400
[ERR] seq=776 err=3710848
[ERR] seq=777 err=2586592
[ERR] seq=778 err=1007576
[ERR] seq=779 err=575056
[ERR] seq=780 err=253216
[ERR] seq=781 err=132520
[SEU] addr=200031E5 bit=00000003
[ERR] seq=782 err=61712
[ERR] seq=783 err=31072
[ERR] seq=784 err=14840
[ERR] seq=785 err=7336
[ERR] seq=786 err=3536
[ERR] seq=787 err=1728
[ERR] seq=788 err=832
[ERR] seq=789 err=400
[SEU] addr=200031C9 bit=00000002
[ERR] seq=790 err=192
[SEU] addr=2000318F bit=00000000
[ERR] seq=791 err=176
[ERR] seq=792 err=40
[ERR] seq=793 err=16
[SEU] addr=2000316C bit=00000002
[SEU] addr=2000318A bit=00000003
[SEU] addr=200031E3 bit=00000000
[SEU] addr=200031C2 bit=00000001
[SEU] addr=200031C5 bit=00000005
[SEU] addr=20003177 bit=00000003
[SEU] addr=200031BF bit=00000002
[SEU] addr=200031B3 bit=00000007
[SEU] addr=2000314C bit=00000002
[SAMPLE QUEUE CORRUPTED] primary repaired
[SEU] addr=200031D7 bit=00000004
[SEU] addr=20003150 bit=00000004
[SAMPLE QUEUE CORRUPTED] primary repaired
[SEU] addr=20003154 bit=00000000
[SAMPLE QUEUE backup CORRUPTED] backup repaired
[SEU] addr=2000316B bit=00000005
[SEU] addr=200031A4 bit=00000000
[SEU] addr=200031E1 bit=00000007
[SEU] addr=20003174 bit=00000004
[SEU] addr=200031C9 bit=00000007
[SEU] addr=200031C7 bit=00000001
[SEU] addr=20003186 bit=00000005
[SEU] addr=2000319A bit=00000000
[ERR] seq=911 err=524288
[ERR] seq=912 err=83880
[SEU] addr=200031A4 bit=00000007
[ERR] seq=913 err=97296
[SEU] addr=200031A0 bit=00000005
[ERR] seq=914 err=28976
[ERR] seq=915 err=20192
[ERR] seq=916 err=7856
[ERR] seq=917 err=4480
[ERR] seq=918 err=1968
[ERR] seq=919 err=1024
[ERR] seq=920 err=472
[ERR] seq=921 err=232
[ERR] seq=922 err=104
[SEU] addr=2000319B bit=00000001
[ERR] seq=923 err=268435504
[SEU] addr=20003179 bit=00000005
[ERR] seq=924 err=42949696
[ERR] seq=925 err=49821624
[ERR] seq=926 err=14843400
[ERR] seq=927 err=10346400
[ERR] seq=928 err=4030368
[SEU] addr=200031E7 bit=00000005
[ERR] seq=929 err=2300280
[ERR] seq=930 err=1012896
[ERR] seq=931 err=530096
[ERR] seq=932 err=246864
[ERR] seq=933 err=124304
[ERR] seq=934 err=59384
[ERR] seq=935 err=29384
[ERR] seq=936 err=14192
[SEU] addr=200031DD bit=00000003
[ERR] seq=937 err=6960
[ERR] seq=938 err=3376
[ERR] seq=939 err=1648
[ERR] seq=940 err=792
[ERR] seq=941 err=376
[SEU] addr=20003163 bit=00000007
[ERR] seq=942 err=176
[ERR] seq=943 err=80
[ERR] seq=944 err=32
[ERR] seq=945 err=8
[SEU] addr=2000319F bit=00000006
[SEU] addr=200031D2 bit=00000001
[SEU] addr=2000316B bit=00000007
[SEU] addr=20003156 bit=00000000
[SAMPLE QUEUE backup CORRUPTED] backup repaired
[SEU] addr=20003193 bit=00000006
[SEU] addr=20003173 bit=00000000
[SEU] addr=2000315F bit=00000000
[CMD QUEUE CORRUPTED] primary repaired
[SEU] addr=20003165 bit=00000007
[CMD QUEUE backup CORRUPTED] backup repaired
[SEU] addr=20003162 bit=00000002
[SEU] addr=20003163 bit=00000000
[SEU] addr=2000317F bit=00000001
[SEU] addr=200031A3 bit=00000006
[SEU] addr=2000315D bit=00000007
[CMD QUEUE CORRUPTED] primary repaired
[SEU] addr=20003167 bit=00000007
[CMD QUEUE backup CORRUPTED] backup repaired
[SEU] addr=200031AD bit=00000006
[SEU] addr=200031E2 bit=00000003
[SEU] addr=2000319C bit=00000000
[SEU] addr=200031A4 bit=00000003
[SEU] addr=200031BB bit=00000001
[SEU] addr=20003194 bit=00000007
[ERR] seq=1030 err=1024
[ERR] seq=1031 err=160
[ERR] seq=1032 err=184
[ERR] seq=1033 err=48
[ERR] seq=1034 err=24
[SEU] addr=2000316F bit=00000001
[SEU] addr=200031D9 bit=00000000
[SEU] addr=20003192 bit=00000006
[ERR] seq=1045 err=33554432
[ERR] seq=1046 err=5368704
[ERR] seq=1047 err=6227696
[ERR] seq=1048 err=1855416
[SEU] addr=20003172 bit=00000007
[ERR] seq=1049 err=1293288
[ERR] seq=1050 err=503784
[ERR] seq=1051 err=287520
[ERR] seq=1052 err=126600
[ERR] seq=1053 err=66256
[ERR] seq=1054 err=30856
[ERR] seq=1055 err=15536
[SEU] addr=200031C1 bit=00000004
[ERR] seq=1056 err=7416
[ERR] seq=1057 err=3664
[ERR] seq=1058 err=1768
[ERR] seq=1059 err=864
[ERR] seq=1060 err=416
[SEU] addr=2000319B bit=00000001
[ERR] seq=1061 err=268435656
[ERR] seq=1062 err=42949768
[ERR] seq=1063 err=49821656
[ERR] seq=1064 err=14843408
[ERR] seq=1065 err=10346400
[ERR] seq=1066 err=4030368
[ERR] seq=1067 err=2300280
[SEU] addr=20003179 bit=00000002
[ERR] seq=1068 err=1012896
[ERR] seq=1069 err=530096
[ERR] seq=1070 err=246864
[ERR] seq=1071 err=124304
[ERR] seq=1072 err=59384
[ERR] seq=1073 err=29384
[SEU] addr=2000319A bit=00000004
[ERR] seq=1074 err=8374416
[ERR] seq=1075 err=1335208
[ERR] seq=1076 err=1553536
[ERR] seq=1077 err=462192
[ERR] seq=1078 err=322504
[SEU] addr=20003193 bit=00000002
[ERR] seq=1079 err=536996456
[ERR] seq=1080 err=85971024
[ERR] seq=1081 err=99674776
[ERR] seq=1082 err=29703304
[ERR] seq=1083 err=20700480
[ERR] seq=1084 err=8064600
[ERR] seq=1085 err=4602400
[ERR] seq=1086 err=2026704
[SEU] addr=200031DA bit=00000006
[ERR] seq=1087 err=1060648
[ERR] seq=1088 err=493968
[ERR] seq=1089 err=248728
[ERR] seq=1090 err=118816
[ERR] seq=1091 err=58784
[SEU] addr=2000317B bit=00000004
[ERR] seq=1092 err=28400
[ERR] seq=1093 err=13944
[ERR] seq=1094 err=6768
[ERR] seq=1095 err=3304
[SEU] addr=2000318E bit=00000006
[ERR] seq=1096 err=8112
[ERR] seq=1097 err=760
[ERR] seq=1098 err=1400
[ERR] seq=1099 err=328
[ERR] seq=1100 err=256
[ERR] seq=1101 err=72
[ERR] seq=1102 err=32
[SEU] addr=20003187 bit=00000000
[SEU] addr=200031CF bit=00000006
[SEU] addr=200031E7 bit=00000006
[SEU] addr=200031B7 bit=00000005
[SEU] addr=2000315A bit=00000004
[SEU] addr=2000319B bit=00000000
[ERR] seq=1129 err=134217728
[ERR] seq=1130 err=21474832
[ERR] seq=1131 err=24910800
[SEU] addr=2000316B bit=00000000
[ERR] seq=1132 err=7421696
[ERR] seq=1133 err=5173192
[ERR] seq=1134 err=2015168
[ERR] seq=1135 err=1150128
[SEU] addr=200031C7 bit=00000005
[ERR] seq=1136 err=506440
[ERR] seq=1137 err=265040
[ERR] seq=1138 err=123424
[ERR] seq=1139 err=62144
[ERR] seq=1140 err=29680
[ERR] seq=1141 err=14680
[ERR] seq=1142 err=7088
[SEU] addr=200031A5 bit=00000005
[ERR] seq=1143 err=3472
[ERR] seq=1144 err=1680
[ERR] seq=1145 err=816
[ERR] seq=1146 err=392
[ERR] seq=1147 err=184
[ERR] seq=1148 err=80
[SEU] addr=200031DF bit=00000001
[ERR] seq=1149 err=32
[ERR] seq=1150 err=8
[SEU] addr=200031BE bit=00000002
[SEU] addr=200031D6 bit=00000006
[SEU] addr=20003155 bit=00000003
[SAMPLE QUEUE backup CORRUPTED] backup repaired
[SEU] addr=20003190 bit=00000002
[ERR] seq=1174 err=32
[SEU] addr=200031AF bit=00000004
[SEU] addr=200031DC bit=00000002
[SEU] addr=20003156 bit=00000006
[SAMPLE QUEUE backup CORRUPTED] backup repaired
[SEU] addr=20003170 bit=00000001
[SEU] addr=200031E6 bit=00000003
[SEU] addr=200031CC bit=00000001
[SEU] addr=200031CC bit=00000007
[SEU] addr=20003156 bit=00000003
[SAMPLE QUEUE backup CORRUPTED] backup repaired
[SEU] addr=20003181 bit=00000007
[SEU] addr=2000318B bit=00000001
[SEU] addr=20003182 bit=00000003
[SEU] addr=200031C2 bit=00000005
[SEU] addr=200031A6 bit=00000006
[SEU] addr=200031DA bit=00000005
[SEU] addr=200031C6 bit=00000006
[SEU] addr=200031B5 bit=00000005
[SEU] addr=20003176 bit=00000007
[SEU] addr=2000314D bit=00000004
[SAMPLE QUEUE CORRUPTED] primary repaired
[SEU] addr=2000314E bit=00000002
[SAMPLE QUEUE CORRUPTED] primary repaired
[SEU] addr=2000318F bit=00000001
[ERR] seq=1282 err=792
[ERR] seq=1283 err=112
[ERR] seq=1284 err=120
[SEU] addr=200031A4 bit=00000000
[ERR] seq=1285 err=16
[ERR] seq=1286 err=8
[SEU] addr=200031A9 bit=00000006
[SEU] addr=200031AF bit=00000004
[SEU] addr=200031CD bit=00000001
[SEU] addr=20003184 bit=00000003
[SEU] addr=2000316C bit=00000002
[SEU] addr=2000317B bit=00000000
[SEU] addr=2000319C bit=00000007
[SEU] addr=2000317F bit=00000001
[SEU] addr=200031A0 bit=00000007
[SEU] addr=20003172 bit=00000001
[SEU] addr=2000314F bit=00000003
[SAMPLE QUEUE CORRUPTED] primary repaired
[SEU] addr=20003171 bit=00000003
[SEU] addr=200031C1 bit=00000002
[SEU] addr=200031D9 bit=00000005
[SEU] addr=20003157 bit=00000004
[SAMPLE QUEUE backup CORRUPTED] backup repaired
[SEU] addr=200031CA bit=00000002
[SEU] addr=200031D3 bit=00000007
[SEU] addr=200031B1 bit=00000002
[SEU] addr=200031B5 bit=00000005
[SEU] addr=2000315C bit=00000004
[CMD QUEUE CORRUPTED] primary repaired
[SEU] addr=200031BF bit=00000007
[SEU] addr=20003160 bit=00000006
[CMD QUEUE CORRUPTED] primary repaired
[SEU] addr=200031AA bit=00000002
[SEU] addr=2000317A bit=00000000
[SEU] addr=20003160 bit=00000002
[CMD QUEUE CORRUPTED] primary repaired
[SEU] addr=200031AC bit=00000004
[SEU] addr=20003171 bit=00000002
[SEU] addr=2000319E bit=00000002
[SEU] addr=20003155 bit=00000003
[SAMPLE QUEUE backup CORRUPTED] backup repaired
[SEU] addr=20003173 bit=00000001
[SEU] addr=20003185 bit=00000001
[SEU] addr=200031BF bit=00000000
[SEU] addr=200031C1 bit=00000007
[SEU] addr=200031C5 bit=00000001
[SEU] addr=20003196 bit=00000006
[ERR] seq=1459 err=33554432
[ERR] seq=1460 err=5368704
[SEU] addr=20003177 bit=00000006
[ERR] seq=1461 err=6227696
[ERR] seq=1462 err=1855416
[ERR] seq=1463 err=1293288
[ERR] seq=1464 err=503784
[ERR] seq=1465 err=287520
[ERR] seq=1466 err=126600
[SEU] addr=200031E7 bit=00000004
[ERR] seq=1467 err=66256
[ERR] seq=1468 err=30856
[ERR] seq=1469 err=15536
[ERR] seq=1470 err=7416
[ERR] seq=1471 err=3664
[ERR] seq=1472 err=1768
[SEU] addr=200031C0 bit=00000005
[ERR] seq=1473 err=864
[ERR] seq=1474 err=416
[ERR] seq=1475 err=200
[ERR] seq=1476 err=96
[ERR] seq=1477 err=40
[ERR] seq=1478 err=8
[SEU] addr=200031E0 bit=00000001
[SEU] addr=200031D1 bit=00000005
[SEU] addr=200031E3 bit=00000005
[SEU] addr=200031C5 bit=00000005
[SEU] addr=2000317D bit=00000003
[SEU] addr=200031C5 bit=00000007
[SEU] addr=20003170 bit=00000003
[SEU] addr=200031D8 bit=00000006
[SEU] addr=2000319B bit=00000004
[ERR] seq=1526 err=2147483648
[ERR] seq=1527 err=343597376
[ERR] seq=1528 err=398572952
[SEU] addr=2000316A bit=00000001
[ERR] seq=1529 err=118747248
[ERR] seq=1530 err=82771224
[ERR] seq=1531 err=32242944
[ERR] seq=1532 err=18402256
[ERR] seq=1533 err=8103224
[SEU] addr=200031AF bit=00000000
[ERR] seq=1534 err=4240872
[ERR] seq=1535 err=1975048
[ERR] seq=1536 err=994536
[ERR] seq=1537 err=475120
[SEU] addr=200031E6 bit=00000004
[ERR] seq=1538 err=235136
[ERR] seq=1539 err=113632
[SEU] addr=20003190 bit=00000002
[ERR] seq=1540 err=55824
[ERR] seq=1541 err=27096
[ERR] seq=1542 err=13248
[ERR] seq=1543 err=6440
[ERR] seq=1544 err=3136
[ERR] seq=1545 err=1520
[SEU] addr=20003165 bit=00000007
[CMD QUEUE backup CORRUPTED] backup repaired
[ERR] seq=1546 err=736
[SEU] addr=200031A1 bit=00000000
[ERR] seq=1547 err=352
[ERR] seq=1548 err=168
[ERR] seq=1549 err=80
[ERR] seq=1550 err=32
[SEU] addr=20003173 bit=00000000
[ERR] seq=1551 err=8
[SEU] addr=2000319A bit=00000002
[ERR] seq=1553 err=2097152
[ERR] seq=1554 err=335544
[ERR] seq=1555 err=389224
[ERR] seq=1556 err=115952
[ERR] seq=1557 err=80824
[ERR] seq=1558 err=31480
[ERR] seq=1559 err=17960
[ERR] seq=1560 err=7904
[ERR] seq=1561 err=4136
[SEU] addr=20003155 bit=00000003
[SAMPLE QUEUE backup CORRUPTED] backup repaired
[ERR] seq=1562 err=1920
[ERR] seq=1563 err=960
[ERR] seq=1564 err=456
[ERR] seq=1565 err=224
[ERR] seq=1566 err=104
[ERR] seq=1567 err=48
[ERR] seq=1568 err=16
[SEU] addr=2000319D bit=00000007
[SEU] addr=200031C8 bit=00000005
[SEU] addr=20003192 bit=00000007
[ERR] seq=1584 err=67108864
[ERR] seq=1585 err=10737416
[ERR] seq=1586 err=12455400
[ERR] seq=1587 err=3710848
[ERR] seq=1588 err=2586592
[ERR] seq=1589 err=1007576
[ERR] seq=1590 err=575056
[ERR] seq=1591 err=253216
[ERR] seq=1592 err=132520
[ERR] seq=1593 err=61712
[SEU] addr=20003196 bit=00000000
[ERR] seq=1594 err=555360
[ERR] seq=1595 err=98720
[ERR] seq=1596 err=104632
[ERR] seq=1597 err=32512
[ERR] seq=1598 err=21920
[ERR] seq=1599 err=8688
[ERR] seq=1600 err=4880
[ERR] seq=1601 err=2160
[ERR] seq=1602 err=1112
[ERR] seq=1603 err=504
[SEU] addr=20003197 bit=00000005
[ERR] seq=1604 err=240
[ERR] seq=1605 err=104
[SEU] addr=200031CC bit=00000000
[ERR] seq=1606 err=48
[ERR] seq=1607 err=16
[SEU] addr=200031AF bit=00000007
[SEU] addr=2000316E bit=00000001
[SEU] addr=20003183 bit=00000002
[SEU] addr=20003180 bit=00000007
[SEU] addr=20003162 bit=00000006
[SEU] addr=20003154 bit=00000005
[SAMPLE QUEUE backup CORRUPTED] backup repaired
[SEU] addr=200031DD bit=00000001
[SEU] addr=2000316B bit=00000003
[SEU] addr=200031AD bit=00000004
[SEU] addr=200031D8 bit=00000006
[SEU] addr=200031E5 bit=00000005
[SEU] addr=200031D5 bit=00000002
[SEU] addr=200031A1 bit=00000004
[SEU] addr=20003189 bit=00000001
[SEU] addr=20003171 bit=00000002
[SEU] addr=200031DE bit=00000000
[SEU] addr=20003165 bit=00000002
[CMD QUEUE backup CORRUPTED] backup repaired
[SEU] addr=200031BF bit=00000000
[SEU] addr=20003187 bit=00000007
[SEU] addr=2000319A bit=00000007
[ERR] seq=1708 err=67108864
[ERR] seq=1709 err=10737416
[ERR] seq=1710 err=12455400
[SEU] addr=20003184 bit=00000000
[ERR] seq=1711 err=3710848
[ERR] seq=1712 err=2586592
[ERR] seq=1713 err=1007576
[ERR] seq=1714 err=575056
[ERR] seq=1715 err=253216
[ERR] seq=1716 err=132520
[ERR] seq=1717 err=61712
[ERR] seq=1718 err=31072
[ERR] seq=1719 err=14840
[ERR] seq=1720 err=7336
[SEU] addr=200031DF bit=00000002
[ERR] seq=1721 err=3536
[ERR] seq=1722 err=1728
[ERR] seq=1723 err=832
[ERR] seq=1724 err=400
[ERR] seq=1725 err=192
[ERR] seq=1726 err=88
[SEU] addr=20003171 bit=00000005
[ERR] seq=1727 err=32
[ERR] seq=1728 err=8
[SEU] addr=20003152 bit=00000005
[SEU] addr=20003163 bit=00000001
[SEU] addr=2000316C bit=00000001
[SEU] addr=2000315D bit=00000001
[CMD QUEUE CORRUPTED] primary repaired
[SEU] addr=200031D8 bit=00000002
[SEU] addr=2000316D bit=00000001
[SEU] addr=20003180 bit=00000006
[SEU] addr=200031A7 bit=00000001
[SEU] addr=200031E1 bit=00000007
[SEU] addr=2000318C bit=00000006
[ERR] seq=1770 err=6592
[ERR] seq=1771 err=1048
[ERR] seq=1772 err=1200
[ERR] seq=1773 err=336
[ERR] seq=1774 err=224
[ERR] seq=1775 err=64
[ERR] seq=1776 err=24
[SEU] addr=2000317B bit=00000003
[SEU] addr=20003154 bit=00000003
[SAMPLE QUEUE backup CORRUPTED] backup repaired
[SEU] addr=2000319C bit=00000005
[SEU] addr=20003186 bit=00000002
[SEU] addr=20003180 bit=00000000
[SEU] addr=20003164 bit=00000007
[CMD QUEUE backup CORRUPTED] backup repaired
[SEU] addr=200031B3 bit=00000000
[SEU] addr=200031DA bit=00000006
[SEU] addr=200031A1 bit=00000001
[SEU] addr=200031E7 bit=00000001
[SEU] addr=200031BF bit=00000004
[SEU] addr=2000317B bit=00000005
[SEU] addr=2000316F bit=00000001
[SEU] addr=200031C0 bit=00000007
[SEU] addr=200031E4 bit=00000000
[SEU] addr=20003176 bit=00000004
[SEU] addr=2000316E bit=00000004
[SEU] addr=2000316C bit=00000006
[SEU] addr=200031B6 bit=00000002
[SEU] addr=200031D8 bit=00000001
[SEU] addr=2000316E bit=00000007
[SEU] addr=20003175 bit=00000004
[SEU] addr=200031DA bit=00000002
[SEU] addr=200031C7 bit=00000004
[SEU] addr=200031A6 bit=00000007
[SEU] addr=20003168 bit=00000006
[CMD QUEUE backup CORRUPTED] backup repaired
[SEU] addr=200031BB bit=00000004
[SEU] addr=20003180 bit=00000007
[SEU] addr=2000318F bit=00000004
[ERR] seq=1937 err=7632
[ERR] seq=1938 err=1208
[ERR] seq=1939 err=1392
[ERR] seq=1940 err=392
[ERR] seq=1941 err=264
[ERR] seq=1942 err=88
[ERR] seq=1943 err=40
[ERR] seq=1944 err=8
[SEU] addr=200031A0 bit=00000000
[SEU] addr=200031CB bit=00000007
[SEU] addr=20003184 bit=00000007
[SEU] addr=200031AA bit=00000004
[SEU] addr=200031BD bit=00000007
[SEU] addr=200031B9 bit=00000002
[SEU] addr=200031B5 bit=00000000
[SEU] addr=200031AE bit=00000006
[SEU] addr=20003157 bit=00000002
[SAMPLE QUEUE backup CORRUPTED] backup repaired
[SEU] addr=200031C3 bit=00000005
[SEU] addr=20003181 bit=00000002
[SEU] addr=200031B0 bit=00000003
[END]
samples=2000
SEUs=368
good samples=1599
errors=401
samples omitted=0
max error=0x0000000080000000
propagations=355
detected disturbances=83
tmr corrections=35
dmr corrections=48
crc detections=0
clamp activations=0
[HARDFAULT]
qemu: fatal: Lockup: can't escalate 3 to HardFault (current priority -1)

R00=0000000a R01=00000002 R02=4000c000 R03=00000000
R04=00000000 R05=00000010 R06=00000000 R07=2000ffd8
R08=00000000 R09=00000000 R10=00000010 R11=00000000
R12=00000020 R13=2000ffd8 R14=00003621 R15=00000e12
XPSR=01000003 ---- T handler
FPSCR: 00000000
