START
SEED=09322003
[SEU] addr=200031AA bit=00000000
[SEU] addr=2000319A bit=00000006
[ERR] seq=12 err=2532
[ERR] seq=13 err=400
[ERR] seq=14 err=464
[ERR] seq=15 err=136
[ERR] seq=16 err=88
[ERR] seq=17 err=24
[SEU] addr=200031B1 bit=00000004
[ERR] seq=18 err=8
[SEU] addr=2000314D bit=00000002
[SAMPLE QUEUE CORRUPTED] primary repaired
[SEU] addr=2000319D bit=00000004
[SEU] addr=20003187 bit=00000007
[SEU] addr=200031E7 bit=00000002
[SEU] addr=20003189 bit=00000003
[SEU] addr=200031AD bit=00000002
[SEU] addr=2000314D bit=00000001
[SAMPLE QUEUE CORRUPTED] primary repaired
[SEU] addr=20003198 bit=00000002
[ERR] seq=62 err=32
[SEU] addr=20003188 bit=00000003
[SEU] addr=200031BA bit=00000004
[SEU] addr=200031C9 bit=00000006
[SEU] addr=200031D8 bit=00000001
[SEU] addr=200031E2 bit=00000000
[SEU] addr=200031AA bit=00000005
[SEU] addr=20003163 bit=00000000
[SEU] addr=2000318F bit=00000005
[ERR] seq=97 err=12512
[ERR] seq=98 err=1992
[ERR] seq=99 err=2296
[ERR] seq=100 err=664
[ERR] seq=101 err=456
[ERR] seq=102 err=160
[ERR] seq=103 err=72
[SEU] addr=20003168 bit=00000006
[CMD QUEUE backup CORRUPTED] backup repaired
[ERR] seq=104 err=8
[SEU] addr=200031DB bit=00000000
[SEU] addr=200031BF bit=00000002
[SEU] addr=20003163 bit=00000003
[SEU] addr=200031B5 bit=00000005
[SEU] addr=200031E2 bit=00000004
[SEU] addr=200031AA bit=00000006
[SEU] addr=2000317D bit=00000007
[SEU] addr=2000316D bit=00000006
[SEU] addr=200031C3 bit=00000002
[SEU] addr=2000316F bit=00000006
[SEU] addr=200031B2 bit=00000004
[SEU] addr=20003176 bit=00000007
[SEU] addr=20003169 bit=00000005
[SEU] addr=2000318B bit=00000004
[SEU] addr=20003185 bit=00000001
[SEU] addr=2000318D bit=00000000
[ERR] seq=181 err=8992
[ERR] seq=182 err=1432
[ERR] seq=183 err=1640
[ERR] seq=184 err=456
[ERR] seq=185 err=312
[ERR] seq=186 err=104
[ERR] seq=187 err=40
[SEU] addr=200031AE bit=00000006
[SEU] addr=200031CB bit=00000001
[SEU] addr=2000318D bit=00000003
[ERR] seq=199 err=9288
[ERR] seq=200 err=1472
[ERR] seq=201 err=1704
[ERR] seq=202 err=496
[ERR] seq=203 err=328
[ERR] seq=204 err=104
[ERR] seq=205 err=48
[ERR] seq=206 err=8
[SEU] addr=20003176 bit=00000003
[SEU] addr=200031C5 bit=00000001
[SEU] addr=20003151 bit=00000005
[SEU] addr=2000316E bit=00000002
[SEU] addr=200031B5 bit=00000001
[SEU] addr=20003160 bit=00000000
[CMD QUEUE CORRUPTED] primary repaired
[SEU] addr=2000317F bit=00000007
[SEU] addr=20003184 bit=00000003
[SEU] addr=200031A3 bit=00000006
[SEU] addr=2000319F bit=00000005
[SEU] addr=2000319D bit=00000006
[SEU] addr=20003170 bit=00000005
[SEU] addr=20003186 bit=00000000
[SEU] addr=20003175 bit=00000000
[SEU] addr=20003195 bit=00000001
[ERR] seq=286 err=2484
[ERR] seq=287 err=392
[ERR] seq=288 err=448
[ERR] seq=289 err=120
[ERR] seq=290 err=80
[ERR] seq=291 err=24
[ERR] seq=292 err=8
[SEU] addr=200031C1 bit=00000001
[SEU] addr=20003173 bit=00000000
[SEU] addr=20003158 bit=00000000
[SAMPLE QUEUE backup CORRUPTED] backup repaired
[SEU] addr=200031C5 bit=00000005
[SEU] addr=200031E7 bit=00000004
[SEU] addr=2000314C bit=00000003
[SAMPLE QUEUE CORRUPTED] primary repaired
[SEU] addr=2000317D bit=00000004
[SEU] addr=200031C9 bit=00000000
[SEU] addr=20003196 bit=00000006
[ERR] seq=311 err=2476
[SEU] addr=20003198 bit=00000003
[ERR] seq=312 err=456
[ERR] seq=313 err=456
[ERR] seq=314 err=128
[SEU] addr=20003150 bit=00000001
[SAMPLE QUEUE CORRUPTED] primary repaired
[ERR] seq=315 err=80
[ERR] seq=316 err=24
[SEU] addr=20003154 bit=00000007
[SAMPLE QUEUE backup CORRUPTED] backup repaired
[ERR] seq=317 err=8
[SEU] addr=2000315B bit=00000006
[SEU] addr=200031DE bit=00000004
[SEU] addr=20003183 bit=00000000
[SEU] addr=200031BB bit=00000006
[SEU] addr=2000317C bit=00000002
[SEU] addr=20003169 bit=00000001
[SEU] addr=20003165 bit=00000001
[CMD QUEUE backup CORRUPTED] backup repaired
[SEU] addr=20003158 bit=00000005
[SAMPLE QUEUE backup CORRUPTED] backup repaired
[SEU] addr=20003176 bit=00000001
[SEU] addr=2000315C bit=00000003
[CMD QUEUE CORRUPTED] primary repaired
[SEU] addr=200031CF bit=00000007
[SEU] addr=20003172 bit=00000002
[SEU] addr=20003170 bit=00000000
[SEU] addr=20003177 bit=00000000
[SEU] addr=20003198 bit=00000007
[ERR] seq=379 err=1024
[ERR] seq=380 err=160
[ERR] seq=381 err=184
[ERR] seq=382 err=48
[ERR] seq=383 err=24
[SEU] addr=200031B6 bit=00000000
[SEU] addr=2000317D bit=00000006
[SEU] addr=2000315D bit=00000000
[CMD QUEUE CORRUPTED] primary repaired
[SEU] addr=200031DD bit=00000002
[SEU] addr=2000315D bit=00000001
[CMD QUEUE CORRUPTED] primary repaired
[SEU] addr=200031A6 bit=00000005
[SEU] addr=200031D3 bit=00000005
[SEU] addr=200031AD bit=00000004
[SEU] addr=2000317A bit=00000000
[SEU] addr=200031A5 bit=00000007
[SEU] addr=2000315E bit=00000005
[CMD QUEUE CORRUPTED] primary repaired
[SEU] addr=200031C6 bit=00000003
[SEU] addr=2000319F bit=00000006
[SEU] addr=200031DF bit=00000004
[SEU] addr=200031DE bit=00000006
[SEU] addr=2000319A bit=00000002
[ERR] seq=453 err=2492
[ERR] seq=454 err=392
[ERR] seq=455 err=448
[ERR] seq=456 err=120
[ERR] seq=457 err=80
[SEU] addr=200031D6 bit=00000007
[ERR] seq=458 err=24
[ERR] seq=459 err=8
[SEU] addr=20003184 bit=00000006
[SEU] addr=20003180 bit=00000005
[SEU] addr=20003161 bit=00000002
[SEU] addr=200031B3 bit=00000000
[SEU] addr=200031B7 bit=00000002
[SEU] addr=20003166 bit=00000004
[CMD QUEUE backup CORRUPTED] backup repaired
[SEU] addr=20003160 bit=00000006
[CMD QUEUE CORRUPTED] primary repaired
[SEU] addr=200031BC bit=00000003
[SEU] addr=2000319C bit=00000006
[SEU] addr=200031A4 bit=00000007
[SEU] addr=200031BE bit=00000003
[SEU] addr=2000316F bit=00000004
[SEU] addr=2000315D bit=00000002
[CMD QUEUE CORRUPTED] primary repaired
[SEU] addr=20003163 bit=00000006
[SEU] addr=200031CC bit=00000002
[SEU] addr=20003192 bit=00000004
[ERR] seq=539 err=2444
[ERR] seq=540 err=384
[ERR] seq=541 err=440
[ERR] seq=542 err=120
[ERR] seq=543 err=80
[ERR] seq=544 err=24
[ERR] seq=545 err=8
[SEU] addr=200031D1 bit=00000000
[SEU] addr=200031DC bit=00000001
[SEU] addr=20003189 bit=00000007
[SEU] addr=200031CA bit=00000003
[SEU] addr=2000317D bit=00000005
[SEU] addr=20003159 bit=00000003
[SEU] addr=200031AD bit=00000005
[SEU] addr=200031D2 bit=00000001
[SEU] addr=20003189 bit=00000003
[SEU] addr=20003184 bit=00000006
[SEU] addr=200031AB bit=00000003
[SEU] addr=2000314D bit=00000000
[SAMPLE QUEUE CORRUPTED] primary repaired
[SEU] addr=200031D8 bit=00000001
[SEU] addr=20003188 bit=00000001
[SEU] addr=2000317F bit=00000000
[SEU] addr=20003180 bit=00000003
[SEU] addr=20003194 bit=00000007
[ERR] seq=622 err=1024
[ERR] seq=623 err=160
[ERR] seq=624 err=184
[ERR] seq=625 err=48
[SEU] addr=200031A4 bit=00000000
[ERR] seq=626 err=24
[SEU] addr=2000319B bit=00000001
[ERR] seq=630 err=2500
[SEU] addr=20003178 bit=00000003
[ERR] seq=631 err=400
[ERR] seq=632 err=464
[SEU] addr=200031D1 bit=00000004
[ERR] seq=633 err=136
[ERR] seq=634 err=88
[ERR] seq=635 err=24
[ERR] seq=636 err=8
[SEU] addr=20003159 bit=00000007
[SEU] addr=20003157 bit=00000004
[SAMPLE QUEUE backup CORRUPTED] backup repaired
[SEU] addr=2000319F bit=00000001
[SEU] addr=20003194 bit=00000003
[ERR] seq=653 err=64
[ERR] seq=654 err=8
[ERR] seq=655 err=8
[SEU] addr=200031DD bit=00000003
[SEU] addr=200031C7 bit=00000005
[SEU] addr=200031E2 bit=00000000
[SEU] addr=200031D6 bit=00000005
[SEU] addr=200031D5 bit=00000005
[SEU] addr=2000314E bit=00000002
[SAMPLE QUEUE CORRUPTED] primary repaired
[SEU] addr=200031E2 bit=00000007
[SEU] addr=20003158 bit=00000006
[SAMPLE QUEUE backup CORRUPTED] backup repaired
[SEU] addr=20003198 bit=00000006
[ERR] seq=694 err=512
[ERR] seq=695 err=80
[ERR] seq=696 err=88
[ERR] seq=697 err=16
[SEU] addr=20003159 bit=00000003
[ERR] seq=698 err=8
[SEU] addr=2000314F bit=00000007
[SAMPLE QUEUE CORRUPTED] primary repaired
[SEU] addr=20003176 bit=00000002
[SEU] addr=20003158 bit=00000006
[SAMPLE QUEUE backup CORRUPTED] backup repaired
[SEU] addr=2000315A bit=00000000
[SEU] addr=200031C6 bit=00000006
[SEU] addr=200031C2 bit=00000003
[SEU] addr=2000317B bit=00000001
[SEU] addr=20003194 bit=00000003
[ERR] seq=740 err=64
[SEU] addr=200031D4 bit=00000001
[ERR] seq=741 err=8
[ERR] seq=742 err=8
[SEU] addr=2000316D bit=00000004
[SEU] addr=200031E0 bit=00000001
[SEU] addr=200031B9 bit=00000004
[SEU] addr=2000316D bit=00000002
[SEU] addr=200031C4 bit=00000001
[SEU] addr=200031C3 bit=00000002
[SEU] addr=200031A9 bit=00000003
[SEU] addr=2000314D bit=00000005
[SAMPLE QUEUE CORRUPTED] primary repaired
[SEU] addr=20003192 bit=00000006
[ERR] seq=797 err=2516
[ERR] seq=798 err=400
[SEU] addr=2000319A bit=00000001
[ERR] seq=799 err=2964
[ERR] seq=800 err=536
[ERR] seq=801 err=552
[ERR] seq=802 err=160
[ERR] seq=803 err=96
[SEU] addr=200031A6 bit=00000000
[ERR] seq=804 err=24
[ERR] seq=805 err=8
[SEU] addr=200031CC bit=00000000
[SEU] addr=2000315E bit=00000004
[CMD QUEUE CORRUPTED] primary repaired
[SEU] addr=200031DB bit=00000006
[SEU] addr=20003189 bit=00000002
[SEU] addr=200031B1 bit=00000004
[SEU] addr=20003184 bit=00000004
[SEU] addr=20003192 bit=00000006
[ERR] seq=846 err=2460
[ERR] seq=847 err=392
[ERR] seq=848 err=448
[ERR] seq=849 err=120
[ERR] seq=850 err=80
[ERR] seq=851 err=24
[ERR] seq=852 err=8
[SEU] addr=200031CA bit=00000007
[SEU] addr=200031C6 bit=00000000
[SEU] addr=2000314E bit=00000000
[SAMPLE QUEUE CORRUPTED] primary repaired
[SEU] addr=200031DC bit=00000003
[SEU] addr=200031C0 bit=00000004
[SEU] addr=20003174 bit=00000000
[SEU] addr=200031BB bit=00000005
[SEU] addr=200031AA bit=00000004
[SEU] addr=200031D7 bit=00000004
[SEU] addr=2000316C bit=00000006
[SEU] addr=200031BC bit=00000005
[SEU] addr=2000319B bit=00000005
[SEU] addr=200031B6 bit=00000002
[SEU] addr=20003195 bit=00000005
[ERR] seq=918 err=2524
[ERR] seq=919 err=400
[ERR] seq=920 err=464
[ERR] seq=921 err=136
[ERR] seq=922 err=88
[ERR] seq=923 err=24
[ERR] seq=924 err=8
[SEU] addr=20003190 bit=00000000
[ERR] seq=928 err=8
[SEU] addr=200031B7 bit=00000000
[SEU] addr=20003192 bit=00000002
[ERR] seq=942 err=2460
[ERR] seq=943 err=392
[ERR] seq=944 err=448
[ERR] seq=945 err=120
[ERR] seq=946 err=80
[ERR] seq=947 err=24
[ERR] seq=948 err=8
[SEU] addr=2000316D bit=00000005
[SEU] addr=200031A3 bit=00000004
[SEU] addr=20003163 bit=00000003
[SEU] addr=200031B3 bit=00000006
[SEU] addr=200031E1 bit=00000005
[SEU] addr=2000319A bit=00000002
[ERR] seq=978 err=2500
[ERR] seq=979 err=400
[ERR] seq=980 err=464
[ERR] seq=981 err=136
[ERR] seq=982 err=88
[ERR] seq=983 err=24
[ERR] seq=984 err=8
[SEU] addr=200031CB bit=00000002
[SEU] addr=200031DC bit=00000000
[SEU] addr=20003176 bit=00000006
[SEU] addr=20003163 bit=00000001
[SEU] addr=2000314F bit=00000003
[SAMPLE QUEUE CORRUPTED] primary repaired
[SEU] addr=2000314F bit=00000006
[SAMPLE QUEUE CORRUPTED] primary repaired
[SEU] addr=2000319D bit=00000004
[SEU] addr=20003168 bit=00000000
[CMD QUEUE backup CORRUPTED] backup repaired
[SEU] addr=200031A0 bit=00000000
[SEU] addr=20003158 bit=00000007
[SAMPLE QUEUE backup CORRUPTED] backup repaired
[SEU] addr=20003156 bit=00000004
[SAMPLE QUEUE backup CORRUPTED] backup repaired
[SEU] addr=200031D5 bit=00000004
[SEU] addr=200031CB bit=00000007
[SEU] addr=200031BC bit=00000002
[SEU] addr=200031AB bit=00000004
[SEU] addr=200031B5 bit=00000006
[SEU] addr=200031E6 bit=00000005
[SEU] addr=2000319E bit=00000004
[SEU] addr=2000319B bit=00000000
[ERR] seq=1069 err=2516
[ERR] seq=1070 err=400
[ERR] seq=1071 err=464
[SEU] addr=20003164 bit=00000004
[CMD QUEUE backup CORRUPTED] backup repaired
[ERR] seq=1072 err=136
[ERR] seq=1073 err=88
[ERR] seq=1074 err=24
[ERR] seq=1075 err=8
[SEU] addr=200031B8 bit=00000003
[SEU] addr=200031E0 bit=00000000
[SEU] addr=20003198 bit=00000001
[ERR] seq=1094 err=16
[SEU] addr=200031B0 bit=00000003
[SEU] addr=20003155 bit=00000001
[SAMPLE QUEUE backup CORRUPTED] backup repaired
[SEU] addr=200031D9 bit=00000000
[SEU] addr=20003159 bit=00000000
[SEU] addr=200031A4 bit=00000003
[SEU] addr=2000319D bit=00000001
[SEU] addr=200031C6 bit=00000000
[SEU] addr=200031BB bit=00000002
[SEU] addr=20003153 bit=00000002
[SEU] addr=20003182 bit=00000000
[SEU] addr=2000316B bit=00000002
[SEU] addr=20003184 bit=00000005
[SEU] addr=20003184 bit=00000000
[SEU] addr=20003177 bit=00000000
[SEU] addr=2000316C bit=00000000
[SEU] addr=2000314F bit=00000000
[SAMPLE QUEUE CORRUPTED] primary repaired
[SEU] addr=200031E3 bit=00000003
[SEU] addr=200031B3 bit=00000007
[SEU] addr=200031AB bit=00000002
[SEU] addr=200031CF bit=00000006
[SEU] addr=200031AC bit=00000007
[SEU] addr=20003190 bit=00000003
[ERR] seq=1216 err=64
[ERR] seq=1217 err=8
[ERR] seq=1218 err=8
[SEU] addr=2000316C bit=00000001
[SEU] addr=200031BD bit=00000004
[SEU] addr=20003166 bit=00000002
[CMD QUEUE backup CORRUPTED] backup repaired
[SEU] addr=200031D4 bit=00000002
[SEU] addr=200031B0 bit=00000005
[SEU] addr=2000315E bit=00000005
[CMD QUEUE CORRUPTED] primary repaired
[SEU] addr=200031A0 bit=00000004
[SEU] addr=2000319F bit=00000003
[SEU] addr=200031A4 bit=00000004
[SEU] addr=200031BE bit=00000001
[SEU] addr=200031DC bit=00000003
[SEU] addr=200031AE bit=00000005
[SEU] addr=2000315F bit=00000005
[CMD QUEUE CORRUPTED] primary repaired
[SEU] addr=20003196 bit=00000002
[ERR] seq=1293 err=2524
[ERR] seq=1294 err=400
[ERR] seq=1295 err=464
[ERR] seq=1296 err=136
[ERR] seq=1297 err=88
[ERR] seq=1298 err=24
[ERR] seq=1299 err=8
[SEU] addr=200031B3 bit=00000001
[SEU] addr=20003169 bit=00000003
[SEU] addr=2000314E bit=00000000
[SAMPLE QUEUE CORRUPTED] primary repaired
[SEU] addr=20003166 bit=00000005
[CMD QUEUE backup CORRUPTED] backup repaired
[SEU] addr=2000316B bit=00000002
[SEU] addr=200031E1 bit=00000006
[SEU] addr=2000316C bit=00000004
[SEU] addr=2000317B bit=00000000
[SEU] addr=200031A9 bit=00000004
[SEU] addr=20003176 bit=00000007
[SEU] addr=2000319D bit=00000003
[SEU] addr=200031DC bit=00000006
[SEU] addr=2000315B bit=00000000
[SEU] addr=20003197 bit=00000002
[ERR] seq=1372 err=2476
[ERR] seq=1373 err=392
[ERR] seq=1374 err=448
[ERR] seq=1375 err=120
[ERR] seq=1376 err=80
[ERR] seq=1377 err=24
[ERR] seq=1378 err=8
[SEU] addr=200031C9 bit=00000003
[SEU] addr=200031A0 bit=00000001
[SEU] addr=20003164 bit=00000002
[CMD QUEUE backup CORRUPTED] backup repaired
[SEU] addr=200031C6 bit=00000004
[SEU] addr=200031B7 bit=00000007
[SEU] addr=200031B8 bit=00000007
[SEU] addr=200031C1 bit=00000006
[SEU] addr=20003170 bit=00000005
[SEU] addr=2000318B bit=00000007
[SEU] addr=20003177 bit=00000003
[SEU] addr=20003189 bit=00000006
[SEU] addr=2000317B bit=00000002
[SEU] addr=200031E6 bit=00000007
[SEU] addr=20003157 bit=00000002
[SAMPLE QUEUE backup CORRUPTED] backup repaired
[SEU] addr=20003188 bit=00000001
[SEU] addr=20003169 bit=00000007
[SEU] addr=200031C1 bit=00000002
[SEU] addr=20003186 bit=00000006
[SEU] addr=200031DC bit=00000003
[SEU] addr=20003185 bit=00000003
[SEU] addr=2000315D bit=00000003
[CMD QUEUE CORRUPTED] primary repaired
[SEU] addr=200031C7 bit=00000002
[SEU] addr=20003177 bit=00000000
[SEU] addr=200031D6 bit=00000002
[SEU] addr=200031C3 bit=00000006
[SEU] addr=20003186 bit=00000006
[SEU] addr=2000319B bit=00000000
[ERR] seq=1520 err=2508
[ERR] seq=1521 err=400
[SEU] addr=200031BA bit=00000006
[ERR] seq=1522 err=464
[ERR] seq=1523 err=136
[ERR] seq=1524 err=88
[ERR] seq=1525 err=24
[ERR] seq=1526 err=8
[SEU] addr=20003197 bit=00000001
[ERR] seq=1527 err=2508
[ERR] seq=1528 err=400
[ERR] seq=1529 err=464
[ERR] seq=1530 err=136
[ERR] seq=1531 err=88
[ERR] seq=1532 err=24
[ERR] seq=1533 err=8
[SEU] addr=200031E7 bit=00000002
[SEU] addr=200031A3 bit=00000000
[SEU] addr=20003181 bit=00000004
[SEU] addr=20003199 bit=00000001
[ERR] seq=1550 err=2516
[ERR] seq=1551 err=400
[ERR] seq=1552 err=464
[SEU] addr=20003171 bit=00000006
[ERR] seq=1553 err=136
[ERR] seq=1554 err=88
[ERR] seq=1555 err=24
[ERR] seq=1556 err=8
[SEU] addr=200031E6 bit=00000000
[SEU] addr=200031CF bit=00000003
[SEU] addr=20003180 bit=00000005
[SEU] addr=200031CF bit=00000000
[SEU] addr=200031E1 bit=00000000
[SEU] addr=200031C3 bit=00000005
[SEU] addr=200031B1 bit=00000005
[SEU] addr=2000319B bit=00000007
[SEU] addr=2000318A bit=00000005
[SEU] addr=200031B6 bit=00000006
[SEU] addr=20003190 bit=00000003
[ERR] seq=1618 err=64
[ERR] seq=1619 err=8
[ERR] seq=1620 err=8
[SEU] addr=2000317D bit=00000007
[SEU] addr=2000316C bit=00000005
[SEU] addr=2000317B bit=00000003
[SEU] addr=2000315C bit=00000002
[CMD QUEUE CORRUPTED] primary repaired
[SEU] addr=200031D7 bit=00000006
[SEU] addr=2000318C bit=00000003
[ERR] seq=1646 err=680
[ERR] seq=1647 err=96
[ERR] seq=1648 err=104
[ERR] seq=1649 err=16
[SEU] addr=20003163 bit=00000002
[ERR] seq=1650 err=8
[SEU] addr=2000318E bit=00000002
[ERR] seq=1652 err=5408
[ERR] seq=1653 err=856
[ERR] seq=1654 err=984
[ERR] seq=1655 err=272
[ERR] seq=1656 err=176
[SEU] addr=20003179 bit=00000000
[ERR] seq=1657 err=48
[ERR] seq=1658 err=16
[SEU] addr=200031CF bit=00000005
[SEU] addr=200031B5 bit=00000002
[SEU] addr=20003197 bit=00000001
[ERR] seq=1678 err=2500
[ERR] seq=1679 err=400
[ERR] seq=1680 err=464
[SEU] addr=2000318E bit=00000002
[ERR] seq=1681 err=10464
[ERR] seq=1682 err=1592
[ERR] seq=1683 err=1912
[ERR] seq=1684 err=544
[ERR] seq=1685 err=376
[ERR] seq=1686 err=128
[ERR] seq=1687 err=56
[ERR] seq=1688 err=8
[SEU] addr=20003164 bit=00000002
[CMD QUEUE backup CORRUPTED] backup repaired
[SEU] addr=200031D8 bit=00000005
[SEU] addr=2000315B bit=00000005
[SEU] addr=200031AE bit=00000003
[SEU] addr=200031A6 bit=00000007
[SEU] addr=20003176 bit=00000007
[SEU] addr=2000315B bit=00000004
[SEU] addr=2000317D bit=00000006
[SEU] addr=200031BB bit=00000005
[SEU] addr=200031C8 bit=00000007
[SEU] addr=20003160 bit=00000006
[CMD QUEUE CORRUPTED] primary repaired
[SEU] addr=200031DF bit=00000005
[SEU] addr=200031AB bit=00000000
[SEU] addr=200031B4 bit=00000000
[SEU] addr=200031C3 bit=00000002
[SEU] addr=2000318B bit=00000007
[SEU] addr=200031CB bit=00000006
[SEU] addr=2000319E bit=00000005
[SEU] addr=200031B5 bit=00000006
[SEU] addr=20003154 bit=00000003
[SAMPLE QUEUE backup CORRUPTED] backup repaired
[SEU] addr=200031CE bit=00000006
[SEU] addr=20003188 bit=00000006
[SEU] addr=200031DA bit=00000007
[SEU] addr=2000317A bit=00000001
[SEU] addr=200031B2 bit=00000002
[SEU] addr=200031C4 bit=00000006
[SEU] addr=200031C2 bit=00000006
[SEU] addr=200031BD bit=00000005
[SEU] addr=2000316D bit=00000005
[SEU] addr=200031DE bit=00000002
[SEU] addr=20003150 bit=00000007
[SAMPLE QUEUE CORRUPTED] primary repaired
[SEU] addr=200031E4 bit=00000004
[SEU] addr=2000316A bit=00000004
[SEU] addr=200031A2 bit=00000003
[SEU] addr=200031CC bit=00000002
[SEU] addr=200031AE bit=00000005
[SEU] addr=200031B1 bit=00000002
[SEU] addr=200031D9 bit=00000000
[SEU] addr=200031CC bit=00000001
[SEU] addr=20003171 bit=00000005
[SEU] addr=200031AA bit=00000002
[SEU] addr=200031E5 bit=00000002
[SEU] addr=200031B6 bit=00000005
[SEU] addr=200031D9 bit=00000003
[SEU] addr=200031CF bit=00000006
[SEU] addr=200031CE bit=00000000
[SEU] addr=20003174 bit=00000001
[SEU] addr=200031AF bit=00000001
[SEU] addr=200031E0 bit=00000001
[SEU] addr=20003195 bit=00000005
[ERR] seq=1965 err=2532
[ERR] seq=1966 err=400
[ERR] seq=1967 err=464
[ERR] seq=1968 err=136
[ERR] seq=1969 err=88
[ERR] seq=1970 err=24
[ERR] seq=1971 err=8
[SEU] addr=2000317F bit=00000005
[SEU] addr=200031B8 bit=00000005
[SEU] addr=200031C4 bit=00000003
[SEU] addr=200031B4 bit=00000006
[SEU] addr=200031D7 bit=00000003
[END]
samples=2000
SEUs=385
good samples=1796
errors=204
samples omitted=0
max error=0x00000000000030E0
propagations=139
detected disturbances=99
tmr corrections=32
dmr corrections=47
crc detections=0
clamp activations=20
[HARDFAULT]
qemu: fatal: Lockup: can't escalate 3 to HardFault (current priority -1)

R00=0000000a R01=00000002 R02=4000c000 R03=00000000
R04=00000000 R05=00000010 R06=00000000 R07=2000ffd8
R08=00000000 R09=00000000 R10=00000010 R11=00000000
R12=00000020 R13=2000ffd8 R14=00003711 R15=00000f0e
XPSR=01000003 ---- T handler
FPSCR: 00000000
