START
SEED=09322003
[SEU] addr=2000315A bit=00000000
[SEU] addr=200031AA bit=00000006
[SEU] addr=200031D9 bit=00000004
[SEU] addr=200031B9 bit=00000002
[SEU] addr=200031CD bit=00000004
[SEU] addr=200031C7 bit=00000007
[SEU] addr=2000315F bit=00000002
[CMD QUEUE CORRUPTED] primary repaired
[SEU] addr=20003181 bit=00000003
[SEU] addr=200031C9 bit=00000002
[SEU] addr=200031C9 bit=00000001
[SEU] addr=200031C8 bit=00000002
[SEU] addr=200031CC bit=00000003
[SEU] addr=20003152 bit=00000004
[SEU] addr=20003191 bit=00000006
[ERR] seq=77 err=131072
[ERR] seq=78 err=20968
[ERR] seq=79 err=24320
[ERR] seq=80 err=7240
[ERR] seq=81 err=5040
[ERR] seq=82 err=1952
[SEU] addr=20003188 bit=00000001
[ERR] seq=83 err=1112
[SEU] addr=200031A6 bit=00000000
[ERR] seq=84 err=488
[ERR] seq=85 err=248
[ERR] seq=86 err=104
[ERR] seq=87 err=48
[SEU] addr=2000315A bit=00000005
[ERR] seq=88 err=16
[SEU] addr=2000317B bit=00000000
[SEU] addr=2000316B bit=00000005
[SEU] addr=200031B0 bit=00000006
[SEU] addr=20003163 bit=00000000
[SEU] addr=20003197 bit=00000002
[ERR] seq=117 err=536870912
[ERR] seq=118 err=85899344
[ERR] seq=119 err=99643232
[ERR] seq=120 err=29686800
[SEU] addr=20003197 bit=00000003
[ERR] seq=121 err=1094434624
[ERR] seq=122 err=179859424
[ERR] seq=123 err=203887040
[ERR] seq=124 err=61399424
[ERR] seq=125 err=42445824
[ERR] seq=126 err=16615232
[SEU] addr=200031DD bit=00000005
[ERR] seq=8319 err=9449912
[ERR] seq=8320 err=4170696
[ERR] seq=8321 err=2179376
[ERR] seq=8322 err=1016280
[ERR] seq=8323 err=511376
[ERR] seq=8324 err=244696
[SEU] addr=20003156 bit=00000004
[SAMPLE QUEUE backup CORRUPTED] backup repaired
[ERR] seq=8325 err=121040
[ERR] seq=8326 err=58808
[ERR] seq=8327 err=28856
[ERR] seq=8328 err=14312
[SEU] addr=20003192 bit=00000006
[ERR] seq=8329 err=33561416
[ERR] seq=8330 err=5371968
[ERR] seq=8331 err=6229472
[ERR] seq=8332 err=1856152
[SEU] addr=20003169 bit=00000007
[ERR] seq=8333 err=1293856
[ERR] seq=8334 err=503928
[ERR] seq=8335 err=287888
[ERR] seq=8336 err=126608
[SEU] addr=20003159 bit=00000006
[ERR] seq=8337 err=66672
[ERR] seq=8338 err=30816
[ERR] seq=8339 err=15960
[ERR] seq=8340 err=7376
[ERR] seq=8341 err=4120
[ERR] seq=8342 err=1736
[ERR] seq=8343 err=1328
[SEU] addr=20003193 bit=00000002
[ERR] seq=8344 err=536870968
[ERR] seq=8345 err=85899104
[ERR] seq=8346 err=99643600
[SEU] addr=200031C7 bit=00000006
[ERR] seq=8347 err=29686712
[ERR] seq=8348 err=20693248
[ERR] seq=8349 err=8060664
[ERR] seq=8350 err=4601024
[ERR] seq=8351 err=2025744
[SEU] addr=20003162 bit=00000004
[ERR] seq=8352 err=1060696
[ERR] seq=8353 err=493704
[ERR] seq=8354 err=249128
[ERR] seq=8355 err=118728
[ERR] seq=8356 err=59264
[SEU] addr=200031AA bit=00000007
[ERR] seq=8357 err=28344
[ERR] seq=8358 err=14448
[SEU] addr=200031A5 bit=00000005
[ERR] seq=8359 err=6720
[SEU] addr=200031CB bit=00000004
[ERR] seq=8360 err=3816
[ERR] seq=8361 err=1560
[ERR] seq=8362 err=1280
[ERR] seq=8363 err=320
[ERR] seq=8364 err=688
[ERR] seq=8365 err=440
[ERR] seq=8366 err=536
[SEU] addr=20003169 bit=00000001
[ERR] seq=8367 err=472
[ERR] seq=8368 err=488
[ERR] seq=8369 err=488
[ERR] seq=8370 err=504
[ERR] seq=8371 err=512
[ERR] seq=8372 err=520
[SEU] addr=20003179 bit=00000000
[ERR] seq=8373 err=512
[ERR] seq=8374 err=504
[ERR] seq=8375 err=520
[ERR] seq=8376 err=512
[ERR] seq=8377 err=496
[ERR] seq=8378 err=512
[ERR] seq=8379 err=496
[SEU] addr=2000315E bit=00000006
[CMD QUEUE CORRUPTED] primary repaired
[ERR] seq=8380 err=496
[ERR] seq=8381 err=504
[ERR] seq=8382 err=504
[ERR] seq=8383 err=496
[ERR] seq=8384 err=488
[ERR] seq=8385 err=496
[ERR] seq=8386 err=480
[SEU] addr=2000318F bit=00000001
[ERR] seq=8387 err=1408
[ERR] seq=8388 err=328
[ERR] seq=8389 err=648
[ERR] seq=8390 err=408
[SEU] addr=200031DD bit=00000003
[ERR] seq=10439 err=9096
[ERR] seq=10440 err=7704
[ERR] seq=10441 err=9472
[ERR] seq=10442 err=9032
[ERR] seq=10443 err=9432
[ERR] seq=10444 err=9352
[ERR] seq=10445 err=9472
[ERR] seq=10446 err=9488
[ERR] seq=10447 err=9536
[SEU] addr=200031DA bit=00000003
[ERR] seq=10448 err=9568
[ERR] seq=10449 err=9608
[ERR] seq=10450 err=9656
[SEU] addr=20003159 bit=00000001
[ERR] seq=10451 err=9656
[ERR] seq=10452 err=9704
[ERR] seq=10453 err=9712
[ERR] seq=10454 err=9736
[ERR] seq=10455 err=9744
[ERR] seq=10456 err=9776
[ERR] seq=10457 err=9760
[ERR] seq=10458 err=9784
[ERR] seq=10459 err=9800
[ERR] seq=10460 err=9784
[SEU] addr=200031A1 bit=00000005
[ERR] seq=10461 err=9808
[ERR] seq=10462 err=9776
[ERR] seq=10463 err=9776
[SEU] addr=200031AA bit=00000002
[ERR] seq=10464 err=9768
[ERR] seq=10465 err=9752
[ERR] seq=10466 err=9744
[ERR] seq=10467 err=9720
[SEU] addr=20003179 bit=00000001
[ERR] seq=10468 err=9704
[ERR] seq=10469 err=9680
[ERR] seq=10470 err=9656
[SEU] addr=20003158 bit=00000000
[SAMPLE QUEUE backup CORRUPTED] backup repaired
[ERR] seq=10471 err=9608
[ERR] seq=10472 err=9600
[ERR] seq=10473 err=9536
[ERR] seq=10474 err=9504
[ERR] seq=10475 err=9472
[SEU] addr=200031CF bit=00000007
[ERR] seq=10476 err=9424
[ERR] seq=10477 err=9368
[ERR] seq=10478 err=9320
[ERR] seq=10479 err=9272
[ERR] seq=10480 err=9200
[SEU] addr=2000317C bit=00000003
[ERR] seq=10481 err=9144
[ERR] seq=10482 err=9088
[ERR] seq=10483 err=9040
[ERR] seq=10484 err=8960
[SEU] addr=200031D7 bit=00000006
[ERR] seq=10485 err=8896
[ERR] seq=10486 err=8808
[ERR] seq=10487 err=8736
[ERR] seq=10488 err=8680
[ERR] seq=10489 err=8576
[ERR] seq=10490 err=8496
[ERR] seq=10491 err=8408
[ERR] seq=10492 err=8328
[SEU] addr=2000318B bit=00000005
[ERR] seq=10493 err=8232
[ERR] seq=10494 err=8136
[ERR] seq=10495 err=8032
[ERR] seq=10496 err=7944
[ERR] seq=10497 err=7832
[ERR] seq=10498 err=7736
[ERR] seq=10499 err=7624
[ERR] seq=10500 err=7520
[ERR] seq=10501 err=7400
[SEU] addr=20003171 bit=00000006
[ERR] seq=10502 err=7304
[ERR] seq=10503 err=7208
[ERR] seq=10504 err=7080
[ERR] seq=10505 err=6960
[SEU] addr=200031A8 bit=00000005
[ERR] seq=10506 err=6848
[ERR] seq=10507 err=6720
[ERR] seq=10508 err=6584
[ERR] seq=10509 err=6448
[ERR] seq=10510 err=6320
[ERR] seq=10511 err=6192
[SEU] addr=200031B6 bit=00000000
[ERR] seq=10512 err=6024
[ERR] seq=10513 err=5920
[ERR] seq=10514 err=5744
[ERR] seq=10515 err=5632
[SEU] addr=2000314D bit=00000000
[SAMPLE QUEUE CORRUPTED] primary repaired
[ERR] seq=10516 err=5464
[ERR] seq=10517 err=5336
[ERR] seq=10518 err=5152
[ERR] seq=10519 err=5032
[ERR] seq=10520 err=4872
[ERR] seq=10521 err=4720
[ERR] seq=10522 err=4560
[ERR] seq=10523 err=4424
[ERR] seq=10524 err=4232
[ERR] seq=10525 err=4104
[SEU] addr=2000318D bit=00000001
[ERR] seq=10526 err=7944
[ERR] seq=10527 err=3136
[ERR] seq=10528 err=4336
[ERR] seq=10529 err=3240
[ERR] seq=10530 err=3440
[ERR] seq=10531 err=3056
[ERR] seq=10532 err=2984
[SEU] addr=200031BD bit=00000001
[ERR] seq=10533 err=2760
[ERR] seq=10534 err=2624
[ERR] seq=10535 err=2440
[ERR] seq=10536 err=2288
[ERR] seq=10537 err=2096
[SEU] addr=2000317B bit=00000000
[ERR] seq=10538 err=1936
[ERR] seq=10539 err=1744
[SEU] addr=20003160 bit=00000000
[CMD QUEUE CORRUPTED] primary repaired
[ERR] seq=10540 err=1592
[SEU] addr=2000315D bit=00000005
[CMD QUEUE CORRUPTED] primary repaired
[ERR] seq=10541 err=1424
[ERR] seq=10542 err=1240
[ERR] seq=10543 err=1072
[ERR] seq=10544 err=904
[SEU] addr=20003153 bit=00000004
[ERR] seq=10545 err=728
[ERR] seq=10546 err=552
[SEU] addr=200031D4 bit=00000003
[ERR] seq=10547 err=376
[SEU] addr=200031D1 bit=00000004
[ERR] seq=10548 err=200
[SEU] addr=20003169 bit=00000000
[ERR] seq=10549 err=40
[ERR] seq=10550 err=160
[SEU] addr=2000319A bit=00000006
[ERR] seq=10551 err=33554776
[SEU] addr=20003150 bit=00000003
[SAMPLE QUEUE CORRUPTED] primary repaired
[ERR] seq=10552 err=5369024
[ERR] seq=10553 err=6228360
[ERR] seq=10554 err=1855960
[SEU] addr=20003198 bit=00000001
[ERR] seq=10555 err=1294288
[ERR] seq=10556 err=504552
[SEU] addr=200031DC bit=00000007
[ERR] seq=10685 err=292152
[ERR] seq=10686 err=132376
[ERR] seq=10687 err=71032
[SEU] addr=200031BF bit=00000006
[ERR] seq=10688 err=37720
[ERR] seq=10689 err=20272
[ERR] seq=10690 err=14504
[ERR] seq=10691 err=8376
[ERR] seq=10692 err=8944
[SEU] addr=200031A2 bit=00000004
[ERR] seq=10693 err=6336
[ERR] seq=10694 err=7640
[ERR] seq=10695 err=7016
[ERR] seq=10696 err=7352
[ERR] seq=10697 err=7176
[ERR] seq=10698 err=7296
[ERR] seq=10699 err=7240
[SEU] addr=2000319B bit=00000000
[ERR] seq=10700 err=134222496
[ERR] seq=10701 err=21482080
[ERR] seq=10702 err=24915576
[ERR] seq=10703 err=7428952
[ERR] seq=10704 err=5177968
[SEU] addr=200031B3 bit=00000006
[ERR] seq=10705 err=2022424
[ERR] seq=10706 err=1154896
[ERR] seq=10707 err=513680
[ERR] seq=10708 err=269800
[ERR] seq=10709 err=130640
[ERR] seq=10710 err=66904
[SEU] addr=200031C0 bit=00000002
[ERR] seq=10711 err=36864
[SEU] addr=20003185 bit=00000001
[ERR] seq=10712 err=19432
[ERR] seq=10713 err=14256
[ERR] seq=10714 err=8168
[ERR] seq=10715 err=8816
[ERR] seq=10716 err=6304
[ERR] seq=10717 err=7488
[ERR] seq=10718 err=6872
[SEU] addr=200031DD bit=00000001
[ERR] seq=11231 err=1400
[SEU] addr=200031A0 bit=00000005
[ERR] seq=11232 err=1944
[ERR] seq=11233 err=1160
[ERR] seq=11234 err=1000
[ERR] seq=11235 err=1360
[SEU] addr=20003186 bit=00000001
[ERR] seq=11236 err=1424
[ERR] seq=11237 err=1632
[ERR] seq=11238 err=1768
[ERR] seq=11239 err=1928
[ERR] seq=11240 err=2096
[ERR] seq=11241 err=2240
[ERR] seq=11242 err=2384
[ERR] seq=11243 err=2560
[ERR] seq=11244 err=2696
[ERR] seq=11245 err=2840
[SEU] addr=200031B0 bit=00000003
[ERR] seq=11246 err=3000
[SEU] addr=200031DB bit=00000007
[ERR] seq=11247 err=3160
[SEU] addr=2000314E bit=00000002
[SAMPLE QUEUE CORRUPTED] primary repaired
[ERR] seq=11248 err=3296
[ERR] seq=11249 err=3440
[ERR] seq=11250 err=3600
[ERR] seq=11251 err=3728
[ERR] seq=11252 err=3896
[SEU] addr=20003170 bit=00000000
[ERR] seq=11253 err=4008
[ERR] seq=11254 err=4160
[ERR] seq=11255 err=4336
[ERR] seq=11256 err=4560
[SEU] addr=20003187 bit=00000000
[ERR] seq=11257 err=4752
[ERR] seq=11258 err=4968
[SEU] addr=2000319C bit=00000007
[ERR] seq=11259 err=5176
[ERR] seq=11260 err=5376
[ERR] seq=11261 err=5576
[ERR] seq=11262 err=5800
[ERR] seq=11263 err=5992
[ERR] seq=11264 err=12336
[ERR] seq=11265 err=11544
[ERR] seq=11266 err=12888
[SEU] addr=2000316A bit=00000000
[ERR] seq=11267 err=12720
[ERR] seq=11268 err=13168
[ERR] seq=11269 err=13224
[ERR] seq=11270 err=13480
[ERR] seq=11271 err=13616
[SEU] addr=200031C9 bit=00000006
[ERR] seq=11272 err=13848
[ERR] seq=11273 err=13960
[SEU] addr=2000315D bit=00000000
[CMD QUEUE CORRUPTED] primary repaired
[ERR] seq=11274 err=14176
[ERR] seq=11275 err=14296
[SEU] addr=200031B9 bit=00000002
[ERR] seq=11276 err=14464
[ERR] seq=11277 err=14632
[ERR] seq=11278 err=14776
[ERR] seq=11279 err=14936
[ERR] seq=11280 err=15080
[ERR] seq=11281 err=15224
[ERR] seq=11282 err=15336
[ERR] seq=11283 err=15496
[ERR] seq=11284 err=15624
[SEU] addr=20003175 bit=00000001
[ERR] seq=11285 err=15760
[ERR] seq=11286 err=15864
[ERR] seq=11287 err=16008
[ERR] seq=11288 err=16128
[SEU] addr=200031A2 bit=00000005
[ERR] seq=11289 err=16232
[ERR] seq=11290 err=16336
[ERR] seq=11291 err=16440
[ERR] seq=11292 err=16544
[SEU] addr=200031CB bit=00000005
[ERR] seq=11293 err=16648
[ERR] seq=11294 err=16744
[ERR] seq=11295 err=16824
[ERR] seq=11296 err=16912
[SEU] addr=2000314D bit=00000004
[SAMPLE QUEUE CORRUPTED] primary repaired
[ERR] seq=11297 err=16992
[ERR] seq=11298 err=17056
[ERR] seq=11299 err=17136
[ERR] seq=11300 err=17200
[ERR] seq=11301 err=17272
[SEU] addr=200031DA bit=00000000
[ERR] seq=11302 err=17344
[ERR] seq=11303 err=17384
[ERR] seq=11304 err=17440
[SEU] addr=2000314D bit=00000007
[SAMPLE QUEUE CORRUPTED] primary repaired
[ERR] seq=11305 err=17472
[ERR] seq=11306 err=17528
[SEU] addr=200031CA bit=00000005
[ERR] seq=11307 err=17544
[ERR] seq=11308 err=17560
[SEU] addr=20003196 bit=00000003
[ERR] seq=11309 err=4201048
[ERR] seq=11310 err=688696
[ERR] seq=11311 err=785224
[SEU] addr=2000315B bit=00000006
[ERR] seq=11312 err=249568
[ERR] seq=11313 err=168432
[ERR] seq=11314 err=80632
[ERR] seq=11315 err=42712
[ERR] seq=11316 err=33464
[ERR] seq=11317 err=15040
[ERR] seq=11318 err=21472
[ERR] seq=11319 err=15680
[ERR] seq=11320 err=18488
[SEU] addr=2000317B bit=00000004
[ERR] seq=11321 err=17112
[ERR] seq=11322 err=17752
[ERR] seq=11323 err=17384
[ERR] seq=11324 err=17496
[SEU] addr=200031B6 bit=00000006
[ERR] seq=11325 err=17384
[ERR] seq=11326 err=17360
[ERR] seq=11327 err=17288
[ERR] seq=11328 err=17232
[ERR] seq=11329 err=17160
[ERR] seq=11330 err=17080
[ERR] seq=11331 err=17016
[ERR] seq=11332 err=16944
[SEU] addr=200031CE bit=00000002
[ERR] seq=11333 err=16848
[ERR] seq=11334 err=16768
[ERR] seq=11335 err=16664
[ERR] seq=11336 err=16592
[ERR] seq=11337 err=16464
[SEU] addr=20003166 bit=00000007
[CMD QUEUE backup CORRUPTED] backup repaired
[ERR] seq=11338 err=16368
[ERR] seq=11339 err=16288
[ERR] seq=11340 err=16152
[ERR] seq=11341 err=16048
[ERR] seq=11342 err=15904
[ERR] seq=11343 err=15808
[SEU] addr=200031D4 bit=00000006
[ERR] seq=11344 err=15664
[SEU] addr=200031B0 bit=00000005
[ERR] seq=11345 err=15520
[ERR] seq=11346 err=15400
[SEU] addr=200031D1 bit=00000002
[ERR] seq=11347 err=15256
[SEU] addr=20003163 bit=00000000
[ERR] seq=11348 err=15136
[ERR] seq=11349 err=14968
[ERR] seq=11350 err=14832
[ERR] seq=11351 err=14672
[SEU] addr=2000319F bit=00000002
[ERR] seq=11352 err=14528
[ERR] seq=11353 err=14352
[ERR] seq=11354 err=14216
[ERR] seq=11355 err=14024
[ERR] seq=11356 err=13888
[ERR] seq=11357 err=13688
[ERR] seq=11358 err=13520
[ERR] seq=11359 err=13328
[ERR] seq=11360 err=13160
[SEU] addr=200031CE bit=00000004
[ERR] seq=11361 err=12960
[ERR] seq=11362 err=12800
[ERR] seq=11363 err=12592
[ERR] seq=11364 err=12400
[ERR] seq=11365 err=12192
[ERR] seq=11366 err=12000
[ERR] seq=11367 err=11800
[SEU] addr=2000316C bit=00000006
[ERR] seq=11368 err=11584
[ERR] seq=11369 err=11384
[ERR] seq=11370 err=11176
[ERR] seq=11371 err=10968
[ERR] seq=11372 err=10752
[ERR] seq=11373 err=10560
[ERR] seq=11374 err=10320
[ERR] seq=11375 err=10112
[SEU] addr=20003168 bit=00000003
[CMD QUEUE backup CORRUPTED] backup repaired
[ERR] seq=11376 err=9896
[ERR] seq=11377 err=9648
[ERR] seq=11378 err=9448
[ERR] seq=11379 err=9200
[ERR] seq=11380 err=8984
[ERR] seq=11381 err=8728
[SEU] addr=200031D8 bit=00000006
[ERR] seq=11382 err=8520
[ERR] seq=11383 err=8264
[SEU] addr=20003150 bit=00000007
[SAMPLE QUEUE CORRUPTED] primary repaired
[ERR] seq=11384 err=8040
[ERR] seq=11385 err=7792
[ERR] seq=11386 err=7560
[ERR] seq=11387 err=7320
[ERR] seq=11388 err=7072
[ERR] seq=11389 err=6832
[SEU] addr=200031D2 bit=00000003
[ERR] seq=11390 err=6576
[ERR] seq=11391 err=6336
[ERR] seq=11392 err=2000
[ERR] seq=11393 err=2440
[ERR] seq=11394 err=1424
[SEU] addr=20003157 bit=00000004
[SAMPLE QUEUE backup CORRUPTED] backup repaired
[ERR] seq=11395 err=1400
[ERR] seq=11396 err=1208
[ERR] seq=11397 err=1296
[ERR] seq=11398 err=1488
[ERR] seq=11399 err=1632
[ERR] seq=11400 err=1792
[ERR] seq=11401 err=1968
[ERR] seq=11402 err=2104
[SEU] addr=200031C9 bit=00000002
[ERR] seq=11403 err=2280
[ERR] seq=11404 err=2440
[ERR] seq=11405 err=2608
[ERR] seq=11406 err=2768
[ERR] seq=11407 err=2904
[SEU] addr=20003197 bit=00000006
[ERR] seq=11408 err=3088
[ERR] seq=11409 err=3248
[ERR] seq=11410 err=3376
[ERR] seq=11411 err=3560
[ERR] seq=11412 err=3712
[ERR] seq=11413 err=3864
[ERR] seq=11414 err=4024
[ERR] seq=11415 err=4184
[ERR] seq=11416 err=4328
[SEU] addr=2000319C bit=00000002
[ERR] seq=11417 err=4488
[ERR] seq=11418 err=4664
[SEU] addr=2000318A bit=00000004
[ERR] seq=11419 err=4784
[ERR] seq=11420 err=4952
[ERR] seq=11421 err=5168
[ERR] seq=11422 err=5400
[ERR] seq=11423 err=5632
[ERR] seq=11424 err=5888
[ERR] seq=11425 err=6088
[SEU] addr=200031B5 bit=00000000
[ERR] seq=11426 err=6352
[ERR] seq=11427 err=6568
[ERR] seq=11428 err=6816
[ERR] seq=11429 err=7016
[ERR] seq=11430 err=7272
[ERR] seq=11431 err=7464
[SEU] addr=200031C4 bit=00000001
[ERR] seq=11432 err=7704
[ERR] seq=11433 err=7912
[ERR] seq=11434 err=8136
[SEU] addr=2000316D bit=00000007
[ERR] seq=11435 err=8344
[ERR] seq=11436 err=8544
[ERR] seq=11437 err=8768
[ERR] seq=11438 err=8960
[ERR] seq=11439 err=9160
[ERR] seq=11440 err=9368
[SEU] addr=20003176 bit=00000003
[ERR] seq=11441 err=9592
[ERR] seq=11442 err=9768
[ERR] seq=11443 err=9968
[ERR] seq=11444 err=10184
[ERR] seq=11445 err=10336
[SEU] addr=200031A1 bit=00000005
[ERR] seq=11446 err=10544
[ERR] seq=11447 err=10704
[ERR] seq=11448 err=10912
[ERR] seq=11449 err=11064
[ERR] seq=11450 err=11280
[ERR] seq=11451 err=11408
[ERR] seq=11452 err=11600
[SEU] addr=200031AD bit=00000003
[ERR] seq=11453 err=11744
[ERR] seq=11454 err=11904
[SEU] addr=200031D5 bit=00000005
[ERR] seq=11455 err=12072
[ERR] seq=11456 err=12216
[ERR] seq=11457 err=12376
[ERR] seq=11458 err=12520
[ERR] seq=11459 err=12656
[SEU] addr=20003162 bit=00000001
[ERR] seq=11460 err=12784
[ERR] seq=11461 err=12936
[ERR] seq=11462 err=13064
[ERR] seq=11463 err=13192
[ERR] seq=11464 err=13320
[ERR] seq=11465 err=13440
[ERR] seq=11466 err=13568
[SEU] addr=2000318D bit=00000003
[ERR] seq=11467 err=8648
[ERR] seq=11468 err=14584
[SEU] addr=200031A4 bit=00000006
[ERR] seq=11469 err=12952
[SEU] addr=200031AB bit=00000003
[ERR] seq=11470 err=14272
[ERR] seq=11471 err=13888
[ERR] seq=11472 err=14256
[ERR] seq=11473 err=14224
[ERR] seq=11474 err=14368
[ERR] seq=11475 err=14416
[ERR] seq=11476 err=14504
[SEU] addr=20003195 bit=00000000
[ERR] seq=11477 err=16624
[ERR] seq=11478 err=14320
[ERR] seq=11479 err=15080
[ERR] seq=11480 err=14680
[ERR] seq=11481 err=14904
[ERR] seq=11482 err=14848
[SEU] addr=20003170 bit=00000001
[ERR] seq=11483 err=14928
[ERR] seq=11484 err=14952
[ERR] seq=11485 err=14992
[ERR] seq=11486 err=15008
[ERR] seq=11487 err=15040
[ERR] seq=11488 err=15056
[ERR] seq=11489 err=15088
[ERR] seq=11490 err=15088
[ERR] seq=11491 err=15096
[ERR] seq=11492 err=15104
[SEU] addr=200031CC bit=00000001
[ERR] seq=11493 err=15096
[ERR] seq=11494 err=15088
[ERR] seq=11495 err=15088
[ERR] seq=11496 err=15064
[SEU] addr=2000318F bit=00000000
[ERR] seq=11497 err=14896
[ERR] seq=11498 err=15040
[ERR] seq=11499 err=14968
[SEU] addr=20003180 bit=00000003
[ERR] seq=11500 err=14984
[ERR] seq=11501 err=14920
[SEU] addr=20003170 bit=00000007
[ERR] seq=11502 err=14880
[ERR] seq=11503 err=14856
[ERR] seq=11504 err=14792
[ERR] seq=11505 err=14736
[SEU] addr=20003150 bit=00000000
[SAMPLE QUEUE CORRUPTED] primary repaired
[ERR] seq=11506 err=14664
[ERR] seq=11507 err=14600
[ERR] seq=11508 err=14528
[ERR] seq=11509 err=14448
[SEU] addr=200031AB bit=00000001
[ERR] seq=11510 err=14384
[SEU] addr=200031CC bit=00000003
[ERR] seq=11511 err=14280
[ERR] seq=11512 err=14216
[SEU] addr=20003185 bit=00000004
[ERR] seq=11513 err=14112
[ERR] seq=11514 err=14024
[ERR] seq=11515 err=13912
[ERR] seq=11516 err=13808
[ERR] seq=11517 err=13720
[SEU] addr=200031AD bit=00000007
[ERR] seq=11518 err=13600
[ERR] seq=11519 err=13472
[ERR] seq=11520 err=11312
[ERR] seq=11521 err=11520
[ERR] seq=11522 err=11000
[ERR] seq=11523 err=10984
[ERR] seq=11524 err=10768
[ERR] seq=11525 err=10664
[SEU] addr=20003167 bit=00000004
[CMD QUEUE backup CORRUPTED] backup repaired
[ERR] seq=11526 err=10512
[ERR] seq=11527 err=10376
[SEU] addr=200031B3 bit=00000001
[ERR] seq=11528 err=10224
[ERR] seq=11529 err=10064
[ERR] seq=11530 err=9912
[ERR] seq=11531 err=9744
[ERR] seq=11532 err=9600
[SEU] addr=2000315C bit=00000003
[CMD QUEUE CORRUPTED] primary repaired
[ERR] seq=11533 err=9424
[ERR] seq=11534 err=9280
[ERR] seq=11535 err=9080
[ERR] seq=11536 err=8912
[ERR] seq=11537 err=8728
[ERR] seq=11538 err=8552
[SEU] addr=20003165 bit=00000003
[CMD QUEUE backup CORRUPTED] backup repaired
[ERR] seq=11539 err=8352
[SEU] addr=200031BB bit=00000005
[ERR] seq=11540 err=8192
[ERR] seq=11541 err=7976
[SEU] addr=200031A2 bit=00000000
[ERR] seq=11542 err=7792
[ERR] seq=11543 err=7592
[ERR] seq=11544 err=7392
[ERR] seq=11545 err=7176
[ERR] seq=11546 err=6976
[ERR] seq=11547 err=6784
[ERR] seq=11548 err=6568
[SEU] addr=200031D2 bit=00000005
[ERR] seq=11549 err=6360
[ERR] seq=11550 err=6144
[ERR] seq=11551 err=5960
[SEU] addr=20003169 bit=00000005
[ERR] seq=11552 err=5712
[ERR] seq=11553 err=5488
[ERR] seq=11554 err=5296
[ERR] seq=11555 err=5040
[ERR] seq=11556 err=4848
[ERR] seq=11557 err=4592
[ERR] seq=11558 err=4368
[SEU] addr=20003176 bit=00000002
[ERR] seq=11559 err=4120
[ERR] seq=11560 err=3912
[ERR] seq=11561 err=3656
[ERR] seq=11562 err=3432
[SEU] addr=200031DE bit=00000007
[ERR] seq=8400171 err=2144
[ERR] seq=8400172 err=2304
[ERR] seq=8400173 err=2104
[ERR] seq=8400174 err=2160
[ERR] seq=8400175 err=2136
[ERR] seq=8400176 err=2160
[ERR] seq=8400177 err=2144
[ERR] seq=8400178 err=2168
[SEU] addr=20003194 bit=00000006
[ERR] seq=8400179 err=2680
[ERR] seq=8400180 err=2096
[ERR] seq=8400181 err=2272
[SEU] addr=200031DC bit=00000006
[ERR] seq=8400246 err=8728
[ERR] seq=8400247 err=7584
[ERR] seq=8400248 err=8776
[ERR] seq=8400249 err=8328
[SEU] addr=20003175 bit=00000003
[ERR] seq=8400250 err=8504
[ERR] seq=8400251 err=8304
[ERR] seq=8400252 err=8272
[ERR] seq=8400253 err=8136
[ERR] seq=8400254 err=8080
[ERR] seq=8400255 err=7960
[SEU] addr=200031D7 bit=00000007
[ERR] seq=8400256 err=7864
[SEU] addr=200031A6 bit=00000002
[ERR] seq=8400257 err=7752
[ERR] seq=8400258 err=7656
[ERR] seq=8400259 err=7520
[ERR] seq=8400260 err=7424
[ERR] seq=8400261 err=7312
[ERR] seq=8400262 err=7184
[ERR] seq=8400263 err=7064
[ERR] seq=8400264 err=6952
[SEU] addr=200031D0 bit=00000006
[ERR] seq=8400265 err=6864
[ERR] seq=8400266 err=6720
[ERR] seq=8400267 err=6568
[ERR] seq=8400268 err=6448
[ERR] seq=8400269 err=6312
[ERR] seq=8400270 err=6160
[ERR] seq=8400271 err=6024
[ERR] seq=8400272 err=5888
[ERR] seq=8400273 err=5728
[SEU] addr=200031BE bit=00000000
[ERR] seq=8400274 err=5592
[ERR] seq=8400275 err=5448
[ERR] seq=8400276 err=5280
[SEU] addr=200031BA bit=00000006
[ERR] seq=8400277 err=5144
[ERR] seq=8400278 err=4968
[ERR] seq=8400279 err=4840
[SEU] addr=2000318E bit=00000003
[ERR] seq=8400280 err=2688
[ERR] seq=8400281 err=5576
[ERR] seq=8400282 err=3120
[ERR] seq=8400283 err=4536
[SEU] addr=2000319B bit=00000001
[ERR] seq=8400284 err=268439000
[ERR] seq=8400285 err=42953616
[ERR] seq=8400286 err=49825064
[ERR] seq=8400287 err=14846960
[ERR] seq=8400288 err=10349672
[ERR] seq=8400289 err=4033560
[ERR] seq=8400290 err=2303344
[ERR] seq=8400291 err=1015744
[SEU] addr=20003188 bit=00000003
[ERR] seq=8400292 err=532944
[SEU] addr=200031C4 bit=00000001
[ERR] seq=8400293 err=249352
[ERR] seq=8400294 err=126936
[ERR] seq=8400295 err=61536
[ERR] seq=8400296 err=31792
[ERR] seq=8400297 err=16000
[ERR] seq=8400298 err=9152
[SEU] addr=200031C1 bit=00000004
[ERR] seq=8400299 err=4816
[ERR] seq=8400300 err=3592
[ERR] seq=8400301 err=1880
[ERR] seq=8400302 err=2096
[ERR] seq=8400303 err=1424
[ERR] seq=8400304 err=1584
[ERR] seq=8400305 err=1544
[SEU] addr=200031A4 bit=00000001
[ERR] seq=8400306 err=1680
[ERR] seq=8400307 err=1736
[ERR] seq=8400308 err=1832
[ERR] seq=8400309 err=1904
[ERR] seq=8400310 err=2000
[ERR] seq=8400311 err=2056
[ERR] seq=8400312 err=2168
[ERR] seq=8400313 err=2224
[ERR] seq=8400314 err=2320
[SEU] addr=2000318D bit=00000004
[ERR] seq=8400315 err=10656
[ERR] seq=8400316 err=1800
[ERR] seq=8400317 err=3504
[ERR] seq=8400318 err=2384
[ERR] seq=8400319 err=2904
[ERR] seq=8400320 err=1784
[ERR] seq=8400321 err=1224
[ERR] seq=8400322 err=1552
[ERR] seq=8400323 err=1288
[SEU] addr=200031D9 bit=00000002
[ERR] seq=8400324 err=1288
[ERR] seq=8400325 err=1176
[ERR] seq=8400326 err=1344
[SEU] addr=20003164 bit=00000001
[CMD QUEUE backup CORRUPTED] backup repaired
[ERR] seq=8400327 err=1512
[ERR] seq=8400328 err=1688
[SEU] addr=20003177 bit=00000002
[ERR] seq=8400329 err=1856
[ERR] seq=8400330 err=2040
[ERR] seq=8400331 err=2192
[SEU] addr=2000318D bit=00000003
[ERR] seq=8400332 err=11856
[ERR] seq=8400333 err=1232
[ERR] seq=8400334 err=4440
[ERR] seq=8400335 err=2352
[ERR] seq=8400336 err=3368
[ERR] seq=8400337 err=3040
[ERR] seq=8400338 err=3416
[ERR] seq=8400339 err=3464
[ERR] seq=8400340 err=3664
[SEU] addr=2000317D bit=00000005
[ERR] seq=8400341 err=3800
[ERR] seq=8400342 err=3968
[ERR] seq=8400343 err=4112
[ERR] seq=8400344 err=4256
[ERR] seq=8400345 err=4416
[ERR] seq=8400346 err=4560
[ERR] seq=8400347 err=4688
[ERR] seq=8400348 err=4840
[SEU] addr=20003162 bit=00000006
[ERR] seq=8400349 err=4984
[ERR] seq=8400350 err=5136
[SEU] addr=200031B2 bit=00000001
[ERR] seq=8400351 err=5240
[ERR] seq=8400352 err=5408
[ERR] seq=8400353 err=5520
[ERR] seq=8400354 err=5656
[ERR] seq=8400355 err=5728
[SEU] addr=2000316A bit=00000000
[ERR] seq=8400356 err=5880
[ERR] seq=8400357 err=5992
[ERR] seq=8400358 err=6104
[ERR] seq=8400359 err=6216
[ERR] seq=8400360 err=6328
[ERR] seq=8400361 err=6448
[ERR] seq=8400362 err=6544
[ERR] seq=8400363 err=6656
[ERR] seq=8400364 err=6752
[ERR] seq=8400365 err=6840
[SEU] addr=2000314C bit=00000000
[SAMPLE QUEUE CORRUPTED] primary repaired
[ERR] seq=8400366 err=6952
[ERR] seq=8400367 err=7032
[ERR] seq=8400368 err=7128
[ERR] seq=8400369 err=7224
[ERR] seq=8400370 err=7296
[SEU] addr=20003152 bit=00000004
[ERR] seq=8400371 err=7392
[ERR] seq=8400372 err=7464
[ERR] seq=8400373 err=7560
[ERR] seq=8400374 err=7600
[ERR] seq=8400375 err=7688
[ERR] seq=8400376 err=7760
[ERR] seq=8400377 err=7808
[ERR] seq=8400378 err=7880
[ERR] seq=8400379 err=7936
[SEU] addr=2000315F bit=00000006
[CMD QUEUE CORRUPTED] primary repaired
[ERR] seq=8400380 err=8000
[ERR] seq=8400381 err=8040
[ERR] seq=8400382 err=8112
[ERR] seq=8400383 err=8144
[ERR] seq=8400384 err=12296
[ERR] seq=8400385 err=11672
[SEU] addr=20003175 bit=00000002
[ERR] seq=8400386 err=12488
[SEU] addr=20003191 bit=00000004
[ERR] seq=8400387 err=45048
[ERR] seq=8400388 err=7224
[ERR] seq=8400389 err=18528
[ERR] seq=8400390 err=10704
[ERR] seq=8400391 err=13784
[ERR] seq=8400392 err=12064
[SEU] addr=20003194 bit=00000004
[ERR] seq=8400393 err=12696
[ERR] seq=8400394 err=12464
[ERR] seq=8400395 err=12624
[ERR] seq=8400396 err=12560
[ERR] seq=8400397 err=12600
[SEU] addr=200031A6 bit=00000006
[ERR] seq=8400398 err=12592
[ERR] seq=8400399 err=12584
[ERR] seq=8400400 err=12592
[ERR] seq=8400401 err=12576
[ERR] seq=8400402 err=12576
[ERR] seq=8400403 err=12560
[ERR] seq=8400404 err=12552
[ERR] seq=8400405 err=12528
[ERR] seq=8400406 err=12520
[ERR] seq=8400407 err=12480
[SEU] addr=2000315A bit=00000007
[ERR] seq=8400408 err=12440
[ERR] seq=8400409 err=12416
[ERR] seq=8400410 err=12392
[SEU] addr=2000318A bit=00000000
[ERR] seq=8400411 err=12336
[ERR] seq=8400412 err=12320
[ERR] seq=8400413 err=12248
[ERR] seq=8400414 err=12216
[ERR] seq=8400415 err=12160
[ERR] seq=8400416 err=12112
[ERR] seq=8400417 err=12040
[ERR] seq=8400418 err=12000
[ERR] seq=8400419 err=11936
[ERR] seq=8400420 err=11864
[SEU] addr=20003186 bit=00000000
[ERR] seq=8400421 err=11808
[ERR] seq=8400422 err=11736
[ERR] seq=8400423 err=11664
[ERR] seq=8400424 err=11584
[ERR] seq=8400425 err=11512
[ERR] seq=8400426 err=11424
[SEU] addr=20003164 bit=00000003
[CMD QUEUE backup CORRUPTED] backup repaired
[ERR] seq=8400427 err=11344
[ERR] seq=8400428 err=11248
[SEU] addr=200031C4 bit=00000004
[ERR] seq=8400429 err=11176
[ERR] seq=8400430 err=11064
[ERR] seq=8400431 err=10968
[ERR] seq=8400432 err=10888
[ERR] seq=8400433 err=10784
[ERR] seq=8400434 err=10664
[ERR] seq=8400435 err=10584
[ERR] seq=8400436 err=10456
[ERR] seq=8400437 err=10360
[ERR] seq=8400438 err=10232
[SEU] addr=20003174 bit=00000000
[ERR] seq=8400439 err=10128
[ERR] seq=8400440 err=10000
[ERR] seq=8400441 err=9880
[SEU] addr=200031DF bit=00000005
[ERR] seq=545271354 err=2160
[ERR] seq=545271355 err=1680
[ERR] seq=545271356 err=2776
[SEU] addr=200031B6 bit=00000004
[ERR] seq=545271357 err=2392
[ERR] seq=545271358 err=3024
[SEU] addr=20003187 bit=00000004
[ERR] seq=545271359 err=3080
[ERR] seq=545271360 err=3392
[ERR] seq=545271361 err=3576
[SEU] addr=2000316C bit=00000006
[ERR] seq=545271362 err=3808
[ERR] seq=545271363 err=4024
[SEU] addr=20003190 bit=00000005
[ERR] seq=545271364 err=3976
[ERR] seq=545271365 err=4480
[ERR] seq=545271366 err=4616
[ERR] seq=545271367 err=4872
[ERR] seq=545271368 err=5072
[SEU] addr=2000319F bit=00000005
[ERR] seq=545271369 err=5272
[ERR] seq=545271370 err=5480
[ERR] seq=545271371 err=5664
[ERR] seq=545271372 err=5864
[ERR] seq=545271373 err=6056
[SEU] addr=20003176 bit=00000002
[ERR] seq=545271374 err=6264
[ERR] seq=545271375 err=6424
[ERR] seq=545271376 err=6616
[ERR] seq=545271377 err=6792
[ERR] seq=545271378 err=6976
[ERR] seq=545271379 err=7144
[ERR] seq=545271380 err=7328
[ERR] seq=545271381 err=7496
[SEU] addr=20003175 bit=00000005
[ERR] seq=545271382 err=7664
[ERR] seq=545271383 err=7832
[ERR] seq=545271384 err=7992
[ERR] seq=545271385 err=8144
[ERR] seq=545271386 err=8304
[ERR] seq=545271387 err=8456
[ERR] seq=545271388 err=8600
[ERR] seq=545271389 err=8744
[ERR] seq=545271390 err=8904
[ERR] seq=545271391 err=9024
[SEU] addr=20003150 bit=00000000
[SAMPLE QUEUE CORRUPTED] primary repaired
[ERR] seq=545271392 err=9176
[ERR] seq=545271393 err=9272
[ERR] seq=545271394 err=9424
[ERR] seq=545271395 err=9544
[ERR] seq=545271396 err=9664
[ERR] seq=545271397 err=9776
[ERR] seq=545271398 err=9888
[SEU] addr=200031DB bit=00000000
[ERR] seq=545271399 err=9984
[ERR] seq=545271400 err=10088
[ERR] seq=545271401 err=10208
[ERR] seq=545271402 err=10288
[ERR] seq=545271403 err=10392
[ERR] seq=545271404 err=10488
[ERR] seq=545271405 err=10568
[SEU] addr=200031C2 bit=00000002
[ERR] seq=545271406 err=10656
[ERR] seq=545271407 err=10720
[ERR] seq=545271408 err=10776
[ERR] seq=545271409 err=10856
[ERR] seq=545271410 err=10920
[ERR] seq=545271411 err=10960
[ERR] seq=545271412 err=11032
[ERR] seq=545271413 err=11072
[ERR] seq=545271414 err=11112
[SEU] addr=20003191 bit=00000005
[ERR] seq=545271415 err=62872
[SEU] addr=20003187 bit=00000004
[ERR] seq=545271416 err=21672
[ERR] seq=545271417 err=9496
[ERR] seq=545271418 err=14864
[ERR] seq=545271419 err=8768
[SEU] addr=200031AF bit=00000003
[ERR] seq=545271420 err=12264
[ERR] seq=545271421 err=10768
[ERR] seq=545271422 err=11552
[ERR] seq=545271423 err=11216
[ERR] seq=545271424 err=11392
[ERR] seq=545271425 err=11312
[ERR] seq=545271426 err=11320
[ERR] seq=545271427 err=11320
[ERR] seq=545271428 err=11304
[SEU] addr=20003197 bit=00000006
[ERR] seq=545271429 err=11296
[ERR] seq=545271430 err=11240
[ERR] seq=545271431 err=11240
[ERR] seq=545271432 err=11208
[ERR] seq=545271433 err=11160
[ERR] seq=545271434 err=11128
[ERR] seq=545271435 err=11088
[ERR] seq=545271436 err=11040
[SEU] addr=200031CD bit=00000005
[ERR] seq=545271437 err=10992
[ERR] seq=545271438 err=10928
[ERR] seq=545271439 err=10872
[ERR] seq=545271440 err=10808
[ERR] seq=545271441 err=10736
[SEU] addr=200031CE bit=00000002
[ERR] seq=545271442 err=10680
[ERR] seq=545271443 err=10608
[ERR] seq=545271444 err=10504
[ERR] seq=545271445 err=10416
[ERR] seq=545271446 err=10328
[ERR] seq=545271447 err=10232
[ERR] seq=545271448 err=10112
[ERR] seq=545271449 err=10040
[SEU] addr=200031CF bit=00000002
[ERR] seq=545271450 err=9912
[ERR] seq=545271451 err=9816
[ERR] seq=545271452 err=9696
[ERR] seq=545271453 err=9584
[ERR] seq=545271454 err=9464
[SEU] addr=20003174 bit=00000000
[ERR] seq=545271455 err=9320
[ERR] seq=545271456 err=9208
[ERR] seq=545271457 err=9080
[ERR] seq=545271458 err=8936
[SEU] addr=2000316E bit=00000006
[ERR] seq=545271459 err=8800
[ERR] seq=545271460 err=8640
[ERR] seq=545271461 err=8504
[ERR] seq=545271462 err=8352
[ERR] seq=545271463 err=8192
[ERR] seq=545271464 err=8048
[ERR] seq=545271465 err=7872
[ERR] seq=545271466 err=7728
[ERR] seq=545271467 err=7552
[SEU] addr=200031B7 bit=00000001
[ERR] seq=545271468 err=7384
[ERR] seq=545271469 err=7208
[ERR] seq=545271470 err=7016
[SEU] addr=2000316F bit=00000003
[ERR] seq=545271471 err=6864
[SEU] addr=200031B7 bit=00000006
[ERR] seq=545271472 err=6672
[ERR] seq=545271473 err=6472
[ERR] seq=545271474 err=6328
[ERR] seq=545271475 err=6104
[ERR] seq=545271476 err=5936
[SEU] addr=200031AD bit=00000004
[ERR] seq=545271477 err=5728
[ERR] seq=545271478 err=5544
[SEU] addr=20003150 bit=00000000
[SAMPLE QUEUE CORRUPTED] primary repaired
[ERR] seq=545271479 err=5328
[ERR] seq=545271480 err=5152
[SEU] addr=200031D0 bit=00000000
[ERR] seq=545271481 err=4928
[ERR] seq=545271482 err=4728
[SEU] addr=20003170 bit=00000007
[ERR] seq=545271483 err=4496
[ERR] seq=545271484 err=4312
[ERR] seq=545271485 err=4088
[ERR] seq=545271486 err=3880
[ERR] seq=545271487 err=3648
[ERR] seq=545271488 err=9584
[ERR] seq=545271489 err=8384
[ERR] seq=545271490 err=9296
[SEU] addr=200031AA bit=00000004
[ERR] seq=545271491 err=8752
[ERR] seq=545271492 err=8752
[ERR] seq=545271493 err=8424
[ERR] seq=545271494 err=8272
[SEU] addr=200031CD bit=00000004
[ERR] seq=545271495 err=8032
[ERR] seq=545271496 err=7832
[ERR] seq=545271497 err=7560
[ERR] seq=545271498 err=7336
[ERR] seq=545271499 err=7104
[SEU] addr=200031BF bit=00000007
[ERR] seq=545271500 err=6880
[ERR] seq=545271501 err=6616
[ERR] seq=545271502 err=6408
[ERR] seq=545271503 err=6144
[ERR] seq=545271504 err=5920
[ERR] seq=545271505 err=5680
[ERR] seq=545271506 err=5432
[SEU] addr=200031C0 bit=00000002
[ERR] seq=545271507 err=5208
[ERR] seq=545271508 err=4944
[ERR] seq=545271509 err=4720
[ERR] seq=545271510 err=4472
[ERR] seq=545271511 err=4224
[SEU] addr=2000315F bit=00000004
[CMD QUEUE CORRUPTED] primary repaired
[ERR] seq=545271512 err=3992
[ERR] seq=545271513 err=3760
[ERR] seq=545271514 err=3496
[ERR] seq=545271515 err=3272
[SEU] addr=200031C9 bit=00000006
[ERR] seq=545271516 err=3048
[ERR] seq=545271517 err=2776
[ERR] seq=545271518 err=2552
[ERR] seq=545271519 err=2296
[ERR] seq=545271520 err=2072
[SEU] addr=2000315A bit=00000005
[ERR] seq=545271521 err=1808
[ERR] seq=545271522 err=1592
[ERR] seq=545271523 err=1352
[ERR] seq=545271524 err=1096
[ERR] seq=545271525 err=912
[ERR] seq=545271526 err=1080
[ERR] seq=545271527 err=1224
[ERR] seq=545271528 err=1352
[ERR] seq=545271529 err=1504
[ERR] seq=545271530 err=1672
[SEU] addr=200031CE bit=00000004
[ERR] seq=545271531 err=1808
[ERR] seq=545271532 err=1968
[SEU] addr=20003153 bit=00000000
[ERR] seq=545271533 err=2080
[ERR] seq=545271534 err=2240
[ERR] seq=545271535 err=2392
[SEU] addr=2000318C bit=00000004
[ERR] seq=545271536 err=3224
[ERR] seq=545271537 err=2552
[ERR] seq=545271538 err=2936
[ERR] seq=545271539 err=2904
[ERR] seq=545271540 err=3104
[ERR] seq=545271541 err=3216
[SEU] addr=2000317C bit=00000003
[ERR] seq=545271542 err=3360
[ERR] seq=545271543 err=3480
[ERR] seq=545271544 err=3632
[ERR] seq=545271545 err=3760
[ERR] seq=545271546 err=3896
[ERR] seq=545271547 err=4000
[ERR] seq=545271548 err=4208
[ERR] seq=545271549 err=4392
[ERR] seq=545271550 err=4584
[ERR] seq=545271551 err=4784
[SEU] addr=20003184 bit=00000000
[ERR] seq=545271552 err=7016
[ERR] seq=545271553 err=6864
[ERR] seq=545271554 err=7448
[ERR] seq=545271555 err=7488
[ERR] seq=545271556 err=7768
[ERR] seq=545271557 err=7896
[SEU] addr=20003154 bit=00000001
[SAMPLE QUEUE backup CORRUPTED] backup repaired
[ERR] seq=545271558 err=8104
[ERR] seq=545271559 err=8264
[ERR] seq=545271560 err=8440
[ERR] seq=545271561 err=8592
[ERR] seq=545271562 err=8760
[ERR] seq=545271563 err=8904
[SEU] addr=20003150 bit=00000003
[SAMPLE QUEUE CORRUPTED] primary repaired
[ERR] seq=545271564 err=9080
[ERR] seq=545271565 err=9224
[ERR] seq=545271566 err=9352
[ERR] seq=545271567 err=9536
[ERR] seq=545271568 err=9656
[ERR] seq=545271569 err=9808
[ERR] seq=545271570 err=9920
[ERR] seq=545271571 err=10064
[ERR] seq=545271572 err=10176
[ERR] seq=545271573 err=10320
[SEU] addr=200031DD bit=00000001
[ERR] seq=545271062 err=2872
[ERR] seq=545271063 err=1872
[ERR] seq=545271064 err=2952
[ERR] seq=545271065 err=2112
[ERR] seq=545271066 err=2480
[ERR] seq=545271067 err=2168
[ERR] seq=545271068 err=2144
[ERR] seq=545271069 err=1960
[SEU] addr=2000318D bit=00000000
[ERR] seq=545271070 err=10288
[ERR] seq=545271071 err=3632
[ERR] seq=545271072 err=1472
[ERR] seq=545271073 err=2104
[ERR] seq=545271074 err=1568
[ERR] seq=545271075 err=1632
[SEU] addr=20003171 bit=00000000
[ERR] seq=545271076 err=1624
[ERR] seq=545271077 err=1648
[ERR] seq=545271078 err=1640
[ERR] seq=545271079 err=1664
[ERR] seq=545271080 err=1680
[SEU] addr=20003198 bit=00000003
[ERR] seq=545271081 err=1616
[ERR] seq=545271082 err=1712
[ERR] seq=545271083 err=1696
[ERR] seq=545271084 err=1736
[ERR] seq=545271085 err=1720
[ERR] seq=545271086 err=1760
[ERR] seq=545271087 err=1752
[ERR] seq=545271088 err=1776
[ERR] seq=545271089 err=1776
[SEU] addr=20003181 bit=00000001
[ERR] seq=545271090 err=1792
[ERR] seq=545271091 err=1808
[ERR] seq=545271092 err=1816
[ERR] seq=545271093 err=1816
[ERR] seq=545271094 err=1832
[ERR] seq=545271095 err=1848
[SEU] addr=20003196 bit=00000000
[ERR] seq=545271096 err=526184
[ERR] seq=545271097 err=85552
[ERR] seq=545271098 err=99312
[ERR] seq=545271099 err=30912
[SEU] addr=200031B7 bit=00000002
[ERR] seq=545271100 err=22320
[SEU] addr=20003177 bit=00000002
[ERR] seq=545271101 err=10032
[ERR] seq=545271102 err=6720
[ERR] seq=545271103 err=4376
[ERR] seq=545271104 err=3368
[ERR] seq=545271105 err=3136
[ERR] seq=545271106 err=2672
[ERR] seq=545271107 err=3008
[ERR] seq=545271108 err=2952
[SEU] addr=200031B2 bit=00000000
[ERR] seq=545271109 err=3152
[ERR] seq=545271110 err=3224
[ERR] seq=545271111 err=3344
[ERR] seq=545271112 err=3448
[ERR] seq=545271113 err=3560
[SEU] addr=200031CF bit=00000002
[ERR] seq=545271114 err=3648
[ERR] seq=545271115 err=3760
[ERR] seq=545271116 err=3864
[ERR] seq=545271117 err=3968
[ERR] seq=545271118 err=4056
[ERR] seq=545271119 err=4152
[ERR] seq=545271120 err=4264
[ERR] seq=545271121 err=4336
[SEU] addr=20003168 bit=00000005
[CMD QUEUE backup CORRUPTED] backup repaired
[ERR] seq=545271122 err=4432
[ERR] seq=545271123 err=4536
[SEU] addr=20003150 bit=00000000
[SAMPLE QUEUE CORRUPTED] primary repaired
[ERR] seq=545271124 err=4616
[ERR] seq=545271125 err=4712
[ERR] seq=545271126 err=4792
[SEU] addr=200031CB bit=00000000
[ERR] seq=545271127 err=4880
[ERR] seq=545271128 err=4968
[ERR] seq=545271129 err=5040
[ERR] seq=545271130 err=5128
[ERR] seq=545271131 err=5192
[ERR] seq=545271132 err=5296
[ERR] seq=545271133 err=5360
[SEU] addr=200031A4 bit=00000000
[ERR] seq=545271134 err=5416
[ERR] seq=545271135 err=5496
[ERR] seq=545271136 err=5568
[ERR] seq=545271137 err=5640
[SEU] addr=2000316F bit=00000000
[ERR] seq=545271138 err=5696
[ERR] seq=545271139 err=5728
[ERR] seq=545271140 err=5816
[ERR] seq=545271141 err=5864
[ERR] seq=545271142 err=5920
[ERR] seq=545271143 err=5968
[ERR] seq=545271144 err=6032
[ERR] seq=545271145 err=6080
[SEU] addr=200031C3 bit=00000003
[ERR] seq=545271146 err=6144
[ERR] seq=545271147 err=6184
[ERR] seq=545271148 err=6232
[ERR] seq=545271149 err=6248
[ERR] seq=545271150 err=6312
[ERR] seq=545271151 err=6336
[ERR] seq=545271152 err=6384
[ERR] seq=545271153 err=6408
[SEU] addr=200031A3 bit=00000007
[ERR] seq=545271154 err=6456
[SEU] addr=200031BB bit=00000002
[ERR] seq=545271155 err=6480
[ERR] seq=545271156 err=6512
[ERR] seq=545271157 err=6544
[ERR] seq=545271158 err=6568
[ERR] seq=545271159 err=6576
[ERR] seq=545271160 err=6592
[ERR] seq=545271161 err=6624
[ERR] seq=545271162 err=6640
[ERR] seq=545271163 err=6648
[ERR] seq=545271164 err=6656
[SEU] addr=200031D7 bit=00000006
[ERR] seq=545271165 err=6664
[SEU] addr=2000319C bit=00000007
[ERR] seq=545271166 err=6664
[ERR] seq=545271167 err=6672
[SEU] addr=200031C8 bit=00000003
[ERR] seq=545271168 err=6680
[ERR] seq=545271169 err=6664
[ERR] seq=545271170 err=6672
[ERR] seq=545271171 err=6664
[ERR] seq=545271172 err=6656
[SEU] addr=200031A4 bit=00000001
[ERR] seq=545271173 err=6656
[ERR] seq=545271174 err=6632
[ERR] seq=545271175 err=6632
[ERR] seq=545271176 err=6608
[SEU] addr=2000315D bit=00000004
[CMD QUEUE CORRUPTED] primary repaired
[ERR] seq=545271177 err=6576
[ERR] seq=545271178 err=6568
[ERR] seq=545271179 err=6568
[SEU] addr=200031BA bit=00000002
[ERR] seq=545271180 err=6504
[ERR] seq=545271181 err=6496
[ERR] seq=545271182 err=6464
[ERR] seq=545271183 err=6424
[ERR] seq=545271184 err=6392
[ERR] seq=545271185 err=6352
[ERR] seq=545271186 err=6320
[ERR] seq=545271187 err=6264
[SEU] addr=2000318C bit=00000002
[ERR] seq=545271188 err=6520
[ERR] seq=545271189 err=6152
[ERR] seq=545271190 err=6208
[ERR] seq=545271191 err=6088
[ERR] seq=545271192 err=6056
[ERR] seq=545271193 err=5976
[SEU] addr=20003178 bit=00000005
[ERR] seq=545271194 err=5952
[ERR] seq=545271195 err=5872
[ERR] seq=545271196 err=5832
[ERR] seq=545271197 err=5760
[ERR] seq=545271198 err=5704
[SEU] addr=2000319A bit=00000005
[ERR] seq=545271199 err=16782872
[ERR] seq=545271200 err=2688440
[SEU] addr=200031A0 bit=00000004
[ERR] seq=545271201 err=3119360
[ERR] seq=545271202 err=931704
[ERR] seq=545271203 err=652032
[ERR] seq=545271204 err=255792
[ERR] seq=545271205 err=148992
[SEU] addr=2000319F bit=00000003
[ERR] seq=545271206 err=67104
[ERR] seq=545271207 err=38184
[ERR] seq=545271208 err=19144
[ERR] seq=545271209 err=12672
[SEU] addr=200031B4 bit=00000004
[ERR] seq=545271210 err=7296
[ERR] seq=545271211 err=6560
[ERR] seq=545271212 err=4368
[ERR] seq=545271213 err=4984
[ERR] seq=545271214 err=4256
[ERR] seq=545271215 err=4480
[ERR] seq=545271216 err=4232
[ERR] seq=545271217 err=4208
[ERR] seq=545271218 err=4072
[SEU] addr=20003152 bit=00000001
[ERR] seq=545271219 err=4008
[ERR] seq=545271220 err=3896
[ERR] seq=545271221 err=3792
[ERR] seq=545271222 err=3688
[ERR] seq=545271223 err=3584
[ERR] seq=545271224 err=3488
[SEU] addr=20003188 bit=00000003
[ERR] seq=545271225 err=3360
[ERR] seq=545271226 err=3288
[ERR] seq=545271227 err=3144
[ERR] seq=545271228 err=3048
[ERR] seq=545271229 err=2936
[ERR] seq=545271230 err=2800
[SEU] addr=200031A2 bit=00000005
[ERR] seq=545271231 err=2712
[ERR] seq=545271232 err=520
[ERR] seq=545271233 err=728
[ERR] seq=545271234 err=224
[ERR] seq=545271235 err=224
[ERR] seq=545271236 err=224
[ERR] seq=545271237 err=256
[ERR] seq=545271238 err=344
[SEU] addr=20003183 bit=00000005
[ERR] seq=545271239 err=432
[ERR] seq=545271240 err=496
[ERR] seq=545271241 err=584
[ERR] seq=545271242 err=720
[ERR] seq=545271243 err=824
[ERR] seq=545271244 err=968
[SEU] addr=2000317A bit=00000002
[ERR] seq=545271245 err=1080
[ERR] seq=545271246 err=1216
[ERR] seq=545271247 err=1344
[ERR] seq=545271248 err=1488
[ERR] seq=545271249 err=1616
[ERR] seq=545271250 err=1744
[ERR] seq=545271251 err=1872
[SEU] addr=200031B3 bit=00000001
[ERR] seq=545271252 err=2024
[ERR] seq=545271253 err=2128
[ERR] seq=545271254 err=2280
[ERR] seq=545271255 err=2392
[SEU] addr=20003171 bit=00000003
[ERR] seq=545271256 err=2552
[ERR] seq=545271257 err=2656
[ERR] seq=545271258 err=2800
[ERR] seq=545271259 err=2928
[SEU] addr=2000316E bit=00000000
[ERR] seq=545271260 err=3064
[ERR] seq=545271261 err=3192
[ERR] seq=545271262 err=3320
[ERR] seq=545271263 err=3464
[ERR] seq=545271264 err=3584
[SEU] addr=200031C6 bit=00000005
[ERR] seq=545271265 err=3720
[ERR] seq=545271266 err=3848
[ERR] seq=545271267 err=3984
[SEU] addr=200031BF bit=00000002
[ERR] seq=545271268 err=4128
[ERR] seq=545271269 err=4248
[SEU] addr=200031C1 bit=00000006
[ERR] seq=545271270 err=4376
[ERR] seq=545271271 err=4504
[ERR] seq=545271272 err=4624
[ERR] seq=545271273 err=4768
[ERR] seq=545271274 err=4864
[ERR] seq=545271275 err=5000
[SEU] addr=20003184 bit=00000004
[ERR] seq=545271276 err=5128
[ERR] seq=545271277 err=5264
[ERR] seq=545271278 err=5368
[ERR] seq=545271279 err=5504
[ERR] seq=545271280 err=5616
[ERR] seq=545271281 err=5736
[ERR] seq=545271282 err=5856
[ERR] seq=545271283 err=5992
[ERR] seq=545271284 err=6104
[SEU] addr=20003193 bit=00000000
[ERR] seq=545271285 err=134217032
[ERR] seq=545271286 err=21481168
[ERR] seq=545271287 err=24910080
[ERR] seq=545271288 err=7428264
[ERR] seq=545271289 err=5172456
[ERR] seq=545271290 err=2021952
[ERR] seq=545271291 err=1149368
[ERR] seq=545271292 err=513416
[SEU] addr=200031A9 bit=00000004
[ERR] seq=545271293 err=264272
[ERR] seq=545271294 err=130624
[ERR] seq=545271295 err=61352
[ERR] seq=545271296 err=32976
[ERR] seq=545271297 err=13864
[ERR] seq=545271298 err=10472
[SEU] addr=200031B2 bit=00000007
[ERR] seq=545271299 err=2648
[ERR] seq=545271300 err=5320
[ERR] seq=545271301 err=2968
[ERR] seq=545271302 err=4240
[ERR] seq=545271303 err=3760
[ERR] seq=545271304 err=4104
[ERR] seq=545271305 err=4080
[ERR] seq=545271306 err=4216
[SEU] addr=200031A5 bit=00000003
[ERR] seq=545271307 err=4256
[ERR] seq=545271308 err=4368
[ERR] seq=545271309 err=4440
[ERR] seq=545271310 err=4512
[ERR] seq=545271311 err=4592
[SEU] addr=200031B8 bit=00000006
[ERR] seq=545271312 err=4648
[ERR] seq=545271313 err=4736
[ERR] seq=545271314 err=4800
[ERR] seq=545271315 err=4864
[ERR] seq=545271316 err=4928
[SEU] addr=2000318B bit=00000000
[ERR] seq=545271317 err=4976
[ERR] seq=545271318 err=5032
[ERR] seq=545271319 err=5088
[ERR] seq=545271320 err=5168
[ERR] seq=545271321 err=5192
[ERR] seq=545271322 err=5272
[ERR] seq=545271323 err=5320
[SEU] addr=20003187 bit=00000002
[ERR] seq=545271324 err=5352
[ERR] seq=545271325 err=5424
[ERR] seq=545271326 err=5464
[ERR] seq=545271327 err=5496
[ERR] seq=545271328 err=5528
[ERR] seq=545271329 err=5576
[ERR] seq=545271330 err=5608
[ERR] seq=545271331 err=5640
[ERR] seq=545271332 err=5696
[ERR] seq=545271333 err=5704
[SEU] addr=200031A5 bit=00000003
[ERR] seq=545271334 err=5744
[ERR] seq=545271335 err=5784
[SEU] addr=20003150 bit=00000001
[SAMPLE QUEUE CORRUPTED] primary repaired
[ERR] seq=545271336 err=5792
[ERR] seq=545271337 err=5808
[SEU] addr=2000317C bit=00000002
[ERR] seq=545271338 err=5840
[ERR] seq=545271339 err=5856
[ERR] seq=545271340 err=5856
[SEU] addr=200031D6 bit=00000004
[ERR] seq=545271341 err=5880
[ERR] seq=545271342 err=5888
[ERR] seq=545271343 err=5888
[ERR] seq=545271344 err=5904
[ERR] seq=545271345 err=5896
[ERR] seq=545271346 err=5920
[ERR] seq=545271347 err=5896
[ERR] seq=545271348 err=5904
[ERR] seq=545271349 err=5896
[ERR] seq=545271350 err=5888
[SEU] addr=2000319F bit=00000007
[ERR] seq=545271351 err=5880
[SEU] addr=200031CC bit=00000007
[ERR] seq=545271352 err=5872
[ERR] seq=545271353 err=5856
[ERR] seq=545271354 err=5848
[SEU] addr=20003151 bit=00000006
[ERR] seq=545271355 err=5816
[ERR] seq=545271356 err=5808
[ERR] seq=545271357 err=5784
[ERR] seq=545271358 err=5744
[ERR] seq=545271359 err=5728
[ERR] seq=545271360 err=5696
[ERR] seq=545271361 err=5648
[ERR] seq=545271362 err=5632
[ERR] seq=545271363 err=5576
[SEU] addr=20003198 bit=00000005
[ERR] seq=545271364 err=5296
[ERR] seq=545271365 err=5544
[ERR] seq=545271366 err=5424
[ERR] seq=545271367 err=5456
[ERR] seq=545271368 err=5368
[ERR] seq=545271369 err=5336
[ERR] seq=545271370 err=5272
[SEU] addr=2000318B bit=00000007
[ERR] seq=545271371 err=5232
[ERR] seq=545271372 err=5168
[ERR] seq=545271373 err=5112
[ERR] seq=545271374 err=5056
[ERR] seq=545271375 err=4984
[ERR] seq=545271376 err=4952
[ERR] seq=545271377 err=4888
[SEU] addr=2000317B bit=00000003
[ERR] seq=545271378 err=4824
[ERR] seq=545271379 err=4744
[ERR] seq=545271380 err=4680
[SEU] addr=200031D1 bit=00000006
[ERR] seq=545271381 err=4616
[ERR] seq=545271382 err=4536
[ERR] seq=545271383 err=4464
[ERR] seq=545271384 err=4384
[ERR] seq=545271385 err=4304
[ERR] seq=545271386 err=4208
[ERR] seq=545271387 err=4144
[SEU] addr=2000317F bit=00000002
[ERR] seq=545271388 err=4056
[ERR] seq=545271389 err=3968
[ERR] seq=545271390 err=3880
[ERR] seq=545271391 err=3800
[ERR] seq=545271392 err=3688
[SEU] addr=200031CE bit=00000007
[ERR] seq=545271393 err=3600
[ERR] seq=545271394 err=3528
[ERR] seq=545271395 err=3408
[ERR] seq=545271396 err=3320
[ERR] seq=545271397 err=3264
[ERR] seq=545271398 err=3216
[ERR] seq=545271399 err=3160
[ERR] seq=545271400 err=3120
[ERR] seq=545271401 err=3080
[ERR] seq=545271402 err=3008
[SEU] addr=200031CB bit=00000002
[ERR] seq=545271403 err=2984
[ERR] seq=545271404 err=2928
[ERR] seq=545271405 err=2880
[ERR] seq=545271406 err=2824
[ERR] seq=545271407 err=2784
[SEU] addr=200031A0 bit=00000001
[ERR] seq=545271408 err=2712
[ERR] seq=545271409 err=2672
[ERR] seq=545271410 err=2608
[ERR] seq=545271411 err=2552
[ERR] seq=545271412 err=2512
[ERR] seq=545271413 err=2432
[ERR] seq=545271414 err=2408
[ERR] seq=545271415 err=2336
[SEU] addr=200031C1 bit=00000007
[ERR] seq=545271416 err=2272
[ERR] seq=545271417 err=2232
[ERR] seq=545271418 err=2168
[ERR] seq=545271419 err=2112
[ERR] seq=545271420 err=2048
[ERR] seq=545271421 err=2000
[ERR] seq=545271422 err=1936
[ERR] seq=545271423 err=1880
[ERR] seq=545271424 err=1816
[SEU] addr=200031D5 bit=00000002
[ERR] seq=545271425 err=1768
[ERR] seq=545271426 err=1688
[ERR] seq=545271427 err=1640
[ERR] seq=545271428 err=1592
[SEU] addr=200031B6 bit=00000006
[ERR] seq=545271429 err=1656
[ERR] seq=545271430 err=1752
[ERR] seq=545271431 err=1832
[ERR] seq=545271432 err=1912
[ERR] seq=545271433 err=1992
[SEU] addr=200031B8 bit=00000003
[ERR] seq=545271434 err=2080
[ERR] seq=545271435 err=2168
[ERR] seq=545271436 err=2240
[ERR] seq=545271437 err=2328
[ERR] seq=545271438 err=2424
[ERR] seq=545271439 err=2488
[ERR] seq=545271440 err=2584
[ERR] seq=545271441 err=2664
[ERR] seq=545271442 err=2752
[SEU] addr=200031D5 bit=00000003
[ERR] seq=545271443 err=2824
[ERR] seq=545271444 err=2912
[ERR] seq=545271445 err=3008
[SEU] addr=2000317D bit=00000003
[ERR] seq=545271446 err=3088
[ERR] seq=545271447 err=3168
[ERR] seq=545271448 err=3240
[ERR] seq=545271449 err=3336
[ERR] seq=545271450 err=3400
[ERR] seq=545271451 err=3480
[ERR] seq=545271452 err=3608
[SEU] addr=200031CB bit=00000002
[ERR] seq=545271453 err=3712
[SEU] addr=20003153 bit=00000000
[ERR] seq=545271454 err=3856
[ERR] seq=545271455 err=3984
[ERR] seq=545271456 err=4088
[ERR] seq=545271457 err=4216
[ERR] seq=545271458 err=4344
[ERR] seq=545271459 err=4448
[ERR] seq=545271460 err=4584
[ERR] seq=545271461 err=4720
[ERR] seq=545271462 err=4808
[SEU] addr=200031CA bit=00000002
[ERR] seq=545271463 err=4944
[ERR] seq=545271464 err=5056
[SEU] addr=200031B3 bit=00000006
[ERR] seq=545271465 err=5168
[ERR] seq=545271466 err=5280
[ERR] seq=545271467 err=5392
[ERR] seq=545271468 err=5496
[ERR] seq=545271469 err=5608
[SEU] addr=20003172 bit=00000006
[ERR] seq=545271470 err=5696
[ERR] seq=545271471 err=5816
[SEU] addr=2000316F bit=00000000
[ERR] seq=545271472 err=5904
[ERR] seq=545271473 err=6016
[SEU] addr=200031C2 bit=00000006
[ERR] seq=545271474 err=6104
[ERR] seq=545271475 err=6200
[ERR] seq=545271476 err=6312
[ERR] seq=545271477 err=6384
[ERR] seq=545271478 err=6480
[SEU] addr=200031C7 bit=00000001
[ERR] seq=545271479 err=6584
[ERR] seq=545271480 err=6664
[ERR] seq=545271481 err=6760
[ERR] seq=545271482 err=6840
[ERR] seq=545271483 err=6928
[ERR] seq=545271484 err=7016
[ERR] seq=545271485 err=7088
[ERR] seq=545271486 err=7176
[SEU] addr=200031AB bit=00000002
[ERR] seq=545271487 err=7240
[ERR] seq=545271488 err=3248
[ERR] seq=545271489 err=3968
[ERR] seq=545271490 err=3256
[ERR] seq=545271491 err=3576
[ERR] seq=545271492 err=3488
[ERR] seq=545271493 err=3608
[SEU] addr=200031C3 bit=00000000
[ERR] seq=545271494 err=3632
[ERR] seq=545271495 err=3696
[ERR] seq=545271496 err=3760
[ERR] seq=545271497 err=3824
[ERR] seq=545271498 err=3872
[ERR] seq=545271499 err=3920
[SEU] addr=20003181 bit=00000004
[ERR] seq=545271500 err=3984
[ERR] seq=545271501 err=4032
[SEU] addr=20003161 bit=00000001
[ERR] seq=545271502 err=4096
[ERR] seq=545271503 err=4136
[ERR] seq=545271504 err=4184
[SEU] addr=20003155 bit=00000006
[SAMPLE QUEUE backup CORRUPTED] backup repaired
[ERR] seq=545271505 err=4200
[ERR] seq=545271506 err=4264
[ERR] seq=545271507 err=4288
[ERR] seq=545271508 err=4336
[ERR] seq=545271509 err=4360
[SEU] addr=20003192 bit=00000000
[ERR] seq=545271510 err=528696
[ERR] seq=545271511 err=83600
[ERR] seq=545271512 err=101768
[ERR] seq=545271513 err=28696
[ERR] seq=545271514 err=24712
[ERR] seq=545271515 err=7568
[ERR] seq=545271516 err=9024
[ERR] seq=545271517 err=2616
[SEU] addr=20003187 bit=00000003
[ERR] seq=545271518 err=5616
[ERR] seq=545271519 err=4120
[ERR] seq=545271520 err=4848
[ERR] seq=545271521 err=4504
[ERR] seq=545271522 err=4680
[ERR] seq=545271523 err=4584
[ERR] seq=545271524 err=4656
[SEU] addr=200031CC bit=00000005
[ERR] seq=545271525 err=4608
[ERR] seq=545271526 err=4632
[ERR] seq=545271527 err=4608
[SEU] addr=20003167 bit=00000000
[CMD QUEUE backup CORRUPTED] backup repaired
[ERR] seq=545271528 err=4616
[ERR] seq=545271529 err=4592
[ERR] seq=545271530 err=4600
[ERR] seq=545271531 err=4576
[ERR] seq=545271532 err=4560
[ERR] seq=545271533 err=4528
[SEU] addr=20003165 bit=00000000
[CMD QUEUE backup CORRUPTED] backup repaired
[ERR] seq=545271534 err=4520
[ERR] seq=545271535 err=4512
[ERR] seq=545271536 err=4464
[ERR] seq=545271537 err=4448
[ERR] seq=545271538 err=4416
[SEU] addr=200031B7 bit=00000005
[ERR] seq=545271539 err=4376
[ERR] seq=545271540 err=4344
[ERR] seq=545271541 err=4304
[ERR] seq=545271542 err=4272
[ERR] seq=545271543 err=4216
[ERR] seq=545271544 err=4200
[ERR] seq=545271545 err=4144
[ERR] seq=545271546 err=4112
[SEU] addr=20003169 bit=00000005
[ERR] seq=545271547 err=4056
[ERR] seq=545271548 err=4000
[ERR] seq=545271549 err=3928
[ERR] seq=545271550 err=3904
[ERR] seq=545271551 err=3824
[ERR] seq=545271552 err=5832
[ERR] seq=545271553 err=5432
[ERR] seq=545271554 err=5760
[ERR] seq=545271555 err=5592
[SEU] addr=2000316F bit=00000007
[ERR] seq=545271556 err=5616
[ERR] seq=545271557 err=5496
[ERR] seq=545271558 err=5448
[ERR] seq=545271559 err=5392
[ERR] seq=545271560 err=5296
[ERR] seq=545271561 err=5240
[ERR] seq=545271562 err=5144
[ERR] seq=545271563 err=5064
[SEU] addr=200031D6 bit=00000005
[ERR] seq=545271564 err=5000
[ERR] seq=545271565 err=4912
[SEU] addr=2000316A bit=00000006
[ERR] seq=545271566 err=4816
[ERR] seq=545271567 err=4736
[ERR] seq=545271568 err=4656
[ERR] seq=545271569 err=4560
[SEU] addr=200031D0 bit=00000003
[ERR] seq=545271570 err=4448
[ERR] seq=545271571 err=4384
[ERR] seq=545271572 err=4280
[ERR] seq=545271573 err=4184
[ERR] seq=545271574 err=4088
[ERR] seq=545271575 err=4000
[SEU] addr=20003151 bit=00000007
[ERR] seq=545271576 err=3896
[ERR] seq=545271577 err=3792
[ERR] seq=545271578 err=3688
[ERR] seq=545271579 err=3584
[ERR] seq=545271580 err=3488
[SEU] addr=200031CC bit=00000005
[ERR] seq=545271581 err=3360
[ERR] seq=545271582 err=3288
[ERR] seq=545271583 err=3144
[ERR] seq=545271584 err=3048
[ERR] seq=545271585 err=2936
[SEU] addr=200031DB bit=00000003
[ERR] seq=545271586 err=2800
[ERR] seq=545271587 err=2712
[ERR] seq=545271588 err=2568
[ERR] seq=545271589 err=2448
[SEU] addr=2000316C bit=00000002
[ERR] seq=545271590 err=2328
[ERR] seq=545271591 err=2208
[ERR] seq=545271592 err=2144
[SEU] addr=2000319F bit=00000006
[ERR] seq=545271593 err=2096
[ERR] seq=545271594 err=2024
[ERR] seq=545271595 err=1968
[ERR] seq=545271596 err=1920
[ERR] seq=545271597 err=1848
[SEU] addr=2000314C bit=00000003
[SAMPLE QUEUE CORRUPTED] primary repaired
[ERR] seq=545271598 err=1840
[ERR] seq=545271599 err=1832
[ERR] seq=545271600 err=1816
[ERR] seq=545271601 err=1816
[SEU] addr=200031A3 bit=00000002
[ERR] seq=545271602 err=1792
[ERR] seq=545271603 err=1776
[SEU] addr=200031AE bit=00000002
[ERR] seq=545271604 err=1776
[ERR] seq=545271605 err=1760
[ERR] seq=545271606 err=1760
[ERR] seq=545271607 err=1728
[ERR] seq=545271608 err=1736
[SEU] addr=20003159 bit=00000000
[ERR] seq=545271609 err=1712
[ERR] seq=545271610 err=1704
[ERR] seq=545271611 err=1688
[ERR] seq=545271612 err=1688
[ERR] seq=545271613 err=1664
[ERR] seq=545271614 err=1648
[ERR] seq=545271615 err=1648
[ERR] seq=545271616 err=1624
[ERR] seq=545271617 err=1608
[SEU] addr=2000315F bit=00000005
[CMD QUEUE CORRUPTED] primary repaired
[ERR] seq=545271618 err=1608
[ERR] seq=545271619 err=1592
[ERR] seq=545271620 err=1584
[SEU] addr=200031D1 bit=00000002
[ERR] seq=545271621 err=1672
[ERR] seq=545271622 err=1808
[ERR] seq=545271623 err=1936
[ERR] seq=545271624 err=2072
[ERR] seq=545271625 err=2208
[ERR] seq=545271626 err=2328
[ERR] seq=545271627 err=2456
[ERR] seq=545271628 err=2576
[ERR] seq=545271629 err=2720
[SEU] addr=2000316F bit=00000001
[ERR] seq=545271630 err=2816
[ERR] seq=545271631 err=2952
[ERR] seq=545271632 err=3080
[SEU] addr=20003152 bit=00000002
[ERR] seq=545271633 err=3216
[ERR] seq=545271634 err=3320
[ERR] seq=545271635 err=3456
[ERR] seq=545271636 err=3568
[ERR] seq=545271637 err=3688
[ERR] seq=545271638 err=3808
[ERR] seq=545271639 err=3944
[ERR] seq=545271640 err=4056
[SEU] addr=200031D8 bit=00000002
[ERR] seq=545271641 err=4168
[ERR] seq=545271642 err=4288
[ERR] seq=545271643 err=4408
[ERR] seq=545271644 err=4520
[ERR] seq=545271645 err=4608
[ERR] seq=545271646 err=4736
[ERR] seq=545271647 err=4832
[SEU] addr=200031D0 bit=00000005
[ERR] seq=545271648 err=4928
[ERR] seq=545271649 err=5048
[ERR] seq=545271650 err=5144
[ERR] seq=545271651 err=5248
[ERR] seq=545271652 err=5328
[ERR] seq=545271653 err=5448
[ERR] seq=545271654 err=5520
[ERR] seq=545271655 err=5632
[ERR] seq=545271656 err=5704
[ERR] seq=545271657 err=5816
[SEU] addr=200031B7 bit=00000005
[ERR] seq=545271658 err=5896
[ERR] seq=545271659 err=5992
[ERR] seq=545271660 err=6064
[ERR] seq=545271661 err=6184
[ERR] seq=545271662 err=6232
[ERR] seq=545271663 err=6328
[ERR] seq=545271664 err=6392
[SEU] addr=20003186 bit=00000003
[ERR] seq=545271665 err=6496
[ERR] seq=545271666 err=6560
[ERR] seq=545271667 err=6640
[ERR] seq=545271668 err=6696
[ERR] seq=545271669 err=6784
[ERR] seq=545271670 err=6848
[ERR] seq=545271671 err=6912
[ERR] seq=545271672 err=6976
[SEU] addr=20003196 bit=00000007
[ERR] seq=545271673 err=67115888
[ERR] seq=545271674 err=10739456
[ERR] seq=545271675 err=12462528
[ERR] seq=545271676 err=3712936
[ERR] seq=545271677 err=2593832
[SEU] addr=200031A6 bit=00000007
[ERR] seq=545271678 err=1009720
[ERR] seq=545271679 err=582424
[ERR] seq=545271680 err=255392
[ERR] seq=545271681 err=139992
[ERR] seq=545271682 err=63952
[ERR] seq=545271683 err=38616
[SEU] addr=2000317F bit=00000004
[ERR] seq=545271684 err=17096
[ERR] seq=545271685 err=14960
[ERR] seq=545271686 err=5840
[ERR] seq=545271687 err=9424
[ERR] seq=545271688 err=6904
[ERR] seq=545271689 err=8168
[ERR] seq=545271690 err=7592
[SEU] addr=200031A9 bit=00000006
[ERR] seq=545271691 err=7928
[ERR] seq=545271692 err=7792
[ERR] seq=545271693 err=7880
[ERR] seq=545271694 err=7872
[ERR] seq=545271695 err=7912
[ERR] seq=545271696 err=7896
[ERR] seq=545271697 err=7944
[ERR] seq=545271698 err=7920
[SEU] addr=2000316F bit=00000005
[ERR] seq=545271699 err=7952
[ERR] seq=545271700 err=7944
[ERR] seq=545271701 err=7944
[SEU] addr=200031CC bit=00000007
[ERR] seq=545271702 err=7968
[SEU] addr=20003198 bit=00000006
[ERR] seq=545271703 err=8456
[ERR] seq=545271704 err=7872
[ERR] seq=545271705 err=8040
[ERR] seq=545271706 err=7904
[SEU] addr=200031AF bit=00000005
[ERR] seq=545271707 err=7952
[ERR] seq=545271708 err=7912
[ERR] seq=545271709 err=7912
[ERR] seq=545271710 err=7888
[ERR] seq=545271711 err=7864
[ERR] seq=545271712 err=7856
[SEU] addr=20003173 bit=00000000
[ERR] seq=545271713 err=7832
[ERR] seq=545271714 err=7792
[ERR] seq=545271715 err=7776
[ERR] seq=545271716 err=7744
[SEU] addr=20003184 bit=00000000
[ERR] seq=545271717 err=7696
[ERR] seq=545271718 err=7680
[ERR] seq=545271719 err=7624
[ERR] seq=545271720 err=7600
[ERR] seq=545271721 err=7552
[ERR] seq=545271722 err=7528
[SEU] addr=2000315F bit=00000002
[CMD QUEUE CORRUPTED] primary repaired
[ERR] seq=545271723 err=7480
[ERR] seq=545271724 err=7424
[ERR] seq=545271725 err=7384
[ERR] seq=545271726 err=7320
[ERR] seq=545271727 err=7280
[SEU] addr=200031A7 bit=00000007
[ERR] seq=545271728 err=7216
[ERR] seq=545271729 err=7160
[ERR] seq=545271730 err=7104
[ERR] seq=545271731 err=7032
[ERR] seq=545271732 err=7000
[ERR] seq=545271733 err=6936
[ERR] seq=545271734 err=6872
[ERR] seq=545271735 err=6792
[ERR] seq=545271736 err=6728
[SEU] addr=2000315B bit=00000006
[ERR] seq=545271737 err=6664
[ERR] seq=545271738 err=6584
[ERR] seq=545271739 err=6512
[ERR] seq=545271740 err=6432
[ERR] seq=545271741 err=6352
[SEU] addr=200031B2 bit=00000005
[ERR] seq=545271742 err=6256
[ERR] seq=545271743 err=6192
[ERR] seq=545271744 err=8152
[ERR] seq=545271745 err=7736
[ERR] seq=545271746 err=8032
[ERR] seq=545271747 err=7832
[SEU] addr=200031DD bit=00000006
[ERR] seq=545288132 err=7976
[ERR] seq=545288133 err=7832
[ERR] seq=545288134 err=7768
[ERR] seq=545288135 err=7616
[ERR] seq=545288136 err=7544
[ERR] seq=545288137 err=7416
[ERR] seq=545288138 err=7296
[ERR] seq=545288139 err=7168
[SEU] addr=200031B8 bit=00000003
[ERR] seq=545288140 err=7056
[ERR] seq=545288141 err=6912
[ERR] seq=545288142 err=6784
[ERR] seq=545288143 err=6664
[SEU] addr=2000316E bit=00000006
[ERR] seq=545288144 err=6528
[SEU] addr=20003174 bit=00000006
[ERR] seq=545288145 err=6408
[ERR] seq=545288146 err=6256
[ERR] seq=545288147 err=6152
[ERR] seq=545288148 err=5984
[SEU] addr=2000319A bit=00000007
[ERR] seq=545288149 err=67112800
[ERR] seq=545288150 err=10743128
[ERR] seq=545288151 err=12459144
[ERR] seq=545288152 err=3716272
[ERR] seq=545288153 err=2590184
[ERR] seq=545288154 err=1012736
[SEU] addr=200031A2 bit=00000001
[ERR] seq=545288155 err=578480
[ERR] seq=545288156 err=258096
[ERR] seq=545288157 err=135744
[ERR] seq=545288158 err=66304
[ERR] seq=545288159 err=34120
[ERR] seq=545288160 err=19152
[ERR] seq=545288161 err=10208
[ERR] seq=545288162 err=7568
[SEU] addr=200031C6 bit=00000002
[ERR] seq=545288163 err=4416
[ERR] seq=545288164 err=4584
[ERR] seq=545288165 err=3176
[ERR] seq=545288166 err=3656
[ERR] seq=545288167 err=3192
[ERR] seq=545288168 err=3208
[ERR] seq=545288169 err=2976
[SEU] addr=200031C8 bit=00000006
[ERR] seq=545288170 err=2864
[ERR] seq=545288171 err=2712
[ERR] seq=545288172 err=2560
[ERR] seq=545288173 err=2424
[ERR] seq=545288174 err=2280
[ERR] seq=545288175 err=2112
[ERR] seq=545288176 err=1984
[ERR] seq=545288177 err=1824
[ERR] seq=545288178 err=1688
[SEU] addr=2000315A bit=00000006
[ERR] seq=545288179 err=1536
[ERR] seq=545288180 err=1384
[ERR] seq=545288181 err=1240
[ERR] seq=545288182 err=1096
[ERR] seq=545288183 err=968
[ERR] seq=545288184 err=816
[ERR] seq=545288185 err=680
[ERR] seq=545288186 err=544
[ERR] seq=545288187 err=456
[ERR] seq=545288188 err=392
[SEU] addr=200031C1 bit=00000005
[ERR] seq=545288189 err=264
[ERR] seq=545288190 err=208
[SEU] addr=200031A5 bit=00000005
[ERR] seq=545288191 err=168
[ERR] seq=545288192 err=6464
[ERR] seq=545288193 err=5592
[ERR] seq=545288194 err=6888
[ERR] seq=545288195 err=6680
[ERR] seq=545288196 err=7040
[ERR] seq=545288197 err=7096
[ERR] seq=545288198 err=7272
[ERR] seq=545288199 err=7384
[SEU] addr=20003182 bit=00000002
[ERR] seq=545288200 err=7504
[ERR] seq=545288201 err=7656
[ERR] seq=545288202 err=7776
[ERR] seq=545288203 err=7888
[SEU] addr=20003158 bit=00000007
[SAMPLE QUEUE backup CORRUPTED] backup repaired
[ERR] seq=545288204 err=8040
[ERR] seq=545288205 err=8144
[ERR] seq=545288206 err=8256
[ERR] seq=545288207 err=8376
[ERR] seq=545288208 err=8488
[ERR] seq=545288209 err=8608
[ERR] seq=545288210 err=8688
[ERR] seq=545288211 err=8824
[SEU] addr=200031AC bit=00000004
[ERR] seq=545288212 err=8936
[ERR] seq=545288213 err=9032
[ERR] seq=545288214 err=9128
[ERR] seq=545288215 err=9248
[ERR] seq=545288216 err=9336
[ERR] seq=545288217 err=9440
[ERR] seq=545288218 err=9528
[SEU] addr=2000316E bit=00000004
[ERR] seq=545288219 err=9640
[ERR] seq=545288220 err=9720
[ERR] seq=545288221 err=9824
[ERR] seq=545288222 err=9896
[ERR] seq=545288223 err=10000
[ERR] seq=545288224 err=10080
[ERR] seq=545288225 err=10176
[SEU] addr=2000319E bit=00000003
[ERR] seq=545288226 err=10224
[ERR] seq=545288227 err=10304
[SEU] addr=200031D0 bit=00000002
[ERR] seq=545288228 err=10376
[ERR] seq=545288229 err=10456
[ERR] seq=545288230 err=10536
[ERR] seq=545288231 err=10584
[ERR] seq=545288232 err=10664
[ERR] seq=545288233 err=10744
[ERR] seq=545288234 err=10792
[ERR] seq=545288235 err=10856
[SEU] addr=200031AE bit=00000005
[ERR] seq=545288236 err=10928
[ERR] seq=545288237 err=10976
[ERR] seq=545288238 err=11040
[ERR] seq=545288239 err=11080
[SEU] addr=20003179 bit=00000002
[ERR] seq=545288240 err=11136
[ERR] seq=545288241 err=11176
[SEU] addr=200031B5 bit=00000000
[ERR] seq=545288242 err=11256
[SEU] addr=20003180 bit=00000001
[ERR] seq=545288243 err=11264
[ERR] seq=545288244 err=11320
[ERR] seq=545288245 err=11352
[ERR] seq=545288246 err=11392
[ERR] seq=545288247 err=11408
[ERR] seq=545288248 err=11448
[ERR] seq=545288249 err=11464
[ERR] seq=545288250 err=11504
[ERR] seq=545288251 err=11528
[SEU] addr=20003175 bit=00000005
[ERR] seq=545288252 err=11560
[ERR] seq=545288253 err=11584
[ERR] seq=545288254 err=11584
[ERR] seq=545288255 err=11608
[ERR] seq=545288256 err=11616
[ERR] seq=545288257 err=11624
[ERR] seq=545288258 err=11648
[ERR] seq=545288259 err=11632
[SEU] addr=2000318A bit=00000002
[ERR] seq=545288260 err=11640
[ERR] seq=545288261 err=11632
[ERR] seq=545288262 err=11656
[ERR] seq=545288263 err=11616
[ERR] seq=545288264 err=11640
[SEU] addr=200031D1 bit=00000002
[ERR] seq=545288265 err=11592
[ERR] seq=545288266 err=11600
[ERR] seq=545288267 err=11584
[ERR] seq=545288268 err=11560
[ERR] seq=545288269 err=11552
[ERR] seq=545288270 err=11504
[SEU] addr=2000316E bit=00000005
[ERR] seq=545288271 err=11480
[ERR] seq=545288272 err=11456
[ERR] seq=545288273 err=11416
[ERR] seq=545288274 err=11400
[ERR] seq=545288275 err=11368
[SEU] addr=20003165 bit=00000003
[CMD QUEUE backup CORRUPTED] backup repaired
[ERR] seq=545288276 err=11328
[ERR] seq=545288277 err=11280
[ERR] seq=545288278 err=11264
[ERR] seq=545288279 err=11192
[ERR] seq=545288280 err=11160
[SEU] addr=20003173 bit=00000006
[ERR] seq=545288281 err=11088
[ERR] seq=545288282 err=11064
[ERR] seq=545288283 err=10976
[SEU] addr=20003186 bit=00000000
[ERR] seq=545288284 err=10960
[ERR] seq=545288285 err=10872
[ERR] seq=545288286 err=10816
[ERR] seq=545288287 err=10760
[ERR] seq=545288288 err=10688
[ERR] seq=545288289 err=10616
[ERR] seq=545288290 err=10544
[ERR] seq=545288291 err=10488
[SEU] addr=200031D4 bit=00000001
[ERR] seq=545288292 err=10400
[ERR] seq=545288293 err=10320
[ERR] seq=545288294 err=10248
[SEU] addr=2000316B bit=00000001
[ERR] seq=545288295 err=10208
[ERR] seq=545288296 err=10112
[ERR] seq=545288297 err=10024
[ERR] seq=545288298 err=9920
[ERR] seq=545288299 err=9864
[SEU] addr=200031B4 bit=00000001
[ERR] seq=545288300 err=9736
[SEU] addr=200031BD bit=00000005
[ERR] seq=545288301 err=9672
[ERR] seq=545288302 err=9560
[ERR] seq=545288303 err=9472
[ERR] seq=545288304 err=9352
[ERR] seq=545288305 err=9296
[ERR] seq=545288306 err=9160
[ERR] seq=545288307 err=9072
[ERR] seq=545288308 err=8960
[ERR] seq=545288309 err=8856
[SEU] addr=20003157 bit=00000005
[SAMPLE QUEUE backup CORRUPTED] backup repaired
[ERR] seq=545288310 err=8728
[ERR] seq=545288311 err=8648
[ERR] seq=545288312 err=8528
[ERR] seq=545288313 err=8400
[ERR] seq=545288314 err=8296
[ERR] seq=545288315 err=8184
[ERR] seq=545288316 err=8072
[SEU] addr=20003164 bit=00000005
[CMD QUEUE backup CORRUPTED] backup repaired
[ERR] seq=545288317 err=7936
[ERR] seq=545288318 err=7808
[SEU] addr=20003158 bit=00000003
[SAMPLE QUEUE backup CORRUPTED] backup repaired
[ERR] seq=545288319 err=7696
[ERR] seq=545288320 err=7552
[ERR] seq=545288321 err=7424
[ERR] seq=545288322 err=7304
[ERR] seq=545288323 err=7168
[ERR] seq=545288324 err=7040
[ERR] seq=545288325 err=6896
[ERR] seq=545288326 err=6776
[SEU] addr=200031B8 bit=00000006
[ERR] seq=545288327 err=6624
[ERR] seq=545288328 err=6504
[ERR] seq=545288329 err=6344
[ERR] seq=545288330 err=6216
[ERR] seq=545288331 err=6072
[SEU] addr=200031DB bit=00000003
[ERR] seq=545288332 err=5928
[ERR] seq=545288333 err=5808
[ERR] seq=545288334 err=5664
[ERR] seq=545288335 err=5504
[END]
samples=2000
SEUs=385
good samples=105
errors=1895
samples omitted=0
max error=0x00000000413BBF40
propagations=1891
detected disturbances=44
tmr corrections=0
dmr corrections=44
crc detections=0
clamp activations=0
[HARDFAULT]
qemu: fatal: Lockup: can't escalate 3 to HardFault (current priority -1)

R00=0000000a R01=00000002 R02=4000c000 R03=00000000
R04=00000000 R05=fffffff8 R06=ffffffff R07=2000ffd8
R08=00000d90 R09=00000000 R10=fffff808 R11=ffffffff
R12=fffff8c8 R13=2000ffd8 R14=00003551 R15=00000d42
XPSR=01000003 ---- T handler
FPSCR: 00000000
