START
SEED=09322003
[SEU] addr=200031B6 bit=00000000
[SEU] addr=200031CA bit=00000006
[SEU] addr=2000315D bit=00000004
[CMD QUEUE CORRUPTED] primary repaired
[SEU] addr=200031AD bit=00000002
[SEU] addr=20003161 bit=00000004
[SEU] addr=200031E7 bit=00000007
[SEU] addr=200031C3 bit=00000002
[SEU] addr=20003171 bit=00000003
[SEU] addr=20003171 bit=00000002
[SEU] addr=200031DD bit=00000001
[SEU] addr=200031D4 bit=00000002
[SEU] addr=200031C4 bit=00000003
[SEU] addr=2000314E bit=00000004
[SAMPLE QUEUE CORRUPTED] primary repaired
[SEU] addr=200031B1 bit=00000006
[SEU] addr=20003160 bit=00000001
[CMD QUEUE CORRUPTED] primary repaired
[SEU] addr=2000318E bit=00000000
[SEU] addr=2000319E bit=00000005
[ERR] seq=88 err=2484
[ERR] seq=89 err=392
[ERR] seq=90 err=448
[SEU] addr=200031C3 bit=00000000
[ERR] seq=91 err=120
[ERR] seq=92 err=80
[ERR] seq=93 err=24
[ERR] seq=94 err=8
[SEU] addr=200031D7 bit=00000005
[SEU] addr=2000315C bit=00000006
[CMD QUEUE CORRUPTED] primary repaired
[SEU] addr=2000317B bit=00000000
[SEU] addr=20003183 bit=00000002
[SEU] addr=2000316F bit=00000003
[SEU] addr=20003185 bit=00000005
[SEU] addr=20003182 bit=00000004
[SEU] addr=20003162 bit=00000006
[SEU] addr=20003171 bit=00000007
[SEU] addr=20003179 bit=00000006
[SEU] addr=20003193 bit=00000002
[SEU] addr=200031C3 bit=00000006
[SEU] addr=20003182 bit=00000004
[SEU] addr=200031E2 bit=00000007
[SEU] addr=2000318D bit=00000005
[SEU] addr=20003167 bit=00000004
[CMD QUEUE backup CORRUPTED] backup repaired
[SEU] addr=20003191 bit=00000001
[SEU] addr=20003181 bit=00000000
[SEU] addr=2000314E bit=00000006
[SAMPLE QUEUE CORRUPTED] primary repaired
[SEU] addr=20003183 bit=00000001
[SEU] addr=200031C9 bit=00000003
[SEU] addr=2000318E bit=00000003
[SEU] addr=200031DD bit=00000001
[SEU] addr=20003199 bit=00000005
[ERR] seq=221 err=2452
[ERR] seq=222 err=392
[ERR] seq=223 err=448
[SEU] addr=200031DA bit=00000002
[ERR] seq=224 err=120
[ERR] seq=225 err=80
[ERR] seq=226 err=24
[ERR] seq=227 err=8
[SEU] addr=200031A9 bit=00000001
[SEU] addr=200031F0 bit=00000000
[SEU] addr=2000315B bit=00000007
[SEU] addr=20003184 bit=00000003
[SEU] addr=20003197 bit=00000006
[ERR] seq=245 err=10784
[ERR] seq=246 err=1712
[ERR] seq=247 err=1976
[ERR] seq=248 err=568
[ERR] seq=249 err=392
[ERR] seq=250 err=144
[ERR] seq=251 err=64
[ERR] seq=252 err=8
[SEU] addr=200031F3 bit=00000005
[SEU] addr=200031E5 bit=00000006
[SEU] addr=200031E8 bit=00000005
[SEU] addr=200031F2 bit=00000000
[SEU] addr=200031D5 bit=00000000
[SEU] addr=200031DD bit=00000001
[SEU] addr=200031F1 bit=00000001
[SEU] addr=20003197 bit=00000000
[ERR] seq=298 err=280
[ERR] seq=299 err=32
[SEU] addr=200031C4 bit=00000000
[ERR] seq=300 err=32
[SEU] addr=20003159 bit=00000005
[SEU] addr=200031AB bit=00000004
[SEU] addr=20003194 bit=00000003
[ERR] seq=307 err=824
[SEU] addr=2000314D bit=00000004
[SAMPLE QUEUE CORRUPTED] primary repaired
[ERR] seq=308 err=120
[SEU] addr=20003175 bit=00000000
[ERR] seq=309 err=128
[ERR] seq=310 err=16
[SEU] addr=2000315A bit=00000006
[ERR] seq=311 err=8
[SEU] addr=20003174 bit=00000003
[SEU] addr=200031B0 bit=00000001
[SEU] addr=200031CC bit=00000007
[SEU] addr=2000314F bit=00000006
[SAMPLE QUEUE CORRUPTED] primary repaired
[SEU] addr=200031EA bit=00000004
[SEU] addr=20003183 bit=00000000
[SEU] addr=200031BB bit=00000006
[SEU] addr=20003194 bit=00000002
[ERR] seq=343 err=544
[SEU] addr=200031A5 bit=00000001
[ERR] seq=344 err=72
[ERR] seq=345 err=72
[SEU] addr=20003165 bit=00000001
[CMD QUEUE backup CORRUPTED] backup repaired
[SEU] addr=2000314C bit=00000005
[SAMPLE QUEUE CORRUPTED] primary repaired
[SEU] addr=2000319A bit=00000001
[ERR] seq=356 err=2572
[ERR] seq=357 err=408
[ERR] seq=358 err=472
[ERR] seq=359 err=136
[ERR] seq=360 err=88
[ERR] seq=361 err=24
[ERR] seq=362 err=8
[SEU] addr=2000315C bit=00000003
[CMD QUEUE CORRUPTED] primary repaired
[SEU] addr=200031E7 bit=00000007
[SEU] addr=2000315A bit=00000002
[SEU] addr=200031DC bit=00000000
[SEU] addr=200031D7 bit=00000000
[SEU] addr=200031B0 bit=00000007
[SEU] addr=20003162 bit=00000000
[SEU] addr=200031E9 bit=00000006
[SEU] addr=20003199 bit=00000000
[ERR] seq=394 err=2048
[ERR] seq=395 err=320
[SEU] addr=200031DD bit=00000002
[ERR] seq=396 err=368
[ERR] seq=397 err=104
[ERR] seq=398 err=72
[ERR] seq=399 err=24
[ERR] seq=400 err=8
[SEU] addr=2000318D bit=00000001
[SEU] addr=200031B2 bit=00000005
[SEU] addr=2000318B bit=00000005
[SEU] addr=200031B9 bit=00000004
[SEU] addr=200031C2 bit=00000000
[SEU] addr=20003151 bit=00000007
[SEU] addr=200031D6 bit=00000005
[SEU] addr=2000318A bit=00000003
[SEU] addr=2000317B bit=00000006
[SEU] addr=20003173 bit=00000004
[SEU] addr=2000318A bit=00000006
[SEU] addr=2000319A bit=00000002
[ERR] seq=453 err=2500
[ERR] seq=454 err=400
[ERR] seq=455 err=464
[ERR] seq=456 err=136
[ERR] seq=457 err=88
[SEU] addr=20003152 bit=00000007
[ERR] seq=458 err=24
[ERR] seq=459 err=8
[SEU] addr=20003160 bit=00000006
[CMD QUEUE CORRUPTED] primary repaired
[SEU] addr=20003150 bit=00000005
[SAMPLE QUEUE CORRUPTED] primary repaired
[SEU] addr=20003155 bit=00000002
[SAMPLE QUEUE backup CORRUPTED] backup repaired
[SEU] addr=2000316B bit=00000000
[SEU] addr=200031DB bit=00000002
[SEU] addr=200031D2 bit=00000004
[SEU] addr=2000316C bit=00000006
[SEU] addr=200031E0 bit=00000003
[SEU] addr=200031CC bit=00000006
[SEU] addr=20003150 bit=00000007
[SAMPLE QUEUE CORRUPTED] primary repaired
[SEU] addr=20003176 bit=00000003
[SEU] addr=20003193 bit=00000004
[SEU] addr=2000318D bit=00000002
[SEU] addr=200031AB bit=00000006
[SEU] addr=2000316C bit=00000002
[SEU] addr=200031F2 bit=00000004
[SEU] addr=2000314D bit=00000000
[SAMPLE QUEUE CORRUPTED] primary repaired
[SEU] addr=2000317C bit=00000001
[SEU] addr=20003165 bit=00000007
[CMD QUEUE backup CORRUPTED] backup repaired
[SEU] addr=2000316A bit=00000003
[SEU] addr=200031A1 bit=00000005
[ERR] seq=566 err=2524
[ERR] seq=567 err=400
[ERR] seq=568 err=464
[ERR] seq=569 err=136
[ERR] seq=570 err=88
[ERR] seq=571 err=24
[ERR] seq=572 err=8
[SEU] addr=200031D1 bit=00000003
[SEU] addr=200031A1 bit=00000005
[ERR] seq=575 err=2516
[ERR] seq=576 err=400
[ERR] seq=577 err=464
[ERR] seq=578 err=136
[ERR] seq=579 err=88
[SEU] addr=2000315A bit=00000001
[ERR] seq=580 err=24
[ERR] seq=581 err=8
[SEU] addr=200031A1 bit=00000003
[ERR] seq=587 err=2516
[ERR] seq=588 err=400
[SEU] addr=20003184 bit=00000006
[ERR] seq=589 err=464
[SEU] addr=200031B7 bit=00000003
[ERR] seq=590 err=136
[ERR] seq=591 err=88
[ERR] seq=592 err=24
[ERR] seq=593 err=8
[SEU] addr=200031C5 bit=00000000
[SEU] addr=200031E4 bit=00000001
[SEU] addr=20003194 bit=00000001
[ERR] seq=613 err=24
[SEU] addr=2000315B bit=00000000
[SEU] addr=2000318C bit=00000003
[SEU] addr=20003194 bit=00000007
[ERR] seq=622 err=13512
[ERR] seq=623 err=2152
[ERR] seq=624 err=2480
[ERR] seq=625 err=712
[SEU] addr=200031E0 bit=00000000
[ERR] seq=626 err=488
[ERR] seq=627 err=168
[ERR] seq=628 err=80
[ERR] seq=629 err=24
[SEU] addr=200031B3 bit=00000001
[ERR] seq=630 err=8
[SEU] addr=2000319C bit=00000003
[ERR] seq=631 err=64
[ERR] seq=632 err=8
[SEU] addr=200031B9 bit=00000004
[ERR] seq=633 err=8
[SEU] addr=200031C5 bit=00000007
[SEU] addr=200031F3 bit=00000004
[SEU] addr=200031C3 bit=00000001
[SEU] addr=200031D0 bit=00000003
[SEU] addr=20003189 bit=00000003
[SEU] addr=2000314F bit=00000005
[SAMPLE QUEUE CORRUPTED] primary repaired
[SEU] addr=200031E2 bit=00000000
[SEU] addr=200031B2 bit=00000005
[SEU] addr=200031D5 bit=00000005
[SEU] addr=200031EA bit=00000002
[SEU] addr=200031B2 bit=00000007
[SEU] addr=20003170 bit=00000006
[SEU] addr=20003198 bit=00000006
[ERR] seq=694 err=512
[ERR] seq=695 err=80
[ERR] seq=696 err=88
[ERR] seq=697 err=16
[SEU] addr=20003189 bit=00000003
[ERR] seq=698 err=8
[SEU] addr=2000314F bit=00000007
[SAMPLE QUEUE CORRUPTED] primary repaired
[SEU] addr=200031D6 bit=00000002
[SEU] addr=20003188 bit=00000006
[SEU] addr=200031A2 bit=00000000
[ERR] seq=722 err=2524
[ERR] seq=723 err=400
[ERR] seq=724 err=464
[SEU] addr=200031EA bit=00000006
[ERR] seq=725 err=136
[ERR] seq=726 err=88
[ERR] seq=727 err=24
[SEU] addr=20003162 bit=00000003
[ERR] seq=728 err=8
[SEU] addr=200031F3 bit=00000001
[SEU] addr=200031DC bit=00000003
[SEU] addr=200031BC bit=00000001
[SEU] addr=20003155 bit=00000004
[SAMPLE QUEUE backup CORRUPTED] backup repaired
[SEU] addr=200031EC bit=00000001
[SEU] addr=20003159 bit=00000004
[SEU] addr=20003191 bit=00000002
[SEU] addr=2000317C bit=00000001
[SEU] addr=20003187 bit=00000002
[SEU] addr=20003155 bit=00000003
[SAMPLE QUEUE backup CORRUPTED] backup repaired
[SEU] addr=20003189 bit=00000005
[SEU] addr=200031CE bit=00000006
[SEU] addr=200031B2 bit=00000001
[SEU] addr=20003176 bit=00000000
[SEU] addr=200031C0 bit=00000000
[SEU] addr=200031BE bit=00000004
[SEU] addr=200031C3 bit=00000006
[SEU] addr=200031A1 bit=00000002
[ERR] seq=834 err=2508
[SEU] addr=20003151 bit=00000004
[ERR] seq=835 err=400
[ERR] seq=836 err=464
[ERR] seq=837 err=136
[ERR] seq=838 err=88
[ERR] seq=839 err=24
[ERR] seq=840 err=8
[SEU] addr=2000316C bit=00000004
[SEU] addr=200031F2 bit=00000006
[SEU] addr=2000316A bit=00000007
[SEU] addr=2000317E bit=00000000
[SEU] addr=200031AE bit=00000000
[SEU] addr=200031D0 bit=00000003
[SEU] addr=200031F0 bit=00000004
[SEU] addr=20003174 bit=00000000
[SEU] addr=200031A3 bit=00000005
[SEU] addr=200031CE bit=00000004
[SEU] addr=2000318F bit=00000004
[SEU] addr=200031D8 bit=00000006
[SEU] addr=200031E0 bit=00000005
[SEU] addr=20003177 bit=00000005
[SEU] addr=2000317A bit=00000002
[SEU] addr=20003165 bit=00000005
[CMD QUEUE backup CORRUPTED] backup repaired
[SEU] addr=20003190 bit=00000000
[SEU] addr=20003157 bit=00000000
[SAMPLE QUEUE backup CORRUPTED] backup repaired
[SEU] addr=200031E6 bit=00000002
[SEU] addr=200031E5 bit=00000005
[SEU] addr=200031EB bit=00000004
[SEU] addr=20003157 bit=00000003
[SAMPLE QUEUE backup CORRUPTED] backup repaired
[SEU] addr=200031B3 bit=00000006
[SEU] addr=200031BD bit=00000005
[SEU] addr=2000319A bit=00000002
[ERR] seq=978 err=2500
[ERR] seq=979 err=400
[ERR] seq=980 err=464
[ERR] seq=981 err=136
[ERR] seq=982 err=88
[ERR] seq=983 err=24
[ERR] seq=984 err=8
[SEU] addr=20003183 bit=00000002
[SEU] addr=2000314C bit=00000000
[SAMPLE QUEUE CORRUPTED] primary repaired
[SEU] addr=200031EE bit=00000006
[SEU] addr=20003157 bit=00000001
[SAMPLE QUEUE backup CORRUPTED] backup repaired
[SEU] addr=200031EB bit=00000003
[SEU] addr=20003173 bit=00000006
[SEU] addr=20003179 bit=00000004
[SEU] addr=20003180 bit=00000000
[SEU] addr=200031E8 bit=00000000
[SEU] addr=200031E8 bit=00000007
[SEU] addr=200031F2 bit=00000004
[SEU] addr=200031A5 bit=00000004
[SEU] addr=2000319B bit=00000007
[SEU] addr=20003168 bit=00000002
[CMD QUEUE backup CORRUPTED] backup repaired
[SEU] addr=20003157 bit=00000004
[SAMPLE QUEUE backup CORRUPTED] backup repaired
[SEU] addr=200031F1 bit=00000006
[SEU] addr=200031B6 bit=00000005
[SEU] addr=200031AA bit=00000004
[SEU] addr=2000319B bit=00000000
[ERR] seq=1069 err=2572
[ERR] seq=1070 err=408
[ERR] seq=1071 err=472
[SEU] addr=200031D0 bit=00000004
[ERR] seq=1072 err=136
[ERR] seq=1073 err=88
[ERR] seq=1074 err=24
[ERR] seq=1075 err=8
[SEU] addr=200031E8 bit=00000003
[SEU] addr=200031C8 bit=00000000
[SEU] addr=200031E0 bit=00000001
[SEU] addr=200031BC bit=00000003
[SEU] addr=20003155 bit=00000001
[SAMPLE QUEUE backup CORRUPTED] backup repaired
[SEU] addr=20003155 bit=00000000
[SAMPLE QUEUE backup CORRUPTED] backup repaired
[SEU] addr=20003195 bit=00000000
[ERR] seq=1124 err=9624
[ERR] seq=1125 err=1528
[ERR] seq=1126 err=1760
[ERR] seq=1127 err=504
[ERR] seq=1128 err=344
[SEU] addr=2000318C bit=00000003
[ERR] seq=1129 err=112
[ERR] seq=1130 err=48
[ERR] seq=1131 err=8
[SEU] addr=200031E5 bit=00000001
[SEU] addr=200031D2 bit=00000000
[SEU] addr=200031D3 bit=00000002
[SEU] addr=200031A7 bit=00000002
[SEU] addr=200031A6 bit=00000000
[SEU] addr=200031D7 bit=00000002
[SEU] addr=20003178 bit=00000005
[SEU] addr=200031F0 bit=00000000
[SEU] addr=2000318F bit=00000000
[SEU] addr=200031D8 bit=00000000
[SEU] addr=2000317F bit=00000000
[SEU] addr=20003177 bit=00000003
[SEU] addr=20003183 bit=00000007
[SEU] addr=20003157 bit=00000002
[SAMPLE QUEUE backup CORRUPTED] backup repaired
[SEU] addr=200031C3 bit=00000006
[SEU] addr=2000314C bit=00000007
[SAMPLE QUEUE CORRUPTED] primary repaired
[SEU] addr=2000316C bit=00000003
[SEU] addr=20003178 bit=00000001
[SEU] addr=20003181 bit=00000004
[SEU] addr=2000315A bit=00000002
[SEU] addr=20003168 bit=00000002
[CMD QUEUE backup CORRUPTED] backup repaired
[SEU] addr=200031C8 bit=00000005
[SEU] addr=2000319A bit=00000005
[ERR] seq=1247 err=2444
[ERR] seq=1248 err=384
[SEU] addr=20003164 bit=00000004
[CMD QUEUE backup CORRUPTED] backup repaired
[ERR] seq=1249 err=440
[ERR] seq=1250 err=120
[ERR] seq=1251 err=80
[ERR] seq=1252 err=24
[ERR] seq=1253 err=8
[SEU] addr=2000317B bit=00000003
[SEU] addr=20003174 bit=00000004
[SEU] addr=200031BE bit=00000001
[SEU] addr=200031DC bit=00000003
[SEU] addr=200031EA bit=00000005
[SEU] addr=200031A7 bit=00000005
[SEU] addr=20003196 bit=00000002
[ERR] seq=1293 err=4752
[ERR] seq=1294 err=744
[ERR] seq=1295 err=856
[ERR] seq=1296 err=240
[ERR] seq=1297 err=152
[ERR] seq=1298 err=32
[ERR] seq=1299 err=8
[SEU] addr=2000318F bit=00000001
[SEU] addr=2000318D bit=00000003
[SEU] addr=200031D2 bit=00000000
[SEU] addr=200031AE bit=00000005
[SEU] addr=200031E3 bit=00000002
[SEU] addr=2000315D bit=00000006
[CMD QUEUE CORRUPTED] primary repaired
[SEU] addr=20003154 bit=00000004
[SAMPLE QUEUE backup CORRUPTED] backup repaired
[SEU] addr=2000316F bit=00000000
[SEU] addr=2000316D bit=00000004
[SEU] addr=20003176 bit=00000007
[SEU] addr=2000316D bit=00000003
[SEU] addr=20003194 bit=00000006
[ERR] seq=1360 err=224
[ERR] seq=1361 err=16
[ERR] seq=1362 err=16
[SEU] addr=20003173 bit=00000000
[SEU] addr=2000315B bit=00000002
[SEU] addr=200031C9 bit=00000003
[SEU] addr=20003188 bit=00000001
[SEU] addr=20003158 bit=00000002
[SAMPLE QUEUE backup CORRUPTED] backup repaired
[SEU] addr=2000314E bit=00000004
[SAMPLE QUEUE CORRUPTED] primary repaired
[SEU] addr=200031AB bit=00000007
[SEU] addr=200031DC bit=00000007
[SEU] addr=200031E5 bit=00000006
[SEU] addr=20003194 bit=00000005
[ERR] seq=1412 err=4472
[ERR] seq=1413 err=704
[ERR] seq=1414 err=800
[ERR] seq=1415 err=208
[ERR] seq=1416 err=136
[ERR] seq=1417 err=32
[ERR] seq=1418 err=8
[SEU] addr=20003167 bit=00000007
[CMD QUEUE backup CORRUPTED] backup repaired
[SEU] addr=2000316B bit=00000003
[SEU] addr=200031E9 bit=00000006
[SEU] addr=20003193 bit=00000002
[SEU] addr=200031DA bit=00000007
[SEU] addr=200031C3 bit=00000002
[SEU] addr=20003188 bit=00000001
[SEU] addr=20003199 bit=00000007
[ERR] seq=1464 err=2564
[ERR] seq=1465 err=408
[ERR] seq=1466 err=472
[ERR] seq=1467 err=136
[ERR] seq=1468 err=88
[ERR] seq=1469 err=24
[ERR] seq=1470 err=8
[SEU] addr=200031A9 bit=00000002
[SEU] addr=200031F2 bit=00000006
[SEU] addr=200031C4 bit=00000003
[SEU] addr=20003161 bit=00000003
[SEU] addr=200031C9 bit=00000003
[SEU] addr=200031C7 bit=00000002
[SEU] addr=200031EF bit=00000000
[SEU] addr=2000315E bit=00000002
[CMD QUEUE CORRUPTED] primary repaired
[SEU] addr=200031AB bit=00000006
[SEU] addr=20003162 bit=00000006
[SEU] addr=2000316B bit=00000000
[SEU] addr=2000314E bit=00000006
[SAMPLE QUEUE CORRUPTED] primary repaired
[SEU] addr=2000314F bit=00000001
[SAMPLE QUEUE CORRUPTED] primary repaired
[SEU] addr=200031B7 bit=00000002
[SEU] addr=200031DF bit=00000000
[SEU] addr=200031D5 bit=00000004
[SEU] addr=20003175 bit=00000001
[SEU] addr=200031C5 bit=00000006
[SEU] addr=2000316E bit=00000000
[SEU] addr=200031AB bit=00000003
[SEU] addr=200031D4 bit=00000005
[SEU] addr=2000319F bit=00000000
[ERR] seq=1576 err=2524
[ERR] seq=1577 err=400
[ERR] seq=1578 err=464
[ERR] seq=1579 err=136
[ERR] seq=1580 err=88
[ERR] seq=1581 err=24
[SEU] addr=20003181 bit=00000000
[ERR] seq=1582 err=8
[SEU] addr=20003193 bit=00000005
[SEU] addr=20003199 bit=00000005
[ERR] seq=1595 err=2444
[ERR] seq=1596 err=384
[ERR] seq=1597 err=440
[ERR] seq=1598 err=120
[ERR] seq=1599 err=80
[ERR] seq=1600 err=24
[ERR] seq=1601 err=8
[SEU] addr=20003183 bit=00000007
[SEU] addr=2000315A bit=00000005
[SEU] addr=2000317A bit=00000006
[SEU] addr=20003160 bit=00000003
[CMD QUEUE CORRUPTED] primary repaired
[SEU] addr=20003189 bit=00000007
[SEU] addr=200031E4 bit=00000005
[SEU] addr=200031CF bit=00000003
[SEU] addr=200031C8 bit=00000002
[SEU] addr=20003153 bit=00000006
[SEU] addr=20003150 bit=00000003
[SAMPLE QUEUE CORRUPTED] primary repaired
[SEU] addr=20003187 bit=00000002
[SEU] addr=200031A6 bit=00000002
[SEU] addr=20003191 bit=00000000
[SEU] addr=200031F3 bit=00000005
[SEU] addr=200031A9 bit=00000002
[SEU] addr=200031AF bit=00000001
[SEU] addr=200031BE bit=00000002
[SEU] addr=200031AC bit=00000002
[SEU] addr=20003154 bit=00000005
[SAMPLE QUEUE backup CORRUPTED] backup repaired
[SEU] addr=2000317F bit=00000005
[SEU] addr=2000314E bit=00000003
[SAMPLE QUEUE CORRUPTED] primary repaired
[SEU] addr=200031BE bit=00000007
[SEU] addr=2000319A bit=00000007
[ERR] seq=1726 err=2548
[ERR] seq=1727 err=400
[ERR] seq=1728 err=464
[ERR] seq=1729 err=136
[ERR] seq=1730 err=88
[ERR] seq=1731 err=24
[SEU] addr=200031A3 bit=00000004
[ERR] seq=1732 err=2532
[ERR] seq=1733 err=400
[ERR] seq=1734 err=464
[ERR] seq=1735 err=136
[ERR] seq=1736 err=88
[ERR] seq=1737 err=24
[ERR] seq=1738 err=8
[SEU] addr=20003171 bit=00000006
[SEU] addr=20003197 bit=00000005
[ERR] seq=1747 err=11368
[ERR] seq=1748 err=1808
[ERR] seq=1749 err=2080
[SEU] addr=200031C8 bit=00000007
[ERR] seq=1750 err=592
[SEU] addr=200031D8 bit=00000006
[ERR] seq=1751 err=408
[ERR] seq=1752 err=144
[ERR] seq=1753 err=64
[ERR] seq=1754 err=8
[SEU] addr=200031D3 bit=00000005
[SEU] addr=200031AB bit=00000000
[SEU] addr=200031A8 bit=00000000
[SEU] addr=200031DB bit=00000002
[SEU] addr=20003197 bit=00000007
[ERR] seq=1776 err=189160
[ERR] seq=1777 err=7636
[ERR] seq=1778 err=7348
[ERR] seq=1779 err=2376
[ERR] seq=1780 err=1528
[ERR] seq=1781 err=600
[ERR] seq=1782 err=336
[ERR] seq=1783 err=144
[ERR] seq=1784 err=48
[SEU] addr=20003183 bit=00000006
[SEU] addr=200031E6 bit=00000005
[SEU] addr=200031E5 bit=00000006
[SEU] addr=200031CC bit=00000003
[SEU] addr=20003186 bit=00000006
[SEU] addr=20003188 bit=00000006
[SEU] addr=200031DA bit=00000007
[SEU] addr=20003186 bit=00000001
[SEU] addr=2000318E bit=00000002
[SEU] addr=2000317C bit=00000006
[SEU] addr=200031C2 bit=00000006
[SEU] addr=200031A5 bit=00000005
[SEU] addr=20003179 bit=00000005
[SEU] addr=2000317E bit=00000002
[SEU] addr=2000315C bit=00000007
[CMD QUEUE CORRUPTED] primary repaired
[SEU] addr=2000316C bit=00000004
[SEU] addr=2000319A bit=00000004
[ERR] seq=1883 err=2492
[ERR] seq=1884 err=392
[ERR] seq=1885 err=448
[ERR] seq=1886 err=120
[ERR] seq=1887 err=80
[ERR] seq=1888 err=24
[ERR] seq=1889 err=8
[SEU] addr=2000315A bit=00000003
[SEU] addr=200031C0 bit=00000002
[SEU] addr=200031DE bit=00000005
[SEU] addr=20003199 bit=00000002
[ERR] seq=1904 err=2532
[ERR] seq=1905 err=400
[SEU] addr=200031B5 bit=00000000
[ERR] seq=1906 err=464
[SEU] addr=200031A8 bit=00000001
[ERR] seq=1907 err=136
[ERR] seq=1908 err=88
[ERR] seq=1909 err=24
[ERR] seq=1910 err=8
[SEU] addr=20003165 bit=00000005
[CMD QUEUE backup CORRUPTED] backup repaired
[SEU] addr=2000319E bit=00000002
[ERR] seq=1924 err=2524
[ERR] seq=1925 err=400
[ERR] seq=1926 err=464
[ERR] seq=1927 err=136
[ERR] seq=1928 err=88
[SEU] addr=200031C1 bit=00000002
[ERR] seq=1929 err=24
[ERR] seq=1930 err=8
[SEU] addr=200031F2 bit=00000005
[SEU] addr=200031B5 bit=00000003
[SEU] addr=200031F3 bit=00000006
[SEU] addr=200031C2 bit=00000000
[SEU] addr=200031BC bit=00000001
[SEU] addr=20003167 bit=00000001
[CMD QUEUE backup CORRUPTED] backup repaired
[SEU] addr=20003150 bit=00000001
[SAMPLE QUEUE CORRUPTED] primary repaired
[SEU] addr=200031E9 bit=00000005
[SEU] addr=200031D3 bit=00000005
[SEU] addr=2000314C bit=00000005
[SAMPLE QUEUE CORRUPTED] primary repaired
[SEU] addr=2000317C bit=00000003
[SEU] addr=200031CC bit=00000006
[SEU] addr=200031CB bit=00000003
[END]
samples=2000
SEUs=385
good samples=1775
errors=225
samples omitted=0
max error=0x000000000002E2E8
propagations=157
detected disturbances=105
tmr corrections=32
dmr corrections=51
crc detections=0
clamp activations=26
[HARDFAULT]
qemu: fatal: Lockup: can't escalate 3 to HardFault (current priority -1)

R00=0000000a R01=00000002 R02=4000c000 R03=00000000
R04=00000000 R05=00000010 R06=00000000 R07=2000ffd8
R08=00000000 R09=00000000 R10=00000010 R11=00000000
R12=00000020 R13=2000ffd8 R14=000037e1 R15=00000fd2
XPSR=01000003 ---- T handler
FPSCR: 00000000
